\BOOKMARK [0][-]{chapter.1}{\376\377\000A\000d\000v\000a\000n\000c\000e\000d\000\040\000M\000a\000t\000h\000e\000m\000a\000t\000i\000c\000a\000l\000\040\000F\000r\000a\000m\000e\000w\000o\000r\000k\000s}{}% 1
\BOOKMARK [1][-]{section.1.1}{\376\377\000H\000a\000r\000d\000\040\000A\000n\000a\000l\000y\000s\000i\000s\000\040\000f\000o\000r\000\040\000M\000a\000s\000s\000\040\000G\000a\000p\000\040\000R\000e\000s\000o\000l\000u\000t\000i\000o\000n}{chapter.1}% 2
\BOOKMARK [2][-]{subsection.1.1.1}{\376\377\000T\000o\000o\000l\000\040\000I\000:\000\040\000H\000i\000e\000r\000a\000r\000c\000h\000i\000c\000a\000l\000\040\000L\000o\000g\000-\000S\000o\000b\000o\000l\000e\000v\000\040\000I\000n\000e\000q\000u\000a\000l\000i\000t\000y}{section.1.1}% 3
\BOOKMARK [2][-]{subsection.1.1.2}{\376\377\000T\000o\000o\000l\000\040\000I\000I\000:\000\040\000M\000o\000s\000c\000o\000\040\000C\000o\000n\000v\000e\000r\000g\000e\000n\000c\000e\000\040\000o\000f\000\040\000D\000i\000r\000i\000c\000h\000l\000e\000t\000\040\000F\000o\000r\000m\000s}{section.1.1}% 4
\BOOKMARK [2][-]{subsection.1.1.3}{\376\377\000T\000o\000o\000l\000\040\000I\000I\000I\000:\000\040\000C\000h\000e\000e\000g\000e\000r\000\040\000I\000n\000e\000q\000u\000a\000l\000i\000t\000y\000\040\000o\000n\000\040\000G\000a\000u\000g\000e\000\040\000O\000r\000b\000i\000t\000\040\000S\000p\000a\000c\000e}{section.1.1}% 5
\BOOKMARK [1][-]{section.1.2}{\376\377\000A\000d\000v\000a\000n\000c\000e\000d\000\040\000M\000a\000t\000h\000e\000m\000a\000t\000i\000c\000a\000l\000\040\000M\000e\000t\000h\000o\000d\000s\000:\000\040\000S\000p\000e\000c\000t\000r\000a\000l\000\040\000G\000e\000o\000m\000e\000t\000r\000y\000\040\000o\000f\000\040\000G\000a\000u\000g\000e\000\040\000O\000r\000b\000i\000t\000s}{chapter.1}% 6
\BOOKMARK [2][-]{subsection.1.2.1}{\376\377\000T\000h\000e\000\040\000G\000a\000u\000g\000e\000\040\000O\000r\000b\000i\000t\000\040\000S\000p\000a\000c\000e}{section.1.2}% 7
\BOOKMARK [2][-]{subsection.1.2.2}{\376\377\000S\000p\000e\000c\000t\000r\000a\000l\000\040\000G\000a\000p\000\040\000f\000r\000o\000m\000\040\000P\000o\000s\000i\000t\000i\000v\000e\000\040\000C\000u\000r\000v\000a\000t\000u\000r\000e}{section.1.2}% 8
\BOOKMARK [2][-]{subsection.1.2.3}{\376\377\000H\000e\000a\000t\000\040\000K\000e\000r\000n\000e\000l\000\040\000A\000n\000a\000l\000y\000s\000i\000s}{section.1.2}% 9
\BOOKMARK [2][-]{subsection.1.2.4}{\376\377\000T\000h\000e\000\040\000K\000e\000y\000\040\000I\000n\000n\000o\000v\000a\000t\000i\000o\000n\000:\000\040\000C\000u\000r\000v\000a\000t\000u\000r\000e\000-\000G\000a\000p\000\040\000C\000o\000r\000r\000e\000s\000p\000o\000n\000d\000e\000n\000c\000e}{section.1.2}% 10
\BOOKMARK [2][-]{subsection.1.2.5}{\376\377\000R\000i\000g\000o\000r\000o\000u\000s\000\040\000C\000o\000n\000t\000r\000o\000l\000\040\000o\000f\000\040\000t\000h\000e\000\040\000C\000o\000n\000t\000i\000n\000u\000u\000m\000\040\000L\000i\000m\000i\000t}{section.1.2}% 11
\BOOKMARK [1][-]{section.1.3}{\376\377\000N\000o\000v\000e\000l\000\040\000M\000a\000t\000h\000e\000m\000a\000t\000i\000c\000a\000l\000\040\000M\000e\000t\000h\000o\000d\000s\000:\000\040\000A\000d\000d\000r\000e\000s\000s\000i\000n\000g\000\040\000K\000e\000y\000\040\000G\000a\000p\000s}{chapter.1}% 12
\BOOKMARK [2][-]{subsection.1.3.1}{\376\377\000G\000a\000p\000\040\0001\000:\000\040\000S\000t\000r\000i\000n\000g\000\040\000T\000e\000n\000s\000i\000o\000n\000\040\000P\000o\000s\000i\000t\000i\000v\000i\000t\000y\000\040\000v\000i\000a\000\040\000R\000e\000n\000o\000r\000m\000a\000l\000i\000z\000a\000t\000i\000o\000n\000\040\000G\000r\000o\000u\000p}{section.1.3}% 13
\BOOKMARK [2][-]{subsection.1.3.2}{\376\377\000A\000d\000j\000o\000i\000n\000t\000\040\000F\000e\000r\000m\000i\000o\000n\000\040\000I\000n\000t\000e\000r\000p\000o\000l\000a\000t\000i\000o\000n}{section.1.3}% 14
\BOOKMARK [2][-]{subsection.1.3.3}{\376\377\000G\000a\000p\000\040\0002\000:\000\040\000R\000i\000g\000o\000r\000o\000u\000s\000\040\000G\000i\000l\000e\000s\000-\000T\000e\000p\000e\000r\000\040\000B\000o\000u\000n\000d\000\040\000v\000i\000a\000\040\000O\000p\000t\000i\000m\000a\000l\000\040\000T\000r\000a\000n\000s\000p\000o\000r\000t}{section.1.3}% 15
\BOOKMARK [2][-]{subsection.1.3.4}{\376\377\000G\000a\000p\000\040\0003\000:\000\040\000I\000n\000t\000e\000r\000m\000e\000d\000i\000a\000t\000e\000\040\000C\000o\000u\000p\000l\000i\000n\000g\000\040\000v\000i\000a\000\040\000P\000e\000r\000s\000i\000s\000t\000e\000n\000t\000\040\000H\000o\000m\000o\000l\000o\000g\000y}{section.1.3}% 16
\BOOKMARK [2][-]{subsection.1.3.5}{\376\377\000G\000a\000p\000\040\0004\000:\000\040\000C\000o\000n\000t\000i\000n\000u\000u\000m\000\040\000L\000i\000m\000i\000t\000\040\000v\000i\000a\000\040\000N\000o\000n\000-\000C\000o\000m\000m\000u\000t\000a\000t\000i\000v\000e\000\040\000G\000e\000o\000m\000e\000t\000r\000y}{section.1.3}% 17
\BOOKMARK [2][-]{subsection.1.3.6}{\376\377\000N\000o\000v\000e\000l\000\040\000M\000a\000t\000h\000e\000m\000a\000t\000i\000c\000s\000:\000\040\000T\000h\000e\000\040\000H\000a\000r\000m\000o\000n\000i\000c\000\040\000M\000e\000a\000s\000u\000r\000e\000\040\000B\000r\000i\000d\000g\000e\000\040\000T\000h\000e\000o\000r\000e\000m}{section.1.3}% 18
\BOOKMARK [2][-]{subsection.1.3.7}{\376\377\000S\000u\000m\000m\000a\000r\000y\000:\000\040\000C\000o\000m\000p\000l\000e\000t\000e\000\040\000R\000e\000s\000o\000l\000u\000t\000i\000o\000n\000\040\000o\000f\000\040\000G\000a\000p\000s}{section.1.3}% 19
\BOOKMARK [1][-]{section.1.4}{\376\377\000R\000i\000g\000o\000r\000o\000u\000s\000\040\000M\000a\000t\000h\000e\000m\000a\000t\000i\000c\000a\000l\000\040\000D\000e\000r\000i\000v\000a\000t\000i\000o\000n\000s\000\040\000f\000o\000r\000\040\000C\000r\000i\000t\000i\000c\000a\000l\000\040\000G\000a\000p\000s}{chapter.1}% 20
\BOOKMARK [2][-]{subsection.1.4.1}{\376\377\000T\000h\000e\000\040\000G\000r\000i\000b\000o\000v\000\040\000H\000o\000r\000i\000z\000o\000n\000\040\000F\000i\000x}{section.1.4}% 21
\BOOKMARK [2][-]{subsection.1.4.2}{\376\377\000T\000h\000e\000\040\000N\000u\000c\000l\000e\000a\000r\000i\000t\000y\000\040\000B\000o\000u\000n\000d\000\040\000S\000t\000r\000a\000t\000e\000g\000y}{section.1.4}% 22
\BOOKMARK [2][-]{subsection.1.4.3}{\376\377\000T\000h\000e\000\040\000S\000y\000m\000a\000n\000z\000i\000k\000\040\000I\000m\000p\000r\000o\000v\000e\000m\000e\000n\000t}{section.1.4}% 23
\BOOKMARK [2][-]{subsection.1.4.4}{\376\377\000T\000h\000e\000\040\000T\000e\000m\000p\000e\000r\000e\000d\000n\000e\000s\000s\000\040\000C\000h\000e\000c\000k}{section.1.4}% 24
\BOOKMARK [2][-]{subsection.1.4.5}{\376\377\000T\000h\000e\000\040\000A\000d\000j\000o\000i\000n\000t\000\040\000S\000c\000r\000e\000e\000n\000i\000n\000g\000\040\000F\000i\000x}{section.1.4}% 25
\BOOKMARK [2][-]{subsection.1.4.6}{\376\377\000T\000h\000e\000\040\000U\000\050\0001\000\051\000\040\000A\000n\000o\000m\000a\000l\000y\000\040\000F\000i\000x}{section.1.4}% 26
\BOOKMARK [2][-]{subsection.1.4.7}{\376\377\000T\000h\000e\000\040\000B\000e\000t\000h\000e\000-\000S\000a\000l\000p\000e\000t\000e\000r\000\040\000F\000i\000x}{section.1.4}% 27
\BOOKMARK [2][-]{subsection.1.4.8}{\376\377\000T\000h\000e\000\040\000R\000G\000\040\000v\000s\000.\000\040\000R\000P\000\040\000C\000o\000n\000f\000l\000i\000c\000t}{section.1.4}% 28
\BOOKMARK [2][-]{subsection.1.4.9}{\376\377\000T\000h\000e\000\040\000F\000i\000n\000i\000t\000e\000\040\000V\000o\000l\000u\000m\000e\000\040\000L\000\374\000s\000c\000h\000e\000r\000\040\000C\000o\000r\000r\000e\000c\000t\000i\000o\000n}{section.1.4}% 29
\BOOKMARK [2][-]{subsection.1.4.10}{\376\377\000T\000h\000e\000\040\000A\000p\000p\000e\000l\000q\000u\000i\000s\000t\000-\000C\000a\000r\000a\000z\000z\000o\000n\000e\000\040\000D\000e\000c\000o\000u\000p\000l\000i\000n\000g}{section.1.4}% 30
\BOOKMARK [2][-]{subsection.1.4.11}{\376\377\000T\000h\000e\000\040\000"\000V\000a\000c\000u\000u\000m\000\040\000O\000v\000e\000r\000l\000a\000p\000"\000\040\000B\000o\000u\000n\000d}{section.1.4}% 31
\BOOKMARK [2][-]{subsection.1.4.12}{\376\377\000T\000h\000e\000\040\000C\000l\000u\000s\000t\000e\000r\000\040\000E\000x\000p\000a\000n\000s\000i\000o\000n\000\040\000C\000o\000n\000v\000e\000r\000g\000e\000n\000c\000e\000\040\000R\000a\000d\000i\000u\000s}{section.1.4}% 32
\BOOKMARK [2][-]{subsection.1.4.13}{\376\377\000T\000h\000e\000\040\000I\000n\000f\000r\000a\000r\000e\000d\000\040\000B\000o\000u\000n\000d}{section.1.4}% 33
\BOOKMARK [2][-]{subsection.1.4.14}{\376\377\000T\000h\000e\000\040\000M\000a\000t\000t\000h\000e\000w\000s\000-\000S\000a\000l\000a\000m\000-\000S\000e\000i\000l\000e\000r\000\040\000B\000o\000u\000n\000d}{section.1.4}% 34
\BOOKMARK [2][-]{subsection.1.4.15}{\376\377\000T\000h\000e\000\040\000Z\000e\000t\000a\000\040\000F\000u\000n\000c\000t\000i\000o\000n\000\040\000R\000e\000g\000u\000l\000a\000r\000i\000z\000a\000t\000i\000o\000n}{section.1.4}% 35
\BOOKMARK [2][-]{subsection.1.4.16}{\376\377\000T\000h\000e\000\040\000G\000l\000u\000e\000b\000a\000l\000l\000\040\000S\000p\000i\000n\000\040\000I\000n\000e\000q\000u\000a\000l\000i\000t\000y}{section.1.4}% 36
\BOOKMARK [2][-]{subsection.1.4.17}{\376\377\000T\000h\000e\000\040\000R\000o\000u\000g\000h\000e\000n\000i\000n\000g\000\040\000T\000r\000a\000n\000s\000i\000t\000i\000o\000n\000\040\000F\000i\000x}{section.1.4}% 37
\BOOKMARK [2][-]{subsection.1.4.18}{\376\377\000T\000h\000e\000\040\000S\000t\000r\000a\000t\000i\000f\000i\000e\000d\000\040\000S\000p\000a\000c\000e\000\040\000F\000i\000x}{section.1.4}% 38
\BOOKMARK [2][-]{subsection.1.4.19}{\376\377\000T\000h\000e\000\040\000B\000o\000r\000e\000l\000\040\000S\000u\000m\000m\000a\000b\000i\000l\000i\000t\000y\000\040\000S\000t\000r\000a\000t\000e\000g\000y\000\040\000\050\000R\000e\000t\000r\000a\000c\000t\000e\000d\000\051}{section.1.4}% 39
\BOOKMARK [2][-]{subsection.1.4.20}{\376\377\000T\000h\000e\000\040\000L\000i\000n\000e\000a\000r\000\040\000G\000r\000o\000w\000t\000h\000\040\000C\000o\000n\000d\000i\000t\000i\000o\000n\000\040\000\050\000A\000x\000i\000o\000m\000\040\0000\000\051}{section.1.4}% 40
\BOOKMARK [2][-]{subsection.1.4.21}{\376\377\000T\000h\000e\000\040\000C\000o\000n\000t\000i\000n\000u\000o\000u\000s\000\040\000S\000p\000e\000c\000t\000r\000a\000l\000\040\000I\000n\000d\000e\000p\000e\000n\000d\000e\000n\000c\000e\000\040\000F\000i\000x}{section.1.4}% 41
\BOOKMARK [2][-]{subsection.1.4.22}{\376\377\000T\000h\000e\000\040\000H\000o\000m\000o\000g\000e\000n\000i\000z\000a\000t\000i\000o\000n\000\040\000C\000o\000r\000r\000e\000c\000t\000o\000r\000\040\000F\000i\000x}{section.1.4}% 42
\BOOKMARK [2][-]{subsection.1.4.23}{\376\377\000T\000h\000e\000\040\000P\000o\000l\000c\000h\000i\000n\000s\000k\000i\000\040\000F\000l\000o\000w\000\040\000C\000o\000m\000m\000u\000t\000a\000t\000o\000r}{section.1.4}% 43
\BOOKMARK [2][-]{subsection.1.4.24}{\376\377\000T\000h\000e\000\040\000U\000r\000s\000e\000l\000l\000\040\000F\000u\000n\000c\000t\000i\000o\000n\000\040\000I\000n\000v\000e\000r\000s\000i\000o\000n}{section.1.4}% 44
\BOOKMARK [2][-]{subsection.1.4.25}{\376\377\000T\000h\000e\000\040\000F\000e\000s\000h\000b\000a\000c\000h\000-\000S\000c\000h\000u\000r\000\040\000M\000a\000p}{section.1.4}% 45
\BOOKMARK [2][-]{subsection.1.4.26}{\376\377\000T\000h\000e\000\040\000O\000'\000N\000e\000i\000l\000l\000\040\000C\000u\000r\000v\000a\000t\000u\000r\000e\000\040\000F\000o\000r\000m\000u\000l\000a}{section.1.4}% 46
\BOOKMARK [2][-]{subsection.1.4.27}{\376\377\000T\000h\000e\000\040\000K\000a\000t\000o\000-\000R\000e\000l\000l\000i\000c\000h\000\040\000S\000e\000r\000i\000e\000s}{section.1.4}% 47
\BOOKMARK [2][-]{subsection.1.4.28}{\376\377\000T\000h\000e\000\040\000V\000a\000f\000a\000-\000W\000i\000t\000t\000e\000n\000\040\000B\000o\000u\000n\000d}{section.1.4}% 48
\BOOKMARK [2][-]{subsection.1.4.29}{\376\377\000T\000h\000e\000\040\000R\000o\000u\000g\000h\000\040\000P\000a\000t\000h\000\040\000L\000i\000f\000t}{section.1.4}% 49
\BOOKMARK [2][-]{subsection.1.4.30}{\376\377\000T\000h\000e\000\040\000M\000a\000y\000e\000r\000-\000M\000o\000n\000t\000r\000o\000l\000l\000\040\000E\000q\000u\000a\000t\000i\000o\000n}{section.1.4}% 50
\BOOKMARK [2][-]{subsection.1.4.31}{\376\377\000T\000h\000e\000\040\000L\000a\000t\000t\000i\000c\000e\000\040\000I\000n\000d\000e\000x\000\040\000T\000h\000e\000o\000r\000e\000m}{section.1.4}% 51
\BOOKMARK [2][-]{subsection.1.4.32}{\376\377\000T\000h\000e\000\040\000K\000M\000S\000\040\000C\000o\000n\000d\000i\000t\000i\000o\000n}{section.1.4}% 52
\BOOKMARK [2][-]{subsection.1.4.33}{\376\377\000T\000h\000e\000\040\000R\000e\000s\000u\000r\000g\000e\000n\000c\000e\000\040\000C\000a\000n\000c\000e\000l\000l\000a\000t\000i\000o\000n}{section.1.4}% 53
\BOOKMARK [2][-]{subsection.1.4.34}{\376\377\000T\000h\000e\000\040\000M\000a\000k\000e\000e\000n\000k\000o\000-\000M\000i\000g\000d\000a\000l\000\040\000E\000q\000u\000a\000t\000i\000o\000n}{section.1.4}% 54
\BOOKMARK [2][-]{subsection.1.4.35}{\376\377\000H\000a\000a\000g\000-\000R\000u\000e\000l\000l\000e\000\040\000S\000c\000a\000t\000t\000e\000r\000i\000n\000g\000\040\000T\000h\000e\000o\000r\000y}{section.1.4}% 55
\BOOKMARK [2][-]{subsection.1.4.36}{\376\377\000T\000h\000e\000\040\000S\000p\000e\000c\000t\000r\000a\000l\000\040\000F\000l\000o\000w\000\040\000I\000n\000d\000e\000x\000\040\000T\000h\000e\000o\000r\000e\000m}{section.1.4}% 56
\BOOKMARK [2][-]{subsection.1.4.37}{\376\377\000T\000h\000e\000\040\000S\000t\000r\000a\000t\000i\000f\000i\000e\000d\000\040\000H\000a\000r\000d\000y\000\040\000I\000n\000e\000q\000u\000a\000l\000i\000t\000y}{section.1.4}% 57
\BOOKMARK [2][-]{subsection.1.4.38}{\376\377\000T\000h\000e\000\040\000M\000o\000m\000e\000n\000t\000u\000m\000\040\000P\000r\000o\000j\000e\000c\000t\000i\000o\000n}{section.1.4}% 58
\BOOKMARK [2][-]{subsection.1.4.39}{\376\377\000T\000h\000e\000\040\000R\000e\000n\000o\000r\000m\000a\000l\000i\000z\000e\000d\000\040\000I\000n\000t\000e\000g\000r\000a\000t\000i\000o\000n\000\040\000b\000y\000\040\000P\000a\000r\000t\000s}{section.1.4}% 59
\BOOKMARK [2][-]{subsection.1.4.40}{\376\377\000T\000h\000e\000\040\000T\000w\000o\000-\000P\000a\000r\000t\000i\000c\000l\000e\000\040\000C\000l\000u\000s\000t\000e\000r\000\040\000E\000x\000p\000a\000n\000s\000i\000o\000n}{section.1.4}% 60
\BOOKMARK [2][-]{subsection.1.4.41}{\376\377\000T\000h\000e\000\040\000B\000r\000e\000z\000i\000s\000-\000W\000a\000i\000n\000g\000e\000r\000\040\000S\000t\000r\000a\000t\000e\000g\000y\000\040\000\050\000L\000i\000m\000i\000t\000a\000t\000i\000o\000n\000\051}{section.1.4}% 61
\BOOKMARK [2][-]{subsection.1.4.42}{\376\377\000T\000h\000e\000\040\000K\000a\000r\000c\000h\000e\000r\000\040\000M\000e\000a\000n\000\040\000H\000e\000s\000s\000i\000a\000n}{section.1.4}% 62
\BOOKMARK [2][-]{subsection.1.4.43}{\376\377\000T\000h\000e\000\040\000T\000a\000l\000a\000g\000r\000a\000n\000d\000\040\000I\000n\000e\000q\000u\000a\000l\000i\000t\000y}{section.1.4}% 63
\BOOKMARK [2][-]{subsection.1.4.44}{\376\377\000T\000h\000e\000\040\000W\000e\000i\000t\000z\000e\000n\000b\000\366\000c\000k\000\040\000I\000d\000e\000n\000t\000i\000t\000y\000\040\000o\000n\000\040\000F\000o\000r\000m\000s}{section.1.4}% 64
\BOOKMARK [2][-]{subsection.1.4.45}{\376\377\000T\000h\000e\000\040\000H\000e\000l\000f\000f\000e\000r\000-\000S\000j\000\366\000s\000t\000r\000a\000n\000d\000\040\000F\000o\000r\000m\000u\000l\000a}{section.1.4}% 65
\BOOKMARK [2][-]{subsection.1.4.46}{\376\377\000T\000h\000e\000\040\000L\000a\000t\000t\000i\000c\000e\000\040\000B\000R\000S\000T\000\040\000C\000o\000h\000o\000m\000o\000l\000o\000g\000y}{section.1.4}% 66
\BOOKMARK [2][-]{subsection.1.4.47}{\376\377\000T\000h\000e\000\040\000K\000a\000t\000o\000-\000T\000r\000o\000t\000t\000e\000r\000\040\000P\000r\000o\000d\000u\000c\000t\000\040\000F\000o\000r\000m\000u\000l\000a}{section.1.4}% 67
\BOOKMARK [2][-]{subsection.1.4.48}{\376\377\000T\000h\000e\000\040\000L\000i\000e\000b\000-\000T\000h\000i\000r\000r\000i\000n\000g\000\040\000I\000n\000e\000q\000u\000a\000l\000i\000t\000y}{section.1.4}% 68
\BOOKMARK [2][-]{subsection.1.4.49}{\376\377\000T\000h\000e\000\040\000K\000i\000r\000k\000w\000o\000o\000d\000-\000S\000a\000l\000s\000b\000u\000r\000g\000\040\000E\000q\000u\000a\000t\000i\000o\000n\000s}{section.1.4}% 69
\BOOKMARK [2][-]{subsection.1.4.50}{\376\377\000T\000h\000e\000\040\000D\000u\000h\000a\000m\000e\000l\000\040\000E\000x\000p\000a\000n\000s\000i\000o\000n}{section.1.4}% 70
\BOOKMARK [2][-]{subsection.1.4.51}{\376\377\000D\000i\000s\000c\000r\000e\000t\000e\000\040\000S\000t\000o\000c\000h\000a\000s\000t\000i\000c\000\040\000V\000a\000r\000i\000a\000t\000i\000o\000n\000s}{section.1.4}% 71
\BOOKMARK [2][-]{subsection.1.4.52}{\376\377\000T\000h\000e\000\040\000'\000t\000\040\000H\000o\000o\000f\000t\000\040\000L\000o\000o\000p\000\040\000A\000l\000g\000e\000b\000r\000a}{section.1.4}% 72
\BOOKMARK [2][-]{subsection.1.4.53}{\376\377\000T\000h\000e\000\040\000I\000M\000S\000\040\000L\000o\000c\000a\000l\000i\000z\000a\000t\000i\000o\000n\000\040\000F\000o\000r\000m\000u\000l\000a}{section.1.4}% 73
\BOOKMARK [2][-]{subsection.1.4.54}{\376\377\000T\000h\000e\000\040\000C\000o\000m\000b\000e\000s\000-\000T\000h\000o\000m\000a\000s\000\040\000E\000s\000t\000i\000m\000a\000t\000e}{section.1.4}% 74
\BOOKMARK [2][-]{subsection.1.4.55}{\376\377\000T\000h\000e\000\040\000H\000o\000l\000o\000m\000o\000r\000p\000h\000i\000c\000\040\000S\000e\000m\000i\000g\000r\000o\000u\000p\000\040\000G\000e\000n\000e\000r\000a\000t\000i\000o\000n}{section.1.4}% 75
\BOOKMARK [2][-]{subsection.1.4.56}{\376\377\000T\000h\000e\000\040\000V\000a\000c\000u\000u\000m\000\040\000C\000l\000u\000s\000t\000e\000r\000\040\000E\000x\000p\000a\000n\000s\000i\000o\000n}{section.1.4}% 76
\BOOKMARK [1][-]{section.1.5}{\376\377\000C\000o\000m\000p\000r\000e\000h\000e\000n\000s\000i\000v\000e\000\040\000R\000i\000g\000o\000r\000o\000u\000s\000\040\000F\000i\000x\000e\000s\000:\000\040\000S\000c\000r\000e\000e\000n\000i\000n\000g\000,\000\040\000A\000n\000o\000m\000a\000l\000i\000e\000s\000,\000\040\000a\000n\000d\000\040\000S\000p\000e\000c\000t\000r\000a\000l\000\040\000A\000n\000a\000l\000y\000s\000i\000s}{chapter.1}% 77
\BOOKMARK [2][-]{subsection.1.5.1}{\376\377\000T\000h\000e\000\040\000A\000d\000j\000o\000i\000n\000t\000\040\000S\000c\000r\000e\000e\000n\000i\000n\000g\000\040\000F\000i\000x\000\040\000\050\000F\000r\000e\000d\000e\000n\000h\000a\000g\000e\000n\000-\000M\000a\000r\000c\000u\000\040\000O\000r\000d\000e\000r\000\040\000P\000a\000r\000a\000m\000e\000t\000e\000r\000\051}{section.1.5}% 78
\BOOKMARK [2][-]{subsection.1.5.2}{\376\377\000T\000h\000e\000\040\000U\000\050\0001\000\051\000A\000\040\000A\000n\000o\000m\000a\000l\000y\000\040\000F\000i\000x\000\040\000\050\000L\000a\000t\000t\000i\000c\000e\000\040\000I\000n\000d\000e\000x\000\040\000T\000h\000e\000o\000r\000e\000m\000\051}{section.1.5}% 79
\BOOKMARK [2][-]{subsection.1.5.3}{\376\377\000T\000h\000e\000\040\000B\000e\000t\000h\000e\000-\000S\000a\000l\000p\000e\000t\000e\000r\000\040\000F\000i\000x\000\040\000\050\000P\000a\000r\000t\000i\000c\000l\000e\000\040\000v\000s\000.\000\040\000B\000l\000o\000b\000\051}{section.1.5}% 80
\BOOKMARK [2][-]{subsection.1.5.4}{\376\377\000T\000h\000e\000\040\000R\000G\000\040\000v\000s\000.\000\040\000R\000P\000\040\000C\000o\000n\000f\000l\000i\000c\000t\000\040\000\050\000P\000o\000l\000y\000m\000e\000r\000\040\000S\000t\000a\000b\000i\000l\000i\000t\000y\000\040\000B\000o\000u\000n\000d\000\051}{section.1.5}% 81
\BOOKMARK [2][-]{subsection.1.5.5}{\376\377\000T\000h\000e\000\040\000F\000i\000n\000i\000t\000e\000\040\000V\000o\000l\000u\000m\000e\000\040\000L\000\374\000s\000c\000h\000e\000r\000\040\000C\000o\000r\000r\000e\000c\000t\000i\000o\000n}{section.1.5}% 82
\BOOKMARK [2][-]{subsection.1.5.6}{\376\377\000T\000h\000e\000\040\000A\000p\000p\000e\000l\000q\000u\000i\000s\000t\000-\000C\000a\000r\000a\000z\000z\000o\000n\000e\000\040\000D\000e\000c\000o\000u\000p\000l\000i\000n\000g}{section.1.5}% 83
\BOOKMARK [2][-]{subsection.1.5.7}{\376\377\000T\000h\000e\000\040\000V\000a\000c\000u\000u\000m\000\040\000O\000v\000e\000r\000l\000a\000p\000\040\000B\000o\000u\000n\000d}{section.1.5}% 84
\BOOKMARK [2][-]{subsection.1.5.8}{\376\377\000T\000h\000e\000\040\000C\000l\000u\000s\000t\000e\000r\000\040\000E\000x\000p\000a\000n\000s\000i\000o\000n\000\040\000C\000o\000n\000v\000e\000r\000g\000e\000n\000c\000e\000\040\000R\000a\000d\000i\000u\000s\000\040\000\050\000I\000n\000t\000e\000r\000v\000a\000l\000\040\000B\000r\000i\000d\000g\000e\000\051}{section.1.5}% 85
\BOOKMARK [2][-]{subsection.1.5.9}{\376\377\000T\000h\000e\000\040\000I\000n\000f\000r\000a\000r\000e\000d\000\040\000B\000o\000u\000n\000d\000\040\000\050\000F\000r\000\366\000h\000l\000i\000c\000h\000-\000S\000i\000m\000o\000n\000-\000S\000p\000e\000n\000c\000e\000r\000\051}{section.1.5}% 86
\BOOKMARK [2][-]{subsection.1.5.10}{\376\377\000T\000h\000e\000\040\000M\000a\000t\000t\000h\000e\000w\000s\000-\000S\000a\000l\000a\000m\000-\000S\000e\000i\000l\000e\000r\000\040\000B\000o\000u\000n\000d\000\040\000\050\000F\000e\000r\000m\000i\000o\000n\000\040\000Q\000u\000a\000s\000i\000-\000L\000o\000c\000a\000l\000i\000t\000y\000\051}{section.1.5}% 87
\BOOKMARK [2][-]{subsection.1.5.11}{\376\377\000C\000o\000n\000t\000i\000n\000u\000u\000m\000\040\000T\000o\000p\000o\000l\000o\000g\000y\000\040\000w\000i\000t\000h\000o\000u\000t\000\040\000A\000d\000m\000i\000s\000s\000i\000b\000i\000l\000i\000t\000y}{section.1.5}% 88
\BOOKMARK [2][-]{subsection.1.5.12}{\376\377\000T\000h\000e\000\040\000G\000l\000u\000e\000b\000a\000l\000l\000\040\000S\000p\000i\000n\000\040\000I\000n\000e\000q\000u\000a\000l\000i\000t\000y}{section.1.5}% 89
\BOOKMARK [1][-]{section.1.6}{\376\377\000R\000i\000g\000o\000r\000o\000u\000s\000\040\000R\000e\000s\000o\000l\000u\000t\000i\000o\000n\000\040\000o\000f\000\040\000C\000r\000i\000t\000i\000c\000a\000l\000\040\000G\000a\000p\000s\000:\000\040\000C\000o\000n\000v\000e\000x\000i\000t\000y\000,\000\040\000R\000G\000\040\000F\000l\000o\000w\000,\000\040\000a\000n\000d\000\040\000G\000e\000o\000m\000e\000t\000r\000y}{chapter.1}% 90
\BOOKMARK [2][-]{subsection.1.6.1}{\376\377\000C\000o\000r\000r\000e\000c\000t\000i\000o\000n\000\040\000A\000:\000\040\000C\000o\000n\000v\000e\000x\000i\000t\000y\000\040\000o\000f\000\040\000t\000h\000e\000\040\000E\000f\000f\000e\000c\000t\000i\000v\000e\000\040\000P\000o\000t\000e\000n\000t\000i\000a\000l\000\040\000\050\000F\000i\000x\000i\000n\000g\000\040\000I\000n\000t\000e\000r\000p\000o\000l\000a\000t\000i\000o\000n\000\051}{section.1.6}% 91
\BOOKMARK [2][-]{subsection.1.6.2}{\376\377\000C\000o\000r\000r\000e\000c\000t\000i\000o\000n\000\040\000A\000.\0002\000:\000\040\000A\000n\000a\000l\000y\000t\000i\000c\000i\000t\000y\000\040\000a\000t\000\040\000I\000n\000t\000e\000r\000m\000e\000d\000i\000a\000t\000e\000\040\000M\000a\000s\000s\000\040\000\050\000T\000h\000e\000\040\000L\000e\000e\000-\000Y\000a\000n\000g\000\040\000B\000r\000i\000d\000g\000e\000\051}{section.1.6}% 92
\BOOKMARK [2][-]{subsection.1.6.3}{\376\377\000C\000o\000r\000r\000e\000c\000t\000i\000o\000n\000\040\000B\000:\000\040\000R\000e\000n\000o\000r\000m\000a\000l\000i\000z\000a\000t\000i\000o\000n\000\040\000G\000r\000o\000u\000p\000\040\000F\000l\000o\000w\000\040\000o\000f\000\040\000L\000S\000I\000\040\000\050\000F\000i\000x\000i\000n\000g\000\040\000U\000n\000i\000f\000o\000r\000m\000i\000t\000y\000\051}{section.1.6}% 93
\BOOKMARK [2][-]{subsection.1.6.4}{\376\377\000C\000o\000r\000r\000e\000c\000t\000i\000o\000n\000\040\000C\000:\000\040\000G\000e\000o\000m\000e\000t\000r\000i\000c\000\040\000L\000o\000w\000e\000r\000\040\000B\000o\000u\000n\000d\000\040\000o\000n\000\040\000O\000r\000b\000i\000t\000\040\000S\000p\000a\000c\000e\000\040\000\050\000F\000i\000x\000i\000n\000g\000\040\000V\000a\000r\000i\000a\000t\000i\000o\000n\000a\000l\000\040\000E\000r\000r\000o\000r\000\051}{section.1.6}% 94
\BOOKMARK [1][-]{section.1.7}{\376\377\000C\000o\000n\000c\000l\000u\000s\000i\000o\000n\000:\000\040\000A\000\040\000U\000n\000i\000f\000i\000e\000d\000\040\000R\000i\000g\000o\000r\000o\000u\000s\000\040\000A\000r\000g\000u\000m\000e\000n\000t}{chapter.1}% 95
\BOOKMARK [2][-]{subsection.1.7.1}{\376\377\000S\000u\000m\000m\000a\000r\000y\000\040\000o\000f\000\040\000R\000e\000s\000o\000l\000u\000t\000i\000o\000n\000s}{section.1.7}% 96
\BOOKMARK [1][-]{section.1.8}{\376\377\000A\000p\000p\000e\000n\000d\000i\000x\000\040\000R\000.\0001\0007\0008\000:\000\040\000C\000o\000n\000s\000t\000r\000u\000c\000t\000i\000v\000e\000\040\000Q\000F\000T\000\040\000a\000n\000d\000\040\000G\000e\000o\000m\000e\000t\000r\000i\000c\000\040\000A\000n\000a\000l\000y\000s\000i\000s}{chapter.1}% 97
\BOOKMARK [2][-]{subsection.1.8.1}{\376\377\000T\000h\000e\000\040\000R\000e\000n\000o\000r\000m\000a\000l\000i\000z\000e\000d\000\040\000T\000r\000a\000c\000e\000\040\000\050\000F\000i\000x\000i\000n\000g\000\040\000"\000C\000o\000n\000t\000i\000n\000u\000u\000m\000\040\000H\000o\000l\000o\000n\000o\000m\000y\000"\000\051}{section.1.8}% 98
\BOOKMARK [2][-]{subsection.1.8.2}{\376\377\000T\000h\000e\000\040\000M\000a\000y\000e\000r\000-\000M\000o\000n\000t\000r\000o\000l\000l\000\040\000E\000q\000u\000a\000t\000i\000o\000n\000\040\000\050\000F\000i\000x\000i\000n\000g\000\040\000"\000C\000l\000u\000s\000t\000e\000r\000\040\000C\000o\000n\000v\000e\000r\000g\000e\000n\000c\000e\000"\000\051}{section.1.8}% 99
\BOOKMARK [2][-]{subsection.1.8.3}{\376\377\000T\000h\000e\000\040\000L\000a\000t\000t\000i\000c\000e\000\040\000I\000n\000d\000e\000x\000\040\000T\000h\000e\000o\000r\000e\000m\000\040\000\050\000F\000i\000x\000i\000n\000g\000\040\000"\000T\000o\000p\000o\000l\000o\000g\000i\000c\000a\000l\000\040\000S\000e\000c\000t\000o\000r\000s\000"\000\051}{section.1.8}% 100
\BOOKMARK [2][-]{subsection.1.8.4}{\376\377\000T\000h\000e\000\040\000K\000M\000S\000\040\000C\000o\000n\000d\000i\000t\000i\000o\000n\000\040\000\050\000F\000i\000x\000i\000n\000g\000\040\000"\000S\000t\000a\000t\000e\000\040\000U\000n\000i\000q\000u\000e\000n\000e\000s\000s\000"\000\051}{section.1.8}% 101
\BOOKMARK [1][-]{section.1.9}{\376\377\000C\000o\000m\000p\000l\000e\000t\000e\000\040\000R\000i\000g\000o\000r\000o\000u\000s\000\040\000M\000a\000t\000h\000e\000m\000a\000t\000i\000c\000a\000l\000\040\000D\000e\000r\000i\000v\000a\000t\000i\000o\000n\000s}{chapter.1}% 102
\BOOKMARK [2][-]{subsection.1.9.1}{\376\377\000P\000r\000e\000l\000i\000m\000i\000n\000a\000r\000i\000e\000s\000\040\000a\000n\000d\000\040\000D\000e\000f\000i\000n\000i\000t\000i\000o\000n\000s}{section.1.9}% 103
\BOOKMARK [2][-]{subsection.1.9.2}{\376\377\000P\000a\000r\000t\000\040\000I\000:\000\040\000R\000i\000g\000o\000r\000o\000u\000s\000\040\000C\000l\000u\000s\000t\000e\000r\000\040\000E\000x\000p\000a\000n\000s\000i\000o\000n\000\040\000a\000t\000\040\000S\000t\000r\000o\000n\000g\000\040\000C\000o\000u\000p\000l\000i\000n\000g}{section.1.9}% 104
\BOOKMARK [2][-]{subsection.1.9.3}{\376\377\000P\000a\000r\000t\000\040\000I\000I\000:\000\040\000R\000i\000g\000o\000r\000o\000u\000s\000\040\000L\000o\000g\000-\000S\000o\000b\000o\000l\000e\000v\000\040\000I\000n\000e\000q\000u\000a\000l\000i\000t\000y}{section.1.9}% 105
\BOOKMARK [2][-]{subsection.1.9.4}{\376\377\000P\000a\000r\000t\000\040\000I\000I\000I\000:\000\040\000R\000i\000g\000o\000r\000o\000u\000s\000\040\000S\000t\000r\000i\000n\000g\000\040\000T\000e\000n\000s\000i\000o\000n\000\040\000P\000o\000s\000i\000t\000i\000v\000i\000t\000y}{section.1.9}% 106
\BOOKMARK [2][-]{subsection.1.9.5}{\376\377\000P\000a\000r\000t\000\040\000I\000V\000:\000\040\000R\000i\000g\000o\000r\000o\000u\000s\000\040\000G\000i\000l\000e\000s\000-\000T\000e\000p\000e\000r\000\040\000B\000o\000u\000n\000d}{section.1.9}% 107
\BOOKMARK [2][-]{subsection.1.9.6}{\376\377\000P\000a\000r\000t\000\040\000V\000:\000\040\000R\000i\000g\000o\000r\000o\000u\000s\000\040\000C\000o\000n\000t\000i\000n\000u\000u\000m\000\040\000L\000i\000m\000i\000t}{section.1.9}% 108
\BOOKMARK [2][-]{subsection.1.9.7}{\376\377\000P\000a\000r\000t\000\040\000V\000I\000:\000\040\000C\000o\000m\000p\000l\000e\000t\000e\000\040\000P\000r\000o\000o\000f\000\040\000S\000y\000n\000t\000h\000e\000s\000i\000s}{section.1.9}% 109
\BOOKMARK [2][-]{subsection.1.9.8}{\376\377\000E\000x\000p\000l\000i\000c\000i\000t\000\040\000N\000u\000m\000e\000r\000i\000c\000a\000l\000\040\000C\000o\000n\000s\000t\000a\000n\000t\000s}{section.1.9}% 110
\BOOKMARK [2][-]{subsection.1.9.9}{\376\377\000V\000e\000r\000i\000f\000i\000c\000a\000t\000i\000o\000n\000\040\000C\000h\000e\000c\000k\000l\000i\000s\000t}{section.1.9}% 111
\BOOKMARK [1][-]{section.1.10}{\376\377\000H\000a\000r\000d\000\040\000A\000n\000a\000l\000y\000s\000i\000s\000\040\000o\000f\000\040\000C\000r\000i\000t\000i\000c\000a\000l\000\040\000T\000h\000e\000o\000r\000e\000m\000s}{chapter.1}% 112
\BOOKMARK [2][-]{subsection.1.10.1}{\376\377\000R\000i\000g\000o\000r\000o\000u\000s\000\040\000C\000o\000m\000p\000l\000e\000x\000\040\000C\000l\000u\000s\000t\000e\000r\000\040\000E\000x\000p\000a\000n\000s\000i\000o\000n}{section.1.10}% 113
\BOOKMARK [2][-]{subsection.1.10.2}{\376\377\000B\000o\000u\000n\000d\000a\000r\000y\000\040\000D\000e\000c\000a\000y\000\040\000E\000s\000t\000i\000m\000a\000t\000e\000\040\000\050\000E\000f\000f\000e\000c\000t\000i\000v\000e\000\040\000H\000a\000m\000i\000l\000t\000o\000n\000i\000a\000n\000\051}{section.1.10}% 114
\BOOKMARK [2][-]{subsection.1.10.3}{\376\377\000S\000y\000m\000a\000n\000z\000i\000k\000\040\000R\000a\000t\000e\000\040\000A\000n\000a\000l\000y\000s\000i\000s\000\040\000\050\000R\000i\000g\000o\000r\000o\000u\000s\000\040\000R\000e\000s\000o\000l\000v\000e\000n\000t\000\040\000C\000o\000n\000v\000e\000r\000g\000e\000n\000c\000e\000\051}{section.1.10}% 115
\BOOKMARK [2][-]{subsection.1.10.4}{\376\377\000T\000h\000e\000\040\000B\000a\000t\000t\000l\000e\000-\000F\000e\000d\000e\000r\000b\000u\000s\000h\000\040\000B\000o\000u\000n\000d\000\040\000f\000o\000r\000\040\000U\000V\000\040\000S\000t\000a\000b\000i\000l\000i\000t\000y}{section.1.10}% 116
\BOOKMARK [1][-]{section.1.11}{\376\377\000F\000i\000n\000a\000l\000\040\000K\000e\000y\000s\000t\000o\000n\000e\000\040\000F\000r\000a\000m\000e\000w\000o\000r\000k\000s\000:\000\040\000C\000o\000m\000p\000l\000e\000t\000i\000n\000g\000\040\000t\000h\000e\000\040\000R\000i\000g\000o\000r\000o\000u\000s\000\040\000A\000r\000c\000h\000i\000t\000e\000c\000t\000u\000r\000e}{chapter.1}% 117
\BOOKMARK [2][-]{subsection.1.11.1}{\376\377\000T\000o\000p\000o\000l\000o\000g\000i\000c\000a\000l\000\040\000S\000t\000a\000b\000i\000l\000i\000t\000y\000:\000\040\000T\000h\000e\000\040\000V\000a\000f\000a\000-\000W\000i\000t\000t\000e\000n\000\040\000T\000h\000e\000o\000r\000e\000m}{section.1.11}% 118
\BOOKMARK [2][-]{subsection.1.11.2}{\376\377\000S\000p\000e\000c\000t\000r\000a\000l\000\040\000S\000t\000r\000u\000c\000t\000u\000r\000e\000:\000\040\000B\000u\000c\000h\000h\000o\000l\000z\000-\000W\000i\000c\000h\000m\000a\000n\000n\000\040\000N\000u\000c\000l\000e\000a\000r\000i\000t\000y}{section.1.11}% 119
\BOOKMARK [2][-]{subsection.1.11.3}{\376\377\000I\000n\000t\000e\000r\000p\000o\000l\000a\000t\000i\000o\000n\000\040\000C\000o\000n\000s\000i\000s\000t\000e\000n\000c\000y\000:\000\040\000P\000f\000a\000f\000f\000i\000a\000n\000\040\000P\000o\000s\000i\000t\000i\000v\000i\000t\000y}{section.1.11}% 120
\BOOKMARK [2][-]{subsection.1.11.4}{\376\377\000U\000n\000i\000v\000e\000r\000s\000a\000l\000\040\000S\000c\000a\000l\000e\000:\000\040\000L\000\374\000s\000c\000h\000e\000r\000'\000s\000\040\000G\000r\000a\000d\000i\000e\000n\000t\000\040\000F\000l\000o\000w}{section.1.11}% 121
\BOOKMARK [1][-]{section.1.12}{\376\377\000F\000i\000n\000a\000l\000\040\000H\000a\000r\000d\000\040\000A\000n\000a\000l\000y\000s\000i\000s\000:\000\040\000S\000i\000n\000g\000u\000l\000a\000r\000i\000t\000i\000e\000s\000,\000\040\000S\000u\000m\000m\000a\000b\000i\000l\000i\000t\000y\000,\000\040\000a\000n\000d\000\040\000H\000o\000m\000o\000g\000e\000n\000i\000z\000a\000t\000i\000o\000n}{chapter.1}% 122
\BOOKMARK [2][-]{subsection.1.12.1}{\376\377\000T\000h\000e\000\040\000R\000o\000u\000g\000h\000e\000n\000i\000n\000g\000\040\000T\000r\000a\000n\000s\000i\000t\000i\000o\000n\000\040\000F\000i\000x\000\040\000\050\000W\000o\000r\000l\000d\000s\000h\000e\000e\000t\000\040\000R\000G\000\040\000F\000l\000o\000w\000\051}{section.1.12}% 123
\BOOKMARK [2][-]{subsection.1.12.2}{\376\377\000T\000h\000e\000\040\000S\000t\000r\000a\000t\000i\000f\000i\000e\000d\000\040\000S\000p\000a\000c\000e\000\040\000F\000i\000x\000\040\000\050\000C\000o\000n\000e\000\040\000S\000p\000e\000c\000t\000r\000a\000l\000\040\000T\000h\000e\000o\000r\000y\000\051}{section.1.12}% 124
\BOOKMARK [2][-]{subsection.1.12.3}{\376\377\000T\000h\000e\000\040\000B\000o\000r\000e\000l\000\040\000S\000u\000m\000m\000a\000b\000i\000l\000i\000t\000y\000\040\000S\000t\000r\000a\000t\000e\000g\000y\000\040\000\050\000R\000e\000t\000r\000a\000c\000t\000e\000d\000\051}{section.1.12}% 125
\BOOKMARK [2][-]{subsection.1.12.4}{\376\377\000T\000h\000e\000\040\000L\000i\000n\000e\000a\000r\000\040\000G\000r\000o\000w\000t\000h\000\040\000C\000o\000n\000d\000i\000t\000i\000o\000n\000\040\000\050\000R\000e\000f\000i\000n\000e\000d\000\040\000a\000x\000i\000o\000m\000\040\0000\000\051}{section.1.12}% 126
\BOOKMARK [2][-]{subsection.1.12.5}{\376\377\000M\000u\000l\000t\000i\000-\000S\000c\000a\000l\000e\000\040\000S\000p\000e\000c\000t\000r\000a\000l\000\040\000I\000n\000d\000e\000p\000e\000n\000d\000e\000n\000c\000e}{section.1.12}% 127
\BOOKMARK [2][-]{subsection.1.12.6}{\376\377\000T\000h\000e\000\040\000H\000o\000m\000o\000g\000e\000n\000i\000z\000a\000t\000i\000o\000n\000\040\000C\000o\000r\000r\000e\000c\000t\000o\000r\000\040\000F\000i\000x}{section.1.12}% 128
\BOOKMARK [2][-]{subsection.1.12.7}{\376\377\000T\000h\000e\000\040\000P\000o\000l\000c\000h\000i\000n\000s\000k\000i\000\040\000F\000l\000o\000w\000\040\000C\000o\000m\000m\000u\000t\000a\000t\000o\000r}{section.1.12}% 129
\BOOKMARK [2][-]{subsection.1.12.8}{\376\377\000T\000h\000e\000\040\000U\000r\000s\000e\000l\000l\000\040\000F\000u\000n\000c\000t\000i\000o\000n\000\040\000I\000n\000v\000e\000r\000s\000i\000o\000n}{section.1.12}% 130
