\BOOKMARK [0][-]{part.1}{\376\377\000P\000a\000r\000t\000\040\0001\000.\000\040\000I\000n\000t\000r\000o\000d\000u\000c\000t\000i\000o\000n\000\040\000a\000n\000d\000\040\000O\000v\000e\000r\000v\000i\000e\000w}{}% 1
\BOOKMARK [1][-]{section.1}{\376\377\0001\000.\000\040\000I\000n\000t\000r\000o\000d\000u\000c\000t\000i\000o\000n}{part.1}% 2
\BOOKMARK [1][-]{section.2}{\376\377\0002\000.\000\040\000T\000h\000e\000\040\000P\000e\000n\000r\000o\000s\000e\000\040\000C\000o\000n\000j\000e\000c\000t\000u\000r\000e}{part.1}% 3
\BOOKMARK [1][-]{section.3}{\376\377\0003\000.\000\040\000O\000v\000e\000r\000v\000i\000e\000w\000\040\000o\000f\000\040\000t\000h\000e\000\040\000p\000r\000o\000o\000f}{part.1}% 4
\BOOKMARK [0][-]{part.2}{\376\377\000P\000a\000r\000t\000\040\0002\000.\000\040\000P\000r\000o\000o\000f\000\040\000o\000f\000\040\000t\000h\000e\000\040\000M\000a\000i\000n\000\040\000T\000h\000e\000o\000r\000e\000m\000s}{}% 5
\BOOKMARK [1][-]{section.4}{\376\377\0004\000.\000\040\000T\000h\000e\000\040\000p\000-\000H\000a\000r\000m\000o\000n\000i\000c\000\040\000L\000e\000v\000e\000l\000\040\000S\000e\000t\000\040\000M\000e\000t\000h\000o\000d\000\040\000\050\000A\000M\000O\000\040\000F\000r\000a\000m\000e\000w\000o\000r\000k\000\051}{part.2}% 6
\BOOKMARK [1][-]{section.5}{\376\377\0005\000.\000\040\000T\000h\000e\000\040\000G\000e\000n\000e\000r\000a\000l\000i\000z\000e\000d\000\040\000J\000a\000n\000g\000\040\000R\000e\000d\000u\000c\000t\000i\000o\000n\000\040\000a\000n\000d\000\040\000A\000n\000a\000l\000y\000t\000i\000c\000a\000l\000\040\000O\000b\000s\000t\000r\000u\000c\000t\000i\000o\000n\000s}{part.2}% 7
\BOOKMARK [1][-]{section.6}{\376\377\0006\000.\000\040\000A\000n\000a\000l\000y\000s\000i\000s\000\040\000o\000f\000\040\000t\000h\000e\000\040\000S\000i\000n\000g\000u\000l\000a\000r\000\040\000L\000i\000c\000h\000n\000e\000r\000o\000w\000i\000c\000z\000\040\000E\000q\000u\000a\000t\000i\000o\000n\000\040\000a\000n\000d\000\040\000M\000e\000t\000r\000i\000c\000\040\000D\000e\000f\000o\000r\000m\000a\000t\000i\000o\000n}{part.2}% 8
\BOOKMARK [1][-]{section.7}{\376\377\0007\000.\000\040\000S\000y\000n\000t\000h\000e\000s\000i\000s\000:\000\040\000L\000i\000m\000i\000t\000\040\000o\000f\000\040\000i\000n\000e\000q\000u\000a\000l\000i\000t\000i\000e\000s}{part.2}% 9
\BOOKMARK [1][-]{section.8}{\376\377\0008\000.\000\040\000R\000i\000g\000i\000d\000i\000t\000y\000\040\000a\000n\000d\000\040\000t\000h\000e\000\040\000U\000n\000i\000q\000u\000e\000n\000e\000s\000s\000\040\000o\000f\000\040\000S\000c\000h\000w\000a\000r\000z\000s\000c\000h\000i\000l\000d}{part.2}% 10
\BOOKMARK [1][-]{section.9}{\376\377\0009\000.\000\040\000C\000o\000n\000s\000o\000l\000i\000d\000a\000t\000e\000d\000\040\000p\000r\000o\000o\000f}{part.2}% 11
\BOOKMARK [1][-]{section.10}{\376\377\0001\0000\000.\000\040\000C\000o\000n\000c\000l\000u\000s\000i\000o\000n}{part.2}% 12
\BOOKMARK [0][-]{part.3}{\376\377\000P\000a\000r\000t\000\040\0003\000.\000\040\000A\000p\000p\000e\000n\000d\000i\000c\000e\000s\000\040\000a\000n\000d\000\040\000T\000e\000c\000h\000n\000i\000c\000a\000l\000\040\000D\000e\000r\000i\000v\000a\000t\000i\000o\000n\000s}{}% 13
\BOOKMARK [1][-]{appendix.A}{\376\377\000A\000p\000p\000e\000n\000d\000i\000x\000\040\000A\000.\000\040\000T\000h\000e\000\040\000T\000h\000e\000t\000a\000-\000P\000l\000u\000s\000-\000F\000l\000o\000w\000\040\000M\000e\000t\000h\000o\000d}{part.3}% 14
\BOOKMARK [1][-]{appendix.B}{\376\377\000A\000p\000p\000e\000n\000d\000i\000x\000\040\000B\000.\000\040\000R\000i\000c\000c\000i\000\040\000F\000l\000o\000w\000-\000I\000n\000s\000p\000i\000r\000e\000d\000\040\000M\000o\000n\000o\000t\000o\000n\000i\000c\000i\000t\000y\000\040\000F\000o\000r\000m\000u\000l\000a\000s}{part.3}% 15
\BOOKMARK [1][-]{appendix.C}{\376\377\000A\000p\000p\000e\000n\000d\000i\000x\000\040\000C\000.\000\040\000I\000n\000d\000e\000x\000\040\000o\000f\000\040\000N\000o\000t\000a\000t\000i\000o\000n}{part.3}% 16
\BOOKMARK [1][-]{appendix.D}{\376\377\000A\000p\000p\000e\000n\000d\000i\000x\000\040\000D\000.\000\040\000G\000l\000o\000b\000a\000l\000\040\000L\000i\000p\000s\000c\000h\000i\000t\000z\000\040\000S\000t\000r\000u\000c\000t\000u\000r\000e\000\040\000o\000f\000\040\000t\000h\000e\000\040\000J\000a\000n\000g\000\040\000M\000e\000t\000r\000i\000c}{part.3}% 17
\BOOKMARK [1][-]{appendix.E}{\376\377\000A\000p\000p\000e\000n\000d\000i\000x\000\040\000E\000.\000\040\000G\000e\000o\000m\000e\000t\000r\000i\000c\000\040\000M\000e\000a\000s\000u\000r\000e\000\040\000T\000h\000e\000o\000r\000y\000\040\000A\000n\000a\000l\000y\000s\000i\000s\000\040\000o\000f\000\040\000t\000h\000e\000\040\000S\000m\000o\000o\000t\000h\000i\000n\000g}{part.3}% 18
\BOOKMARK [1][-]{appendix.F}{\376\377\000A\000p\000p\000e\000n\000d\000i\000x\000\040\000F\000.\000\040\000S\000p\000e\000c\000t\000r\000a\000l\000\040\000P\000o\000s\000i\000t\000i\000v\000i\000t\000y\000\040\000a\000n\000d\000\040\000R\000e\000m\000o\000v\000a\000b\000i\000l\000i\000t\000y\000\040\000o\000f\000\040\000S\000i\000n\000g\000u\000l\000a\000r\000i\000t\000i\000e\000s}{part.3}% 19
\BOOKMARK [1][-]{appendix.G}{\376\377\000A\000p\000p\000e\000n\000d\000i\000x\000\040\000G\000.\000\040\000C\000a\000p\000a\000c\000i\000t\000y\000\040\000o\000f\000\040\000S\000i\000n\000g\000u\000l\000a\000r\000i\000t\000i\000e\000s\000\040\000a\000n\000d\000\040\000F\000l\000u\000x\000\040\000E\000s\000t\000i\000m\000a\000t\000e\000s}{part.3}% 20
\BOOKMARK [1][-]{appendix.H}{\376\377\000A\000p\000p\000e\000n\000d\000i\000x\000\040\000H\000.\000\040\000D\000i\000s\000t\000r\000i\000b\000u\000t\000i\000o\000n\000a\000l\000\040\000I\000d\000e\000n\000t\000i\000t\000i\000e\000s\000\040\000a\000n\000d\000\040\000t\000h\000e\000\040\000B\000o\000c\000h\000n\000e\000r\000\040\000F\000o\000r\000m\000u\000l\000a}{part.3}% 21
\BOOKMARK [1][-]{appendix.I}{\376\377\000A\000p\000p\000e\000n\000d\000i\000x\000\040\000I\000.\000\040\000L\000o\000c\000k\000h\000a\000r\000t\040\023\000M\000c\000O\000w\000e\000n\000\040\000F\000r\000e\000d\000h\000o\000l\000m\000\040\000T\000h\000e\000o\000r\000y\000\040\000o\000n\000\040\000M\000a\000n\000i\000f\000o\000l\000d\000s\000\040\000w\000i\000t\000h\000\040\000E\000n\000d\000s}{part.3}% 22
\BOOKMARK [1][-]{appendix.J}{\376\377\000A\000p\000p\000e\000n\000d\000i\000x\000\040\000J\000.\000\040\000E\000s\000t\000i\000m\000a\000t\000e\000s\000\040\000f\000o\000r\000\040\000t\000h\000e\000\040\000I\000n\000t\000e\000r\000n\000a\000l\000\040\000C\000o\000r\000n\000e\000r\000\040\000S\000m\000o\000o\000t\000h\000i\000n\000g}{part.3}% 23
\BOOKMARK [1][-]{appendix.K}{\376\377\000A\000p\000p\000e\000n\000d\000i\000x\000\040\000K\000.\000\040\000D\000e\000r\000i\000v\000a\000t\000i\000o\000n\000\040\000o\000f\000\040\000t\000h\000e\000\040\000B\000r\000a\000y\040\023\000K\000h\000u\000r\000i\000\040\000D\000i\000v\000e\000r\000g\000e\000n\000c\000e\000\040\000I\000d\000e\000n\000t\000i\000t\000y}{part.3}% 24
\BOOKMARK [1][-]{appendix.L}{\376\377\000A\000p\000p\000e\000n\000d\000i\000x\000\040\000L\000.\000\040\000R\000i\000g\000o\000r\000o\000u\000s\000\040\000S\000c\000a\000l\000a\000r\000\040\000C\000u\000r\000v\000a\000t\000u\000r\000e\000\040\000E\000s\000t\000i\000m\000a\000t\000e\000s\000\040\000f\000o\000r\000\040\000t\000h\000e\000\040\000S\000m\000o\000o\000t\000h\000e\000d\000\040\000M\000e\000t\000r\000i\000c}{part.3}% 25
\BOOKMARK [1][-]{appendix.M}{\376\377\000A\000p\000p\000e\000n\000d\000i\000x\000\040\000M\000.\000\040\000T\000h\000e\000\040\000M\000a\000r\000g\000i\000n\000a\000l\000l\000y\000\040\000T\000r\000a\000p\000p\000e\000d\000\040\000L\000i\000m\000i\000t\000\040\000a\000n\000d\000\040\000F\000l\000u\000x\000\040\000C\000a\000n\000c\000e\000l\000l\000a\000t\000i\000o\000n}{part.3}% 26
\BOOKMARK [1][-]{section*.34}{\376\377\000D\000e\000c\000l\000a\000r\000a\000t\000i\000o\000n\000s}{part.3}% 27
\BOOKMARK [1][-]{appendix.N}{\376\377\000A\000p\000p\000e\000n\000d\000i\000x\000\040\000N\000.\000\040\000M\000o\000s\000c\000o\000\040\000C\000o\000n\000v\000e\000r\000g\000e\000n\000c\000e\000\040\000o\000f\000\040\000p\000-\000E\000n\000e\000r\000g\000i\000e\000s}{part.3}% 28
\BOOKMARK [1][-]{appendix.O}{\376\377\000A\000p\000p\000e\000n\000d\000i\000x\000\040\000O\000.\000\040\000D\000i\000s\000t\000r\000i\000b\000u\000t\000i\000o\000n\000a\000l\000\040\000B\000o\000c\000h\000n\000e\000r\000\040\000I\000d\000e\000n\000t\000i\000t\000y\000\040\000w\000i\000t\000h\000\040\000M\000e\000a\000s\000u\000r\000e\000-\000V\000a\000l\000u\000e\000d\000\040\000C\000u\000r\000v\000a\000t\000u\000r\000e}{part.3}% 29
\BOOKMARK [1][-]{appendix.P}{\376\377\000A\000p\000p\000e\000n\000d\000i\000x\000\040\000P\000.\000\040\000W\000e\000a\000k\000\040\000I\000n\000v\000e\000r\000s\000e\000\040\000M\000e\000a\000n\000\040\000C\000u\000r\000v\000a\000t\000u\000r\000e\000\040\000F\000l\000o\000w\000\040\000a\000n\000d\000\040\000H\000a\000w\000k\000i\000n\000g\000\040\000M\000a\000s\000s\000\040\000M\000o\000n\000o\000t\000o\000n\000i\000c\000i\000t\000y}{part.3}% 30
\BOOKMARK [1][-]{appendix.Q}{\376\377\000A\000p\000p\000e\000n\000d\000i\000x\000\040\000Q\000.\000\040\000O\000p\000t\000i\000m\000a\000l\000\040\000T\000r\000a\000n\000s\000p\000o\000r\000t\000\040\000I\000d\000e\000n\000t\000i\000f\000i\000c\000a\000t\000i\000o\000n\000\040\000o\000f\000\040\000A\000D\000M\000\040\000M\000a\000s\000s}{part.3}% 31
\BOOKMARK [1][-]{appendix.R}{\376\377\000A\000p\000p\000e\000n\000d\000i\000x\000\040\000R\000.\000\040\000W\000o\000r\000k\000e\000d\000\040\000E\000x\000a\000m\000p\000l\000e\000:\000\040\000S\000c\000h\000w\000a\000r\000z\000s\000c\000h\000i\000l\000d\000\040\000I\000n\000i\000t\000i\000a\000l\000\040\000D\000a\000t\000a}{part.3}% 32
\BOOKMARK [1][-]{appendix.S}{\376\377\000A\000p\000p\000e\000n\000d\000i\000x\000\040\000S\000.\000\040\000W\000o\000r\000k\000e\000d\000\040\000E\000x\000a\000m\000p\000l\000e\000:\000\040\000S\000p\000h\000e\000r\000i\000c\000a\000l\000l\000y\000\040\000S\000y\000m\000m\000e\000t\000r\000i\000c\000\040\000D\000a\000t\000a\000\040\000w\000i\000t\000h\000\040\000k\000\040\000n\000e\000q\000\040\0000}{part.3}% 33
\BOOKMARK [1][-]{appendix.T}{\376\377\000A\000p\000p\000e\000n\000d\000i\000x\000\040\000T\000.\000\040\000C\000o\000m\000p\000l\000e\000t\000e\000\040\000R\000i\000g\000o\000r\000o\000u\000s\000\040\000M\000a\000t\000h\000e\000m\000a\000t\000i\000c\000a\000l\000\040\000D\000e\000r\000i\000v\000a\000t\000i\000o\000n\000s}{part.3}% 34
\BOOKMARK [1][-]{appendix.U}{\376\377\000A\000p\000p\000e\000n\000d\000i\000x\000\040\000U\000.\000\040\000V\000a\000r\000i\000a\000t\000i\000o\000n\000a\000l\000\040\000S\000t\000r\000u\000c\000t\000u\000r\000e\000\040\000a\000n\000d\000\040\000t\000h\000e\000\040\000K\000K\000T\000\040\000C\000o\000n\000d\000i\000t\000i\000o\000n}{part.3}% 35
\BOOKMARK [1][-]{appendix.V}{\376\377\000A\000p\000p\000e\000n\000d\000i\000x\000\040\000V\000.\000\040\000L\000o\000g\000i\000c\000a\000l\000\040\000S\000t\000r\000u\000c\000t\000u\000r\000e\000\040\000a\000n\000d\000\040\000G\000a\000p\000\040\000C\000l\000o\000s\000u\000r\000e}{part.3}% 36
\BOOKMARK [1][-]{section*.39}{\376\377\000A\000c\000k\000n\000o\000w\000l\000e\000d\000g\000m\000e\000n\000t\000s}{part.3}% 37
\BOOKMARK [1][-]{section*.39}{\376\377\000A\000c\000k\000n\000o\000w\000l\000e\000d\000g\000m\000e\000n\000t\000s}{part.3}% 38
\BOOKMARK [1][-]{section*.40}{\376\377\000R\000e\000f\000e\000r\000e\000n\000c\000e\000s}{part.3}% 39
