This is pdfTeX, Version 3.141592653-2.6-1.40.29 (TeX Live 2026) (preloaded format=pdflatex)
 restricted \write18 enabled.
entering extended mode
(./main.tex
LaTeX2e <2025-11-01>
L3 programming layer <2026-01-19>
(/usr/local/texlive/2026basic/texmf-dist/tex/latex/amscls/amsart.cls
Document Class: amsart 2020/05/29 v2.20.6
(/usr/local/texlive/2026basic/texmf-dist/tex/latex/amsmath/amsmath.sty
For additional information on amsmath, use the `?' option.
(/usr/local/texlive/2026basic/texmf-dist/tex/latex/amsmath/amstext.sty
(/usr/local/texlive/2026basic/texmf-dist/tex/latex/amsmath/amsgen.sty))
(/usr/local/texlive/2026basic/texmf-dist/tex/latex/amsmath/amsbsy.sty)
(/usr/local/texlive/2026basic/texmf-dist/tex/latex/amsmath/amsopn.sty))
(/usr/local/texlive/2026basic/texmf-dist/tex/latex/amsfonts/umsa.fd)
(/usr/local/texlive/2026basic/texmf-dist/tex/latex/amsfonts/amsfonts.sty))
(/usr/local/texlive/2026basic/texmf-dist/tex/latex/amsfonts/amssymb.sty)
(/usr/local/texlive/2026basic/texmf-dist/tex/latex/mathtools/mathtools.sty
(/usr/local/texlive/2026basic/texmf-dist/tex/latex/graphics/keyval.sty)
(/usr/local/texlive/2026basic/texmf-dist/tex/latex/tools/calc.sty)
(/usr/local/texlive/2026basic/texmf-dist/tex/latex/mathtools/mhsetup.sty))
(/usr/local/texlive/2026basic/texmf-dist/tex/latex/base/fontenc.sty)
(/usr/local/texlive/2026basic/texmf-dist/tex/latex/lm/lmodern.sty)
(/usr/local/texlive/2026basic/texmf-dist/tex/latex/microtype/microtype.sty
(/usr/local/texlive/2026basic/texmf-dist/tex/latex/etoolbox/etoolbox.sty)
(/usr/local/texlive/2026basic/texmf-dist/tex/latex/microtype/microtype-pdftex.d
ef) (/usr/local/texlive/2026basic/texmf-dist/tex/latex/microtype/microtype.cfg)
) (/usr/local/texlive/2026basic/texmf-dist/tex/latex/graphics/graphicx.sty
(/usr/local/texlive/2026basic/texmf-dist/tex/latex/graphics/graphics.sty
(/usr/local/texlive/2026basic/texmf-dist/tex/latex/graphics/trig.sty)
(/usr/local/texlive/2026basic/texmf-dist/tex/latex/graphics-cfg/graphics.cfg)
(/usr/local/texlive/2026basic/texmf-dist/tex/latex/graphics-def/pdftex.def)))
(/usr/local/texlive/2026basic/texmf-dist/tex/latex/booktabs/booktabs.sty)
(/usr/local/texlive/2026basic/texmf-dist/tex/latex/tools/longtable.sty)
(/usr/local/texlive/2026basic/texmf-dist/tex/latex/tools/enumerate.sty)
(/usr/local/texlive/2026basic/texmf-dist/tex/latex/pgf/frontendlayer/tikz.sty
(/usr/local/texlive/2026basic/texmf-dist/tex/latex/pgf/basiclayer/pgf.sty
(/usr/local/texlive/2026basic/texmf-dist/tex/latex/pgf/utilities/pgfrcs.sty
(/usr/local/texlive/2026basic/texmf-dist/tex/generic/pgf/utilities/pgfutil-comm
on.tex)
(/usr/local/texlive/2026basic/texmf-dist/tex/generic/pgf/utilities/pgfutil-late
x.def)
(/usr/local/texlive/2026basic/texmf-dist/tex/generic/pgf/utilities/pgfrcs.code.
tex (/usr/local/texlive/2026basic/texmf-dist/tex/generic/pgf/pgf.revision.tex))
) (/usr/local/texlive/2026basic/texmf-dist/tex/latex/pgf/basiclayer/pgfcore.sty
 (/usr/local/texlive/2026basic/texmf-dist/tex/latex/pgf/systemlayer/pgfsys.sty
(/usr/local/texlive/2026basic/texmf-dist/tex/generic/pgf/systemlayer/pgfsys.cod
e.tex
(/usr/local/texlive/2026basic/texmf-dist/tex/generic/pgf/utilities/pgfkeys.code
.tex
(/usr/local/texlive/2026basic/texmf-dist/tex/generic/pgf/utilities/pgfkeyslibra
ryfiltered.code.tex))
(/usr/local/texlive/2026basic/texmf-dist/tex/generic/pgf/systemlayer/pgf.cfg)
(/usr/local/texlive/2026basic/texmf-dist/tex/generic/pgf/systemlayer/pgfsys-pdf
tex.def
(/usr/local/texlive/2026basic/texmf-dist/tex/generic/pgf/systemlayer/pgfsys-com
mon-pdf.def)))
(/usr/local/texlive/2026basic/texmf-dist/tex/generic/pgf/systemlayer/pgfsyssoft
path.code.tex)
(/usr/local/texlive/2026basic/texmf-dist/tex/generic/pgf/systemlayer/pgfsysprot
ocol.code.tex))
(/usr/local/texlive/2026basic/texmf-dist/tex/latex/xcolor/xcolor.sty
(/usr/local/texlive/2026basic/texmf-dist/tex/latex/graphics-cfg/color.cfg)
(/usr/local/texlive/2026basic/texmf-dist/tex/latex/graphics/mathcolor.ltx))
(/usr/local/texlive/2026basic/texmf-dist/tex/generic/pgf/basiclayer/pgfcore.cod
e.tex
(/usr/local/texlive/2026basic/texmf-dist/tex/generic/pgf/math/pgfmath.code.tex
(/usr/local/texlive/2026basic/texmf-dist/tex/generic/pgf/math/pgfmathutil.code.
tex)
(/usr/local/texlive/2026basic/texmf-dist/tex/generic/pgf/math/pgfmathparser.cod
e.tex)
(/usr/local/texlive/2026basic/texmf-dist/tex/generic/pgf/math/pgfmathfunctions.
code.tex)
(/usr/local/texlive/2026basic/texmf-dist/tex/generic/pgf/math/pgfmathfunctions.
basic.code.tex)
(/usr/local/texlive/2026basic/texmf-dist/tex/generic/pgf/math/pgfmathfunctions.
trigonometric.code.tex)
(/usr/local/texlive/2026basic/texmf-dist/tex/generic/pgf/math/pgfmathfunctions.
random.code.tex)
(/usr/local/texlive/2026basic/texmf-dist/tex/generic/pgf/math/pgfmathfunctions.
comparison.code.tex)
(/usr/local/texlive/2026basic/texmf-dist/tex/generic/pgf/math/pgfmathfunctions.
base.code.tex)
(/usr/local/texlive/2026basic/texmf-dist/tex/generic/pgf/math/pgfmathfunctions.
round.code.tex)
(/usr/local/texlive/2026basic/texmf-dist/tex/generic/pgf/math/pgfmathfunctions.
misc.code.tex)
(/usr/local/texlive/2026basic/texmf-dist/tex/generic/pgf/math/pgfmathfunctions.
integerarithmetics.code.tex)
(/usr/local/texlive/2026basic/texmf-dist/tex/generic/pgf/math/pgfmathcalc.code.
tex)
(/usr/local/texlive/2026basic/texmf-dist/tex/generic/pgf/math/pgfmathfloat.code
.tex))
(/usr/local/texlive/2026basic/texmf-dist/tex/generic/pgf/math/pgfint.code.tex)
(/usr/local/texlive/2026basic/texmf-dist/tex/generic/pgf/basiclayer/pgfcorepoin
ts.code.tex)
(/usr/local/texlive/2026basic/texmf-dist/tex/generic/pgf/basiclayer/pgfcorepath
construct.code.tex)
(/usr/local/texlive/2026basic/texmf-dist/tex/generic/pgf/basiclayer/pgfcorepath
usage.code.tex)
(/usr/local/texlive/2026basic/texmf-dist/tex/generic/pgf/basiclayer/pgfcorescop
es.code.tex)
(/usr/local/texlive/2026basic/texmf-dist/tex/generic/pgf/basiclayer/pgfcoregrap
hicstate.code.tex)
(/usr/local/texlive/2026basic/texmf-dist/tex/generic/pgf/basiclayer/pgfcoretran
sformations.code.tex)
(/usr/local/texlive/2026basic/texmf-dist/tex/generic/pgf/basiclayer/pgfcorequic
k.code.tex)
(/usr/local/texlive/2026basic/texmf-dist/tex/generic/pgf/basiclayer/pgfcoreobje
cts.code.tex)
(/usr/local/texlive/2026basic/texmf-dist/tex/generic/pgf/basiclayer/pgfcorepath
processing.code.tex)
(/usr/local/texlive/2026basic/texmf-dist/tex/generic/pgf/basiclayer/pgfcorearro
ws.code.tex)
(/usr/local/texlive/2026basic/texmf-dist/tex/generic/pgf/basiclayer/pgfcoreshad
e.code.tex)
(/usr/local/texlive/2026basic/texmf-dist/tex/generic/pgf/basiclayer/pgfcoreimag
e.code.tex)
(/usr/local/texlive/2026basic/texmf-dist/tex/generic/pgf/basiclayer/pgfcoreexte
rnal.code.tex)
(/usr/local/texlive/2026basic/texmf-dist/tex/generic/pgf/basiclayer/pgfcorelaye
rs.code.tex)
(/usr/local/texlive/2026basic/texmf-dist/tex/generic/pgf/basiclayer/pgfcoretran
sparency.code.tex)
(/usr/local/texlive/2026basic/texmf-dist/tex/generic/pgf/basiclayer/pgfcorepatt
erns.code.tex)
(/usr/local/texlive/2026basic/texmf-dist/tex/generic/pgf/basiclayer/pgfcorerdf.
code.tex)))
(/usr/local/texlive/2026basic/texmf-dist/tex/generic/pgf/modules/pgfmoduleshape
s.code.tex)
(/usr/local/texlive/2026basic/texmf-dist/tex/generic/pgf/modules/pgfmoduleplot.
code.tex)
(/usr/local/texlive/2026basic/texmf-dist/tex/latex/pgf/compatibility/pgfcomp-ve
rsion-0-65.sty)
(/usr/local/texlive/2026basic/texmf-dist/tex/latex/pgf/compatibility/pgfcomp-ve
rsion-1-18.sty))
(/usr/local/texlive/2026basic/texmf-dist/tex/latex/pgf/utilities/pgffor.sty
(/usr/local/texlive/2026basic/texmf-dist/tex/latex/pgf/utilities/pgfkeys.sty
(/usr/local/texlive/2026basic/texmf-dist/tex/generic/pgf/utilities/pgfkeys.code
.tex)) (/usr/local/texlive/2026basic/texmf-dist/tex/latex/pgf/math/pgfmath.sty
(/usr/local/texlive/2026basic/texmf-dist/tex/generic/pgf/math/pgfmath.code.tex)
)
(/usr/local/texlive/2026basic/texmf-dist/tex/generic/pgf/utilities/pgffor.code.
tex))
(/usr/local/texlive/2026basic/texmf-dist/tex/generic/pgf/frontendlayer/tikz/tik
z.code.tex
(/usr/local/texlive/2026basic/texmf-dist/tex/generic/pgf/libraries/pgflibrarypl
othandlers.code.tex)
(/usr/local/texlive/2026basic/texmf-dist/tex/generic/pgf/modules/pgfmodulematri
x.code.tex)
(/usr/local/texlive/2026basic/texmf-dist/tex/generic/pgf/frontendlayer/tikz/lib
raries/tikzlibrarytopaths.code.tex)))
(/usr/local/texlive/2026basic/texmf-dist/tex/generic/pgf/libraries/pgflibraryar
rows.meta.code.tex)
(/usr/local/texlive/2026basic/texmf-dist/tex/generic/pgf/frontendlayer/tikz/lib
raries/tikzlibrarycalc.code.tex)
(/usr/local/texlive/2026basic/texmf-dist/tex/generic/pgf/frontendlayer/tikz/lib
raries/tikzlibrarypositioning.code.tex)
(/usr/local/texlive/2026basic/texmf-dist/tex/latex/hyperref/hyperref.sty
(/usr/local/texlive/2026basic/texmf-dist/tex/generic/iftex/iftex.sty)
(/usr/local/texlive/2026basic/texmf-dist/tex/latex/kvsetkeys/kvsetkeys.sty)
(/usr/local/texlive/2026basic/texmf-dist/tex/generic/kvdefinekeys/kvdefinekeys.
sty)
(/usr/local/texlive/2026basic/texmf-dist/tex/generic/pdfescape/pdfescape.sty
(/usr/local/texlive/2026basic/texmf-dist/tex/generic/ltxcmds/ltxcmds.sty)
(/usr/local/texlive/2026basic/texmf-dist/tex/generic/pdftexcmds/pdftexcmds.sty
(/usr/local/texlive/2026basic/texmf-dist/tex/generic/infwarerr/infwarerr.sty)))
 (/usr/local/texlive/2026basic/texmf-dist/tex/latex/hycolor/hycolor.sty)
(/usr/local/texlive/2026basic/texmf-dist/tex/latex/hyperref/nameref.sty
(/usr/local/texlive/2026basic/texmf-dist/tex/latex/refcount/refcount.sty)
(/usr/local/texlive/2026basic/texmf-dist/tex/generic/gettitlestring/gettitlestr
ing.sty
(/usr/local/texlive/2026basic/texmf-dist/tex/latex/kvoptions/kvoptions.sty)))
(/usr/local/texlive/2026basic/texmf-dist/tex/generic/stringenc/stringenc.sty)
(/usr/local/texlive/2026basic/texmf-dist/tex/latex/hyperref/pd1enc.def)
(/usr/local/texlive/2026basic/texmf-dist/tex/generic/intcalc/intcalc.sty)
(/usr/local/texlive/2026basic/texmf-dist/tex/latex/hyperref/puenc.def)
(/usr/local/texlive/2026basic/texmf-dist/tex/latex/url/url.sty)
(/usr/local/texlive/2026basic/texmf-dist/tex/generic/bitset/bitset.sty
(/usr/local/texlive/2026basic/texmf-dist/tex/generic/bigintcalc/bigintcalc.sty)
)) (/usr/local/texlive/2026basic/texmf-dist/tex/latex/hyperref/hpdftex.def
(/usr/local/texlive/2026basic/texmf-dist/tex/latex/rerunfilecheck/rerunfilechec
k.sty
(/usr/local/texlive/2026basic/texmf-dist/tex/generic/uniquecounter/uniquecounte
r.sty))) (./cleveref.sty)
==> First Aid for cleveref.sty no longer applied!
    Expected:
        2018/03/27 v0.21.4 Intelligent cross-referencing
    but found:
        2026/04/17 minimal fallback cleveref
    so I'm assuming it got fixed.
(./framed.sty) (/usr/local/texlive/2026basic/texmf-dist/tex/latex/lm/t1lmr.fd)
(/usr/local/texlive/2026basic/texmf-dist/tex/latex/l3backend/l3backend-pdftex.d
ef) (./main.aux)
(/usr/local/texlive/2026basic/texmf-dist/tex/latex/lm/ot1lmr.fd)
(/usr/local/texlive/2026basic/texmf-dist/tex/latex/lm/omllmm.fd)
(/usr/local/texlive/2026basic/texmf-dist/tex/latex/lm/omslmsy.fd)
(/usr/local/texlive/2026basic/texmf-dist/tex/latex/lm/omxlmex.fd)
(/usr/local/texlive/2026basic/texmf-dist/tex/latex/amsfonts/umsa.fd)
(/usr/local/texlive/2026basic/texmf-dist/tex/latex/amsfonts/umsb.fd)
(/usr/local/texlive/2026basic/texmf-dist/tex/latex/microtype/mt-cmr.cfg)
(/usr/local/texlive/2026basic/texmf-dist/tex/context/base/mkii/supp-pdf.mkii
[Loading MPS to PDF converter (version 2006.09.02).]
)
(/usr/local/texlive/2026basic/texmf-dist/tex/latex/epstopdf-pkg/epstopdf-base.s
ty
(/usr/local/texlive/2026basic/texmf-dist/tex/latex/latexconfig/epstopdf-sys.cfg
)) (./main.out) (./main.out) (./main.toc
Overfull \vbox (1.3651pt too high) has occurred while \output is active
[1{/usr/local/texlive/2026basic/texmf-var/fonts/map/pdftex/updmap/pdftex.map}{/
usr/local/texlive/2026basic/texmf-dist/fonts/enc/dvips/lm/lm-ec.enc}{/usr/local
/texlive/2026basic/texmf-dist/fonts/enc/dvips/lm/lm-rm.enc}{/usr/local/texlive/
2026basic/texmf-dist/fonts/enc/dvips/lm/lm-mathit.enc}{/usr/local/texlive/2026b
asic/texmf-dist/fonts/enc/dvips/lm/lm-mathsy.enc}{/usr/local/texlive/2026basic/
texmf-dist/fonts/enc/dvips/lm/lm-mathex.enc}]
pdfTeX warning (font expansion): font should be expanded before its first use
(/usr/local/texlive/2026basic/texmf-dist/tex/latex/microtype/mt-msa.cfg)
(/usr/local/texlive/2026basic/texmf-dist/tex/latex/microtype/mt-msb.cfg)
[2] [3]
Underfull \vbox (badness 10000) has occurred while \output is active [4])
[5] (./sec_01_introduction.tex [6] [7] [8] [9] [10])
(./sec_02_the_penrose_conjecture.tex [11] [12] [13] [14] [15] [16] [17]
[18] [19] [20] [21] [22]
Underfull \hbox (badness 10000) in paragraph at lines 346--346
[]\T1/lmr/m/n/10.95 (+20) Huisken--Ilmanen

Underfull \hbox (badness 10000) in paragraph at lines 347--347
[]\T1/lmr/m/n/10.95 (+20) (Thm. 1.1,

Underfull \hbox (badness 10000) in paragraph at lines 350--350
[]\T1/lmr/m/n/10.95 (+20) (Thm. 1,

Underfull \hbox (badness 10000) in paragraph at lines 352--352
[]\T1/lmr/m/n/10.95 (+20) Khuri--Kunduri

Underfull \hbox (badness 10000) in paragraph at lines 355--355
[]\T1/lmr/m/n/10.95 (+20) Kunduri--

Underfull \hbox (badness 10000) in paragraph at lines 355--355
\T1/lmr/m/n/10.95 (+20) Margalef--Muth

Underfull \hbox (badness 10000) in paragraph at lines 356--356
[]\T1/lmr/m/n/10.95 (+20) (Spacetime +

Underfull \hbox (badness 10000) in paragraph at lines 358--358
[]\T1/lmr/m/n/10.95 (+20) Allen--Bryden--

Underfull \hbox (badness 10000) in paragraph at lines 358--359
[]\T1/lmr/m/n/10.95 (+20) Harmonic level

Underfull \hbox (badness 10000) in paragraph at lines 359--359
[]\T1/lmr/m/n/10.95 (+20) (Spacetime,

Underfull \hbox (badness 10000) in paragraph at lines 359--359
[]\T1/lmr/m/n/10.95 (+20) ($\OML/lmm/m/it/10.95 C < \OT1/lmr/m/n/10.95 (+20) 1$
\T1/lmr/m/n/10.95 (+20) ,

Underfull \hbox (badness 10000) in paragraph at lines 362--362
[]\T1/lmr/m/n/10.95 (+20) (Spacetime,

Underfull \vbox (badness 10000) has occurred while \output is active [23]
Underfull \vbox (badness 10000) has occurred while \output is active [24]
[25] [26]
Underfull \vbox (badness 10000) has occurred while \output is active [27]
[28] [29] [30]
Underfull \vbox (badness 10000) has occurred while \output is active [31]
[32] [33] [34] [35] [36] [37] [38] [39] [40] [41] [42] [43] [44] [45] [46]
[47] [48] [49] [50] [51] [52] [53] [54] [55] [56] [57] [58] [59] [60] [61]
[62] [63] [64] [65] [66] [67] [68] [69] [70] [71] [72] [73] [74] [75] [76]
[77] [78] [79] [80] [81] [82] [83] [84] [85] [86]
pdfTeX warning (font expansion): font should be expanded before its first use
[87] [88] [89] (/usr/local/texlive/2026basic/texmf-dist/tex/latex/lm/t1lmtt.fd)
) (./sec_03_overview.tex [90] [91]
Underfull \vbox (badness 10000) has occurred while \output is active [92]
[93]
Underfull \hbox (badness 10000) in paragraph at lines 113--114
[]\T1/lmr/bx/n/10.95 (+20) Program
[94] [95] [96] [97] [98] [99] [100] [101] [102] [103] [104] [105] [106]
[107] [108] [109] [110] [111] [112]
Underfull \hbox (badness 10000) in paragraph at lines 870--871
[]
[113] [114] [115] [116] [117] [118] [119] [120] [121] [122] [123] [124]
[125]
Underfull \hbox (badness 10000) in paragraph at lines 1407--1408
[]\T1/lmr/m/it/10.95 (+20) (e) Bound-ary term con-ver-gence. \T1/lmr/m/n/10.95 
(+20) The bound-ary in-te-gral
[126] [127] [128] [129] [130] [131] [132] [133] [134]
Underfull \hbox (badness 10000) in paragraph at lines 1824--1824
 \T1/lmr/m/n/10.95 (+20) 3.3.3.\T1/lmr/m/it/10.95 (+20) Program C: Weak IMCF an
d Space-time Hawk-ing Mass---
[135] [136] [137] [138] [139] [140] [141] [142] [143] [144] [145] [146]
[147] [148] [149] [150]
Underfull \hbox (badness 10000) in paragraph at lines 2433--2434
[]\T1/lmr/bx/it/10.95 (+20) Identification: $[][] \OMS/lmsy/m/n/10.95 M[]\OT1/l
mr/m/n/10.95 (+20) (0) = []$ \T1/lmr/m/it/10.95 (+20) and
[151] [152] [153] [154] [155] [156] [157] [158] [159] [160] [161] [162]
[163] [164]) (./sec_04_the_theta_plus_flow_method.tex [165] [166] [167]
[168] [169] [170] [171] [172] [173] [174] [175] [176])
(./sec_05_ricci_flow_inspired_monotonicity_formulas.tex [177] [178] [179]
[180] [181] [182] [183] [184]

LaTeX Warning: The counter will not be printed.
             The label is: \textbf {S1}. on input line 386.

[185]

LaTeX Warning: The counter will not be printed.
             The label is: \textbf {(H1)} on input line 455.

[186] [187]

LaTeX Warning: The counter will not be printed.
             The label is: \textbf {(S1)} on input line 526.

[188]
Underfull \vbox (badness 10000) has occurred while \output is active [189]
Underfull \hbox (badness 10000) in paragraph at lines 626--626
[]\T1/lmr/bx/n/10.95 (+20) Monotone

Underfull \hbox (badness 10000) in paragraph at lines 634--634
[]\T1/lmr/bx/n/10.95 (+20) Area mono-

Underfull \hbox (badness 10000) in paragraph at lines 636--636
[]\T1/lmr/bx/n/10.95 (+20) Main ap-pli-ca-

Underfull \vbox (badness 10000) has occurred while \output is active [190])
(./sec_07_the_p_harmonic_level_set_method.tex [191] [192] [193] [194] [195]
[196] [197] [198] [199] [200] [201] [202] [203] [204] [205] [206] [207])
(./sec_08_the_generalized_jang_reduction_and_analytical_obst.tex [208] [209]
[210] [211] [212] [213] [214] [215] [216] [217] [218] [219] [220] [221]
[222] [223] [224] [225] [226] [227] [228] [229] [230] [231] [232] [233]
[234] [235] [236] [237] [238] [239] [240] [241] [242] [243] [244] [245]
Underfull \hbox (badness 10000) in paragraph at lines 1450--1450
[]\T1/lmr/m/n/9 (+20) Blows
[246] [247] [248] [249]
Underfull \hbox (badness 10000) in paragraph at lines 1613--1614
\T1/lmr/m/n/10.95 (+20) Schwarzschild---Painlevé-Gull-strand Co-or-di-nates)\T1
/lmr/m/it/10.95 (+20) . []\T1/lmr/m/n/10.95 (+20) We record the
[250] [251] [252] [253] [254] [255])
(./sec_09_analysis_of_the_singular_lichnerowicz_equation_and.tex [256] [257]
[258] [259] [260] [261] [262] [263] [264] [265] [266] [267] [268] [269]
[270] [271] [272] [273] [274] [275] [276] [277] [278] [279] [280] [281]
[282] [283] [284] [285] [286] [287] [288] [289] [290] [291] [292] [293]
[294] [295] [296] [297] [298] [299] [300] [301] [302] [303] [304] [305]
[306] [307] [308] [309] [310] [311] [312] [313] [314] [315] [316] [317]
[318] [319] [320] [321] [322] [323] [324] [325] [326] [327] [328] [329]
[330] [331] [332] [333] [334] [335] [336] [337] [338] [339] [340] [341]
[342] [343] [344] [345] [346] [347] [348] [349] [350] [351] [352] [353]
[354] [355] [356] [357] [358] [359] [360] [361] [362] [363] [364] [365]
[366] [367] [368] [369] [370] [371])
(./sec_10_synthesis_limit_of_inequalities.tex [372] [373] [374] [375] [376]
[377]) (./sec_11_rigidity_and_the_uniqueness_of_schwarzschild.tex [378]
[379] [380]
Underfull \vbox (badness 10000) has occurred while \output is active [381])
(./sec_12_complete_rigorous_proof_consolidated_statement.tex [382] [383]
Underfull \hbox (badness 10000) in paragraph at lines 49--50
[]
[384] [385] [386]) (./sec_15_conclusion_and_outlook.tex [387] [388] [389]
[390]) (./sec_13_index_of_notation.tex)
(./sec_16_global_lipschitz_structure_of_the_jang_metric.tex [391] [392]
[393] [394] [395] [396])
(./sec_17_geometric_measure_theory_analysis_of_the_smoothing.tex [397] [398]
[399] [400]) (./sec_18_spectral_positivity_and_removability_of_singularit.tex
[401]) (./sec_19_capacity_of_singularities_and_flux_estimates.tex [402]
[403] [404] [405] [406] [407])
(./sec_21_distributional_identities_and_the_bochner_formula.tex [408] [409]
[410] [411] [412] [413] [414] [415] [416])
(./sec_22_lockhart_mcowen_fredholm_theory.tex [417] [418] [419] [420] [421]
[422] [423] [424] [425])
(./sec_23_estimates_for_the_internal_corner_smoothing.tex [426] [427] [428]
[429]) (./sec_24_derivation_of_the_bray_khuri_divergence_identity.tex [430]
[431] [432]) (./sec_25_rigorous_scalar_curvature_estimates_for_the_smooth.tex
[433] [434] [435] [436] [437] [438] [439] [440] [441] [442])
(./sec_26_the_marginally_trapped_limit_and_flux_cancellation.tex)
(./sec_27_declarations.tex [443]) (./sec_28_mosco_convergence_of_p_energies.tex
[444] [445]) (./sec_29_distributional_bochner_identity_with_measure_value.tex
[446] [447] [448] [449]) (./sec_30_weak_imcf_and_hawking_mass.tex [450]
[451] [452]) (./sec_31_optimal_transport_identification_of_adm_mass.tex
[453]) (./sec_32_worked_example_schwarzschild_initial_data.tex [454] [455]
[456] [457]) (./sec_33_complete_rigorous_mathematical_derivations.tex [458]
[459] [460] [461] [462] [463] [464] [465] [466] [467] [468] [469] [470]
[471] [472] [473] [474] [475] [476] [477] [478] [479] [480] [481] [482])
(./sec_34_logical_structure_and_gap_closure.tex [483] [484] [485] [486]
[487] [488]) (./sec_35_black_hole_stability.tex [489] [490])
(./sec_36_dispersive_estimates_and_spectral_transfer.tex [491] [492])
(./sec_35_acknowledgments.tex) (./main.bbl [493]
Underfull \vbox (badness 10000) has occurred while \output is active [494]
Underfull \vbox (badness 10000) has occurred while \output is active [495])
[496] (./main.aux) )
(see the transcript file for additional information)</usr/local/texlive/2026bas
ic/texmf-dist/fonts/type1/public/lm/lmbx10.pfb></usr/local/texlive/2026basic/te
xmf-dist/fonts/type1/public/lm/lmbx9.pfb></usr/local/texlive/2026basic/texmf-di
st/fonts/type1/public/lm/lmbxi10.pfb></usr/local/texlive/2026basic/texmf-dist/f
onts/type1/public/lm/lmcsc10.pfb></usr/local/texlive/2026basic/texmf-dist/fonts
/type1/public/lm/lmex10.pfb></usr/local/texlive/2026basic/texmf-dist/fonts/type
1/public/lm/lmmi10.pfb></usr/local/texlive/2026basic/texmf-dist/fonts/type1/pub
lic/lm/lmmi5.pfb></usr/local/texlive/2026basic/texmf-dist/fonts/type1/public/lm
/lmmi6.pfb></usr/local/texlive/2026basic/texmf-dist/fonts/type1/public/lm/lmmi7
.pfb></usr/local/texlive/2026basic/texmf-dist/fonts/type1/public/lm/lmmi8.pfb><
/usr/local/texlive/2026basic/texmf-dist/fonts/type1/public/lm/lmmi9.pfb></usr/l
ocal/texlive/2026basic/texmf-dist/fonts/type1/public/lm/lmr10.pfb></usr/local/t
exlive/2026basic/texmf-dist/fonts/type1/public/lm/lmr5.pfb></usr/local/texlive/
2026basic/texmf-dist/fonts/type1/public/lm/lmr6.pfb></usr/local/texlive/2026bas
ic/texmf-dist/fonts/type1/public/lm/lmr7.pfb></usr/local/texlive/2026basic/texm
f-dist/fonts/type1/public/lm/lmr8.pfb></usr/local/texlive/2026basic/texmf-dist/
fonts/type1/public/lm/lmr9.pfb></usr/local/texlive/2026basic/texmf-dist/fonts/t
ype1/public/lm/lmri10.pfb></usr/local/texlive/2026basic/texmf-dist/fonts/type1/
public/lm/lmri8.pfb></usr/local/texlive/2026basic/texmf-dist/fonts/type1/public
/lm/lmri9.pfb></usr/local/texlive/2026basic/texmf-dist/fonts/type1/public/lm/lm
sy10.pfb></usr/local/texlive/2026basic/texmf-dist/fonts/type1/public/lm/lmsy5.p
fb></usr/local/texlive/2026basic/texmf-dist/fonts/type1/public/lm/lmsy6.pfb></u
sr/local/texlive/2026basic/texmf-dist/fonts/type1/public/lm/lmsy7.pfb></usr/loc
al/texlive/2026basic/texmf-dist/fonts/type1/public/lm/lmsy8.pfb></usr/local/tex
live/2026basic/texmf-dist/fonts/type1/public/lm/lmsy9.pfb></usr/local/texlive/2
026basic/texmf-dist/fonts/type1/public/lm/lmtt10.pfb></usr/local/texlive/2026ba
sic/texmf-dist/fonts/type1/public/lm/lmtt9.pfb></usr/local/texlive/2026basic/te
xmf-dist/fonts/type1/public/amsfonts/symbols/msam10.pfb></usr/local/texlive/202
6basic/texmf-dist/fonts/type1/public/amsfonts/symbols/msbm10.pfb>
Output written on main.pdf (496 pages, 2814275 bytes).
Transcript written on main.log.
