This is pdfTeX, Version 3.141592653-2.6-1.40.27 (MiKTeX 25.4) (preloaded format=pdflatex 2025.11.16)  10 JAN 2026 00:53
entering extended mode
 restricted \write18 enabled.
 %&-line parsing enabled.
**./yang_mills_large_rigorous.tex
(yang_mills_large_rigorous.tex
LaTeX2e <2025-11-01>
L3 programming layer <2025-10-24>
(C:\Users\Lenovo\AppData\Local\Programs\MiKTeX\tex/latex/base\report.cls
Document Class: report 2025/01/22 v1.4n Standard LaTeX document class
(C:\Users\Lenovo\AppData\Local\Programs\MiKTeX\tex/latex/base\size11.clo
File: size11.clo 2025/01/22 v1.4n Standard LaTeX file (size option)
)
\c@part=\count275
\c@chapter=\count276
\c@section=\count277
\c@subsection=\count278
\c@subsubsection=\count279
\c@paragraph=\count280
\c@subparagraph=\count281
\c@figure=\count282
\c@table=\count283
\abovecaptionskip=\skip49
\belowcaptionskip=\skip50
\bibindent=\dimen148
)
(preamble.tex
(C:\Users\Lenovo\AppData\Local\Programs\MiKTeX\tex/latex/base\inputenc.sty
Package: inputenc 2024/02/08 v1.3d Input encoding file
\inpenc@prehook=\toks17
\inpenc@posthook=\toks18
)
(C:\Users\Lenovo\AppData\Local\Programs\MiKTeX\tex/latex/base\fontenc.sty
Package: fontenc 2025/07/18 v2.1d Standard LaTeX package
)
(C:\Users\Lenovo\AppData\Local\Programs\MiKTeX\tex/latex/lm\lmodern.sty
Package: lmodern 2015/05/01 v1.6.1 Latin Modern Fonts
LaTeX Font Info:    Overwriting symbol font `operators' in version `normal'
(Font)                  OT1/cmr/m/n --> OT1/lmr/m/n on input line 22.
LaTeX Font Info:    Overwriting symbol font `letters' in version `normal'
(Font)                  OML/cmm/m/it --> OML/lmm/m/it on input line 23.
LaTeX Font Info:    Overwriting symbol font `symbols' in version `normal'
(Font)                  OMS/cmsy/m/n --> OMS/lmsy/m/n on input line 24.
LaTeX Font Info:    Overwriting symbol font `largesymbols' in version `normal'
(Font)                  OMX/cmex/m/n --> OMX/lmex/m/n on input line 25.
LaTeX Font Info:    Overwriting symbol font `operators' in version `bold'
(Font)                  OT1/cmr/bx/n --> OT1/lmr/bx/n on input line 26.
LaTeX Font Info:    Overwriting symbol font `letters' in version `bold'
(Font)                  OML/cmm/b/it --> OML/lmm/b/it on input line 27.
LaTeX Font Info:    Overwriting symbol font `symbols' in version `bold'
(Font)                  OMS/cmsy/b/n --> OMS/lmsy/b/n on input line 28.
LaTeX Font Info:    Overwriting symbol font `largesymbols' in version `bold'
(Font)                  OMX/cmex/m/n --> OMX/lmex/m/n on input line 29.
LaTeX Font Info:    Overwriting math alphabet `\mathbf' in version `normal'
(Font)                  OT1/cmr/bx/n --> OT1/lmr/bx/n on input line 31.
LaTeX Font Info:    Overwriting math alphabet `\mathsf' in version `normal'
(Font)                  OT1/cmss/m/n --> OT1/lmss/m/n on input line 32.
LaTeX Font Info:    Overwriting math alphabet `\mathit' in version `normal'
(Font)                  OT1/cmr/m/it --> OT1/lmr/m/it on input line 33.
LaTeX Font Info:    Overwriting math alphabet `\mathtt' in version `normal'
(Font)                  OT1/cmtt/m/n --> OT1/lmtt/m/n on input line 34.
LaTeX Font Info:    Overwriting math alphabet `\mathbf' in version `bold'
(Font)                  OT1/cmr/bx/n --> OT1/lmr/bx/n on input line 35.
LaTeX Font Info:    Overwriting math alphabet `\mathsf' in version `bold'
(Font)                  OT1/cmss/bx/n --> OT1/lmss/bx/n on input line 36.
LaTeX Font Info:    Overwriting math alphabet `\mathit' in version `bold'
(Font)                  OT1/cmr/bx/it --> OT1/lmr/bx/it on input line 37.
LaTeX Font Info:    Overwriting math alphabet `\mathtt' in version `bold'
(Font)                  OT1/cmtt/m/n --> OT1/lmtt/m/n on input line 38.
)
(C:\Users\Lenovo\AppData\Local\Programs\MiKTeX\tex/latex/microtype\microtype.st
y
Package: microtype 2025/07/09 v3.2b Micro-typographical refinements (RS)
 (C:\Users\Lenovo\AppData\Local\Programs\MiKTeX\tex/latex/graphics\keyval.sty
Package: keyval 2022/05/29 v1.15 key=value parser (DPC)
\KV@toks@=\toks19
) (C:\Users\Lenovo\AppData\Local\Programs\MiKTeX\tex/latex/etoolbox\etoolbox.st
y
Package: etoolbox 2025/10/02 v2.5m e-TeX tools for LaTeX (JAW)
\etb@tempcnta=\count284
)
\MT@toks=\toks20
\MT@tempbox=\box53
\MT@count=\count285
LaTeX Info: Redefining \noprotrusionifhmode on input line 1087.
LaTeX Info: Redefining \leftprotrusion on input line 1088.
\MT@prot@toks=\toks21
LaTeX Info: Redefining \rightprotrusion on input line 1107.
LaTeX Info: Redefining \textls on input line 1449.
\MT@outer@kern=\dimen149
LaTeX Info: Redefining \microtypecontext on input line 2053.
LaTeX Info: Redefining \textmicrotypecontext on input line 2070.
\MT@listname@count=\count286

(C:\Users\Lenovo\AppData\Local\Programs\MiKTeX\tex/latex/microtype\microtype-pd
ftex.def
File: microtype-pdftex.def 2025/07/09 v3.2b Definitions specific to pdftex (RS)

LaTeX Info: Redefining \lsstyle on input line 944.
LaTeX Info: Redefining \lslig on input line 944.
\MT@outer@space=\skip51
)
Package microtype Info: Loading configuration file microtype.cfg.

(C:\Users\Lenovo\AppData\Local\Programs\MiKTeX\tex/latex/microtype\microtype.cf
g
File: microtype.cfg 2025/07/09 v3.2b microtype main configuration file (RS)
)
LaTeX Info: Redefining \microtypesetup on input line 3065.
)
(C:\Users\Lenovo\AppData\Local\Programs\MiKTeX\tex/latex/amsmath\amsmath.sty
Package: amsmath 2025/07/09 v2.17z AMS math features
\@mathmargin=\skip52

For additional information on amsmath, use the `?' option.
(C:\Users\Lenovo\AppData\Local\Programs\MiKTeX\tex/latex/amsmath\amstext.sty
Package: amstext 2024/11/17 v2.01 AMS text

(C:\Users\Lenovo\AppData\Local\Programs\MiKTeX\tex/latex/amsmath\amsgen.sty
File: amsgen.sty 1999/11/30 v2.0 generic functions
\@emptytoks=\toks22
\ex@=\dimen150
))
(C:\Users\Lenovo\AppData\Local\Programs\MiKTeX\tex/latex/amsmath\amsbsy.sty
Package: amsbsy 1999/11/29 v1.2d Bold Symbols
\pmbraise@=\dimen151
)
(C:\Users\Lenovo\AppData\Local\Programs\MiKTeX\tex/latex/amsmath\amsopn.sty
Package: amsopn 2022/04/08 v2.04 operator names
)
\inf@bad=\count287
LaTeX Info: Redefining \frac on input line 233.
\uproot@=\count288
\leftroot@=\count289
LaTeX Info: Redefining \overline on input line 398.
LaTeX Info: Redefining \colon on input line 409.
\classnum@=\count290
\DOTSCASE@=\count291
LaTeX Info: Redefining \ldots on input line 495.
LaTeX Info: Redefining \dots on input line 498.
LaTeX Info: Redefining \cdots on input line 619.
\Mathstrutbox@=\box54
\strutbox@=\box55
LaTeX Info: Redefining \big on input line 721.
LaTeX Info: Redefining \Big on input line 722.
LaTeX Info: Redefining \bigg on input line 723.
LaTeX Info: Redefining \Bigg on input line 724.
\big@size=\dimen152
LaTeX Font Info:    Redeclaring font encoding OML on input line 742.
LaTeX Font Info:    Redeclaring font encoding OMS on input line 743.
\macc@depth=\count292
LaTeX Info: Redefining \bmod on input line 904.
LaTeX Info: Redefining \pmod on input line 909.
LaTeX Info: Redefining \smash on input line 939.
LaTeX Info: Redefining \relbar on input line 969.
LaTeX Info: Redefining \Relbar on input line 970.
\c@MaxMatrixCols=\count293
\dotsspace@=\muskip17
\c@parentequation=\count294
\dspbrk@lvl=\count295
\tag@help=\toks23
\row@=\count296
\column@=\count297
\maxfields@=\count298
\andhelp@=\toks24
\eqnshift@=\dimen153
\alignsep@=\dimen154
\tagshift@=\dimen155
\tagwidth@=\dimen156
\totwidth@=\dimen157
\lineht@=\dimen158
\@envbody=\toks25
\multlinegap=\skip53
\multlinetaggap=\skip54
\mathdisplay@stack=\toks26
LaTeX Info: Redefining \[ on input line 2950.
LaTeX Info: Redefining \] on input line 2951.
)
(C:\Users\Lenovo\AppData\Local\Programs\MiKTeX\tex/latex/amscls\amsthm.sty
Package: amsthm 2020/05/29 v2.20.6
\thm@style=\toks27
\thm@bodyfont=\toks28
\thm@headfont=\toks29
\thm@notefont=\toks30
\thm@headpunct=\toks31
\thm@preskip=\skip55
\thm@postskip=\skip56
\thm@headsep=\skip57
\dth@everypar=\toks32
)
(C:\Users\Lenovo\AppData\Local\Programs\MiKTeX\tex/latex/amsfonts\amssymb.sty
Package: amssymb 2013/01/14 v3.01 AMS font symbols

(C:\Users\Lenovo\AppData\Local\Programs\MiKTeX\tex/latex/amsfonts\amsfonts.sty
Package: amsfonts 2013/01/14 v3.01 Basic AMSFonts support
\symAMSa=\mathgroup4
\symAMSb=\mathgroup5
LaTeX Font Info:    Redeclaring math symbol \hbar on input line 98.
LaTeX Font Info:    Overwriting math alphabet `\mathfrak' in version `bold'
(Font)                  U/euf/m/n --> U/euf/b/n on input line 106.
))
(C:\Users\Lenovo\AppData\Local\Programs\MiKTeX\tex/latex/mathtools\mathtools.st
y
Package: mathtools 2024/10/04 v1.31 mathematical typesetting tools
 (C:\Users\Lenovo\AppData\Local\Programs\MiKTeX\tex/latex/tools\calc.sty
Package: calc 2025/03/01 v4.3b Infix arithmetic (KKT,FJ)
\calc@Acount=\count299
\calc@Bcount=\count300
\calc@Adimen=\dimen159
\calc@Bdimen=\dimen160
\calc@Askip=\skip58
\calc@Bskip=\skip59
LaTeX Info: Redefining \setlength on input line 86.
LaTeX Info: Redefining \addtolength on input line 87.
\calc@Ccount=\count301
\calc@Cskip=\skip60
)
(C:\Users\Lenovo\AppData\Local\Programs\MiKTeX\tex/latex/mathtools\mhsetup.sty
Package: mhsetup 2021/03/18 v1.4 programming setup (MH)
)
\g_MT_multlinerow_int=\count302
\l_MT_multwidth_dim=\dimen161
\origjot=\skip61
\l_MT_shortvdotswithinadjustabove_dim=\dimen162
\l_MT_shortvdotswithinadjustbelow_dim=\dimen163
\l_MT_above_intertext_sep=\dimen164
\l_MT_below_intertext_sep=\dimen165
\l_MT_above_shortintertext_sep=\dimen166
\l_MT_below_shortintertext_sep=\dimen167
\xmathstrut@box=\box56
\xmathstrut@dim=\dimen168
)
(C:\Users\Lenovo\AppData\Local\Programs\MiKTeX\tex/latex/jknappen\mathrsfs.sty
Package: mathrsfs 1996/01/01 Math RSFS package v1.0 (jk)
\symrsfs=\mathgroup6
) (C:\Users\Lenovo\AppData\Local\Programs\MiKTeX\tex/latex/enumitem\enumitem.st
y
Package: enumitem 2025/02/06 v3.11 Customized lists
\labelindent=\skip62
\enit@outerparindent=\dimen169
\enit@toks=\toks33
\enit@inbox=\box57
\enit@count@id=\count303
\enitdp@description=\count304
)
(C:\Users\Lenovo\AppData\Local\Programs\MiKTeX\tex/latex/geometry\geometry.sty
Package: geometry 2020/01/02 v5.9 Page Geometry

(C:\Users\Lenovo\AppData\Local\Programs\MiKTeX\tex/generic/iftex\ifvtex.sty
Package: ifvtex 2019/10/25 v1.7 ifvtex legacy package. Use iftex instead.

(C:\Users\Lenovo\AppData\Local\Programs\MiKTeX\tex/generic/iftex\iftex.sty
Package: iftex 2024/12/12 v1.0g TeX engine tests
))
\Gm@cnth=\count305
\Gm@cntv=\count306
\c@Gm@tempcnt=\count307
\Gm@bindingoffset=\dimen170
\Gm@wd@mp=\dimen171
\Gm@odd@mp=\dimen172
\Gm@even@mp=\dimen173
\Gm@layoutwidth=\dimen174
\Gm@layoutheight=\dimen175
\Gm@layouthoffset=\dimen176
\Gm@layoutvoffset=\dimen177
\Gm@dimlist=\toks34

(C:\Users\Lenovo\AppData\Local\Programs\MiKTeX\tex/latex/geometry\geometry.cfg)
)
(C:\Users\Lenovo\AppData\Local\Programs\MiKTeX\tex/latex/tcolorbox\tcolorbox.st
y
Package: tcolorbox 2025/09/09 version 6.8.0 text color boxes

(C:\Users\Lenovo\AppData\Local\Programs\MiKTeX\tex/latex/pgf/frontendlayer\tikz
.sty
(C:\Users\Lenovo\AppData\Local\Programs\MiKTeX\tex/latex/pgf/basiclayer\pgf.sty

(C:\Users\Lenovo\AppData\Local\Programs\MiKTeX\tex/latex/pgf/utilities\pgfrcs.s
ty
(C:\Users\Lenovo\AppData\Local\Programs\MiKTeX\tex/generic/pgf/utilities\pgfuti
l-common.tex
\pgfutil@everybye=\toks35
\pgfutil@tempdima=\dimen178
\pgfutil@tempdimb=\dimen179
)
(C:\Users\Lenovo\AppData\Local\Programs\MiKTeX\tex/generic/pgf/utilities\pgfuti
l-latex.def
\pgfutil@abb=\box58
)
(C:\Users\Lenovo\AppData\Local\Programs\MiKTeX\tex/generic/pgf/utilities\pgfrcs
.code.tex
(C:\Users\Lenovo\AppData\Local\Programs\MiKTeX\tex/generic/pgf\pgf.revision.tex
)
Package: pgfrcs 2025-08-29 v3.1.11a (3.1.11a)
))
Package: pgf 2025-08-29 v3.1.11a (3.1.11a)

(C:\Users\Lenovo\AppData\Local\Programs\MiKTeX\tex/latex/pgf/basiclayer\pgfcore
.sty
(C:\Users\Lenovo\AppData\Local\Programs\MiKTeX\tex/latex/graphics\graphicx.sty
Package: graphicx 2024/12/31 v1.2e Enhanced LaTeX Graphics (DPC,SPQR)

(C:\Users\Lenovo\AppData\Local\Programs\MiKTeX\tex/latex/graphics\graphics.sty
Package: graphics 2024/08/06 v1.4g Standard LaTeX Graphics (DPC,SPQR)

(C:\Users\Lenovo\AppData\Local\Programs\MiKTeX\tex/latex/graphics\trig.sty
Package: trig 2023/12/02 v1.11 sin cos tan (DPC)
)
(C:\Users\Lenovo\AppData\Local\Programs\MiKTeX\tex/latex/graphics-cfg\graphics.
cfg
File: graphics.cfg 2016/06/04 v1.11 sample graphics configuration
)
Package graphics Info: Driver file: pdftex.def on input line 106.

(C:\Users\Lenovo\AppData\Local\Programs\MiKTeX\tex/latex/graphics-def\pdftex.de
f
File: pdftex.def 2025/09/29 v1.2d Graphics/color driver for pdftex
))
\Gin@req@height=\dimen180
\Gin@req@width=\dimen181
)
(C:\Users\Lenovo\AppData\Local\Programs\MiKTeX\tex/latex/pgf/systemlayer\pgfsys
.sty
(C:\Users\Lenovo\AppData\Local\Programs\MiKTeX\tex/generic/pgf/systemlayer\pgfs
ys.code.tex
Package: pgfsys 2025-08-29 v3.1.11a (3.1.11a)

(C:\Users\Lenovo\AppData\Local\Programs\MiKTeX\tex/generic/pgf/utilities\pgfkey
s.code.tex
\pgfkeys@pathtoks=\toks36
\pgfkeys@temptoks=\toks37

(C:\Users\Lenovo\AppData\Local\Programs\MiKTeX\tex/generic/pgf/utilities\pgfkey
slibraryfiltered.code.tex
\pgfkeys@tmptoks=\toks38
))
\pgf@x=\dimen182
\pgf@y=\dimen183
\pgf@xa=\dimen184
\pgf@ya=\dimen185
\pgf@xb=\dimen186
\pgf@yb=\dimen187
\pgf@xc=\dimen188
\pgf@yc=\dimen189
\pgf@xd=\dimen190
\pgf@yd=\dimen191
\w@pgf@writea=\write3
\r@pgf@reada=\read2
\c@pgf@counta=\count308
\c@pgf@countb=\count309
\c@pgf@countc=\count310
\c@pgf@countd=\count311
\t@pgf@toka=\toks39
\t@pgf@tokb=\toks40
\t@pgf@tokc=\toks41
\pgf@sys@id@count=\count312

(C:\Users\Lenovo\AppData\Local\Programs\MiKTeX\tex/generic/pgf/systemlayer\pgf.
cfg
File: pgf.cfg 2025-08-29 v3.1.11a (3.1.11a)
)
Driver file for pgf: pgfsys-pdftex.def

(C:\Users\Lenovo\AppData\Local\Programs\MiKTeX\tex/generic/pgf/systemlayer\pgfs
ys-pdftex.def
File: pgfsys-pdftex.def 2025-08-29 v3.1.11a (3.1.11a)

(C:\Users\Lenovo\AppData\Local\Programs\MiKTeX\tex/generic/pgf/systemlayer\pgfs
ys-common-pdf.def
File: pgfsys-common-pdf.def 2025-08-29 v3.1.11a (3.1.11a)
)))
(C:\Users\Lenovo\AppData\Local\Programs\MiKTeX\tex/generic/pgf/systemlayer\pgfs
yssoftpath.code.tex
File: pgfsyssoftpath.code.tex 2025-08-29 v3.1.11a (3.1.11a)
\pgfsyssoftpath@smallbuffer@items=\count313
\pgfsyssoftpath@bigbuffer@items=\count314
)
(C:\Users\Lenovo\AppData\Local\Programs\MiKTeX\tex/generic/pgf/systemlayer\pgfs
ysprotocol.code.tex
File: pgfsysprotocol.code.tex 2025-08-29 v3.1.11a (3.1.11a)
))
(C:\Users\Lenovo\AppData\Local\Programs\MiKTeX\tex/latex/xcolor\xcolor.sty
Package: xcolor 2024/09/29 v3.02 LaTeX color extensions (UK)

(C:\Users\Lenovo\AppData\Local\Programs\MiKTeX\tex/latex/graphics-cfg\color.cfg
File: color.cfg 2016/01/02 v1.6 sample color configuration
)
Package xcolor Info: Driver file: pdftex.def on input line 274.

(C:\Users\Lenovo\AppData\Local\Programs\MiKTeX\tex/latex/graphics\mathcolor.ltx
)
Package xcolor Info: Model `cmy' substituted by `cmy0' on input line 1349.
Package xcolor Info: Model `hsb' substituted by `rgb' on input line 1353.
Package xcolor Info: Model `RGB' extended on input line 1365.
Package xcolor Info: Model `HTML' substituted by `rgb' on input line 1367.
Package xcolor Info: Model `Hsb' substituted by `hsb' on input line 1368.
Package xcolor Info: Model `tHsb' substituted by `hsb' on input line 1369.
Package xcolor Info: Model `HSB' substituted by `hsb' on input line 1370.
Package xcolor Info: Model `Gray' substituted by `gray' on input line 1371.
Package xcolor Info: Model `wave' substituted by `hsb' on input line 1372.
)
(C:\Users\Lenovo\AppData\Local\Programs\MiKTeX\tex/generic/pgf/basiclayer\pgfco
re.code.tex
Package: pgfcore 2025-08-29 v3.1.11a (3.1.11a)

(C:\Users\Lenovo\AppData\Local\Programs\MiKTeX\tex/generic/pgf/math\pgfmath.cod
e.tex
(C:\Users\Lenovo\AppData\Local\Programs\MiKTeX\tex/generic/pgf/math\pgfmathutil
.code.tex)
(C:\Users\Lenovo\AppData\Local\Programs\MiKTeX\tex/generic/pgf/math\pgfmathpars
er.code.tex
\pgfmath@dimen=\dimen192
\pgfmath@count=\count315
\pgfmath@box=\box59
\pgfmath@toks=\toks42
\pgfmath@stack@operand=\toks43
\pgfmath@stack@operation=\toks44
)
(C:\Users\Lenovo\AppData\Local\Programs\MiKTeX\tex/generic/pgf/math\pgfmathfunc
tions.code.tex)
(C:\Users\Lenovo\AppData\Local\Programs\MiKTeX\tex/generic/pgf/math\pgfmathfunc
tions.basic.code.tex)
(C:\Users\Lenovo\AppData\Local\Programs\MiKTeX\tex/generic/pgf/math\pgfmathfunc
tions.trigonometric.code.tex)
(C:\Users\Lenovo\AppData\Local\Programs\MiKTeX\tex/generic/pgf/math\pgfmathfunc
tions.random.code.tex)
(C:\Users\Lenovo\AppData\Local\Programs\MiKTeX\tex/generic/pgf/math\pgfmathfunc
tions.comparison.code.tex)
(C:\Users\Lenovo\AppData\Local\Programs\MiKTeX\tex/generic/pgf/math\pgfmathfunc
tions.base.code.tex)
(C:\Users\Lenovo\AppData\Local\Programs\MiKTeX\tex/generic/pgf/math\pgfmathfunc
tions.round.code.tex)
(C:\Users\Lenovo\AppData\Local\Programs\MiKTeX\tex/generic/pgf/math\pgfmathfunc
tions.misc.code.tex)
(C:\Users\Lenovo\AppData\Local\Programs\MiKTeX\tex/generic/pgf/math\pgfmathfunc
tions.integerarithmetics.code.tex)
(C:\Users\Lenovo\AppData\Local\Programs\MiKTeX\tex/generic/pgf/math\pgfmathcalc
.code.tex)
(C:\Users\Lenovo\AppData\Local\Programs\MiKTeX\tex/generic/pgf/math\pgfmathfloa
t.code.tex
\c@pgfmathroundto@lastzeros=\count316
))
(C:\Users\Lenovo\AppData\Local\Programs\MiKTeX\tex/generic/pgf/math\pgfint.code
.tex)
(C:\Users\Lenovo\AppData\Local\Programs\MiKTeX\tex/generic/pgf/basiclayer\pgfco
repoints.code.tex
File: pgfcorepoints.code.tex 2025-08-29 v3.1.11a (3.1.11a)
\pgf@picminx=\dimen193
\pgf@picmaxx=\dimen194
\pgf@picminy=\dimen195
\pgf@picmaxy=\dimen196
\pgf@pathminx=\dimen197
\pgf@pathmaxx=\dimen198
\pgf@pathminy=\dimen199
\pgf@pathmaxy=\dimen256
\pgf@xx=\dimen257
\pgf@xy=\dimen258
\pgf@yx=\dimen259
\pgf@yy=\dimen260
\pgf@zx=\dimen261
\pgf@zy=\dimen262
)
(C:\Users\Lenovo\AppData\Local\Programs\MiKTeX\tex/generic/pgf/basiclayer\pgfco
repathconstruct.code.tex
File: pgfcorepathconstruct.code.tex 2025-08-29 v3.1.11a (3.1.11a)
\pgf@path@lastx=\dimen263
\pgf@path@lasty=\dimen264
)
(C:\Users\Lenovo\AppData\Local\Programs\MiKTeX\tex/generic/pgf/basiclayer\pgfco
repathusage.code.tex
File: pgfcorepathusage.code.tex 2025-08-29 v3.1.11a (3.1.11a)
\pgf@shorten@end@additional=\dimen265
\pgf@shorten@start@additional=\dimen266
)
(C:\Users\Lenovo\AppData\Local\Programs\MiKTeX\tex/generic/pgf/basiclayer\pgfco
rescopes.code.tex
File: pgfcorescopes.code.tex 2025-08-29 v3.1.11a (3.1.11a)
\pgfpic=\box60
\pgf@hbox=\box61
\pgf@layerbox@main=\box62
\pgf@picture@serial@count=\count317
)
(C:\Users\Lenovo\AppData\Local\Programs\MiKTeX\tex/generic/pgf/basiclayer\pgfco
regraphicstate.code.tex
File: pgfcoregraphicstate.code.tex 2025-08-29 v3.1.11a (3.1.11a)
\pgflinewidth=\dimen267
)
(C:\Users\Lenovo\AppData\Local\Programs\MiKTeX\tex/generic/pgf/basiclayer\pgfco
retransformations.code.tex
File: pgfcoretransformations.code.tex 2025-08-29 v3.1.11a (3.1.11a)
\pgf@pt@x=\dimen268
\pgf@pt@y=\dimen269
\pgf@pt@temp=\dimen270
)
(C:\Users\Lenovo\AppData\Local\Programs\MiKTeX\tex/generic/pgf/basiclayer\pgfco
requick.code.tex
File: pgfcorequick.code.tex 2025-08-29 v3.1.11a (3.1.11a)
)
(C:\Users\Lenovo\AppData\Local\Programs\MiKTeX\tex/generic/pgf/basiclayer\pgfco
reobjects.code.tex
File: pgfcoreobjects.code.tex 2025-08-29 v3.1.11a (3.1.11a)
)
(C:\Users\Lenovo\AppData\Local\Programs\MiKTeX\tex/generic/pgf/basiclayer\pgfco
repathprocessing.code.tex
File: pgfcorepathprocessing.code.tex 2025-08-29 v3.1.11a (3.1.11a)
)
(C:\Users\Lenovo\AppData\Local\Programs\MiKTeX\tex/generic/pgf/basiclayer\pgfco
rearrows.code.tex
File: pgfcorearrows.code.tex 2025-08-29 v3.1.11a (3.1.11a)
\pgfarrowsep=\dimen271
)
(C:\Users\Lenovo\AppData\Local\Programs\MiKTeX\tex/generic/pgf/basiclayer\pgfco
reshade.code.tex
File: pgfcoreshade.code.tex 2025-08-29 v3.1.11a (3.1.11a)
\pgf@max=\dimen272
\pgf@sys@shading@range@num=\count318
\pgf@shadingcount=\count319
)
(C:\Users\Lenovo\AppData\Local\Programs\MiKTeX\tex/generic/pgf/basiclayer\pgfco
reimage.code.tex
File: pgfcoreimage.code.tex 2025-08-29 v3.1.11a (3.1.11a)
)
(C:\Users\Lenovo\AppData\Local\Programs\MiKTeX\tex/generic/pgf/basiclayer\pgfco
reexternal.code.tex
File: pgfcoreexternal.code.tex 2025-08-29 v3.1.11a (3.1.11a)
\pgfexternal@startupbox=\box63
)
(C:\Users\Lenovo\AppData\Local\Programs\MiKTeX\tex/generic/pgf/basiclayer\pgfco
relayers.code.tex
File: pgfcorelayers.code.tex 2025-08-29 v3.1.11a (3.1.11a)
)
(C:\Users\Lenovo\AppData\Local\Programs\MiKTeX\tex/generic/pgf/basiclayer\pgfco
retransparency.code.tex
File: pgfcoretransparency.code.tex 2025-08-29 v3.1.11a (3.1.11a)
)
(C:\Users\Lenovo\AppData\Local\Programs\MiKTeX\tex/generic/pgf/basiclayer\pgfco
repatterns.code.tex
File: pgfcorepatterns.code.tex 2025-08-29 v3.1.11a (3.1.11a)
)
(C:\Users\Lenovo\AppData\Local\Programs\MiKTeX\tex/generic/pgf/basiclayer\pgfco
rerdf.code.tex
File: pgfcorerdf.code.tex 2025-08-29 v3.1.11a (3.1.11a)
)))
(C:\Users\Lenovo\AppData\Local\Programs\MiKTeX\tex/generic/pgf/modules\pgfmodul
eshapes.code.tex
File: pgfmoduleshapes.code.tex 2025-08-29 v3.1.11a (3.1.11a)
\pgfnodeparttextbox=\box64
)
(C:\Users\Lenovo\AppData\Local\Programs\MiKTeX\tex/generic/pgf/modules\pgfmodul
eplot.code.tex
File: pgfmoduleplot.code.tex 2025-08-29 v3.1.11a (3.1.11a)
)
(C:\Users\Lenovo\AppData\Local\Programs\MiKTeX\tex/latex/pgf/compatibility\pgfc
omp-version-0-65.sty
Package: pgfcomp-version-0-65 2025-08-29 v3.1.11a (3.1.11a)
\pgf@nodesepstart=\dimen273
\pgf@nodesepend=\dimen274
)
(C:\Users\Lenovo\AppData\Local\Programs\MiKTeX\tex/latex/pgf/compatibility\pgfc
omp-version-1-18.sty
Package: pgfcomp-version-1-18 2025-08-29 v3.1.11a (3.1.11a)
))
(C:\Users\Lenovo\AppData\Local\Programs\MiKTeX\tex/latex/pgf/utilities\pgffor.s
ty
(C:\Users\Lenovo\AppData\Local\Programs\MiKTeX\tex/latex/pgf/utilities\pgfkeys.
sty
(C:\Users\Lenovo\AppData\Local\Programs\MiKTeX\tex/generic/pgf/utilities\pgfkey
s.code.tex))
(C:\Users\Lenovo\AppData\Local\Programs\MiKTeX\tex/latex/pgf/math\pgfmath.sty
(C:\Users\Lenovo\AppData\Local\Programs\MiKTeX\tex/generic/pgf/math\pgfmath.cod
e.tex))
(C:\Users\Lenovo\AppData\Local\Programs\MiKTeX\tex/generic/pgf/utilities\pgffor
.code.tex
Package: pgffor 2025-08-29 v3.1.11a (3.1.11a)
\pgffor@iter=\dimen275
\pgffor@skip=\dimen276
\pgffor@stack=\toks45
\pgffor@toks=\toks46
))
(C:\Users\Lenovo\AppData\Local\Programs\MiKTeX\tex/generic/pgf/frontendlayer/ti
kz\tikz.code.tex
Package: tikz 2025-08-29 v3.1.11a (3.1.11a)

(C:\Users\Lenovo\AppData\Local\Programs\MiKTeX\tex/generic/pgf/libraries\pgflib
raryplothandlers.code.tex
File: pgflibraryplothandlers.code.tex 2025-08-29 v3.1.11a (3.1.11a)
\pgf@plot@mark@count=\count320
\pgfplotmarksize=\dimen277
)
\tikz@lastx=\dimen278
\tikz@lasty=\dimen279
\tikz@lastxsaved=\dimen280
\tikz@lastysaved=\dimen281
\tikz@lastmovetox=\dimen282
\tikz@lastmovetoy=\dimen283
\tikzleveldistance=\dimen284
\tikzsiblingdistance=\dimen285
\tikz@figbox=\box65
\tikz@figbox@bg=\box66
\tikz@tempbox=\box67
\tikz@tempbox@bg=\box68
\tikztreelevel=\count321
\tikznumberofchildren=\count322
\tikznumberofcurrentchild=\count323
\tikz@fig@count=\count324

(C:\Users\Lenovo\AppData\Local\Programs\MiKTeX\tex/generic/pgf/modules\pgfmodul
ematrix.code.tex
File: pgfmodulematrix.code.tex 2025-08-29 v3.1.11a (3.1.11a)
\pgfmatrixcurrentrow=\count325
\pgfmatrixcurrentcolumn=\count326
\pgf@matrix@numberofcolumns=\count327
)
\tikz@expandcount=\count328

(C:\Users\Lenovo\AppData\Local\Programs\MiKTeX\tex/generic/pgf/frontendlayer/ti
kz/libraries\tikzlibrarytopaths.code.tex
File: tikzlibrarytopaths.code.tex 2025-08-29 v3.1.11a (3.1.11a)
)))
(C:\Users\Lenovo\AppData\Local\Programs\MiKTeX\tex/latex/tools\verbatim.sty
Package: verbatim 2024-01-22 v1.5x LaTeX2e package for verbatim enhancements
\every@verbatim=\toks47
\verbatim@line=\toks48
\verbatim@in@stream=\read3
)
(C:\Users\Lenovo\AppData\Local\Programs\MiKTeX\tex/latex/environ\environ.sty
Package: environ 2014/05/04 v0.3 A new way to define environments

(C:\Users\Lenovo\AppData\Local\Programs\MiKTeX\tex/latex/trimspaces\trimspaces.
sty
Package: trimspaces 2009/09/17 v1.1 Trim spaces around a token list
))
\tcb@titlebox=\box69
\tcb@upperbox=\box70
\tcb@lowerbox=\box71
\tcb@phantombox=\box72
\c@tcbbreakpart=\count329
\c@tcblayer=\count330
\c@tcolorbox@number=\count331
\l__tcobox_tmpa_box=\box73
\l__tcobox_tmpa_dim=\dimen286
\tcb@temp=\box74
\tcb@temp=\box75
\tcb@temp=\box76
\tcb@temp=\box77
)
(C:\Users\Lenovo\AppData\Local\Programs\MiKTeX\tex/latex/cancel\cancel.sty
Package: cancel 2013/04/12 v2.2 Cancel math terms
)
(C:\Users\Lenovo\AppData\Local\Programs\MiKTeX\tex/latex/carlisle\slashed.sty
Package: slashed 1997/01/16 v0.01 Feynman Slashed Character Notation (DPC)
)
(C:\Users\Lenovo\AppData\Local\Programs\MiKTeX\tex/latex/tools\array.sty
Package: array 2025/09/25 v2.6n Tabular extension package (FMi)
\col@sep=\dimen287
\ar@mcellbox=\box78
\extrarowheight=\dimen288
\NC@list=\toks49
\extratabsurround=\skip63
\backup@length=\skip64
\ar@cellbox=\box79
)
(C:\Users\Lenovo\AppData\Local\Programs\MiKTeX\tex/latex/booktabs\booktabs.sty
Package: booktabs 2020/01/12 v1.61803398 Publication quality tables
\heavyrulewidth=\dimen289
\lightrulewidth=\dimen290
\cmidrulewidth=\dimen291
\belowrulesep=\dimen292
\belowbottomsep=\dimen293
\aboverulesep=\dimen294
\abovetopsep=\dimen295
\cmidrulesep=\dimen296
\cmidrulekern=\dimen297
\defaultaddspace=\dimen298
\@cmidla=\count332
\@cmidlb=\count333
\@aboverulesep=\dimen299
\@belowrulesep=\dimen300
\@thisruleclass=\count334
\@lastruleclass=\count335
\@thisrulewidth=\dimen301
) (C:\Users\Lenovo\AppData\Local\Programs\MiKTeX\tex/latex/tools\longtable.sty
Package: longtable 2025-10-13 v4.24 Multi-page Table package (DPC)
\LTleft=\skip65
\LTright=\skip66
\LTpre=\skip67
\LTpost=\skip68
\LTchunksize=\count336
\LTcapwidth=\dimen302
\LT@head=\box80
\LT@firsthead=\box81
\LT@foot=\box82
\LT@lastfoot=\box83
\LT@gbox=\box84
\LT@cols=\count337
\LT@rows=\count338
\c@LT@tables=\count339
\c@LT@chunks=\count340
\LT@p@ftn=\toks50
)
(C:\Users\Lenovo\AppData\Local\Programs\MiKTeX\tex/latex/algorithms\algorithm.s
ty
Package: algorithm 2009/08/24 v0.1 Document Style `algorithm' - floating enviro
nment
 (C:\Users\Lenovo\AppData\Local\Programs\MiKTeX\tex/latex/float\float.sty
Package: float 2001/11/08 v1.3d Float enhancements (AL)
\c@float@type=\count341
\float@exts=\toks51
\float@box=\box85
\@float@everytoks=\toks52
\@floatcapt=\box86
)
(C:\Users\Lenovo\AppData\Local\Programs\MiKTeX\tex/latex/base\ifthen.sty
Package: ifthen 2024/03/16 v1.1e Standard LaTeX ifthen package (DPC)
)
\@float@every@algorithm=\toks53
\c@algorithm=\count342
)
(C:\Users\Lenovo\AppData\Local\Programs\MiKTeX\tex/latex/algorithmicx\algpseudo
code.sty
Package: algpseudocode 

(C:\Users\Lenovo\AppData\Local\Programs\MiKTeX\tex/latex/algorithmicx\algorithm
icx.sty
Package: algorithmicx 2005/04/27 v1.2 Algorithmicx

Document Style algorithmicx 1.2 - a greatly improved `algorithmic' style
\c@ALG@line=\count343
\c@ALG@rem=\count344
\c@ALG@nested=\count345
\ALG@tlm=\skip69
\ALG@thistlm=\skip70
\c@ALG@Lnr=\count346
\c@ALG@blocknr=\count347
\c@ALG@storecount=\count348
\c@ALG@tmpcounter=\count349
\ALG@tmplength=\skip71
)
Document Style - pseudocode environments for use with the `algorithmicx' style
)
(C:\Users\Lenovo\AppData\Local\Programs\MiKTeX\tex/generic/pgf/frontendlayer/ti
kz/libraries\tikzlibrarypositioning.code.tex
File: tikzlibrarypositioning.code.tex 2025-08-29 v3.1.11a (3.1.11a)
)
(C:\Users\Lenovo\AppData\Local\Programs\MiKTeX\tex/generic/pgf/libraries\pgflib
raryarrows.meta.code.tex
File: pgflibraryarrows.meta.code.tex 2025-08-29 v3.1.11a (3.1.11a)
\pgfarrowinset=\dimen303
\pgfarrowlength=\dimen304
\pgfarrowwidth=\dimen305
\pgfarrowlinewidth=\dimen306
)
(C:\Users\Lenovo\AppData\Local\Programs\MiKTeX\tex/generic/pgf/frontendlayer/ti
kz/libraries\tikzlibraryshapes.geometric.code.tex
File: tikzlibraryshapes.geometric.code.tex 2025-08-29 v3.1.11a (3.1.11a)

(C:\Users\Lenovo\AppData\Local\Programs\MiKTeX\tex/generic/pgf/libraries/shapes
\pgflibraryshapes.geometric.code.tex
File: pgflibraryshapes.geometric.code.tex 2025-08-29 v3.1.11a (3.1.11a)
))
(C:\Users\Lenovo\AppData\Local\Programs\MiKTeX\tex/latex/hyperref\hyperref.sty
Package: hyperref 2025-07-12 v7.01o Hypertext links for LaTeX

(C:\Users\Lenovo\AppData\Local\Programs\MiKTeX\tex/latex/kvsetkeys\kvsetkeys.st
y
Package: kvsetkeys 2022-10-05 v1.19 Key value parser (HO)
)
(C:\Users\Lenovo\AppData\Local\Programs\MiKTeX\tex/generic/kvdefinekeys\kvdefin
ekeys.sty
Package: kvdefinekeys 2019-12-19 v1.6 Define keys (HO)
)
(C:\Users\Lenovo\AppData\Local\Programs\MiKTeX\tex/generic/pdfescape\pdfescape.
sty
Package: pdfescape 2019/12/09 v1.15 Implements pdfTeX's escape features (HO)

(C:\Users\Lenovo\AppData\Local\Programs\MiKTeX\tex/generic/ltxcmds\ltxcmds.sty
Package: ltxcmds 2023-12-04 v1.26 LaTeX kernel commands for general use (HO)
)
(C:\Users\Lenovo\AppData\Local\Programs\MiKTeX\tex/generic/pdftexcmds\pdftexcmd
s.sty
Package: pdftexcmds 2020-06-27 v0.33 Utility functions of pdfTeX for LuaTeX (HO
)

(C:\Users\Lenovo\AppData\Local\Programs\MiKTeX\tex/generic/infwarerr\infwarerr.
sty
Package: infwarerr 2019/12/03 v1.5 Providing info/warning/error messages (HO)
)
Package pdftexcmds Info: \pdf@primitive is available.
Package pdftexcmds Info: \pdf@ifprimitive is available.
Package pdftexcmds Info: \pdfdraftmode found.
))
(C:\Users\Lenovo\AppData\Local\Programs\MiKTeX\tex/latex/hycolor\hycolor.sty
Package: hycolor 2020-01-27 v1.10 Color options for hyperref/bookmark (HO)
)
(C:\Users\Lenovo\AppData\Local\Programs\MiKTeX\tex/latex/hyperref\nameref.sty
Package: nameref 2025-06-21 v2.57 Cross-referencing by name of section

(C:\Users\Lenovo\AppData\Local\Programs\MiKTeX\tex/latex/refcount\refcount.sty
Package: refcount 2019/12/15 v3.6 Data extraction from label references (HO)
)
(C:\Users\Lenovo\AppData\Local\Programs\MiKTeX\tex/generic/gettitlestring\getti
tlestring.sty
Package: gettitlestring 2019/12/15 v1.6 Cleanup title references (HO)

(C:\Users\Lenovo\AppData\Local\Programs\MiKTeX\tex/latex/kvoptions\kvoptions.st
y
Package: kvoptions 2022-06-15 v3.15 Key value format for package options (HO)
))
\c@section@level=\count350
)
(C:\Users\Lenovo\AppData\Local\Programs\MiKTeX\tex/generic/stringenc\stringenc.
sty
Package: stringenc 2019/11/29 v1.12 Convert strings between diff. encodings (HO
)
)
\@linkdim=\dimen307
\Hy@linkcounter=\count351
\Hy@pagecounter=\count352

(C:\Users\Lenovo\AppData\Local\Programs\MiKTeX\tex/latex/hyperref\pd1enc.def
File: pd1enc.def 2025-07-12 v7.01o Hyperref: PDFDocEncoding definition (HO)
Now handling font encoding PD1 ...
... no UTF-8 mapping file for font encoding PD1
)
(C:\Users\Lenovo\AppData\Local\Programs\MiKTeX\tex/generic/intcalc\intcalc.sty
Package: intcalc 2019/12/15 v1.3 Expandable calculations with integers (HO)
)
\Hy@SavedSpaceFactor=\count353
(C:\Users\Lenovo\AppData\Local\Programs\MiKTeX\tex/latex/hyperref\puenc.def
File: puenc.def 2025-07-12 v7.01o Hyperref: PDF Unicode definition (HO)
Now handling font encoding PU ...
... no UTF-8 mapping file for font encoding PU
)
Package hyperref Info: Option `breaklinks' set `true' on input line 4066.
Package hyperref Info: Option `plainpages' set `false' on input line 4066.
Package hyperref Info: Option `pdfpagelabels' set `true' on input line 4066.
Package hyperref Info: Option `hypertexnames' set `false' on input line 4066.
Package hyperref Info: Hyper figures OFF on input line 4195.
Package hyperref Info: Link nesting OFF on input line 4200.
Package hyperref Info: Hyper index ON on input line 4203.
Package hyperref Info: Plain pages OFF on input line 4210.
Package hyperref Info: Backreferencing OFF on input line 4215.
Package hyperref Info: Implicit mode ON; LaTeX internals redefined.
Package hyperref Info: Bookmarks ON on input line 4462.
\c@Hy@tempcnt=\count354

(C:\Users\Lenovo\AppData\Local\Programs\MiKTeX\tex/latex/url\url.sty
\Urlmuskip=\muskip18
Package: url 2013/09/16  ver 3.4  Verb mode for urls, etc.
)
LaTeX Info: Redefining \url on input line 4801.
\XeTeXLinkMargin=\dimen308

(C:\Users\Lenovo\AppData\Local\Programs\MiKTeX\tex/generic/bitset\bitset.sty
Package: bitset 2019/12/09 v1.3 Handle bit-vector datatype (HO)

(C:\Users\Lenovo\AppData\Local\Programs\MiKTeX\tex/generic/bigintcalc\bigintcal
c.sty
Package: bigintcalc 2019/12/15 v1.5 Expandable calculations on big integers (HO
)
))
\Fld@menulength=\count355
\Field@Width=\dimen309
\Fld@charsize=\dimen310
Package hyperref Info: Hyper figures OFF on input line 6078.
Package hyperref Info: Link nesting OFF on input line 6083.
Package hyperref Info: Hyper index ON on input line 6086.
Package hyperref Info: backreferencing OFF on input line 6093.
Package hyperref Info: Link coloring OFF on input line 6098.
Package hyperref Info: Link coloring with OCG OFF on input line 6103.
Package hyperref Info: PDF/A mode OFF on input line 6108.
\Hy@abspage=\count356
\c@Item=\count357
\c@Hfootnote=\count358
)
Package hyperref Info: Driver: hpdftex.

(C:\Users\Lenovo\AppData\Local\Programs\MiKTeX\tex/latex/hyperref\hpdftex.def
File: hpdftex.def 2025-07-12 v7.01o Hyperref driver for pdfTeX
\Fld@listcount=\count359
\c@bookmark@seq@number=\count360

(C:\Users\Lenovo\AppData\Local\Programs\MiKTeX\tex/latex/rerunfilecheck\rerunfi
lecheck.sty
Package: rerunfilecheck 2025-06-21 v1.11 Rerun checks for auxiliary files (HO)

(C:\Users\Lenovo\AppData\Local\Programs\MiKTeX\tex/generic/uniquecounter\unique
counter.sty
Package: uniquecounter 2019/12/15 v1.4 Provide unlimited unique counter (HO)
)
Package uniquecounter Info: New unique counter `rerunfilecheck' on input line 2
84.
)
\Hy@SectionHShift=\skip72
)
(C:\Users\Lenovo\AppData\Local\Programs\MiKTeX\tex/latex/bookmark\bookmark.sty
Package: bookmark 2023-12-10 v1.31 PDF bookmarks (HO)

(C:\Users\Lenovo\AppData\Local\Programs\MiKTeX\tex/latex/bookmark\bkm-pdftex.de
f
File: bkm-pdftex.def 2023-12-10 v1.31 bookmark driver for pdfTeX and luaTeX (HO
)
\BKM@id=\count361
))
\c@theorem=\count362

(C:\Users\Lenovo\AppData\Local\Programs\MiKTeX\tex/generic/alphalph\alphalph.st
y
Package: alphalph 2019/12/09 v2.6 Convert numbers to letters (HO)
)) (document-info.tex)
LaTeX Font Info:    Trying to load font information for T1+lmr on input line 11
.

(C:\Users\Lenovo\AppData\Local\Programs\MiKTeX\tex/latex/lm\t1lmr.fd
File: t1lmr.fd 2015/05/01 v1.6.1 Font defs for Latin Modern
)
(C:\Users\Lenovo\AppData\Local\Programs\MiKTeX\tex/latex/l3backend\l3backend-pd
ftex.def
File: l3backend-pdftex.def 2025-10-09 L3 backend support: PDF output (pdfTeX)
\l__color_backend_stack_int=\count363
) (yang_mills_large_rigorous.aux)
\openout1 = `yang_mills_large_rigorous.aux'.

LaTeX Font Info:    Checking defaults for OML/cmm/m/it on input line 11.
LaTeX Font Info:    ... okay on input line 11.
LaTeX Font Info:    Checking defaults for OMS/cmsy/m/n on input line 11.
LaTeX Font Info:    ... okay on input line 11.
LaTeX Font Info:    Checking defaults for OT1/cmr/m/n on input line 11.
LaTeX Font Info:    ... okay on input line 11.
LaTeX Font Info:    Checking defaults for T1/cmr/m/n on input line 11.
LaTeX Font Info:    ... okay on input line 11.
LaTeX Font Info:    Checking defaults for TS1/cmr/m/n on input line 11.
LaTeX Font Info:    ... okay on input line 11.
LaTeX Font Info:    Checking defaults for OMX/cmex/m/n on input line 11.
LaTeX Font Info:    ... okay on input line 11.
LaTeX Font Info:    Checking defaults for U/cmr/m/n on input line 11.
LaTeX Font Info:    ... okay on input line 11.
LaTeX Font Info:    Checking defaults for PD1/pdf/m/n on input line 11.
LaTeX Font Info:    ... okay on input line 11.
LaTeX Font Info:    Checking defaults for PU/pdf/m/n on input line 11.
LaTeX Font Info:    ... okay on input line 11.
LaTeX Info: Redefining \microtypecontext on input line 11.
Package microtype Info: Applying patch `item' on input line 11.
Package microtype Info: Applying patch `toc' on input line 11.
Package microtype Info: Applying patch `eqnum' on input line 11.
Package microtype Info: Applying patch `footnote' on input line 11.
Package microtype Info: Applying patch `verbatim' on input line 11.
LaTeX Info: Redefining \microtypesetup on input line 11.
Package microtype Info: Generating PDF output.
Package microtype Info: Character protrusion enabled (level 2).
Package microtype Info: Using default protrusion set `alltext'.
Package microtype Info: Automatic font expansion enabled (level 2),
(microtype)             stretch: 20, shrink: 20, step: 1, non-selected.
Package microtype Info: Using default expansion set `alltext-nott'.
Package microtype Info: Patching command `\showhyphens'.
Package microtype Info: No adjustment of tracking.
Package microtype Info: No adjustment of interword spacing.
Package microtype Info: No adjustment of character kerning.

(C:\Users\Lenovo\AppData\Local\Programs\MiKTeX\tex/latex/microtype\mt-cmr.cfg
File: mt-cmr.cfg 2013/05/19 v2.2 microtype config. file: Computer Modern Roman 
(RS)
)
*geometry* driver: auto-detecting
*geometry* detected driver: pdftex
*geometry* verbose mode - [ preamble ] result:
* driver: pdftex
* paper: a4paper
* layout: <same size as paper>
* layoutoffset:(h,v)=(0.0pt,0.0pt)
* modes: 
* h-part:(L,W,R)=(72.26999pt, 452.9679pt, 72.26999pt)
* v-part:(T,H,B)=(72.26999pt, 700.50687pt, 72.26999pt)
* \paperwidth=597.50787pt
* \paperheight=845.04684pt
* \textwidth=452.9679pt
* \textheight=700.50687pt
* \oddsidemargin=0.0pt
* \evensidemargin=0.0pt
* \topmargin=-37.0pt
* \headheight=12.0pt
* \headsep=25.0pt
* \topskip=11.0pt
* \footskip=30.0pt
* \marginparwidth=50.0pt
* \marginparsep=10.0pt
* \columnsep=10.0pt
* \skip\footins=10.0pt plus 4.0pt minus 2.0pt
* \hoffset=0.0pt
* \voffset=0.0pt
* \mag=1000
* \@twocolumnfalse
* \@twosidefalse
* \@mparswitchfalse
* \@reversemarginfalse
* (1in=72.27pt=25.4mm, 1cm=28.453pt)


(C:\Users\Lenovo\AppData\Local\Programs\MiKTeX\tex/context/base/mkii\supp-pdf.m
kii
[Loading MPS to PDF converter (version 2006.09.02).]
\scratchcounter=\count364
\scratchdimen=\dimen311
\scratchbox=\box87
\nofMPsegments=\count365
\nofMParguments=\count366
\everyMPshowfont=\toks54
\MPscratchCnt=\count367
\MPscratchDim=\dimen312
\MPnumerator=\count368
\makeMPintoPDFobject=\count369
\everyMPtoPDFconversion=\toks55
)
(C:\Users\Lenovo\AppData\Local\Programs\MiKTeX\tex/latex/epstopdf-pkg\epstopdf-
base.sty
Package: epstopdf-base 2020-01-24 v2.11 Base part for package epstopdf
Package epstopdf-base Info: Redefining graphics rule for `.eps' on input line 4
85.

(C:\Users\Lenovo\AppData\Local\Programs\MiKTeX\tex/latex/00miktex\epstopdf-sys.
cfg
File: epstopdf-sys.cfg 2021/03/18 v2.0 Configuration of epstopdf for MiKTeX
))
Package hyperref Info: Link coloring OFF on input line 11.
LaTeX Font Info:    Trying to load font information for OT1+lmr on input line 1
3.
 (C:\Users\Lenovo\AppData\Local\Programs\MiKTeX\tex/latex/lm\ot1lmr.fd
File: ot1lmr.fd 2015/05/01 v1.6.1 Font defs for Latin Modern
)
LaTeX Font Info:    Trying to load font information for OML+lmm on input line 1
3.

(C:\Users\Lenovo\AppData\Local\Programs\MiKTeX\tex/latex/lm\omllmm.fd
File: omllmm.fd 2015/05/01 v1.6.1 Font defs for Latin Modern
)
LaTeX Font Info:    Trying to load font information for OMS+lmsy on input line 
13.

(C:\Users\Lenovo\AppData\Local\Programs\MiKTeX\tex/latex/lm\omslmsy.fd
File: omslmsy.fd 2015/05/01 v1.6.1 Font defs for Latin Modern
)
LaTeX Font Info:    Trying to load font information for OMX+lmex on input line 
13.

(C:\Users\Lenovo\AppData\Local\Programs\MiKTeX\tex/latex/lm\omxlmex.fd
File: omxlmex.fd 2015/05/01 v1.6.1 Font defs for Latin Modern
)
LaTeX Font Info:    External font `lmex10' loaded for size
(Font)              <12> on input line 13.
LaTeX Font Info:    External font `lmex10' loaded for size
(Font)              <8> on input line 13.
LaTeX Font Info:    External font `lmex10' loaded for size
(Font)              <6> on input line 13.
LaTeX Font Info:    Trying to load font information for U+msa on input line 13.


(C:\Users\Lenovo\AppData\Local\Programs\MiKTeX\tex/latex/amsfonts\umsa.fd
File: umsa.fd 2013/01/14 v3.01 AMS symbols A
)
(C:\Users\Lenovo\AppData\Local\Programs\MiKTeX\tex/latex/microtype\mt-msa.cfg
File: mt-msa.cfg 2006/02/04 v1.1 microtype config. file: AMS symbols (a) (RS)
)
LaTeX Font Info:    Trying to load font information for U+msb on input line 13.


(C:\Users\Lenovo\AppData\Local\Programs\MiKTeX\tex/latex/amsfonts\umsb.fd
File: umsb.fd 2013/01/14 v3.01 AMS symbols B
)
(C:\Users\Lenovo\AppData\Local\Programs\MiKTeX\tex/latex/microtype\mt-msb.cfg
File: mt-msb.cfg 2005/06/01 v1.0 microtype config. file: AMS symbols (b) (RS)
)
LaTeX Font Info:    Trying to load font information for U+rsfs on input line 13
.

(C:\Users\Lenovo\AppData\Local\Programs\MiKTeX\tex/latex/jknappen\ursfs.fd
File: ursfs.fd 1998/03/24 rsfs font definition file (jk)
)
[1

{C:/Users/Lenovo/AppData/Local/MiKTeX/fonts/map/pdftex/pdftex.map}{C:/Users/Len
ovo/AppData/Local/Programs/MiKTeX/fonts/enc/dvips/lm/lm-ec.enc}]
(abstract_final.tex
LaTeX Font Info:    External font `lmex10' loaded for size
(Font)              <10.95> on input line 1.
) [1{C:/Users/Lenovo/AppData/Local/Programs/MiKTeX/fonts/enc/dvips/lm/lm-mathit
.enc}{C:/Users/Lenovo/AppData/Local/Programs/MiKTeX/fonts/enc/dvips/lm/lm-rm.en
c}{C:/Users/Lenovo/AppData/Local/Programs/MiKTeX/fonts/enc/dvips/lm/lm-mathsy.e
nc}] (yang_mills_large_rigorous.toc [2

] [3] [4] [5]
Overfull \hbox (1.00357pt too wide) detected at line 199
\T1/lmr/m/n/10.95 R.14.10 
 []


Overfull \hbox (1.00357pt too wide) detected at line 200
\T1/lmr/m/n/10.95 R.14.11 
 []


Overfull \hbox (1.00357pt too wide) detected at line 201
\T1/lmr/m/n/10.95 R.14.12 
 []

[6] [7] [8] [9] [10] [11] [12] [13] [14] [15]
Overfull \hbox (2.61484pt too wide) detected at line 715
\T1/lmr/bx/n/10.95 AA 
 []

[16]
Overfull \hbox (2.05255pt too wide) detected at line 883
\T1/lmr/bx/n/10.95 AB 
 []


Overfull \hbox (1.8402pt too wide) detected at line 889
\T1/lmr/bx/n/10.95 AC 
 []


Overfull \hbox (2.75172pt too wide) detected at line 897
\T1/lmr/bx/n/10.95 AD 
 []

[17]
Overfull \hbox (1.36818pt too wide) detected at line 915
\T1/lmr/bx/n/10.95 AE 
 []


Overfull \hbox (1.01833pt too wide) detected at line 922
\T1/lmr/bx/n/10.95 AF 
 []


Overfull \hbox (2.64612pt too wide) detected at line 929
\T1/lmr/bx/n/10.95 AG 
 []


Overfull \hbox (2.9499pt too wide) detected at line 944
\T1/lmr/bx/n/10.95 AH 
 []


Overfull \hbox (2.96526pt too wide) detected at line 969
\T1/lmr/bx/n/10.95 AK 
 []

[18]
Overfull \hbox (0.66904pt too wide) detected at line 979
\T1/lmr/bx/n/10.95 AL 
 []


Overfull \hbox (5.04904pt too wide) detected at line 984
\T1/lmr/bx/n/10.95 AM 
 []


Overfull \hbox (2.9499pt too wide) detected at line 992
\T1/lmr/bx/n/10.95 AN 
 []


Overfull \hbox (2.20483pt too wide) detected at line 998
\T1/lmr/bx/n/10.95 AO 
 []


Overfull \hbox (1.7027pt too wide) detected at line 1005
\T1/lmr/bx/n/10.95 AP 
 []

[19]
Overfull \hbox (2.20483pt too wide) detected at line 1017
\T1/lmr/bx/n/10.95 AQ 
 []


Overfull \hbox (2.53929pt too wide) detected at line 1027
\T1/lmr/bx/n/10.95 AR 
 []

[20] [21] [22]
Overfull \hbox (1.00357pt too wide) detected at line 1206
\T1/lmr/m/n/10.95 R.10.10 
 []


Overfull \hbox (1.00357pt too wide) detected at line 1208
\T1/lmr/m/n/10.95 R.10.11 
 []


Overfull \hbox (1.00357pt too wide) detected at line 1209
\T1/lmr/m/n/10.95 R.10.12 
 []


Overfull \hbox (1.00357pt too wide) detected at line 1210
\T1/lmr/m/n/10.95 R.10.13 
 []


Overfull \hbox (1.00357pt too wide) detected at line 1211
\T1/lmr/m/n/10.95 R.10.14 
 []


Overfull \hbox (1.00357pt too wide) detected at line 1212
\T1/lmr/m/n/10.95 R.10.15 
 []


Overfull \hbox (1.00357pt too wide) detected at line 1213
\T1/lmr/m/n/10.95 R.10.16 
 []


Overfull \hbox (1.00357pt too wide) detected at line 1229
\T1/lmr/m/n/10.95 R.12.10 
 []


Overfull \hbox (1.00357pt too wide) detected at line 1230
\T1/lmr/m/n/10.95 R.12.11 
 []


Overfull \hbox (1.00357pt too wide) detected at line 1241
\T1/lmr/m/n/10.95 R.13.10 
 []


Overfull \hbox (1.00357pt too wide) detected at line 1242
\T1/lmr/m/n/10.95 R.13.11 
 []

[23] [24]
Overfull \hbox (0.80554pt too wide) detected at line 1333
\T1/lmr/bx/n/10.95 AT 
 []

[25]
Overfull \hbox (2.43259pt too wide) detected at line 1474
\T1/lmr/bx/n/10.95 AU 
 []

[26]
Overfull \hbox (1.21565pt too wide) detected at line 1560
\T1/lmr/bx/n/10.95 AV 
 []

[27]
Overfull \hbox (4.71419pt too wide) detected at line 1576
\T1/lmr/bx/n/10.95 AW 
 []

[28]
Overfull \hbox (2.61484pt too wide) detected at line 1740
\T1/lmr/bx/n/10.95 AX 
 []


Overfull \hbox (1.56546pt too wide) detected at line 1748
\T1/lmr/bx/n/10.95 AY 
 []


Overfull \hbox (0.79057pt too wide) detected at line 1756
\T1/lmr/bx/n/10.95 AZ 
 []


Overfull \hbox (2.05255pt too wide) detected at line 1765
\T1/lmr/bx/n/10.95 BA 
 []

[29]
Overfull \hbox (1.49026pt too wide) detected at line 1773
\T1/lmr/bx/n/10.95 BB 
 []


Overfull \hbox (1.6277pt too wide) detected at line 1781
\T1/lmr/bx/n/10.95 BC 
 []


Overfull \hbox (2.18944pt too wide) detected at line 1790
\T1/lmr/bx/n/10.95 BD 
 []


Overfull \hbox (0.8059pt too wide) detected at line 1798
\T1/lmr/bx/n/10.95 BE 
 []


Overfull \hbox (2.43362pt too wide) detected at line 1812
\T1/lmr/bx/n/10.95 BG 
 []

[30]
Overfull \hbox (2.38762pt too wide) detected at line 1817
\T1/lmr/bx/n/10.95 BH 
 []


Overfull \hbox (2.40297pt too wide) detected at line 1832
\T1/lmr/bx/n/10.95 BK 
 []

[31]
Overfull \hbox (4.48676pt too wide) detected at line 1885
\T1/lmr/bx/n/10.95 BM 
 []


Overfull \hbox (2.38762pt too wide) detected at line 1886
\T1/lmr/bx/n/10.95 BN 
 []


Overfull \hbox (1.99234pt too wide) detected at line 1894
\T1/lmr/bx/n/10.95 BO 
 []

[32] [33]
Overfull \hbox (1.14041pt too wide) detected at line 1972
\T1/lmr/bx/n/10.95 BP 
 []


Overfull \hbox (1.99234pt too wide) detected at line 1979
\T1/lmr/bx/n/10.95 BQ 
 []


Overfull \hbox (1.977pt too wide) detected at line 2007
\T1/lmr/bx/n/10.95 BR 
 []

[34]
Overfull \hbox (1.29263pt too wide) detected at line 2036
\T1/lmr/bx/n/10.95 BT 
 []


Overfull \hbox (2.2201pt too wide) detected at line 2044
\T1/lmr/bx/n/10.95 BU 
 []


Overfull \hbox (2.05255pt too wide) detected at line 2045
\T1/lmr/bx/n/10.95 BV 
 []


Overfull \hbox (5.55109pt too wide) detected at line 2050
\T1/lmr/bx/n/10.95 BW 
 []


Overfull \hbox (2.05255pt too wide) detected at line 2057
\T1/lmr/bx/n/10.95 BX 
 []

[35]
Overfull \hbox (2.05255pt too wide) detected at line 2066
\T1/lmr/bx/n/10.95 BY 
 []


Overfull \hbox (2.18999pt too wide) detected at line 2087
\T1/lmr/bx/n/10.95 CA 
 []

[36]
Overfull \hbox (1.00357pt too wide) detected at line 2118
\T1/lmr/m/n/10.95 R.17.10 
 []


Overfull \hbox (1.00357pt too wide) detected at line 2119
\T1/lmr/m/n/10.95 R.17.11 
 []


Overfull \hbox (1.00357pt too wide) detected at line 2120
\T1/lmr/m/n/10.95 R.17.12 
 []


Overfull \hbox (1.00357pt too wide) detected at line 2121
\T1/lmr/m/n/10.95 R.17.13 
 []


Overfull \hbox (1.00357pt too wide) detected at line 2122
\T1/lmr/m/n/10.95 R.17.14 
 []


Overfull \hbox (1.6277pt too wide) detected at line 2131
\T1/lmr/bx/n/10.95 CB 
 []


Overfull \hbox (1.76514pt too wide) detected at line 2140
\T1/lmr/bx/n/10.95 CC 
 []

)
\tf@toc=\write4
\openout4 = `yang_mills_large_rigorous.toc'.

 [37] [38

] [39] [40

] (sec01_introduction_final.tex

LaTeX Warning: Reference `thm:adjoint_continuity' on page 41 undefined on input
 line 27.

[41

]) (sec02_lattice_foundations_final.tex
LaTeX Font Info:    Trying to load font information for TS1+lmr on input line 1
5.

(C:\Users\Lenovo\AppData\Local\Programs\MiKTeX\tex/latex/lm\ts1lmr.fd
File: ts1lmr.fd 2015/05/01 v1.6.1 Font defs for Latin Modern
) [42{C:/Users/Lenovo/AppData/Local/Programs/MiKTeX/fonts/enc/dvips/lm/lm-ts1.e
nc}{C:/Users/Lenovo/AppData/Local/Programs/MiKTeX/fonts/enc/dvips/lm/lm-mathex.
enc}]
[43]) (sec03_strong_coupling_final.tex [44] [45])
(sec04_adjoint_interpolation_final.tex [46]

LaTeX Warning: Reference `ch:rigorous-hard-analysis' on page 47 undefined on in
put line 44.

[47]) (sec05_weak_coupling_final.tex) (sec06_continuum_limit_final.tex [48]
[49]) (sec07_conclusion_final.tex

LaTeX Warning: Reference `thm:strong-coupling-gap' on page 50 undefined on inpu
t line 8.


LaTeX Warning: Reference `thm:adjoint_continuity' on page 50 undefined on input
 line 10.

[50]) [51] [52

] (app_clay_blueprint.tex
Appendix A.
[53


]
LaTeX Font Info:    External font `lmex10' loaded for size
(Font)              <14.4> on input line 60.
LaTeX Font Info:    External font `lmex10' loaded for size
(Font)              <10> on input line 60.
LaTeX Font Info:    External font `lmex10' loaded for size
(Font)              <7> on input line 60.
 [54]

LaTeX Warning: Reference `thm:continuum-existence-registry' on page 55 undefine
d on input line 80.


LaTeX Warning: Reference `thm:strong-coupling-gap' on page 55 undefined on inpu
t line 81.


LaTeX Warning: Reference `thm:continuum-existence-registry' on page 55 undefine
d on input line 91.

[55]) (app_definitive_mass_gap_proof_v3.tex [56]
Appendix B.
[57

] [58]) [59]
Appendix C.
(app29_mathematical_prerequisites.tex [60

]) (app30_key_estimates.tex [61])
(app195_mathematical_architecture.tex [62]
Appendix D.
[63

] [64] [65]) [66]
Appendix E.
(app31_verification_of_non-circularity.tex [67

] [68])
(app102_non_circular_proofs.tex [69]
LaTeX Font Info:    Trying to load font information for U+euf on input line 40.


(C:\Users\Lenovo\AppData\Local\Programs\MiKTeX\tex/latex/amsfonts\ueuf.fd
File: ueuf.fd 2013/01/14 v3.01 Euler Fraktur
)
(C:\Users\Lenovo\AppData\Local\Programs\MiKTeX\tex/latex/microtype\mt-euf.cfg
File: mt-euf.cfg 2006/07/03 v1.1 microtype config. file: AMS Euler Fraktur (RS)

)
[70] [71] [72] [73] [74] [75] [76] [77]) (app115_technical_verifications.tex
[78] [79] [80] [81] [82]) [83]
Appendix F.
[84

]
Appendix G.
(app34_novel_mathematical_framework_addressing_key_gaps.tex [85

] [86] [87]
[88] [89] [90] [91] [92] [93] [94] [95] [96

])
(app40_new_mathematics_complete_resolution_of_the_four_ga.tex [97

] [98])
(app53_complete_rigorous_resolution_of_critical_gaps.tex [99] [100] [101]
[102] [103] [104] [105] [106] [107] [108] [109] [110] [111])
(app59_complete_resolution_of_remaining_gaps_and_conjectu.tex [112] [113]
[114] [115] [116] [117] [118]

LaTeX Warning: Reference `thm:luscher-rigorous' on page 119 undefined on input 
line 524.

[119] [120] [121] [122] [123] [124] [125] [126])
(app68_gap_1_infinite-volume_string_tension_via_adjoint_f.tex [127])
(app69_gap_2_continuum_limit_via_stochastic_geometric_flo.tex [128] [129]
[130]) (app70_gap_3_uniform_log-sobolev_inequality_via_hierarchi.tex [131]
[132]) (app72_gap_5_explicit_rg_bridge_via_heat_kernel_blocking.tex [133]
[134] [135]) (app71_gap_4_rigorous_giles-teper_bound_via_spectral_vari.tex
[136]

LaTeX Warning: Reference `thm:strong-coupling-gap' on page 137 undefined on inp
ut line 16.


LaTeX Warning: Reference `app:hard_analysis_frameworks' on page 137 undefined o
n input line 16.

[137] [138]) (app_final_bridge_rigorous.tex [139] [140] [141] [142])
(app73_summary_all_gaps_resolved.tex [143] [144

] [145])
(app120_critical_gap_closed.tex [146] [147] [148] [149] [150] [151] [152]
[153]) (app137_unified_gap_resolution.tex [154] [155] [156] [157] [158]
[159] [160] [161] [162] [163]) (app138_complete_gap_resolution_innovative.tex
[164] [165] [166] [167] [168] [169] [170] [171] [172])
(app140_rigorous_gap_closure.tex [173] [174] [175] [176] [177] [178] [179])
(app141_critical_gaps_innovative_resolution.tex [180] [181] [182] [183]
[184] [185] [186] [187] [188] [189] [190]) (app142_definitive_gap_closure.tex
Overfull \hbox (51.75768pt too wide) in paragraph at lines 35--50
 [] 
 []

[191]) (app143_definitive_proofs.tex [192] [193] [194])
(app147_adjoint_qcd_proof.tex [195] [196] [197] [198] [199]) [200]
Appendix H.
(app61_the_definitive_spectral_gap_argument.tex [201

] [202] [203] [204])
(app63_the_rigorous_poincar_inequality_on_gauge_orbits.tex [205] [206] [207]
[208]) (app74_spectral_permanence_rigorous_continuum_limit.tex [209] [210]
[211] [212] [213] [214] [215] [216] [217] [218])
(app117_transfer_matrix_spectral.tex [219] [220] [221] [222] [223])
(app158_geometric_spectral_gap.tex [224] [225] [226])
(app177_final_geometric_spectral.tex [227] [228]) [229]
Appendix I.
(app121_uniform_lsi_rigorous.tex [230

] [231]
Overfull \hbox (59.15749pt too wide) in paragraph at lines 156--161
[]\T1/lmr/m/n/10.95 (-20) Let us use the ex-plicit bound from Mi-clo (1997): $\
OMS/lmsy/m/n/10.95 j[][]\OT1/lmr/m/n/10.95 (-20) (\OML/lmm/m/it/10.95 f[]; \OMS
/lmsy/m/n/10.95 r[]\OML/lmm/m/it/10.95 H\OT1/lmr/m/n/10.95 (-20) )\OMS/lmsy/m/n
/10.95 j ^^T \OT1/lmr/m/n/10.95 (-20) 2([] \OML/lmm/m/it/10.95 f[][][]\OT1/lmr/
m/n/10.95 (-20) (\OMS/lmsy/m/n/10.95 r[]\OML/lmm/m/it/10.95 H\OT1/lmr/m/n/10.95
 (-20) )[])[]([] \OMS/lmsy/m/n/10.95 jr[]\OML/lmm/m/it/10.95 f\OMS/lmsy/m/n/10.
95 j[]\OT1/lmr/m/n/10.95 (-20) )[]$\T1/lmr/m/n/10.95 (-20) ?
 []

[232] [233] [234]

LaTeX Warning: Reference `thm:strong-coupling-gap' on page 235 undefined on inp
ut line 348.

[235] [236] [237] [238] [239]) (app209_rigorous_tensorization.tex [240]
[241] [242] [243]) (app242_conditional_tensorization_resolution.tex [244]
[245] [246] [247] [248]) (app245_explicit_lsi_constants.tex [249]
Appendix J.
[250

] [251]) [252]
Appendix K.
(app107_continuum_limit.tex [253

] [254] [255] [256] [257] [258] [259])
(app114_roadmap_continuum_limit.tex [260] [261] [262] [263] [264] [265])
(app123_continuum_limit_mosco.tex [266] [267] [268] [269] [270])
(app130_continuum_scaling_resolution.tex [271] [272] [273]

LaTeX Warning: Reference `thm:reflection-positivity' on page 274 undefined on i
nput line 286.

[274]) (app133_rigorous_continuum_error.tex [275] [276] [277] [278] [279]
[280] [281]) (app134_rigorous_continuum_error_bounds.tex [282]) [283]
Appendix L.
(app122_giles_teper_rigorous.tex [284

] [285] [286])
(app130_giles_teper_refined.tex [287])
(app132_rigorous_giles_teper_constant.tex [288] [289] [290] [291] [292]
[293]) [294]
Appendix M.
(app33_rigorous_non-perturbative_scale_setting.tex

LaTeX Warning: Reference `thm:adiabatic-continuity-proven' on page 295 undefine
d on input line 32.

[295

] [296] [297] [298] [299]) (app66_renormalization_group_analysis.tex
[300] [301] [302])
(app75_the_intrinsic_scale_framework_bridging_lattice_to_.tex [303] [304]
[305] [306] [307] [308]) (app77_rigorous_balaban_bounds_and_continuum_limit.tex
[309] [310] [311]) [312]
Appendix N.
(app49_the_intermediate_coupling_regime.tex [313

] [314])
(app93_intermediate_coupling_complete_proofs.tex [315] [316] [317] [318]
[319] [320] [321] [322] [323]) (app108_intermediate_rigorous.tex [324] [325]
[326] [327] [328]) (app162_intermediate_coupling_details.tex [329] [330]
[331] [332] [333]) [334]
Appendix O.
(app78_adjoint_interpolation_lee-yang_and_center_symmetry.tex [335

] [336]
[337]) (app90_roadmap3_adjoint_fermion_interpolation.tex [338] [339] [340]
[341]) (app99_roadmap2_adjoint_complete.tex [342] [343] [344] [345] [346]
[347]) (app112_roadmap_adjoint_interpolation.tex [348] [349] [350] [351]
[352] [353] [354]) [355]
Appendix P.
(app67_stochastic_and_probabilistic_methods.tex [356

]

LaTeX Warning: Reference `thm:orbit-geometry' on page 357 undefined on input li
ne 105.

[357] [358] [359]) (app186_talagrand_inequality.tex [360]
Appendix Q.
[361

]) (app190_dobrushin_uniqueness.tex [362]
Appendix R.
[363

]) (app106_block_dobrushin_rigorous.tex [364] [365] [366] [367] [368]
[369]) [370]
Appendix S.
(app60_novel_approach_topological_obstruction_to_massless.tex [371

] [372]
[373] [374]) (app79_geometric_and_topological_verification.tex [375] [376])
(app159_topological_protection.tex [377]) (app189_ollivier_ricci.tex [378]
Appendix T.
[379

]) (app193_block_spin_rp.tex [380]
Appendix U.
[381

]) [382]
Appendix V.
(app95_sym_mass_gap_complete.tex [383

] [384] [385]
LaTeX Font Info:    Trying to load font information for T1+lmtt on input line 2
24.

(C:\Users\Lenovo\AppData\Local\Programs\MiKTeX\tex/latex/lm\t1lmtt.fd
File: t1lmtt.fd 2015/05/01 v1.6.1 Font defs for Latin Modern
)
Package microtype Info: Loading generic protrusion settings for font family
(microtype)             `lmtt' (encoding: T1).
(microtype)             For optimal results, create family-specific settings.
(microtype)             See the microtype manual for details.

Overfull \hbox (24.31209pt too wide) in paragraph at lines 223--225
\T1/lmr/m/n/10.95 (-20) This re-sult is rig-or-ous and anal-o-gous to the pure 
Yang-Mills case (see \T1/lmtt/m/n/10.95 STRONG_COUPLING_DETAILS.tex\T1/lmr/m/n/
10.95 (-20) ). 
 []

[386]) (app149_roadmap_sym_gap.tex [387]) (app150_sym_gap_proof.tex [388]
[389]) (app155_gap1_lattice_susy.tex [390]) (app250_smoothness_and_susy_gap.tex
[391]
Appendix W.
[392

] [393]) [394]
Appendix X.
(app157_gap3_balaban_fermions.tex [395

])
(app240_rigorous_fermion_locality_proof.tex [396] [397] [398] [399])
(app241_nonlocality_resolution_summary.tex [400] [401] [402]) [403]
Appendix Y.
(app54_explicit_numerical_bounds_and_physical_predictions.tex
Overfull \hbox (17.82095pt too wide) in paragraph at lines 25--36
 [] 
 []

) (app81_explicit_constant_computations.tex [404

] [405] [406] [407] [408]
[409] [410] [411] [412] [413] [414]) (app96_explicit_constants_complete.tex
[415] [416] [417] [418] [419]) (app118_explicit_constants.tex [420] [421]
[422] [423] [424]) (app246_numerical_critical_mass.tex [425]
Appendix Z.
[426

]) [427]
Appendix AA.
(app55_hard_analysis_derivations.tex [428

] [429] [430] [431] [432] [433]
[434] [435]) (app166_hard_analysis.tex [436] [437] [438] [439] [440])
(app167_final_hard_analysis.tex [441] [442] [443] [444] [445] [446] [447]
[448] [449] [450] [451]) (app174_hard_analysis_derivations.tex [452] [453]
[454]) (app176_final_hard_analysis.tex [455] [456] [457])
(app208_hard_analysis_complete.tex [458] [459] [460] [461] [462]) [463]
Appendix AB.
(app168_blocking_lemmas.tex [464

] [465]) (app194_admissibility_condition.tex
[466]
Appendix AC.
[467

]) [468]
Appendix AD.
(app210_wilson_derivatives.tex [469

] [470] [471]) (app207_fix34_brst.tex
[472] [473]) (app192_mandelstam_constraints.tex [474]
Appendix AE.
[475

]) (app191_thooft_algebra.tex [476]
Appendix AF.
[477

]) [478]
Appendix AG.
(app178_constructive_qft.tex [479

] [480] [481])
(app182_symanzik_rotation_restoration.tex [482]
Appendix AH.
[483

] [484]) (app183_lattice_index_theorem.tex [485]
Appendix AI.
[486

]) (app119_os_axioms_verification.tex [487] [488] [489]) [490]
Appendix AJ.
(app163_vacuum_uniqueness.tex) (app184_vacuum_uniqueness.tex [491

]
Appendix AK.
[492

]) (app160_coulomb_exclusion.tex) [493]
Appendix AL.
(app56_novel_mathematical_tools.tex [494

]) (app185_stratified_hardy.tex
[495]
Appendix AM.
[496

] [497]) (app187_helffer_sjostrand.tex [498]
Appendix AN.
[499

]) (app188_resurgence_cancellation.tex [500]
Appendix AO.
[501

]) (app203_fix36_lieb_thirring.tex [502]
Appendix AP.
) (app206_fix6_battle_federbush.tex [503

] [504]) [505]
Appendix AQ.
(app244_variance_transport_proof.tex [506

] [507]) [508]
Appendix AR.
(app85_proof_roadmap_and_verification_checklist.tex [509

] [510] [511]
Overfull \hbox (7.2033pt too wide) in paragraph at lines 222--223
[]|\T1/lmtt/m/n/10.95 UNIFIED_GAP_RESOLUTION.tex| 
 []

[512]) (app88_roadmap1_intermediate_coupling_control.tex [513])
(app89_roadmap2_continuum_limit_sgf_mosco.tex [514] [515] [516] [517] [518])
(app91_roadmap4_quantitative_verification.tex)
(app98_roadmap1_zegarlinski_complete.tex [519] [520] [521] [522] [523] [524]
[525]) (app100_roadmap3_geometric_complete.tex [526] [527] [528] [529] [530]
[531]) (app111_roadmap_hierarchical_zegarlinski.tex [532] [533] [534] [535]
[536] [537] [538]) (app113_roadmap_geometric_spectral.tex [539] [540] [541]
[542] [543] [544]) (app125_roadmap3_enhanced.tex [545] [546] [547] [548]
[549]) (app126_roadmap2_enhanced.tex [550] [551] [552] [553] [554])
(app127_roadmap1_enhanced.tex [555] [556] [557] [558] [559])
(app128_roadmap4_enhanced.tex [560] [561] [562] [563])
(app152_roadmap_unconditional_proof.tex [564] [565]) [566]
Appendix AS.
(app41_synthesis_framework_for_condition_p.tex

LaTeX Warning: Reference `thm:vortex-tension-rigorous' on page 567 undefined on
 input line 38.

[567

]) (app42_statement_of_main_result.tex [568] [569])
(app50_summary_resolution_of_the_mass_gap.tex [570] [571] [572])
(app51_complete_synthesis_proof_of_mass_gap_for_su2_and_s.tex [573])
(app57_divide_and_conquer_complete_proof_structure.tex [574]

LaTeX Warning: Reference `thm:uniform-sobolev' on page 575 undefined on input l
ine 55.

[575]

LaTeX Warning: Reference `thm:uniform-sobolev' on page 576 undefined on input l
ine 146.

[576]) (app64_synthesis_the_complete_argument.tex

LaTeX Warning: Reference `sec:spectral-geometry' on page 577 undefined on input
 line 30.

[577] [578]) (app80_summary_the_yang-mills_mass_gap_proof.tex [579]

LaTeX Warning: Reference `sec:spectral-geometry' on page 580 undefined on input
 line 86.


LaTeX Warning: Reference `thm:lichnerowicz-gauge' on page 580 undefined on inpu
t line 90.

[580]

LaTeX Warning: Reference `thm:spectral-stability' on page 581 undefined on inpu
t line 133.

[581] [582]

LaTeX Warning: Reference `thm:luscher-rigorous' on page 583 undefined on input 
line 295.


LaTeX Warning: Reference `sec:spectral-geometry' on page 583 undefined on input
 line 305.

[583]) (app82_framework_for_the_yang-mills_mass_gap.tex [584] [585] [586]
[587] [588] [589] [590] [591] [592] [593] [594] [595] [596] [597] [598]
[599] [600] [601] [602] [603] [604] [605] [606])
(app83_framework_for_closing_the_uniform-in-l_gap.tex [607] [608] [609]
[610] [611] [612]) (app86_complete_framework_for_the_yang-mills_mass_gap.tex
[613] [614] [615] [616] [617] [618] [619] [620] [621] [622] [623]
Overfull \vbox (149.2762pt too high) has occurred while \output is active []


[624]) (app92_synthesis_complete_proof.tex [625] [626] [627])
(app94_continuum_limit_complete_proofs.tex [628] [629] [630] [631] [632]
[633]) (app116_complete_synthesis.tex [634] [635] [636] [637] [638])
(app124_complete_proof.tex [639] [640] [641] [642])
(app131_final_unified_theorem.tex [643] [644] [645] [646] [647] [648])
(app135_complete_rigorous_proof.tex [649] [650] [651] [652] [653] [654]
[655] [656]) (app145_definitive_proof_of_conjecture.tex [657] [658] [659])
(app154_definitive_proof.tex [660]) (app160_comprehensive_rigorous_proof.tex
[661] [662] [663] [664]) (app161_complete_rigorous_derivations.tex [665]
[666] [667] [668] [669] [670] [671] [672] [673] [674] [675] [676] [677])
(app163_self_contained_proof.tex [678] [679] [680] [681] [682] [683] [684]
[685] [686]) [687]
Appendix AT.
(app97_honest_assessment.tex [688

] [689] [690])
(app101_common_challenge_complete.tex [691] [692] [693] [694] [695] [696]
[697] [698]) (app103_critical_analysis.tex [699] [700] [701] [702] [703]
[704]) (app109_final_assessment.tex [705]) (app151_math_audit.tex [706])
(app165_rigorous_audit_resolution.tex [707] [708] [709] [710] [711] [712]
[713] [714] [715] [716]) (app204_mathematical_audit_summary.tex [717] [718]
[719] [720] [721] [722] [723] [724]) (app_honest_assessment_final.tex [725]
[726] [727]) [728]
Appendix AU.
(app168_rigorous_fortification.tex [729

] [730]) (app169_final_fortification.tex [731] [732]) (app170_final_deep_struct
ure.tex [733] [734])
(app171_final_keystones.tex [735] [736] [737])
(app172_final_keystones_part2.tex [738] [739]) (app173_critical_corrections.tex
[740] [741] [742] [743] [744]) (app175_comprehensive_fixes.tex [745] [746]
[747] [748]) (app260_innovative_mathematical_frameworks.tex [749]
Appendix AV.
[750

] [751] [752]
Overfull \hbox (9.3073pt too wide) in paragraph at lines 146--157
[][] 
 []

) [753]
Appendix AW.
(app180_advanced_derivations.tex [754

] [755] [756] [757] [758] [759] [760]
[761] [762] [763] [764] [765]) (app181_diamond_standard_derivations.tex
[766] [767] [768] [769] [770] [771] [772] [773] [774] [775] [776] [777]
[778] [779] [780] [781] [782] [783] [784] [785]) (app216_rough_path.tex
[786]
Appendix AX.
[787

]) (app217_brst_unitarity.tex [788]
Appendix AY.
[789

]) (app218_glueball_inequality.tex [790]
Appendix AZ.
[791

]) (app219_loop_equations.tex [792]
Appendix BA.
) (app220_trotter_limit.tex [793

] [794]
Appendix BB.
) (app221_kms_uniqueness.tex [795

]
Appendix BC.
[796

]) (app222_vafa_witten_bound.tex [797]
Appendix BD.
) (app223_mayer_montroll.tex [798

]
Appendix BE.
) (app224_derivation_z_malliavin.tex [799

]
Appendix BF.
[800

]) (app225_thermodynamic_limit_proofs.tex [801]
Appendix BG.
[802

]
Appendix BH.
) (app226_stochastic_quantization.tex [803

]
Appendix BI.
) (app227_derivation_q_martingale.tex [804

] [805]
Appendix BJ.
) [806

]
Appendix BK.
(app32_future_directions_and_extensions.tex [807

])
(app84_historical_resolution_of_remaining_gaps.tex [808] [809] [810] [811]
[812] [813] [814])
(app87_integration_map_external_results_to_internal_theor.tex [815]
Overfull \vbox (347.95497pt too high) has occurred while \output is active []


[816]) [817]
Appendix BL.
(app110_weak_coupling_scaling.tex [818

] [819] [820] [821])
(app105_finite_correlation_length.tex [822] [823] [824] [825] [826] [827])
(app211_continuum_scaling.tex [828] [829] [830]) (app212_weighted_spectral.tex
[831] [832] [833]) [834]
Appendix BM.
(app201_fix8_decoupling.tex [835

]
Appendix BN.
[836

]) (app202_fix13_vafa_witten.tex [837]
Appendix BO.
) (app213_errata_corrections.tex [838

] [839] [840])
(app139_additional_verification_details.tex [841] [842] [843] [844] [845]
[846] [847] [848] [849] [850] [851] [852] [853] [854] [855] [856] [857]
[858] [859] [860] [861] [862] [863] [864] [865] [866] [867] [868] [869]
[870] [871] [872]) (app_final_rigorous_hard_analysis.tex [873]
Appendix BP.
[874

] [875]) [876]
Appendix BQ.
(app136_response_to_review.tex [877

] [878] [879] [880] [881] [882]
Overfull \hbox (61.3519pt too wide) in paragraph at lines 405--415
 [] 
 []

) (app144_response_to_review.tex [883] [884] [885] [886] [887] [888] [889]
[890] [891] [892] [893]) (app158_response_to_review_v2.tex [894] [895])
[896]
Appendix BR.
(app129_computer_verifiable.tex [897

] [898] [899] [900]) [901]
Appendix BS.
(app243_complete_resolution_summary.tex [902

]
Overfull \hbox (14.95709pt too wide) in paragraph at lines 111--123
 [][] 
 []

[903]) (app156_final_synthesis.tex [904]) (sec13_conjecture_capsule.tex
[905]) (app_epsilon_delta_hard_analysis.tex [906]
Appendix BT.
[907

] [908] [909]) [910]
Appendix BU.
(app_appendix_A_interval_arithmetic.tex [911

]
Appendix BV.
Package hyperref Info: bookmark level for unknown algorithm defaults to 0 on in
put line 26.
[912

]) (app_appendix_B_fredenhagen_marcu.tex [913]
Appendix BW.
[914

] [915]) (app_appendix_C_symanzik_so4.tex [916]
Appendix BX.
[917

] [918]) (app_appendix_D_balaban_sun.tex [919]
Appendix BY.
[920

] [921] [922]) (app_open_problem_ledger.tex [923]) [924]
Appendix BZ.
(app179_executive_summary.tex
Overfull \hbox (0.60548pt too wide) in paragraph at lines 16--16
[]|\T1/lmr/bx/n/10.95 (-20) Ledger|  
 []


Overfull \hbox (18.28886pt too wide) in paragraph at lines 14--23
 [] 
 []

[925

]) (app_open_problem_resolution.tex [926]
Appendix CA.
[927

] [928]) (sec_missing_theorems.tex [929] [930] [931] [932] [933] [934]
[935] [936] [937] [938]) (app_correction_manuscript.tex [939]
Appendix CB.

LaTeX Warning: Reference `thm:adiabatic-continuity-proven' on page 940 undefine
d on input line 38.

[940

]) (app_missing_references_fix.tex [941]
Appendix CC.
[942

]) [943

] (yang_mills_large_rigorous.aux)
 ***********
LaTeX2e <2025-11-01>
L3 programming layer <2025-10-24>
 ***********


LaTeX Warning: There were undefined references.

 ) 
Here is how much of TeX's memory you used:
 42926 strings out of 467871
 773379 string characters out of 5417891
 1114453 words of memory out of 5000000
 61419 multiletter control sequences out of 15000+600000
 804724 words of font info for 452 fonts, out of 8000000 for 9000
 1141 hyphenation exceptions out of 8191
 121i,15n,124p,1024b,842s stack positions out of 10000i,1000n,20000p,200000b,200000s
<C:/Users/Lenovo/AppData/Local/Programs/MiKTeX/fonts/type1/public/amsfonts/eu
ler/eufm10.pfb><C:/Users/Lenovo/AppData/Local/Programs/MiKTeX/fonts/type1/publi
c/lm/lmbx10.pfb><C:/Users/Lenovo/AppData/Local/Programs/MiKTeX/fonts/type1/publ
ic/lm/lmbx12.pfb><C:/Users/Lenovo/AppData/Local/Programs/MiKTeX/fonts/type1/pub
lic/lm/lmbx8.pfb><C:/Users/Lenovo/AppData/Local/Programs/MiKTeX/fonts/type1/pub
lic/lm/lmbxi10.pfb><C:/Users/Lenovo/AppData/Local/Programs/MiKTeX/fonts/type1/p
ublic/lm/lmex10.pfb><C:/Users/Lenovo/AppData/Local/Programs/MiKTeX/fonts/type1/
public/lm/lmmi10.pfb><C:/Users/Lenovo/AppData/Local/Programs/MiKTeX/fonts/type1
/public/lm/lmmi12.pfb><C:/Users/Lenovo/AppData/Local/Programs/MiKTeX/fonts/type
1/public/lm/lmmi6.pfb><C:/Users/Lenovo/AppData/Local/Programs/MiKTeX/fonts/type
1/public/lm/lmmi8.pfb><C:/Users/Lenovo/AppData/Local/Programs/MiKTeX/fonts/type
1/public/lm/lmmib10.pfb><C:/Users/Lenovo/AppData/Local/Programs/MiKTeX/fonts/ty
pe1/public/lm/lmr10.pfb><C:/Users/Lenovo/AppData/Local/Programs/MiKTeX/fonts/ty
pe1/public/lm/lmr12.pfb><C:/Users/Lenovo/AppData/Local/Programs/MiKTeX/fonts/ty
pe1/public/lm/lmr6.pfb><C:/Users/Lenovo/AppData/Local/Programs/MiKTeX/fonts/typ
e1/public/lm/lmr8.pfb><C:/Users/Lenovo/AppData/Local/Programs/MiKTeX/fonts/type
1/public/lm/lmr9.pfb><C:/Users/Lenovo/AppData/Local/Programs/MiKTeX/fonts/type1
/public/lm/lmri10.pfb><C:/Users/Lenovo/AppData/Local/Programs/MiKTeX/fonts/type
1/public/lm/lmri7.pfb><C:/Users/Lenovo/AppData/Local/Programs/MiKTeX/fonts/type
1/public/lm/lmri8.pfb><C:/Users/Lenovo/AppData/Local/Programs/MiKTeX/fonts/type
1/public/lm/lmsy10.pfb><C:/Users/Lenovo/AppData/Local/Programs/MiKTeX/fonts/typ
e1/public/lm/lmsy6.pfb><C:/Users/Lenovo/AppData/Local/Programs/MiKTeX/fonts/typ
e1/public/lm/lmsy8.pfb><C:/Users/Lenovo/AppData/Local/Programs/MiKTeX/fonts/typ
e1/public/lm/lmtt10.pfb><C:/Users/Lenovo/AppData/Local/Programs/MiKTeX/fonts/ty
pe1/public/amsfonts/symbols/msam10.pfb><C:/Users/Lenovo/AppData/Local/Programs/
MiKTeX/fonts/type1/public/amsfonts/symbols/msbm10.pfb><C:/Users/Lenovo/AppData/
Local/Programs/MiKTeX/fonts/type1/public/rsfs/rsfs10.pfb>
Output written on yang_mills_large_rigorous.pdf (944 pages, 6534387 bytes).
PDF statistics:
 21711 PDF objects out of 22161 (max. 8388607)
 8618 named destinations out of 8907 (max. 500000)
 100453 words of extra memory for PDF output out of 106986 (max. 10000000)

