This is pdfTeX, Version 3.141592653-2.6-1.40.29 (TeX Live 2026) (preloaded format=pdflatex 2026.3.1)  2 APR 2026 07:48
entering extended mode
 restricted \write18 enabled.
 %&-line parsing enabled.
**paper.tex
(./paper.tex
LaTeX2e <2025-11-01>
L3 programming layer <2026-01-19>
(/usr/local/texlive/2026basic/texmf-dist/tex/latex/base/article.cls
Document Class: article 2025/01/22 v1.4n Standard LaTeX document class
(/usr/local/texlive/2026basic/texmf-dist/tex/latex/base/size11.clo
File: size11.clo 2025/01/22 v1.4n Standard LaTeX file (size option)
)
\c@part=\count275
\c@section=\count276
\c@subsection=\count277
\c@subsubsection=\count278
\c@paragraph=\count279
\c@subparagraph=\count280
\c@figure=\count281
\c@table=\count282
\abovecaptionskip=\skip49
\belowcaptionskip=\skip50
\bibindent=\dimen148
)
(/usr/local/texlive/2026basic/texmf-dist/tex/latex/base/inputenc.sty
Package: inputenc 2024/02/08 v1.3d Input encoding file
\inpenc@prehook=\toks17
\inpenc@posthook=\toks18
)
(/usr/local/texlive/2026basic/texmf-dist/tex/latex/base/fontenc.sty
Package: fontenc 2025/07/18 v2.1d Standard LaTeX package
)
(/usr/local/texlive/2026basic/texmf-dist/tex/latex/base/textcomp.sty
Package: textcomp 2024/04/24 v2.1b Standard LaTeX package
)
(./jheppub.sty
Package: jheppub 2018/12/04 v.1.1227

(/usr/local/texlive/2026basic/texmf-dist/tex/latex/amsmath/amsmath.sty
Package: amsmath 2025/07/09 v2.17z AMS math features
\@mathmargin=\skip51

For additional information on amsmath, use the `?' option.
(/usr/local/texlive/2026basic/texmf-dist/tex/latex/amsmath/amstext.sty
Package: amstext 2024/11/17 v2.01 AMS text

(/usr/local/texlive/2026basic/texmf-dist/tex/latex/amsmath/amsgen.sty
File: amsgen.sty 1999/11/30 v2.0 generic functions
\@emptytoks=\toks19
\ex@=\dimen149
))
(/usr/local/texlive/2026basic/texmf-dist/tex/latex/amsmath/amsbsy.sty
Package: amsbsy 1999/11/29 v1.2d Bold Symbols
\pmbraise@=\dimen150
)
(/usr/local/texlive/2026basic/texmf-dist/tex/latex/amsmath/amsopn.sty
Package: amsopn 2022/04/08 v2.04 operator names
)
\inf@bad=\count283
LaTeX Info: Redefining \frac on input line 233.
\uproot@=\count284
\leftroot@=\count285
LaTeX Info: Redefining \overline on input line 398.
LaTeX Info: Redefining \colon on input line 409.
\classnum@=\count286
\DOTSCASE@=\count287
LaTeX Info: Redefining \ldots on input line 495.
LaTeX Info: Redefining \dots on input line 498.
LaTeX Info: Redefining \cdots on input line 619.
\Mathstrutbox@=\box53
\strutbox@=\box54
LaTeX Info: Redefining \big on input line 721.
LaTeX Info: Redefining \Big on input line 722.
LaTeX Info: Redefining \bigg on input line 723.
LaTeX Info: Redefining \Bigg on input line 724.
\big@size=\dimen151
LaTeX Font Info:    Redeclaring font encoding OML on input line 742.
LaTeX Font Info:    Redeclaring font encoding OMS on input line 743.
\macc@depth=\count288
LaTeX Info: Redefining \bmod on input line 904.
LaTeX Info: Redefining \pmod on input line 909.
LaTeX Info: Redefining \smash on input line 939.
LaTeX Info: Redefining \relbar on input line 969.
LaTeX Info: Redefining \Relbar on input line 970.
\c@MaxMatrixCols=\count289
\dotsspace@=\muskip17
\c@parentequation=\count290
\dspbrk@lvl=\count291
\tag@help=\toks20
\row@=\count292
\column@=\count293
\maxfields@=\count294
\andhelp@=\toks21
\eqnshift@=\dimen152
\alignsep@=\dimen153
\tagshift@=\dimen154
\tagwidth@=\dimen155
\totwidth@=\dimen156
\lineht@=\dimen157
\@envbody=\toks22
\multlinegap=\skip52
\multlinetaggap=\skip53
\mathdisplay@stack=\toks23
LaTeX Info: Redefining \[ on input line 2950.
LaTeX Info: Redefining \] on input line 2951.
)
(/usr/local/texlive/2026basic/texmf-dist/tex/latex/amsfonts/amssymb.sty
Package: amssymb 2013/01/14 v3.01 AMS font symbols

(/usr/local/texlive/2026basic/texmf-dist/tex/latex/amsfonts/amsfonts.sty
Package: amsfonts 2013/01/14 v3.01 Basic AMSFonts support
\symAMSa=\mathgroup4
\symAMSb=\mathgroup5
LaTeX Font Info:    Redeclaring math symbol \hbar on input line 98.
LaTeX Font Info:    Overwriting math alphabet `\mathfrak' in version `bold'
(Font)                  U/euf/m/n --> U/euf/b/n on input line 106.
))
(/usr/local/texlive/2026basic/texmf-dist/tex/latex/graphics/epsfig.sty
Package: epsfig 2024/01/14 v1.7b (e)psfig emulation (SPQR)

(/usr/local/texlive/2026basic/texmf-dist/tex/latex/graphics/graphicx.sty
Package: graphicx 2024/12/31 v1.2e Enhanced LaTeX Graphics (DPC,SPQR)

(/usr/local/texlive/2026basic/texmf-dist/tex/latex/graphics/keyval.sty
Package: keyval 2022/05/29 v1.15 key=value parser (DPC)
\KV@toks@=\toks24
)
(/usr/local/texlive/2026basic/texmf-dist/tex/latex/graphics/graphics.sty
Package: graphics 2024/08/06 v1.4g Standard LaTeX Graphics (DPC,SPQR)

(/usr/local/texlive/2026basic/texmf-dist/tex/latex/graphics/trig.sty
Package: trig 2023/12/02 v1.11 sin cos tan (DPC)
)
(/usr/local/texlive/2026basic/texmf-dist/tex/latex/graphics-cfg/graphics.cfg
File: graphics.cfg 2016/06/04 v1.11 sample graphics configuration
)
Package graphics Info: Driver file: pdftex.def on input line 106.

(/usr/local/texlive/2026basic/texmf-dist/tex/latex/graphics-def/pdftex.def
File: pdftex.def 2025/09/29 v1.2d Graphics/color driver for pdftex
))
\Gin@req@height=\dimen158
\Gin@req@width=\dimen159
)
\epsfxsize=\dimen160
\epsfysize=\dimen161
)
(/usr/local/texlive/2026basic/texmf-dist/tex/latex/natbib/natbib.sty
Package: natbib 2010/09/13 8.31b (PWD, AO)
\bibhang=\skip54
\bibsep=\skip55
LaTeX Info: Redefining \cite on input line 694.
\c@NAT@ctr=\count295
)
(/usr/local/texlive/2026basic/texmf-dist/tex/latex/hyperref/hyperref.sty
Package: hyperref 2026-01-29 v7.01p Hypertext links for LaTeX

(/usr/local/texlive/2026basic/texmf-dist/tex/generic/iftex/iftex.sty
Package: iftex 2024/12/12 v1.0g TeX engine tests
)
(/usr/local/texlive/2026basic/texmf-dist/tex/latex/kvsetkeys/kvsetkeys.sty
Package: kvsetkeys 2022-10-05 v1.19 Key value parser (HO)
)
(/usr/local/texlive/2026basic/texmf-dist/tex/generic/kvdefinekeys/kvdefinekeys.
sty
Package: kvdefinekeys 2019-12-19 v1.6 Define keys (HO)
)
(/usr/local/texlive/2026basic/texmf-dist/tex/generic/pdfescape/pdfescape.sty
Package: pdfescape 2019/12/09 v1.15 Implements pdfTeX's escape features (HO)

(/usr/local/texlive/2026basic/texmf-dist/tex/generic/ltxcmds/ltxcmds.sty
Package: ltxcmds 2023-12-04 v1.26 LaTeX kernel commands for general use (HO)
)
(/usr/local/texlive/2026basic/texmf-dist/tex/generic/pdftexcmds/pdftexcmds.sty
Package: pdftexcmds 2020-06-27 v0.33 Utility functions of pdfTeX for LuaTeX (HO
)

(/usr/local/texlive/2026basic/texmf-dist/tex/generic/infwarerr/infwarerr.sty
Package: infwarerr 2019/12/03 v1.5 Providing info/warning/error messages (HO)
)
Package pdftexcmds Info: \pdf@primitive is available.
Package pdftexcmds Info: \pdf@ifprimitive is available.
Package pdftexcmds Info: \pdfdraftmode found.
)) (/usr/local/texlive/2026basic/texmf-dist/tex/latex/hycolor/hycolor.sty
Package: hycolor 2020-01-27 v1.10 Color options for hyperref/bookmark (HO)
)
(/usr/local/texlive/2026basic/texmf-dist/tex/latex/hyperref/nameref.sty
Package: nameref 2026-01-29 v2.58 Cross-referencing by name of section

(/usr/local/texlive/2026basic/texmf-dist/tex/latex/refcount/refcount.sty
Package: refcount 2019/12/15 v3.6 Data extraction from label references (HO)
)
(/usr/local/texlive/2026basic/texmf-dist/tex/generic/gettitlestring/gettitlestr
ing.sty
Package: gettitlestring 2019/12/15 v1.6 Cleanup title references (HO)

(/usr/local/texlive/2026basic/texmf-dist/tex/latex/kvoptions/kvoptions.sty
Package: kvoptions 2022-06-15 v3.15 Key value format for package options (HO)
))
\c@section@level=\count296
)
(/usr/local/texlive/2026basic/texmf-dist/tex/latex/etoolbox/etoolbox.sty
Package: etoolbox 2025/10/02 v2.5m e-TeX tools for LaTeX (JAW)
\etb@tempcnta=\count297
)
(/usr/local/texlive/2026basic/texmf-dist/tex/generic/stringenc/stringenc.sty
Package: stringenc 2019/11/29 v1.12 Convert strings between diff. encodings (HO
)
)
\@linkdim=\dimen162
\Hy@linkcounter=\count298
\Hy@pagecounter=\count299

(/usr/local/texlive/2026basic/texmf-dist/tex/latex/hyperref/pd1enc.def
File: pd1enc.def 2026-01-29 v7.01p Hyperref: PDFDocEncoding definition (HO)
Now handling font encoding PD1 ...
... no UTF-8 mapping file for font encoding PD1
)
(/usr/local/texlive/2026basic/texmf-dist/tex/generic/intcalc/intcalc.sty
Package: intcalc 2019/12/15 v1.3 Expandable calculations with integers (HO)
)
\Hy@SavedSpaceFactor=\count300

(/usr/local/texlive/2026basic/texmf-dist/tex/latex/hyperref/puenc.def
File: puenc.def 2026-01-29 v7.01p Hyperref: PDF Unicode definition (HO)
Now handling font encoding PU ...
... no UTF-8 mapping file for font encoding PU
)
Package hyperref Info: Option `hyperfootnotes' set `false' on input line 4072.
Package hyperref Info: Option `colorlinks' set `true' on input line 4072.
Package hyperref Info: Option `linktocpage' set `true' on input line 4072.
Package hyperref Info: Option `pdfa' set `true' on input line 4072.
Package hyperref Info: Hyper figures OFF on input line 4201.
Package hyperref Info: Link nesting OFF on input line 4206.
Package hyperref Info: Hyper index ON on input line 4209.
Package hyperref Info: Plain pages OFF on input line 4216.
Package hyperref Info: Backreferencing OFF on input line 4221.
Package hyperref Info: Implicit mode ON; LaTeX internals redefined.
Package hyperref Info: Bookmarks ON on input line 4468.
\c@Hy@tempcnt=\count301

(/usr/local/texlive/2026basic/texmf-dist/tex/latex/url/url.sty
\Urlmuskip=\muskip18
Package: url 2013/09/16  ver 3.4  Verb mode for urls, etc.
)
LaTeX Info: Redefining \url on input line 4807.
\XeTeXLinkMargin=\dimen163

(/usr/local/texlive/2026basic/texmf-dist/tex/generic/bitset/bitset.sty
Package: bitset 2019/12/09 v1.3 Handle bit-vector datatype (HO)

(/usr/local/texlive/2026basic/texmf-dist/tex/generic/bigintcalc/bigintcalc.sty
Package: bigintcalc 2019/12/15 v1.5 Expandable calculations on big integers (HO
)
))
\Fld@menulength=\count302
\Field@Width=\dimen164
\Fld@charsize=\dimen165
Package hyperref Info: Hyper figures OFF on input line 6084.
Package hyperref Info: Link nesting OFF on input line 6089.
Package hyperref Info: Hyper index ON on input line 6092.
Package hyperref Info: backreferencing OFF on input line 6099.
Package hyperref Info: Link coloring ON on input line 6102.
Package hyperref Info: Link coloring with OCG OFF on input line 6109.
Package hyperref Info: PDF/A mode ON on input line 6112.
\Hy@abspage=\count303
\c@Item=\count304
)
Package hyperref Info: Driver (autodetected): hpdftex.
 (/usr/local/texlive/2026basic/texmf-dist/tex/latex/hyperref/hpdftex.def
File: hpdftex.def 2026-01-29 v7.01p Hyperref driver for pdfTeX
\Fld@listcount=\count305
\c@bookmark@seq@number=\count306

(/usr/local/texlive/2026basic/texmf-dist/tex/latex/rerunfilecheck/rerunfilechec
k.sty
Package: rerunfilecheck 2025-06-21 v1.11 Rerun checks for auxiliary files (HO)

(/usr/local/texlive/2026basic/texmf-dist/tex/generic/uniquecounter/uniquecounte
r.sty
Package: uniquecounter 2019/12/15 v1.4 Provide unlimited unique counter (HO)
)
Package uniquecounter Info: New unique counter `rerunfilecheck' on input line 2
84.
)
\Hy@SectionHShift=\skip56
)
\auth@toks=\toks25
\affil@toks=\toks26
\email@toks=\toks27
\c@email@counter=\count307
\affiliationsSep=\skip57
) (/usr/local/texlive/2026basic/texmf-dist/tex/latex/tools/xspace.sty
Package: xspace 2014/10/28 v1.13 Space after command names (DPC,MH)
)
(/usr/local/texlive/2026basic/texmf-dist/tex/latex/lineno/lineno.sty
Package: lineno 2026/02/16 line numbers on paragraphs v5.7
\linenopenalty=\count308
\output=\toks28
\linenoprevgraf=\count309
\linenumbersep=\dimen166
\linenumberwidth=\dimen167
\c@linenumber=\count310
\c@pagewiselinenumber=\count311
\c@LN@truepage=\count312
\c@internallinenumber=\count313
\c@internallinenumbers=\count314
\quotelinenumbersep=\dimen168
\bframerule=\dimen169
\bframesep=\dimen170
\bframebox=\box55
\@LN@amsmath@ams@eqpen=\count315
)
(/usr/local/texlive/2026basic/texmf-dist/tex/latex/microtype/microtype.sty
Package: microtype 2026/03/01 v3.2d Micro-typographical refinements (RS)
\MT@toks=\toks29
\MT@tempbox=\box56
\MT@count=\count316
LaTeX Info: Redefining \noprotrusionifhmode on input line 1084.
LaTeX Info: Redefining \leftprotrusion on input line 1085.
\MT@prot@toks=\toks30
LaTeX Info: Redefining \rightprotrusion on input line 1104.
LaTeX Info: Redefining \textls on input line 1449.
\MT@outer@kern=\dimen171
LaTeX Info: Redefining \microtypecontext on input line 2053.
LaTeX Info: Redefining \textmicrotypecontext on input line 2070.
\MT@listname@count=\count317

(/usr/local/texlive/2026basic/texmf-dist/tex/latex/microtype/microtype-pdftex.d
ef
File: microtype-pdftex.def 2026/03/01 v3.2d Definitions specific to pdftex (RS)

LaTeX Info: Redefining \lsstyle on input line 944.
LaTeX Info: Redefining \lslig on input line 944.
\MT@outer@space=\skip58
)
Package microtype Info: Loading configuration file microtype.cfg.
 (/usr/local/texlive/2026basic/texmf-dist/tex/latex/microtype/microtype.cfg
File: microtype.cfg 2026/03/01 v3.2d microtype main configuration file (RS)
)
LaTeX Info: Redefining \microtypesetup on input line 3065.
) (./cleveref.sty
Package: cleveref 2026/03/30 Minimal local fallback
)
==> First Aid for cleveref.sty no longer applied!
    Expected:
        2018/03/27 v0.21.4 Intelligent cross-referencing
    but found:
        2026/03/30 Minimal local fallback
    so I'm assuming it got fixed.
(/usr/local/texlive/2026basic/texmf-dist/tex/latex/setspace/setspace.sty
Package: setspace 2022/12/04 v6.7b set line spacing
)
(/usr/local/texlive/2026basic/texmf-dist/tex/latex/amscls/amsthm.sty
Package: amsthm 2020/05/29 v2.20.6
\thm@style=\toks31
\thm@bodyfont=\toks32
\thm@headfont=\toks33
\thm@notefont=\toks34
\thm@headpunct=\toks35
\thm@preskip=\skip59
\thm@postskip=\skip60
\thm@headsep=\skip61
\dth@everypar=\toks36
)
(/usr/local/texlive/2026basic/texmf-dist/tex/latex/mathtools/mathtools.sty
Package: mathtools 2024/10/04 v1.31 mathematical typesetting tools

(/usr/local/texlive/2026basic/texmf-dist/tex/latex/tools/calc.sty
Package: calc 2025/03/01 v4.3b Infix arithmetic (KKT,FJ)
\calc@Acount=\count318
\calc@Bcount=\count319
\calc@Adimen=\dimen172
\calc@Bdimen=\dimen173
\calc@Askip=\skip62
\calc@Bskip=\skip63
LaTeX Info: Redefining \setlength on input line 86.
LaTeX Info: Redefining \addtolength on input line 87.
\calc@Ccount=\count320
\calc@Cskip=\skip64
)
(/usr/local/texlive/2026basic/texmf-dist/tex/latex/mathtools/mhsetup.sty
Package: mhsetup 2021/03/18 v1.4 programming setup (MH)
)
\g_MT_multlinerow_int=\count321
\l_MT_multwidth_dim=\dimen174
\origjot=\skip65
\l_MT_shortvdotswithinadjustabove_dim=\dimen175
\l_MT_shortvdotswithinadjustbelow_dim=\dimen176
\l_MT_above_intertext_sep=\dimen177
\l_MT_below_intertext_sep=\dimen178
\l_MT_above_shortintertext_sep=\dimen179
\l_MT_below_shortintertext_sep=\dimen180
\xmathstrut@box=\box57
\xmathstrut@dim=\dimen181
)
(/usr/local/texlive/2026basic/texmf-dist/tex/latex/tools/bm.sty
Package: bm 2025/10/21 v1.2g Bold Symbol Support (DPC/FMi)
\symboldoperators=\mathgroup6
\symboldletters=\mathgroup7
\symboldsymbols=\mathgroup8
Package bm Info: No bold for \OMX/cmex/m/n, using \pmb.
Package bm Info: No bold for \U/msa/m/n, using \pmb.
Package bm Info: No bold for \U/msb/m/n, using \pmb.
LaTeX Font Info:    Redeclaring math alphabet \mathbf on input line 149.
) (./physics.sty
Package: physics 2026/03/31 Minimal local fallback
) (./enumitem.sty
Package: enumitem 2026/03/30 Minimal local fallback

(/usr/local/texlive/2026basic/texmf-dist/tex/latex/l3packages/xparse/xparse.sty
(/usr/local/texlive/2026basic/texmf-dist/tex/latex/l3kernel/expl3.sty
Package: expl3 2026-01-19 L3 programming layer (loader) 

(/usr/local/texlive/2026basic/texmf-dist/tex/latex/l3backend/l3backend-pdftex.d
ef
File: l3backend-pdftex.def 2025-10-09 L3 backend support: PDF output (pdfTeX)
\l__color_backend_stack_int=\count322
))
Package: xparse 2025-10-09 L3 Experimental document command parser
))
(/usr/local/texlive/2026basic/texmf-dist/tex/latex/pgf/frontendlayer/tikz.sty
(/usr/local/texlive/2026basic/texmf-dist/tex/latex/pgf/basiclayer/pgf.sty
(/usr/local/texlive/2026basic/texmf-dist/tex/latex/pgf/utilities/pgfrcs.sty
(/usr/local/texlive/2026basic/texmf-dist/tex/generic/pgf/utilities/pgfutil-comm
on.tex
\pgfutil@everybye=\toks37
\pgfutil@tempdima=\dimen182
\pgfutil@tempdimb=\dimen183
)
(/usr/local/texlive/2026basic/texmf-dist/tex/generic/pgf/utilities/pgfutil-late
x.def
\pgfutil@abb=\box58
)
(/usr/local/texlive/2026basic/texmf-dist/tex/generic/pgf/utilities/pgfrcs.code.
tex (/usr/local/texlive/2026basic/texmf-dist/tex/generic/pgf/pgf.revision.tex)
Package: pgfrcs 2025-08-29 v3.1.11a (3.1.11a)
))
Package: pgf 2025-08-29 v3.1.11a (3.1.11a)
 (/usr/local/texlive/2026basic/texmf-dist/tex/latex/pgf/basiclayer/pgfcore.sty 
(/usr/local/texlive/2026basic/texmf-dist/tex/latex/pgf/systemlayer/pgfsys.sty
(/usr/local/texlive/2026basic/texmf-dist/tex/generic/pgf/systemlayer/pgfsys.cod
e.tex
Package: pgfsys 2025-08-29 v3.1.11a (3.1.11a)

(/usr/local/texlive/2026basic/texmf-dist/tex/generic/pgf/utilities/pgfkeys.code
.tex
\pgfkeys@pathtoks=\toks38
\pgfkeys@temptoks=\toks39

(/usr/local/texlive/2026basic/texmf-dist/tex/generic/pgf/utilities/pgfkeyslibra
ryfiltered.code.tex
\pgfkeys@tmptoks=\toks40
))
\pgf@x=\dimen184
\pgf@y=\dimen185
\pgf@xa=\dimen186
\pgf@ya=\dimen187
\pgf@xb=\dimen188
\pgf@yb=\dimen189
\pgf@xc=\dimen190
\pgf@yc=\dimen191
\pgf@xd=\dimen192
\pgf@yd=\dimen193
\w@pgf@writea=\write3
\r@pgf@reada=\read2
\c@pgf@counta=\count323
\c@pgf@countb=\count324
\c@pgf@countc=\count325
\c@pgf@countd=\count326
\t@pgf@toka=\toks41
\t@pgf@tokb=\toks42
\t@pgf@tokc=\toks43
\pgf@sys@id@count=\count327

(/usr/local/texlive/2026basic/texmf-dist/tex/generic/pgf/systemlayer/pgf.cfg
File: pgf.cfg 2025-08-29 v3.1.11a (3.1.11a)
)
Driver file for pgf: pgfsys-pdftex.def

(/usr/local/texlive/2026basic/texmf-dist/tex/generic/pgf/systemlayer/pgfsys-pdf
tex.def
File: pgfsys-pdftex.def 2025-08-29 v3.1.11a (3.1.11a)

(/usr/local/texlive/2026basic/texmf-dist/tex/generic/pgf/systemlayer/pgfsys-com
mon-pdf.def
File: pgfsys-common-pdf.def 2025-08-29 v3.1.11a (3.1.11a)
)))
(/usr/local/texlive/2026basic/texmf-dist/tex/generic/pgf/systemlayer/pgfsyssoft
path.code.tex
File: pgfsyssoftpath.code.tex 2025-08-29 v3.1.11a (3.1.11a)
\pgfsyssoftpath@smallbuffer@items=\count328
\pgfsyssoftpath@bigbuffer@items=\count329
)
(/usr/local/texlive/2026basic/texmf-dist/tex/generic/pgf/systemlayer/pgfsysprot
ocol.code.tex
File: pgfsysprotocol.code.tex 2025-08-29 v3.1.11a (3.1.11a)
))
(/usr/local/texlive/2026basic/texmf-dist/tex/latex/xcolor/xcolor.sty
Package: xcolor 2024/09/29 v3.02 LaTeX color extensions (UK)

(/usr/local/texlive/2026basic/texmf-dist/tex/latex/graphics-cfg/color.cfg
File: color.cfg 2016/01/02 v1.6 sample color configuration
)
Package xcolor Info: Driver file: pdftex.def on input line 274.

(/usr/local/texlive/2026basic/texmf-dist/tex/latex/graphics/mathcolor.ltx)
Package xcolor Info: Model `cmy' substituted by `cmy0' on input line 1349.
Package xcolor Info: Model `hsb' substituted by `rgb' on input line 1353.
Package xcolor Info: Model `RGB' extended on input line 1365.
Package xcolor Info: Model `HTML' substituted by `rgb' on input line 1367.
Package xcolor Info: Model `Hsb' substituted by `hsb' on input line 1368.
Package xcolor Info: Model `tHsb' substituted by `hsb' on input line 1369.
Package xcolor Info: Model `HSB' substituted by `hsb' on input line 1370.
Package xcolor Info: Model `Gray' substituted by `gray' on input line 1371.
Package xcolor Info: Model `wave' substituted by `hsb' on input line 1372.
)
(/usr/local/texlive/2026basic/texmf-dist/tex/generic/pgf/basiclayer/pgfcore.cod
e.tex
Package: pgfcore 2025-08-29 v3.1.11a (3.1.11a)

(/usr/local/texlive/2026basic/texmf-dist/tex/generic/pgf/math/pgfmath.code.tex
(/usr/local/texlive/2026basic/texmf-dist/tex/generic/pgf/math/pgfmathutil.code.
tex)
(/usr/local/texlive/2026basic/texmf-dist/tex/generic/pgf/math/pgfmathparser.cod
e.tex
\pgfmath@dimen=\dimen194
\pgfmath@count=\count330
\pgfmath@box=\box59
\pgfmath@toks=\toks44
\pgfmath@stack@operand=\toks45
\pgfmath@stack@operation=\toks46
)
(/usr/local/texlive/2026basic/texmf-dist/tex/generic/pgf/math/pgfmathfunctions.
code.tex)
(/usr/local/texlive/2026basic/texmf-dist/tex/generic/pgf/math/pgfmathfunctions.
basic.code.tex)
(/usr/local/texlive/2026basic/texmf-dist/tex/generic/pgf/math/pgfmathfunctions.
trigonometric.code.tex)
(/usr/local/texlive/2026basic/texmf-dist/tex/generic/pgf/math/pgfmathfunctions.
random.code.tex)
(/usr/local/texlive/2026basic/texmf-dist/tex/generic/pgf/math/pgfmathfunctions.
comparison.code.tex)
(/usr/local/texlive/2026basic/texmf-dist/tex/generic/pgf/math/pgfmathfunctions.
base.code.tex)
(/usr/local/texlive/2026basic/texmf-dist/tex/generic/pgf/math/pgfmathfunctions.
round.code.tex)
(/usr/local/texlive/2026basic/texmf-dist/tex/generic/pgf/math/pgfmathfunctions.
misc.code.tex)
(/usr/local/texlive/2026basic/texmf-dist/tex/generic/pgf/math/pgfmathfunctions.
integerarithmetics.code.tex)
(/usr/local/texlive/2026basic/texmf-dist/tex/generic/pgf/math/pgfmathcalc.code.
tex)
(/usr/local/texlive/2026basic/texmf-dist/tex/generic/pgf/math/pgfmathfloat.code
.tex
\c@pgfmathroundto@lastzeros=\count331
))
(/usr/local/texlive/2026basic/texmf-dist/tex/generic/pgf/math/pgfint.code.tex)
(/usr/local/texlive/2026basic/texmf-dist/tex/generic/pgf/basiclayer/pgfcorepoin
ts.code.tex
File: pgfcorepoints.code.tex 2025-08-29 v3.1.11a (3.1.11a)
\pgf@picminx=\dimen195
\pgf@picmaxx=\dimen196
\pgf@picminy=\dimen197
\pgf@picmaxy=\dimen198
\pgf@pathminx=\dimen199
\pgf@pathmaxx=\dimen256
\pgf@pathminy=\dimen257
\pgf@pathmaxy=\dimen258
\pgf@xx=\dimen259
\pgf@xy=\dimen260
\pgf@yx=\dimen261
\pgf@yy=\dimen262
\pgf@zx=\dimen263
\pgf@zy=\dimen264
)
(/usr/local/texlive/2026basic/texmf-dist/tex/generic/pgf/basiclayer/pgfcorepath
construct.code.tex
File: pgfcorepathconstruct.code.tex 2025-08-29 v3.1.11a (3.1.11a)
\pgf@path@lastx=\dimen265
\pgf@path@lasty=\dimen266
)
(/usr/local/texlive/2026basic/texmf-dist/tex/generic/pgf/basiclayer/pgfcorepath
usage.code.tex
File: pgfcorepathusage.code.tex 2025-08-29 v3.1.11a (3.1.11a)
\pgf@shorten@end@additional=\dimen267
\pgf@shorten@start@additional=\dimen268
)
(/usr/local/texlive/2026basic/texmf-dist/tex/generic/pgf/basiclayer/pgfcorescop
es.code.tex
File: pgfcorescopes.code.tex 2025-08-29 v3.1.11a (3.1.11a)
\pgfpic=\box60
\pgf@hbox=\box61
\pgf@layerbox@main=\box62
\pgf@picture@serial@count=\count332
)
(/usr/local/texlive/2026basic/texmf-dist/tex/generic/pgf/basiclayer/pgfcoregrap
hicstate.code.tex
File: pgfcoregraphicstate.code.tex 2025-08-29 v3.1.11a (3.1.11a)
\pgflinewidth=\dimen269
)
(/usr/local/texlive/2026basic/texmf-dist/tex/generic/pgf/basiclayer/pgfcoretran
sformations.code.tex
File: pgfcoretransformations.code.tex 2025-08-29 v3.1.11a (3.1.11a)
\pgf@pt@x=\dimen270
\pgf@pt@y=\dimen271
\pgf@pt@temp=\dimen272
)
(/usr/local/texlive/2026basic/texmf-dist/tex/generic/pgf/basiclayer/pgfcorequic
k.code.tex
File: pgfcorequick.code.tex 2025-08-29 v3.1.11a (3.1.11a)
)
(/usr/local/texlive/2026basic/texmf-dist/tex/generic/pgf/basiclayer/pgfcoreobje
cts.code.tex
File: pgfcoreobjects.code.tex 2025-08-29 v3.1.11a (3.1.11a)
)
(/usr/local/texlive/2026basic/texmf-dist/tex/generic/pgf/basiclayer/pgfcorepath
processing.code.tex
File: pgfcorepathprocessing.code.tex 2025-08-29 v3.1.11a (3.1.11a)
)
(/usr/local/texlive/2026basic/texmf-dist/tex/generic/pgf/basiclayer/pgfcorearro
ws.code.tex
File: pgfcorearrows.code.tex 2025-08-29 v3.1.11a (3.1.11a)
\pgfarrowsep=\dimen273
)
(/usr/local/texlive/2026basic/texmf-dist/tex/generic/pgf/basiclayer/pgfcoreshad
e.code.tex
File: pgfcoreshade.code.tex 2025-08-29 v3.1.11a (3.1.11a)
\pgf@max=\dimen274
\pgf@sys@shading@range@num=\count333
\pgf@shadingcount=\count334
)
(/usr/local/texlive/2026basic/texmf-dist/tex/generic/pgf/basiclayer/pgfcoreimag
e.code.tex
File: pgfcoreimage.code.tex 2025-08-29 v3.1.11a (3.1.11a)
)
(/usr/local/texlive/2026basic/texmf-dist/tex/generic/pgf/basiclayer/pgfcoreexte
rnal.code.tex
File: pgfcoreexternal.code.tex 2025-08-29 v3.1.11a (3.1.11a)
\pgfexternal@startupbox=\box63
)
(/usr/local/texlive/2026basic/texmf-dist/tex/generic/pgf/basiclayer/pgfcorelaye
rs.code.tex
File: pgfcorelayers.code.tex 2025-08-29 v3.1.11a (3.1.11a)
)
(/usr/local/texlive/2026basic/texmf-dist/tex/generic/pgf/basiclayer/pgfcoretran
sparency.code.tex
File: pgfcoretransparency.code.tex 2025-08-29 v3.1.11a (3.1.11a)
)
(/usr/local/texlive/2026basic/texmf-dist/tex/generic/pgf/basiclayer/pgfcorepatt
erns.code.tex
File: pgfcorepatterns.code.tex 2025-08-29 v3.1.11a (3.1.11a)
)
(/usr/local/texlive/2026basic/texmf-dist/tex/generic/pgf/basiclayer/pgfcorerdf.
code.tex
File: pgfcorerdf.code.tex 2025-08-29 v3.1.11a (3.1.11a)
)))
(/usr/local/texlive/2026basic/texmf-dist/tex/generic/pgf/modules/pgfmoduleshape
s.code.tex
File: pgfmoduleshapes.code.tex 2025-08-29 v3.1.11a (3.1.11a)
\pgfnodeparttextbox=\box64
)
(/usr/local/texlive/2026basic/texmf-dist/tex/generic/pgf/modules/pgfmoduleplot.
code.tex
File: pgfmoduleplot.code.tex 2025-08-29 v3.1.11a (3.1.11a)
)
(/usr/local/texlive/2026basic/texmf-dist/tex/latex/pgf/compatibility/pgfcomp-ve
rsion-0-65.sty
Package: pgfcomp-version-0-65 2025-08-29 v3.1.11a (3.1.11a)
\pgf@nodesepstart=\dimen275
\pgf@nodesepend=\dimen276
)
(/usr/local/texlive/2026basic/texmf-dist/tex/latex/pgf/compatibility/pgfcomp-ve
rsion-1-18.sty
Package: pgfcomp-version-1-18 2025-08-29 v3.1.11a (3.1.11a)
))
(/usr/local/texlive/2026basic/texmf-dist/tex/latex/pgf/utilities/pgffor.sty
(/usr/local/texlive/2026basic/texmf-dist/tex/latex/pgf/utilities/pgfkeys.sty
(/usr/local/texlive/2026basic/texmf-dist/tex/generic/pgf/utilities/pgfkeys.code
.tex)) (/usr/local/texlive/2026basic/texmf-dist/tex/latex/pgf/math/pgfmath.sty
(/usr/local/texlive/2026basic/texmf-dist/tex/generic/pgf/math/pgfmath.code.tex)
)
(/usr/local/texlive/2026basic/texmf-dist/tex/generic/pgf/utilities/pgffor.code.
tex
Package: pgffor 2025-08-29 v3.1.11a (3.1.11a)
\pgffor@iter=\dimen277
\pgffor@skip=\dimen278
\pgffor@stack=\toks47
\pgffor@toks=\toks48
))
(/usr/local/texlive/2026basic/texmf-dist/tex/generic/pgf/frontendlayer/tikz/tik
z.code.tex
Package: tikz 2025-08-29 v3.1.11a (3.1.11a)

(/usr/local/texlive/2026basic/texmf-dist/tex/generic/pgf/libraries/pgflibrarypl
othandlers.code.tex
File: pgflibraryplothandlers.code.tex 2025-08-29 v3.1.11a (3.1.11a)
\pgf@plot@mark@count=\count335
\pgfplotmarksize=\dimen279
)
\tikz@lastx=\dimen280
\tikz@lasty=\dimen281
\tikz@lastxsaved=\dimen282
\tikz@lastysaved=\dimen283
\tikz@lastmovetox=\dimen284
\tikz@lastmovetoy=\dimen285
\tikzleveldistance=\dimen286
\tikzsiblingdistance=\dimen287
\tikz@figbox=\box65
\tikz@figbox@bg=\box66
\tikz@tempbox=\box67
\tikz@tempbox@bg=\box68
\tikztreelevel=\count336
\tikznumberofchildren=\count337
\tikznumberofcurrentchild=\count338
\tikz@fig@count=\count339

(/usr/local/texlive/2026basic/texmf-dist/tex/generic/pgf/modules/pgfmodulematri
x.code.tex
File: pgfmodulematrix.code.tex 2025-08-29 v3.1.11a (3.1.11a)
\pgfmatrixcurrentrow=\count340
\pgfmatrixcurrentcolumn=\count341
\pgf@matrix@numberofcolumns=\count342
)
\tikz@expandcount=\count343

(/usr/local/texlive/2026basic/texmf-dist/tex/generic/pgf/frontendlayer/tikz/lib
raries/tikzlibrarytopaths.code.tex
File: tikzlibrarytopaths.code.tex 2025-08-29 v3.1.11a (3.1.11a)
)))
(/usr/local/texlive/2026basic/texmf-dist/tex/generic/pgf/libraries/pgflibraryar
rows.meta.code.tex
File: pgflibraryarrows.meta.code.tex 2025-08-29 v3.1.11a (3.1.11a)
\pgfarrowinset=\dimen288
\pgfarrowlength=\dimen289
\pgfarrowwidth=\dimen290
\pgfarrowlinewidth=\dimen291
)
(/usr/local/texlive/2026basic/texmf-dist/tex/generic/pgf/frontendlayer/tikz/lib
raries/tikzlibrarypositioning.code.tex
File: tikzlibrarypositioning.code.tex 2025-08-29 v3.1.11a (3.1.11a)
)
(/usr/local/texlive/2026basic/texmf-dist/tex/generic/pgf/frontendlayer/tikz/lib
raries/tikzlibrarydecorations.pathreplacing.code.tex
(/usr/local/texlive/2026basic/texmf-dist/tex/generic/pgf/frontendlayer/tikz/lib
raries/tikzlibrarydecorations.code.tex
(/usr/local/texlive/2026basic/texmf-dist/tex/generic/pgf/modules/pgfmoduledecor
ations.code.tex
\pgfdecoratedcompleteddistance=\dimen292
\pgfdecoratedremainingdistance=\dimen293
\pgfdecoratedinputsegmentcompleteddistance=\dimen294
\pgfdecoratedinputsegmentremainingdistance=\dimen295
\pgf@decorate@distancetomove=\dimen296
\pgf@decorate@repeatstate=\count344
\pgfdecorationsegmentamplitude=\dimen297
\pgfdecorationsegmentlength=\dimen298
)
\tikz@lib@dec@box=\box69
)
(/usr/local/texlive/2026basic/texmf-dist/tex/generic/pgf/libraries/decorations/
pgflibrarydecorations.pathreplacing.code.tex))
(/usr/local/texlive/2026basic/texmf-dist/tex/latex/booktabs/booktabs.sty
Package: booktabs 2020/01/12 v1.61803398 Publication quality tables
\heavyrulewidth=\dimen299
\lightrulewidth=\dimen300
\cmidrulewidth=\dimen301
\belowrulesep=\dimen302
\belowbottomsep=\dimen303
\aboverulesep=\dimen304
\abovetopsep=\dimen305
\cmidrulesep=\dimen306
\cmidrulekern=\dimen307
\defaultaddspace=\dimen308
\@cmidla=\count345
\@cmidlb=\count346
\@aboverulesep=\dimen309
\@belowrulesep=\dimen310
\@thisruleclass=\count347
\@lastruleclass=\count348
\@thisrulewidth=\dimen311
)
(./adjustbox.sty
Package: adjustbox 2026/04/01 Minimal local fallback
) (./algorithm.sty
Package: algorithm 2026/04/01 Minimal local fallback
) (./algpseudocode.sty
Package: algpseudocode 2026/04/01 Minimal local fallback
\c@ALG@line=\count349
) (./pgfplots.sty
Package: pgfplots 2026/04/01 Minimal local fallback
)
(./pgfplotstable.sty
Package: pgfplotstable 2026/04/01 Minimal local fallback
)
(/usr/local/texlive/2026basic/texmf-dist/tex/latex/tools/longtable.sty
Package: longtable 2025-10-13 v4.24 Multi-page Table package (DPC)
\LTleft=\skip66
\LTright=\skip67
\LTpre=\skip68
\LTpost=\skip69
\LTchunksize=\count350
\LTcapwidth=\dimen312
\LT@head=\box70
\LT@firsthead=\box71
\LT@foot=\box72
\LT@lastfoot=\box73
\LT@gbox=\box74
\LT@cols=\count351
\LT@rows=\count352
\c@LT@tables=\count353
\c@LT@chunks=\count354
\LT@p@ftn=\toks49
)
(./siunitx.sty
Package: siunitx 2026/04/01 Minimal local fallback
) (./subcaption.sty
Package: subcaption 2026/04/01 Minimal local fallback
) (./underscore.sty
Package: underscore 2026/04/01 Minimal local fallback
)
==> First Aid for underscore.sty no longer applied!
    Expected:
        2006/09/13
    but found:
        2026/04/01 Minimal local fallback
    so I'm assuming it got fixed.
(/usr/local/texlive/2026basic/texmf-dist/tex/latex/tools/tabularx.sty
Package: tabularx 2023/12/11 v2.12a `tabularx' package (DPC)

(/usr/local/texlive/2026basic/texmf-dist/tex/latex/tools/array.sty
Package: array 2025/09/25 v2.6n Tabular extension package (FMi)
\col@sep=\dimen313
\ar@mcellbox=\box75
\extrarowheight=\dimen314
\NC@list=\toks50
\extratabsurround=\skip70
\backup@length=\skip71
\ar@cellbox=\box76
)
\TX@col@width=\dimen315
\TX@old@table=\dimen316
\TX@old@col=\dimen317
\TX@target=\dimen318
\TX@delta=\dimen319
\TX@cols=\count355
\TX@ftn=\toks51
)
(./float.sty
Package: float 2026/04/01 Minimal local fallback
)
\c@theorem=\count356
\c@lemma=\count357
\c@proposition=\count358
\c@corollary=\count359
\c@conjecture=\count360
\c@hypothesis=\count361
\c@definition=\count362
\c@assumption=\count363
\c@remark=\count364
 (./paper_warnfix.aux)
\openout1 = `paper_warnfix.aux'.

LaTeX Font Info:    Checking defaults for OML/cmm/m/it on input line 406.
LaTeX Font Info:    ... okay on input line 406.
LaTeX Font Info:    Checking defaults for OMS/cmsy/m/n on input line 406.
LaTeX Font Info:    ... okay on input line 406.
LaTeX Font Info:    Checking defaults for OT1/cmr/m/n on input line 406.
LaTeX Font Info:    ... okay on input line 406.
LaTeX Font Info:    Checking defaults for T1/cmr/m/n on input line 406.
LaTeX Font Info:    ... okay on input line 406.
LaTeX Font Info:    Checking defaults for TS1/cmr/m/n on input line 406.
LaTeX Font Info:    ... okay on input line 406.
LaTeX Font Info:    Checking defaults for OMX/cmex/m/n on input line 406.
LaTeX Font Info:    ... okay on input line 406.
LaTeX Font Info:    Checking defaults for U/cmr/m/n on input line 406.
LaTeX Font Info:    ... okay on input line 406.
LaTeX Font Info:    Checking defaults for PD1/pdf/m/n on input line 406.
LaTeX Font Info:    ... okay on input line 406.
LaTeX Font Info:    Checking defaults for PU/pdf/m/n on input line 406.
LaTeX Font Info:    ... okay on input line 406.

(/usr/local/texlive/2026basic/texmf-dist/tex/context/base/mkii/supp-pdf.mkii
[Loading MPS to PDF converter (version 2006.09.02).]
\scratchcounter=\count365
\scratchdimen=\dimen320
\scratchbox=\box77
\nofMPsegments=\count366
\nofMParguments=\count367
\everyMPshowfont=\toks52
\MPscratchCnt=\count368
\MPscratchDim=\dimen321
\MPnumerator=\count369
\makeMPintoPDFobject=\count370
\everyMPtoPDFconversion=\toks53
)
(/usr/local/texlive/2026basic/texmf-dist/tex/latex/epstopdf-pkg/epstopdf-base.s
ty
Package: epstopdf-base 2020-01-24 v2.11 Base part for package epstopdf
Package epstopdf-base Info: Redefining graphics rule for `.eps' on input line 4
85.

(/usr/local/texlive/2026basic/texmf-dist/tex/latex/latexconfig/epstopdf-sys.cfg
File: epstopdf-sys.cfg 2010/07/13 v1.3 Configuration of (r)epstopdf for TeX Liv
e
))
Package hyperref Info: Link coloring OFF on input line 406.
 (./paper_warnfix.out) (./paper_warnfix.out)
\@outlinefile=\write4
\openout4 = `paper_warnfix.out'.

LaTeX Info: Redefining \microtypecontext on input line 406.
Package microtype Info: Applying patch `item' on input line 406.
Package microtype Info: Applying patch `toc' on input line 406.
Package microtype Info: Applying patch `eqnum' on input line 406.
Package microtype Info: Applying patch `footnote' on input line 406.
Package microtype Info: Applying patch `verbatim' on input line 406.
LaTeX Info: Redefining \microtypesetup on input line 406.
Package microtype Info: Generating PDF output.
Package microtype Info: Character protrusion enabled (level 2).
Package microtype Info: Using default protrusion set `alltext'.
Package microtype Info: No font expansion.
Package microtype Info: No adjustment of tracking.
Package microtype Info: No adjustment of interword spacing.
Package microtype Info: No adjustment of character kerning.

(/usr/local/texlive/2026basic/texmf-dist/tex/latex/microtype/mt-cmr.cfg
File: mt-cmr.cfg 2013/05/19 v2.2 microtype config. file: Computer Modern Roman 
(RS)
)
Package microtype Info: Loading generic protrusion settings for font family
(microtype)             `cmss' (encoding: T1).
(microtype)             For optimal results, create family-specific settings.
(microtype)             See the microtype manual for details.
Package microtype Info: Loading generic protrusion settings for font family
(microtype)             `cmtt' (encoding: T1).
(microtype)             For optimal results, create family-specific settings.
(microtype)             See the microtype manual for details.
LaTeX Font Info:    Trying to load font information for U+msa on input line 408
.

(/usr/local/texlive/2026basic/texmf-dist/tex/latex/amsfonts/umsa.fd
File: umsa.fd 2013/01/14 v3.01 AMS symbols A
)
(/usr/local/texlive/2026basic/texmf-dist/tex/latex/microtype/mt-msa.cfg
File: mt-msa.cfg 2006/02/04 v1.1 microtype config. file: AMS symbols (a) (RS)
)
LaTeX Font Info:    Trying to load font information for U+msb on input line 408
.

(/usr/local/texlive/2026basic/texmf-dist/tex/latex/amsfonts/umsb.fd
File: umsb.fd 2013/01/14 v3.01 AMS symbols B
)
(/usr/local/texlive/2026basic/texmf-dist/tex/latex/microtype/mt-msb.cfg
File: mt-msb.cfg 2005/06/01 v1.0 microtype config. file: AMS symbols (b) (RS)
)
Overfull \hbox (0.44778pt too wide) in paragraph at lines 408--408
[]\T1/cmr/bx/n/10.95 Results. \T1/cmr/m/n/10.95 (i) Un-der four ax-ioms (A1--A4
)---a semi-clas-si-cal ex-te-rior with Hadamard/QEI
 []


Underfull \hbox (badness 1448) in paragraph at lines 408--408
\T1/cmr/m/n/10.95 signatures---Page-curve shapes, late-time en-tan-gle-ment gro
wth, and echo-correlation
 []

[0

{/usr/local/texlive/2026basic/texmf-var/fonts/map/pdftex/updmap/pdftex.map}]
(./paper_warnfix.toc [1] [2])
\tf@toc=\write5
\openout5 = `paper_warnfix.toc'.

 [1] [2] [3] [4] [5] [6] [7] [8] [9] [10] [11]
[12] [13] [14] [15]
Package microtype Info: Loading generic protrusion settings for font family
(microtype)             `cmss' (encoding: OT1).
(microtype)             For optimal results, create family-specific settings.
(microtype)             See the microtype manual for details.
 [16]
Overfull \hbox (185.71738pt too wide) in paragraph at lines 1014--1027
 [][] 
 []

[17] [18] [19] [20]
Overfull \hbox (5.28291pt too wide) detected at line 1161
[][][][] \OML/cmm/m/it/10.95 S []O[][] \OMS/cmsy/m/n/10.95 ^^@ []  [] [] \OML/c
mm/m/it/10.95 s[];  S[]\OT1/cmr/m/n/10.95 (\OML/cmm/m/it/10.95 u[]\OT1/cmr/m/n/
10.95 ) + \OML/cmm/m/it/10.95 S\OT1/cmr/m/n/10.95 (\OML/cmm/m/it/10.95 I[]; M[]
\OT1/cmr/m/n/10.95 )[] [] \OMS/cmsy/m/n/10.95 ^^T \OML/cmm/m/it/10.95 C []"[] \
OT1/cmr/m/n/10.95 + \OML/cmm/m/it/10.95 "[] \OT1/cmr/m/n/10.95 + \OML/cmm/m/it/
10.95 e[][] \OT1/cmr/m/n/10.95 + \OML/cmm/m/it/10.95 c[] \OT1/cmr/m/n/10.95 + \
OML/cmm/m/it/10.95 c[] [] S[]\OT1/cmr/m/n/10.95 (\OML/cmm/m/it/10.95 u[]\OT1/cm
r/m/n/10.95 )
 []


Overfull \hbox (27.03395pt too wide) in paragraph at lines 1175--1188
 [][] 
 []

[21]
Underfull \hbox (badness 2126) in paragraph at lines 1201--1203
\T1/cmr/m/it/10.95 where $\OML/cmm/m/it/10.95 ^^\[] \OT1/cmr/m/n/10.95 = \OML/c
mm/m/it/10.95 O\OT1/cmr/m/n/10.95 (\OML/cmm/m/it/10.95 ^^\[]\OT1/cmr/m/n/10.95 
)$ \T1/cmr/m/it/10.95 is the mix-ing time of the in-duced comb chan-nel on the
 []

[22]
Underfull \hbox (badness 2035) in paragraph at lines 1236--1237
[]\T1/cmr/m/it/10.95 Remark \T1/cmr/m/n/10.95 7 (En-ve-lope ver-sus ex-act curv
e)\T1/cmr/m/it/10.95 . []\T1/cmr/m/n/10.95 The re-sult above cer-ti-fies an \T1
/cmr/m/it/10.95 en-ve-lope
 []


Underfull \hbox (badness 2818) in paragraph at lines 1256--1258
[]\T1/cmr/m/it/10.95 Remark \T1/cmr/m/n/10.95 8 (Sources and mag-ni-tude of the
 Log-a-rith-mic Er-ror Term)\T1/cmr/m/it/10.95 . []\T1/cmr/m/n/10.95 The term
 []


Underfull \hbox (badness 1275) in paragraph at lines 1256--1258
\OT1/cmr/m/n/10.95 (\OML/cmm/m/it/10.95 c[] \OT1/cmr/m/n/10.95 + \OML/cmm/m/it/
10.95 c[] [] S[]\OT1/cmr/m/n/10.95 )$ \T1/cmr/m/n/10.95 ex-plic-itly col-lects 
sev-eral con-tri-bu-tions: (i) the state-independent
 []

[23] [24] [25] [26] [27] [28] [29] [30]
Overfull \hbox (26.90253pt too wide) detected at line 1531
[][][]\OML/cmm/m/it/10.95 F[]\OT1/cmr/m/n/10.95 (\OT1/cmss/m/n/10.95 U[] \OMS/c
msy/m/n/10.95 j A[]\OT1/cmr/m/n/10.95 ) := [] [] [][] \OML/cmm/m/it/10.95 ;  W[
]\OT1/cmr/m/n/10.95 (\OML/cmm/m/it/10.95 t\OT1/cmr/m/n/10.95 ) := \OML/cmm/m/it
/10.95 U\OT1/cmr/m/n/10.95 (\OML/cmm/m/it/10.95 t\OT1/cmr/m/n/10.95 )[]\OML/cmm
/m/it/10.95 W[]U\OT1/cmr/m/n/10.95 (\OML/cmm/m/it/10.95 t\OT1/cmr/m/n/10.95 )\O
ML/cmm/m/it/10.95 ;
 []


Overfull \hbox (30.89943pt too wide) in paragraph at lines 1544--1545
[]\T1/cmr/bx/n/10.95 Lemma 6 \T1/cmr/m/n/10.95 (Frame po-ten-tial con-trols di-
a-mond dis-tance)\T1/cmr/bx/n/10.95 . []\T1/cmr/m/it/10.95 Let $\OT1/cmr/m/n/10
.95 ^^A[] := \OML/cmm/m/it/10.95 F[]\OT1/cmr/m/n/10.95 (\OT1/cmss/m/n/10.95 U[]
 \OMS/cmsy/m/n/10.95 j A[]\OT1/cmr/m/n/10.95 )\OML/cmm/m/it/10.95 =F[]\OT1/cmr/
m/n/10.95 ([] \OMS/cmsy/m/n/10.95 j A[]\OT1/cmr/m/n/10.95 ) \OMS/cmsy/m/n/10.95
 ^^@
 []

[31] [32] [33] [34] [35] [36] [37] [38]
Overfull \hbox (16.30191pt too wide) detected at line 1808
[]
 []

[39] [40] [41] [42]
Underfull \hbox (badness 1325) in paragraph at lines 1932--1933
[]\T1/cmr/bx/n/10.95 Inputs: \T1/cmr/m/n/10.95 Lo-cal maps $\OMS/cmsy/m/n/10.95
 f\OML/cmm/m/it/10.95 U[]\OMS/cmsy/m/n/10.95 g$\T1/cmr/m/n/10.95 , mem-ory dept
h $\OML/cmm/m/it/10.95 `[]$ \T1/cmr/m/n/10.95 (or win-dow $\OML/cmm/m/it/10.95 
W$\T1/cmr/m/n/10.95 ), tol-er-ances
 []

[43] [44] [45] [46] [47] [48] [49] [50]
Underfull \hbox (badness 1048) in paragraph at lines 2344--2345
[]\T1/cmr/bx/n/10.95 Theorem 9 \T1/cmr/m/n/10.95 (PT-MPO com-pu-ta-tional com-p
lex-ity)\T1/cmr/bx/n/10.95 . []\T1/cmr/m/it/10.95 Fix lo-cal phys-i-cal di-men-
sion $\OML/cmm/m/it/10.95 d$\T1/cmr/m/it/10.95 ,
 []


Underfull \hbox (badness 1552) in paragraph at lines 2344--2345
\T1/cmr/m/it/10.95 The hid-den con-stants in the big-O no-ta-tion de-pend on th
e im-ple-men-ta-tion de-tails
 []


LaTeX Warning: `h' float specifier changed to `ht'.

[51] [52] [53]
Overfull \hbox (45.44266pt too wide) in alignment at lines 2469--2469
[][][][] 
 []

[54] [55]

LaTeX Warning: `h' float specifier changed to `ht'.

[56]
Overfull \hbox (23.52225pt too wide) in paragraph at lines 2568--2578
 [] 
 []


Overfull \hbox (5.58762pt too wide) in paragraph at lines 2587--2596
 [][] 
 []

[57]
Underfull \hbox (badness 3724) in paragraph at lines 2618--2619
\T1/cmr/m/n/10.95 high-precision ana-logue plat-forms and ex-ten-sive gravitati
onal-wave ring-down
 []

[58]
Overfull \hbox (181.60352pt too wide) in paragraph at lines 2631--2642
 [][] 
 []


Underfull \hbox (badness 10000) in paragraph at lines 2669--2669
[]|\T1/cmr/bx/n/9 Islands /
 []


Underfull \hbox (badness 10000) in paragraph at lines 2669--2669
[]|\T1/cmr/m/n/9 Non-Markovian
 []


Underfull \hbox (badness 10000) in paragraph at lines 2669--2669
\T1/cmr/m/n/9 tary evo-lu-tion
 []


Underfull \hbox (badness 10000) in paragraph at lines 2669--2669
[]|\T1/cmr/m/n/9 Extremal sur-
 []


Underfull \hbox (badness 10000) in paragraph at lines 2669--2669
\T1/cmr/m/n/9 for en-tan-gle-
 []


Underfull \hbox (badness 10000) in paragraph at lines 2669--2669
\T1/cmr/m/n/9 ment; replica
 []


Underfull \hbox (badness 10000) in paragraph at lines 2669--2669
\T1/cmr/m/n/9 worm-holes
 []


Underfull \hbox (badness 10000) in paragraph at lines 2669--2669
\T1/cmr/m/n/9 and quantum-
 []


Underfull \hbox (badness 10000) in paragraph at lines 2669--2669
\T1/cmr/m/n/9 or high-energy
 []


Underfull \hbox (badness 10000) in paragraph at lines 2669--2669
\T1/cmr/m/n/9 struc-ture; no
 []


Underfull \hbox (badness 2582) in paragraph at lines 2669--2669
[]|\T1/cmr/m/n/9 Spatial non-lo-cal
 []


Underfull \hbox (badness 1810) in paragraph at lines 2669--2669
\T1/cmr/m/n/9 ment as ge-om-e-
 []


Underfull \hbox (badness 6157) in paragraph at lines 2669--2669
[]|\T1/cmr/m/n/9 Stable end-point
 []


Underfull \hbox (badness 10000) in paragraph at lines 2669--2669
\T1/cmr/m/n/9 with large en-
 []


Underfull \hbox (badness 10000) in paragraph at lines 2669--2669
[]|\T1/cmr/m/n/9 Semiclassical +
 []


Underfull \hbox (badness 10000) in paragraph at lines 2669--2669
[]|\T1/cmr/m/n/9 Smooth lo-cally;
 []


Underfull \hbox (badness 1748) in paragraph at lines 2669--2669
\T1/cmr/m/n/9 non-lo-cal cor-re-la-
 []


Underfull \hbox (badness 10000) in paragraph at lines 2669--2669
[]|\T1/cmr/m/n/9 Standard semi-
 []


Underfull \hbox (badness 10000) in paragraph at lines 2669--2669
[]|\T1/cmr/m/n/9 Island re-con-
 []


Underfull \hbox (badness 10000) in paragraph at lines 2669--2669
\T1/cmr/m/n/9 struc-tion of
 []


Underfull \hbox (badness 10000) in paragraph at lines 2669--2669
[]|\T1/cmr/m/n/9 Reflects near
 []


Underfull \hbox (badness 10000) in paragraph at lines 2669--2669
\T1/cmr/m/n/9 hori-zon; bulk
 []


Underfull \hbox (badness 6625) in paragraph at lines 2669--2669
[]|\T1/cmr/m/n/9 Stored in rem-
 []


Underfull \hbox (badness 10000) in paragraph at lines 2669--2669
[]|\T1/cmr/m/n/9 Spatially lo-cal;
 []


Underfull \hbox (badness 7814) in paragraph at lines 2669--2669
\T1/cmr/m/n/9 tem-po-ral non-lo-
 []


Underfull \hbox (badness 10000) in paragraph at lines 2669--2669
[]|\T1/cmr/m/n/9 Island sad-dles
 []


Underfull \hbox (badness 2547) in paragraph at lines 2669--2669
\T1/cmr/m/n/9 im-ply non-triv-ial
 []


Underfull \hbox (badness 5161) in paragraph at lines 2669--2669
[]|\T1/cmr/m/n/9 Semiclassical lo-
 []


Underfull \hbox (badness 1325) in paragraph at lines 2669--2669
\T1/cmr/m/n/9 cal-ity breaks at
 []


Underfull \hbox (badness 10000) in paragraph at lines 2669--2669
[]|\T1/cmr/m/n/9 Explicit spa-tial
 []

[59] [60]
Overfull \hbox (14.05298pt too wide) in paragraph at lines 2732--2736
 []\T1/cmr/bx/n/10.95 Non-Markovian chan-nels and process-tensor lit-er-a-ture.
[] \T1/cmr/m/n/10.95 The process-tensor/quantum-
 []

[61]
Overfull \hbox (13.03244pt too wide) in paragraph at lines 2760--2763
[]\T1/cmr/bx/n/10.95 Beyond asymp-totics. \T1/cmr/m/n/10.95 Ex-tend-ing the \T1
/cmr/m/sc/10.95 HMC \T1/cmr/m/n/10.95 to dy-nam-i-cal space-times, charged/rota
ting
 []


Underfull \hbox (badness 1173) in paragraph at lines 2772--2774
[]\T1/cmr/bx/n/10.95 Proposition 15 \T1/cmr/m/n/10.95 (Is-land $\OMS/cmsy/m/n/1
0.95 ^^Q$ \T1/cmr/m/n/10.95 op-er-a-tor-al-ge-bra QEC (OA-QEC))\T1/cmr/bx/n/10.
95 . []\T1/cmr/m/it/10.95 Let $\OML/cmm/m/it/10.95 M$ \T1/cmr/m/it/10.95 de-not
e the
 []


Underfull \hbox (badness 1325) in paragraph at lines 2772--2774
\OML/cmm/m/it/10.95 I\OT1/cmr/m/n/10.95 ([][][] \OMS/cmsy/m/n/10.95 j \OML/cmm/
m/it/10.95 M\OT1/cmr/m/n/10.95 )$ \T1/cmr/m/it/10.95 the con-di-tional mu-tual 
in-for-ma-tion be-tween early ra-di-a-tion and
 []

[62]

LaTeX Warning: `h' float specifier changed to `ht'.

[63] [64] [65] [66]
Underfull \hbox (badness 10000) in paragraph at lines 2915--2915
[]|\T1/cmr/m/n/10.95 Comb Page The-o-rem
 []


Underfull \hbox (badness 10000) in paragraph at lines 2916--2916
[]|\T1/cmr/m/n/10.95 Decoupling bounds
 []


Underfull \hbox (badness 10000) in paragraph at lines 2917--2917
[]|\T1/cmr/m/n/10.95 PT-MPO com-plex-ity
 []


Underfull \hbox (badness 1436) in paragraph at lines 2917--2918
[]|\T1/cmr/m/n/10.95 Polynomial cost/certified er-ror from
 []


Underfull \hbox (badness 10000) in paragraph at lines 2918--2918
[]|\T1/cmr/m/n/10.95 No-Firewall Lemma
 []


Underfull \hbox (badness 1383) in paragraph at lines 2920--2921
[]|\T1/cmr/m/n/10.95 Requires OTOC sat-u-ra-tion of MSS
 []


Underfull \hbox (badness 10000) in paragraph at lines 2923--2923
[]|\T1/cmr/m/n/10.95 Model-
 []


Underfull \hbox (badness 10000) in paragraph at lines 2924--2925
[]|\T1/cmr/m/n/10.95 Assumes causal-ity bounds, QEIs,
 []

[67] [68]
Underfull \vbox (badness 5817) has occurred while \output is active []

 [69]
Underfull \hbox (badness 1622) in paragraph at lines 3000--3001
\OML/cmm/m/it/10.95 H[]\OT1/cmr/m/n/10.95 (\OML/cmm/m/it/10.95 R[]\OMS/cmsy/m/n
/10.95 j\OML/cmm/m/it/10.95 M[]I[]\OT1/cmr/m/n/10.95 )$ \T1/cmr/m/n/10.95 one h
as con-cen-tra-tion around the von Neu-mann en-tropy up to
 []

[70]
Overfull \hbox (52.20358pt too wide) detected at line 3051
\OMS/cmsy/m/n/10.95 I\OT1/cmr/m/n/10.95 [\OML/cmm/m/it/10.95 q; q[]\OT1/cmr/m/n
/10.95 ]  =  []  [] \OML/cmm/m/it/10.95 ;
 []

[71]
Underfull \hbox (badness 10000) in paragraph at lines 3057--3060
[]\T1/cmr/m/n/10.95 Standard Schwinger--Keldysh coarse-graining of lin-earized 
met-ric/matter
 []


Underfull \hbox (badness 1629) in paragraph at lines 3057--3060
\T1/cmr/m/n/10.95 modes in a qua-sis-ta-tion-ary back-ground pro-duces $\OML/cm
m/m/it/10.95 K[]; \OMS/cmsy/m/n/10.95 N$ \T1/cmr/m/n/10.95 with the KMS re-la-t
ion
 []


Underfull \hbox (badness 1845) in paragraph at lines 3077--3082
[]\T1/cmr/m/n/10.95 Expand $\OMS/cmsy/m/n/10.95 F[]$ \T1/cmr/m/n/10.95 in an or
-thonor-mal op-er-a-tor ba-sis $\OMS/cmsy/m/n/10.95 f\OML/cmm/m/it/10.95 O[]\OM
S/cmsy/m/n/10.95 g$ \T1/cmr/m/n/10.95 on $\OML/cmm/m/it/10.95 X$\T1/cmr/m/n/10.
95 : $\OMS/cmsy/m/n/10.95 F[]\OT1/cmr/m/n/10.95 (\OML/cmm/m/it/10.95 U\OT1/cmr/
m/n/10.95 ; \OML/cmm/m/it/10.95 X\OT1/cmr/m/n/10.95 ) =
 []

[72] [73] [74] [75] [76]
Overfull \hbox (4.34686pt too wide) in paragraph at lines 3216--3217
 []\T1/cmr/bx/n/10.95 Time-domain ker-nel and mem-ory time[] \T1/cmr/m/n/10.95 
The in-verse trans-form $\OML/cmm/m/it/10.95 K\OT1/cmr/m/n/10.95 (\OML/cmm/m/it
/10.95 t\OT1/cmr/m/n/10.95 ) = [] [] \OML/cmm/m/it/10.95 e[]\OT1/cmr/m/n/10.95 
^^D[](\OML/cmm/m/it/10.95 !\OT1/cmr/m/n/10.95 )$
 []


Overfull \hbox (469.4746pt too wide) in paragraph at lines 3228--3228
[]\T1/cmtt/m/n/10.95 python3 simulation.py --s-initial 12 --steps 12 --num-runs
 100 --g2-runs 200 --kfolds 5 --seed 42 --threads 1 --pythonhashseed 0 --save-l
edger seed_ledger.json[] 
 []

[77] [78]

LaTeX Warning: `h' float specifier changed to `ht'.


Underfull \hbox (badness 5563) in paragraph at lines 3338--3339
 []\T1/cmr/bx/n/10.95 Exact CLI in-vo-ca-tion.[] \T1/cmtt/m/n/10.95 python simu
lation.py --save-ledger seed_ledger.json
 []

[79]
LaTeX Font Info:    Font shape `T1/cmtt/bx/n' in size <10.95> not available
(Font)              Font shape `T1/cmtt/m/n' tried instead on input line 3360.
 [80]
Overfull \hbox (39.94797pt too wide) in paragraph at lines 3390--3407
 [][] 
 []

[81]
Underfull \hbox (badness 2103) in paragraph at lines 3484--3485
[]|\T1/cmr/m/n/10.95 Out-of-time-ordered cor-re-la-tor; di-ag-nos-tic for quan-
tum
 []


ignored: Infinite glue shrinkage found in box being split [82]
ignored: Infinite glue shrinkage fo
und in box being split [83] [84]
Underfull \hbox (badness 1558) in paragraph at lines 3517--3518
[]\T1/cmr/m/n/10.95 Writing $\OT1/cmr/m/n/10.95 ^^H[]$ \T1/cmr/m/n/10.95 for a 
com-ple-men-tary chan-nel (with out-put go-ing to the en-vi-ron-
 []

[85] [86]
Underfull \hbox (badness 2359) in paragraph at lines 3598--3602
[]\T1/cmr/m/n/10.95 The proof tracks con-stants ex-plic-itly. Write $\OML/cmm/m
/it/10.95 X$ \T1/cmr/m/n/10.95 for a ball of ra-dius $\OML/cmm/m/it/10.95 r$\T1
/cmr/m/n/10.95 .
 []


Underfull \hbox (badness 1454) in paragraph at lines 3598--3602
\T1/cmr/m/n/10.95 By Lieb--Robinson, com-mu-ta-tors out-side the cone are bound
ed by $\OMS/cmsy/m/n/10.95 k\OT1/cmr/m/n/10.95 [\OML/cmm/m/it/10.95 A\OT1/cmr/m
/n/10.95 (\OML/cmm/m/it/10.95 t\OT1/cmr/m/n/10.95 )\OML/cmm/m/it/10.95 ; B\OT1/
cmr/m/n/10.95 ]\OMS/cmsy/m/n/10.95 k ^^T
 []

[87]
Underfull \hbox (badness 1789) in paragraph at lines 3636--3638
\T1/cmr/m/n/10.95 Integrating out $\OML/cmm/m/it/10.95 '$ \T1/cmr/m/n/10.95 at 
tree level gives $\OT1/cmr/m/n/10.95 ^^A\OMS/cmsy/m/n/10.95 L[] ^^X \OT1/cmr/m/
n/10.95 +[](\OML/cmm/m/it/10.95 T[][][]\OT1/cmr/m/n/10.95 )[]$\T1/cmr/m/n/10.95
 , which fits the
 []


Underfull \hbox (badness 1275) in paragraph at lines 3636--3638
\T1/cmr/m/n/10.95 curvature-squared ba-sis af-ter us-ing the semi-clas-si-cal E
in-stein equa-tion. Match-ing
 []

[88] (./paper_warnfix.bbl [89] [90] [91]) [92] (./paper_warnfix.aux)
 ***********
LaTeX2e <2025-11-01>
L3 programming layer <2026-01-19>
 ***********
Package rerunfilecheck Info: File `paper_warnfix.out' has not changed.
(rerunfilecheck)             Checksum: 54065A9F9DA2B075BA9620A5C6B381AD;25507.
 ) 
Here is how much of TeX's memory you used:
 27004 strings out of 469006
 501471 string characters out of 5454814
 925044 words of memory out of 5000000
 54553 multiletter control sequences out of 15000+600000
 668308 words of font info for 141 fonts, out of 8000000 for 9000
 319 hyphenation exceptions out of 8191
 90i,16n,104p,1559b,824s stack positions out of 10000i,1000n,20000p,200000b,200000s
 </Users/daxu/papers/.texlive-var/fonts/pk/ljfour/jknappen/ec/ecxc1200.600pk>
 </Users/daxu/papers/.texlive-var/fonts/pk/ljfour/jknappen/ec/ectt0900.600pk> <
/Users/daxu/papers/.texlive-var/fonts/pk/ljfour/jknappen/ec/ecxc0900.600pk> </U
sers/daxu/papers/.texlive-var/fonts/pk/ljfour/jknappen/ec/ecti0800.600pk> </Use
rs/daxu/papers/.texlive-var/fonts/pk/ljfour/jknappen/ec/ecrm0600.600pk> </Users
/daxu/papers/.texlive-var/fonts/pk/ljfour/jknappen/ec/ecbi1095.600pk> </Users/d
axu/papers/.texlive-var/fonts/pk/ljfour/jknappen/ec/ecrm0800.600pk> </Users/dax
u/papers/.texlive-var/fonts/pk/ljfour/jknappen/ec/ecrm0900.600pk> </Users/daxu/
papers/.texlive-var/fonts/pk/ljfour/jknappen/ec/ecbx0900.600pk> </Users/daxu/pa
pers/.texlive-var/fonts/pk/ljfour/jknappen/ec/tcrm1095.600pk> </Users/daxu/pape
rs/.texlive-var/fonts/pk/ljfour/jknappen/ec/ecrm1000.600pk> </Users/daxu/papers
/.texlive-var/fonts/pk/ljfour/jknappen/ec/ecbx1000.600pk> </Users/daxu/papers/.
texlive-var/fonts/pk/ljfour/jknappen/ec/ecxc1095.600pk> </Users/daxu/papers/.te
xlive-var/fonts/pk/ljfour/jknappen/ec/ecbx1200.600pk> </Users/daxu/papers/.texl
ive-var/fonts/pk/ljfour/jknappen/ec/ecrm1095.600pk> </Users/daxu/papers/.texliv
e-var/fonts/pk/ljfour/jknappen/ec/ecbx1095.600pk> </Users/daxu/papers/.texlive-
var/fonts/pk/ljfour/jknappen/ec/eccc1095.600pk> </Users/daxu/papers/.texlive-va
r/fonts/pk/ljfour/jknappen/ec/ectt1095.600pk> </Users/daxu/papers/.texlive-var/
fonts/pk/ljfour/jknappen/ec/ecti1095.600pk> </Users/daxu/papers/.texlive-var/fo
nts/pk/ljfour/jknappen/ec/ecti1000.600pk> </Users/daxu/papers/.texlive-var/font
s/pk/ljfour/jknappen/ec/ecsx1095.600pk> </Users/daxu/papers/.texlive-var/fonts/
pk/ljfour/jknappen/ec/ecsx1728.600pk> </Users/daxu/papers/.texlive-var/fonts/pk
/ljfour/jknappen/ec/eccc1000.600pk></usr/local/texlive/2026basic/texmf-dist/fon
ts/type1/public/amsfonts/cm/cmbx10.pfb></usr/local/texlive/2026basic/texmf-dist
/fonts/type1/public/amsfonts/cm/cmex10.pfb></usr/local/texlive/2026basic/texmf-
dist/fonts/type1/public/amsfonts/cm/cmmi10.pfb></usr/local/texlive/2026basic/te
xmf-dist/fonts/type1/public/amsfonts/cm/cmmi5.pfb></usr/local/texlive/2026basic
/texmf-dist/fonts/type1/public/amsfonts/cm/cmmi6.pfb></usr/local/texlive/2026ba
sic/texmf-dist/fonts/type1/public/amsfonts/cm/cmmi7.pfb></usr/local/texlive/202
6basic/texmf-dist/fonts/type1/public/amsfonts/cm/cmmi8.pfb></usr/local/texlive/
2026basic/texmf-dist/fonts/type1/public/amsfonts/cm/cmmi9.pfb></usr/local/texli
ve/2026basic/texmf-dist/fonts/type1/public/amsfonts/cm/cmr10.pfb></usr/local/te
xlive/2026basic/texmf-dist/fonts/type1/public/amsfonts/cm/cmr12.pfb></usr/local
/texlive/2026basic/texmf-dist/fonts/type1/public/amsfonts/cm/cmr5.pfb></usr/loc
al/texlive/2026basic/texmf-dist/fonts/type1/public/amsfonts/cm/cmr6.pfb></usr/l
ocal/texlive/2026basic/texmf-dist/fonts/type1/public/amsfonts/cm/cmr7.pfb></usr
/local/texlive/2026basic/texmf-dist/fonts/type1/public/amsfonts/cm/cmr8.pfb></u
sr/local/texlive/2026basic/texmf-dist/fonts/type1/public/amsfonts/cm/cmr9.pfb><
/usr/local/texlive/2026basic/texmf-dist/fonts/type1/public/amsfonts/cm/cmss10.p
fb></usr/local/texlive/2026basic/texmf-dist/fonts/type1/public/amsfonts/cm/cmss
8.pfb></usr/local/texlive/2026basic/texmf-dist/fonts/type1/public/amsfonts/cm/c
msy10.pfb></usr/local/texlive/2026basic/texmf-dist/fonts/type1/public/amsfonts/
cm/cmsy5.pfb></usr/local/texlive/2026basic/texmf-dist/fonts/type1/public/amsfon
ts/cm/cmsy6.pfb></usr/local/texlive/2026basic/texmf-dist/fonts/type1/public/ams
fonts/cm/cmsy7.pfb></usr/local/texlive/2026basic/texmf-dist/fonts/type1/public/
amsfonts/cm/cmsy8.pfb></usr/local/texlive/2026basic/texmf-dist/fonts/type1/publ
ic/amsfonts/cm/cmsy9.pfb></usr/local/texlive/2026basic/texmf-dist/fonts/type1/p
ublic/amsfonts/symbols/msam10.pfb></usr/local/texlive/2026basic/texmf-dist/font
s/type1/public/amsfonts/symbols/msbm10.pfb>
Output written on paper_warnfix.pdf (95 pages, 948482 bytes).
PDF statistics:
 2977 PDF objects out of 2984 (max. 8388607)
 1947 compressed objects within 20 object streams
 637 named destinations out of 1000 (max. 500000)
 28917 words of extra memory for PDF output out of 29859 (max. 10000000)

