This is pdfTeX, Version 3.141592653-2.6-1.40.29 (TeX Live 2026) (preloaded format=pdflatex 2026.3.1)  1 APR 2026 10:39
entering extended mode
 restricted \write18 enabled.
 %&-line parsing enabled.
**paper.tex
(./paper.tex
LaTeX2e <2025-11-01>
L3 programming layer <2026-01-19>
(/usr/local/texlive/2026basic/texmf-dist/tex/latex/base/article.cls
Document Class: article 2025/01/22 v1.4n Standard LaTeX document class
(/usr/local/texlive/2026basic/texmf-dist/tex/latex/base/size11.clo
File: size11.clo 2025/01/22 v1.4n Standard LaTeX file (size option)
)
\c@part=\count275
\c@section=\count276
\c@subsection=\count277
\c@subsubsection=\count278
\c@paragraph=\count279
\c@subparagraph=\count280
\c@figure=\count281
\c@table=\count282
\abovecaptionskip=\skip49
\belowcaptionskip=\skip50
\bibindent=\dimen148
)
(/usr/local/texlive/2026basic/texmf-dist/tex/latex/base/inputenc.sty
Package: inputenc 2024/02/08 v1.3d Input encoding file
\inpenc@prehook=\toks17
\inpenc@posthook=\toks18
)
(/usr/local/texlive/2026basic/texmf-dist/tex/latex/base/fontenc.sty
Package: fontenc 2025/07/18 v2.1d Standard LaTeX package
)
(/usr/local/texlive/2026basic/texmf-dist/tex/latex/base/textcomp.sty
Package: textcomp 2024/04/24 v2.1b Standard LaTeX package
)
(./jheppub.sty
Package: jheppub 2018/12/04 v.1.1227

(/usr/local/texlive/2026basic/texmf-dist/tex/latex/amsmath/amsmath.sty
Package: amsmath 2025/07/09 v2.17z AMS math features
\@mathmargin=\skip51

For additional information on amsmath, use the `?' option.
(/usr/local/texlive/2026basic/texmf-dist/tex/latex/amsmath/amstext.sty
Package: amstext 2024/11/17 v2.01 AMS text

(/usr/local/texlive/2026basic/texmf-dist/tex/latex/amsmath/amsgen.sty
File: amsgen.sty 1999/11/30 v2.0 generic functions
\@emptytoks=\toks19
\ex@=\dimen149
))
(/usr/local/texlive/2026basic/texmf-dist/tex/latex/amsmath/amsbsy.sty
Package: amsbsy 1999/11/29 v1.2d Bold Symbols
\pmbraise@=\dimen150
)
(/usr/local/texlive/2026basic/texmf-dist/tex/latex/amsmath/amsopn.sty
Package: amsopn 2022/04/08 v2.04 operator names
)
\inf@bad=\count283
LaTeX Info: Redefining \frac on input line 233.
\uproot@=\count284
\leftroot@=\count285
LaTeX Info: Redefining \overline on input line 398.
LaTeX Info: Redefining \colon on input line 409.
\classnum@=\count286
\DOTSCASE@=\count287
LaTeX Info: Redefining \ldots on input line 495.
LaTeX Info: Redefining \dots on input line 498.
LaTeX Info: Redefining \cdots on input line 619.
\Mathstrutbox@=\box53
\strutbox@=\box54
LaTeX Info: Redefining \big on input line 721.
LaTeX Info: Redefining \Big on input line 722.
LaTeX Info: Redefining \bigg on input line 723.
LaTeX Info: Redefining \Bigg on input line 724.
\big@size=\dimen151
LaTeX Font Info:    Redeclaring font encoding OML on input line 742.
LaTeX Font Info:    Redeclaring font encoding OMS on input line 743.
\macc@depth=\count288
LaTeX Info: Redefining \bmod on input line 904.
LaTeX Info: Redefining \pmod on input line 909.
LaTeX Info: Redefining \smash on input line 939.
LaTeX Info: Redefining \relbar on input line 969.
LaTeX Info: Redefining \Relbar on input line 970.
\c@MaxMatrixCols=\count289
\dotsspace@=\muskip17
\c@parentequation=\count290
\dspbrk@lvl=\count291
\tag@help=\toks20
\row@=\count292
\column@=\count293
\maxfields@=\count294
\andhelp@=\toks21
\eqnshift@=\dimen152
\alignsep@=\dimen153
\tagshift@=\dimen154
\tagwidth@=\dimen155
\totwidth@=\dimen156
\lineht@=\dimen157
\@envbody=\toks22
\multlinegap=\skip52
\multlinetaggap=\skip53
\mathdisplay@stack=\toks23
LaTeX Info: Redefining \[ on input line 2950.
LaTeX Info: Redefining \] on input line 2951.
)
(/usr/local/texlive/2026basic/texmf-dist/tex/latex/amsfonts/amssymb.sty
Package: amssymb 2013/01/14 v3.01 AMS font symbols

(/usr/local/texlive/2026basic/texmf-dist/tex/latex/amsfonts/amsfonts.sty
Package: amsfonts 2013/01/14 v3.01 Basic AMSFonts support
\symAMSa=\mathgroup4
\symAMSb=\mathgroup5
LaTeX Font Info:    Redeclaring math symbol \hbar on input line 98.
LaTeX Font Info:    Overwriting math alphabet `\mathfrak' in version `bold'
(Font)                  U/euf/m/n --> U/euf/b/n on input line 106.
))
(/usr/local/texlive/2026basic/texmf-dist/tex/latex/graphics/epsfig.sty
Package: epsfig 2024/01/14 v1.7b (e)psfig emulation (SPQR)

(/usr/local/texlive/2026basic/texmf-dist/tex/latex/graphics/graphicx.sty
Package: graphicx 2024/12/31 v1.2e Enhanced LaTeX Graphics (DPC,SPQR)

(/usr/local/texlive/2026basic/texmf-dist/tex/latex/graphics/keyval.sty
Package: keyval 2022/05/29 v1.15 key=value parser (DPC)
\KV@toks@=\toks24
)
(/usr/local/texlive/2026basic/texmf-dist/tex/latex/graphics/graphics.sty
Package: graphics 2024/08/06 v1.4g Standard LaTeX Graphics (DPC,SPQR)

(/usr/local/texlive/2026basic/texmf-dist/tex/latex/graphics/trig.sty
Package: trig 2023/12/02 v1.11 sin cos tan (DPC)
)
(/usr/local/texlive/2026basic/texmf-dist/tex/latex/graphics-cfg/graphics.cfg
File: graphics.cfg 2016/06/04 v1.11 sample graphics configuration
)
Package graphics Info: Driver file: pdftex.def on input line 106.

(/usr/local/texlive/2026basic/texmf-dist/tex/latex/graphics-def/pdftex.def
File: pdftex.def 2025/09/29 v1.2d Graphics/color driver for pdftex
))
\Gin@req@height=\dimen158
\Gin@req@width=\dimen159
)
\epsfxsize=\dimen160
\epsfysize=\dimen161
)
(/usr/local/texlive/2026basic/texmf-dist/tex/latex/natbib/natbib.sty
Package: natbib 2010/09/13 8.31b (PWD, AO)
\bibhang=\skip54
\bibsep=\skip55
LaTeX Info: Redefining \cite on input line 694.
\c@NAT@ctr=\count295
)
(/usr/local/texlive/2026basic/texmf-dist/tex/latex/hyperref/hyperref.sty
Package: hyperref 2026-01-29 v7.01p Hypertext links for LaTeX

(/usr/local/texlive/2026basic/texmf-dist/tex/generic/iftex/iftex.sty
Package: iftex 2024/12/12 v1.0g TeX engine tests
)
(/usr/local/texlive/2026basic/texmf-dist/tex/latex/kvsetkeys/kvsetkeys.sty
Package: kvsetkeys 2022-10-05 v1.19 Key value parser (HO)
)
(/usr/local/texlive/2026basic/texmf-dist/tex/generic/kvdefinekeys/kvdefinekeys.
sty
Package: kvdefinekeys 2019-12-19 v1.6 Define keys (HO)
)
(/usr/local/texlive/2026basic/texmf-dist/tex/generic/pdfescape/pdfescape.sty
Package: pdfescape 2019/12/09 v1.15 Implements pdfTeX's escape features (HO)

(/usr/local/texlive/2026basic/texmf-dist/tex/generic/ltxcmds/ltxcmds.sty
Package: ltxcmds 2023-12-04 v1.26 LaTeX kernel commands for general use (HO)
)
(/usr/local/texlive/2026basic/texmf-dist/tex/generic/pdftexcmds/pdftexcmds.sty
Package: pdftexcmds 2020-06-27 v0.33 Utility functions of pdfTeX for LuaTeX (HO
)

(/usr/local/texlive/2026basic/texmf-dist/tex/generic/infwarerr/infwarerr.sty
Package: infwarerr 2019/12/03 v1.5 Providing info/warning/error messages (HO)
)
Package pdftexcmds Info: \pdf@primitive is available.
Package pdftexcmds Info: \pdf@ifprimitive is available.
Package pdftexcmds Info: \pdfdraftmode found.
)) (/usr/local/texlive/2026basic/texmf-dist/tex/latex/hycolor/hycolor.sty
Package: hycolor 2020-01-27 v1.10 Color options for hyperref/bookmark (HO)
)
(/usr/local/texlive/2026basic/texmf-dist/tex/latex/hyperref/nameref.sty
Package: nameref 2026-01-29 v2.58 Cross-referencing by name of section

(/usr/local/texlive/2026basic/texmf-dist/tex/latex/refcount/refcount.sty
Package: refcount 2019/12/15 v3.6 Data extraction from label references (HO)
)
(/usr/local/texlive/2026basic/texmf-dist/tex/generic/gettitlestring/gettitlestr
ing.sty
Package: gettitlestring 2019/12/15 v1.6 Cleanup title references (HO)

(/usr/local/texlive/2026basic/texmf-dist/tex/latex/kvoptions/kvoptions.sty
Package: kvoptions 2022-06-15 v3.15 Key value format for package options (HO)
))
\c@section@level=\count296
)
(/usr/local/texlive/2026basic/texmf-dist/tex/latex/etoolbox/etoolbox.sty
Package: etoolbox 2025/10/02 v2.5m e-TeX tools for LaTeX (JAW)
\etb@tempcnta=\count297
)
(/usr/local/texlive/2026basic/texmf-dist/tex/generic/stringenc/stringenc.sty
Package: stringenc 2019/11/29 v1.12 Convert strings between diff. encodings (HO
)
)
\@linkdim=\dimen162
\Hy@linkcounter=\count298
\Hy@pagecounter=\count299

(/usr/local/texlive/2026basic/texmf-dist/tex/latex/hyperref/pd1enc.def
File: pd1enc.def 2026-01-29 v7.01p Hyperref: PDFDocEncoding definition (HO)
Now handling font encoding PD1 ...
... no UTF-8 mapping file for font encoding PD1
)
(/usr/local/texlive/2026basic/texmf-dist/tex/generic/intcalc/intcalc.sty
Package: intcalc 2019/12/15 v1.3 Expandable calculations with integers (HO)
)
\Hy@SavedSpaceFactor=\count300

(/usr/local/texlive/2026basic/texmf-dist/tex/latex/hyperref/puenc.def
File: puenc.def 2026-01-29 v7.01p Hyperref: PDF Unicode definition (HO)
Now handling font encoding PU ...
... no UTF-8 mapping file for font encoding PU
)
Package hyperref Info: Option `colorlinks' set `true' on input line 4072.
Package hyperref Info: Option `linktocpage' set `true' on input line 4072.
Package hyperref Info: Option `pdfa' set `true' on input line 4072.
Package hyperref Info: Hyper figures OFF on input line 4201.
Package hyperref Info: Link nesting OFF on input line 4206.
Package hyperref Info: Hyper index ON on input line 4209.
Package hyperref Info: Plain pages OFF on input line 4216.
Package hyperref Info: Backreferencing OFF on input line 4221.
Package hyperref Info: Implicit mode ON; LaTeX internals redefined.
Package hyperref Info: Bookmarks ON on input line 4468.
\c@Hy@tempcnt=\count301

(/usr/local/texlive/2026basic/texmf-dist/tex/latex/url/url.sty
\Urlmuskip=\muskip18
Package: url 2013/09/16  ver 3.4  Verb mode for urls, etc.
)
LaTeX Info: Redefining \url on input line 4807.
\XeTeXLinkMargin=\dimen163

(/usr/local/texlive/2026basic/texmf-dist/tex/generic/bitset/bitset.sty
Package: bitset 2019/12/09 v1.3 Handle bit-vector datatype (HO)

(/usr/local/texlive/2026basic/texmf-dist/tex/generic/bigintcalc/bigintcalc.sty
Package: bigintcalc 2019/12/15 v1.5 Expandable calculations on big integers (HO
)
))
\Fld@menulength=\count302
\Field@Width=\dimen164
\Fld@charsize=\dimen165
Package hyperref Info: Hyper figures OFF on input line 6084.
Package hyperref Info: Link nesting OFF on input line 6089.
Package hyperref Info: Hyper index ON on input line 6092.
Package hyperref Info: backreferencing OFF on input line 6099.
Package hyperref Info: Link coloring ON on input line 6102.
Package hyperref Info: Link coloring with OCG OFF on input line 6109.
Package hyperref Info: PDF/A mode ON on input line 6112.
\Hy@abspage=\count303
\c@Item=\count304
\c@Hfootnote=\count305
)
Package hyperref Info: Driver (autodetected): hpdftex.
 (/usr/local/texlive/2026basic/texmf-dist/tex/latex/hyperref/hpdftex.def
File: hpdftex.def 2026-01-29 v7.01p Hyperref driver for pdfTeX
\Fld@listcount=\count306
\c@bookmark@seq@number=\count307

(/usr/local/texlive/2026basic/texmf-dist/tex/latex/rerunfilecheck/rerunfilechec
k.sty
Package: rerunfilecheck 2025-06-21 v1.11 Rerun checks for auxiliary files (HO)

(/usr/local/texlive/2026basic/texmf-dist/tex/generic/uniquecounter/uniquecounte
r.sty
Package: uniquecounter 2019/12/15 v1.4 Provide unlimited unique counter (HO)
)
Package uniquecounter Info: New unique counter `rerunfilecheck' on input line 2
84.
)
\Hy@SectionHShift=\skip56
)
\auth@toks=\toks25
\affil@toks=\toks26
\email@toks=\toks27
\c@email@counter=\count308
\affiliationsSep=\skip57
) (/usr/local/texlive/2026basic/texmf-dist/tex/latex/tools/xspace.sty
Package: xspace 2014/10/28 v1.13 Space after command names (DPC,MH)
)
(/usr/local/texlive/2026basic/texmf-dist/tex/latex/lineno/lineno.sty
Package: lineno 2026/02/16 line numbers on paragraphs v5.7
\linenopenalty=\count309
\output=\toks28
\linenoprevgraf=\count310
\linenumbersep=\dimen166
\linenumberwidth=\dimen167
\c@linenumber=\count311
\c@pagewiselinenumber=\count312
\c@LN@truepage=\count313
\c@internallinenumber=\count314
\c@internallinenumbers=\count315
\quotelinenumbersep=\dimen168
\bframerule=\dimen169
\bframesep=\dimen170
\bframebox=\box55
\@LN@amsmath@ams@eqpen=\count316
)
(/usr/local/texlive/2026basic/texmf-dist/tex/latex/microtype/microtype.sty
Package: microtype 2026/03/01 v3.2d Micro-typographical refinements (RS)
\MT@toks=\toks29
\MT@tempbox=\box56
\MT@count=\count317
LaTeX Info: Redefining \noprotrusionifhmode on input line 1084.
LaTeX Info: Redefining \leftprotrusion on input line 1085.
\MT@prot@toks=\toks30
LaTeX Info: Redefining \rightprotrusion on input line 1104.
LaTeX Info: Redefining \textls on input line 1449.
\MT@outer@kern=\dimen171
LaTeX Info: Redefining \microtypecontext on input line 2053.
LaTeX Info: Redefining \textmicrotypecontext on input line 2070.
\MT@listname@count=\count318

(/usr/local/texlive/2026basic/texmf-dist/tex/latex/microtype/microtype-pdftex.d
ef
File: microtype-pdftex.def 2026/03/01 v3.2d Definitions specific to pdftex (RS)

LaTeX Info: Redefining \lsstyle on input line 944.
LaTeX Info: Redefining \lslig on input line 944.
\MT@outer@space=\skip58
)
Package microtype Info: Loading configuration file microtype.cfg.
 (/usr/local/texlive/2026basic/texmf-dist/tex/latex/microtype/microtype.cfg
File: microtype.cfg 2026/03/01 v3.2d microtype main configuration file (RS)
)
LaTeX Info: Redefining \microtypesetup on input line 3065.
) (./cleveref.sty
Package: cleveref 2026/03/30 Minimal local fallback
)
==> First Aid for cleveref.sty no longer applied!
    Expected:
        2018/03/27 v0.21.4 Intelligent cross-referencing
    but found:
        2026/03/30 Minimal local fallback
    so I'm assuming it got fixed.
(/usr/local/texlive/2026basic/texmf-dist/tex/latex/setspace/setspace.sty
Package: setspace 2022/12/04 v6.7b set line spacing
)
(/usr/local/texlive/2026basic/texmf-dist/tex/latex/amscls/amsthm.sty
Package: amsthm 2020/05/29 v2.20.6
\thm@style=\toks31
\thm@bodyfont=\toks32
\thm@headfont=\toks33
\thm@notefont=\toks34
\thm@headpunct=\toks35
\thm@preskip=\skip59
\thm@postskip=\skip60
\thm@headsep=\skip61
\dth@everypar=\toks36
)
(/usr/local/texlive/2026basic/texmf-dist/tex/latex/mathtools/mathtools.sty
Package: mathtools 2024/10/04 v1.31 mathematical typesetting tools

(/usr/local/texlive/2026basic/texmf-dist/tex/latex/tools/calc.sty
Package: calc 2025/03/01 v4.3b Infix arithmetic (KKT,FJ)
\calc@Acount=\count319
\calc@Bcount=\count320
\calc@Adimen=\dimen172
\calc@Bdimen=\dimen173
\calc@Askip=\skip62
\calc@Bskip=\skip63
LaTeX Info: Redefining \setlength on input line 86.
LaTeX Info: Redefining \addtolength on input line 87.
\calc@Ccount=\count321
\calc@Cskip=\skip64
)
(/usr/local/texlive/2026basic/texmf-dist/tex/latex/mathtools/mhsetup.sty
Package: mhsetup 2021/03/18 v1.4 programming setup (MH)
)
\g_MT_multlinerow_int=\count322
\l_MT_multwidth_dim=\dimen174
\origjot=\skip65
\l_MT_shortvdotswithinadjustabove_dim=\dimen175
\l_MT_shortvdotswithinadjustbelow_dim=\dimen176
\l_MT_above_intertext_sep=\dimen177
\l_MT_below_intertext_sep=\dimen178
\l_MT_above_shortintertext_sep=\dimen179
\l_MT_below_shortintertext_sep=\dimen180
\xmathstrut@box=\box57
\xmathstrut@dim=\dimen181
)
(/usr/local/texlive/2026basic/texmf-dist/tex/latex/tools/bm.sty
Package: bm 2025/10/21 v1.2g Bold Symbol Support (DPC/FMi)
\symboldoperators=\mathgroup6
\symboldletters=\mathgroup7
\symboldsymbols=\mathgroup8
Package bm Info: No bold for \OMX/cmex/m/n, using \pmb.
Package bm Info: No bold for \U/msa/m/n, using \pmb.
Package bm Info: No bold for \U/msb/m/n, using \pmb.
LaTeX Font Info:    Redeclaring math alphabet \mathbf on input line 149.
) (./physics.sty
Package: physics 2026/03/31 Minimal local fallback
) (./enumitem.sty
Package: enumitem 2026/03/30 Minimal local fallback

(/usr/local/texlive/2026basic/texmf-dist/tex/latex/l3packages/xparse/xparse.sty
(/usr/local/texlive/2026basic/texmf-dist/tex/latex/l3kernel/expl3.sty
Package: expl3 2026-01-19 L3 programming layer (loader) 

(/usr/local/texlive/2026basic/texmf-dist/tex/latex/l3backend/l3backend-pdftex.d
ef
File: l3backend-pdftex.def 2025-10-09 L3 backend support: PDF output (pdfTeX)
\l__color_backend_stack_int=\count323
))
Package: xparse 2025-10-09 L3 Experimental document command parser
))
(/usr/local/texlive/2026basic/texmf-dist/tex/latex/pgf/frontendlayer/tikz.sty
(/usr/local/texlive/2026basic/texmf-dist/tex/latex/pgf/basiclayer/pgf.sty
(/usr/local/texlive/2026basic/texmf-dist/tex/latex/pgf/utilities/pgfrcs.sty
(/usr/local/texlive/2026basic/texmf-dist/tex/generic/pgf/utilities/pgfutil-comm
on.tex
\pgfutil@everybye=\toks37
\pgfutil@tempdima=\dimen182
\pgfutil@tempdimb=\dimen183
)
(/usr/local/texlive/2026basic/texmf-dist/tex/generic/pgf/utilities/pgfutil-late
x.def
\pgfutil@abb=\box58
)
(/usr/local/texlive/2026basic/texmf-dist/tex/generic/pgf/utilities/pgfrcs.code.
tex (/usr/local/texlive/2026basic/texmf-dist/tex/generic/pgf/pgf.revision.tex)
Package: pgfrcs 2025-08-29 v3.1.11a (3.1.11a)
))
Package: pgf 2025-08-29 v3.1.11a (3.1.11a)
 (/usr/local/texlive/2026basic/texmf-dist/tex/latex/pgf/basiclayer/pgfcore.sty 
(/usr/local/texlive/2026basic/texmf-dist/tex/latex/pgf/systemlayer/pgfsys.sty
(/usr/local/texlive/2026basic/texmf-dist/tex/generic/pgf/systemlayer/pgfsys.cod
e.tex
Package: pgfsys 2025-08-29 v3.1.11a (3.1.11a)

(/usr/local/texlive/2026basic/texmf-dist/tex/generic/pgf/utilities/pgfkeys.code
.tex
\pgfkeys@pathtoks=\toks38
\pgfkeys@temptoks=\toks39

(/usr/local/texlive/2026basic/texmf-dist/tex/generic/pgf/utilities/pgfkeyslibra
ryfiltered.code.tex
\pgfkeys@tmptoks=\toks40
))
\pgf@x=\dimen184
\pgf@y=\dimen185
\pgf@xa=\dimen186
\pgf@ya=\dimen187
\pgf@xb=\dimen188
\pgf@yb=\dimen189
\pgf@xc=\dimen190
\pgf@yc=\dimen191
\pgf@xd=\dimen192
\pgf@yd=\dimen193
\w@pgf@writea=\write3
\r@pgf@reada=\read2
\c@pgf@counta=\count324
\c@pgf@countb=\count325
\c@pgf@countc=\count326
\c@pgf@countd=\count327
\t@pgf@toka=\toks41
\t@pgf@tokb=\toks42
\t@pgf@tokc=\toks43
\pgf@sys@id@count=\count328

(/usr/local/texlive/2026basic/texmf-dist/tex/generic/pgf/systemlayer/pgf.cfg
File: pgf.cfg 2025-08-29 v3.1.11a (3.1.11a)
)
Driver file for pgf: pgfsys-pdftex.def

(/usr/local/texlive/2026basic/texmf-dist/tex/generic/pgf/systemlayer/pgfsys-pdf
tex.def
File: pgfsys-pdftex.def 2025-08-29 v3.1.11a (3.1.11a)

(/usr/local/texlive/2026basic/texmf-dist/tex/generic/pgf/systemlayer/pgfsys-com
mon-pdf.def
File: pgfsys-common-pdf.def 2025-08-29 v3.1.11a (3.1.11a)
)))
(/usr/local/texlive/2026basic/texmf-dist/tex/generic/pgf/systemlayer/pgfsyssoft
path.code.tex
File: pgfsyssoftpath.code.tex 2025-08-29 v3.1.11a (3.1.11a)
\pgfsyssoftpath@smallbuffer@items=\count329
\pgfsyssoftpath@bigbuffer@items=\count330
)
(/usr/local/texlive/2026basic/texmf-dist/tex/generic/pgf/systemlayer/pgfsysprot
ocol.code.tex
File: pgfsysprotocol.code.tex 2025-08-29 v3.1.11a (3.1.11a)
))
(/usr/local/texlive/2026basic/texmf-dist/tex/latex/xcolor/xcolor.sty
Package: xcolor 2024/09/29 v3.02 LaTeX color extensions (UK)

(/usr/local/texlive/2026basic/texmf-dist/tex/latex/graphics-cfg/color.cfg
File: color.cfg 2016/01/02 v1.6 sample color configuration
)
Package xcolor Info: Driver file: pdftex.def on input line 274.

(/usr/local/texlive/2026basic/texmf-dist/tex/latex/graphics/mathcolor.ltx)
Package xcolor Info: Model `cmy' substituted by `cmy0' on input line 1349.
Package xcolor Info: Model `hsb' substituted by `rgb' on input line 1353.
Package xcolor Info: Model `RGB' extended on input line 1365.
Package xcolor Info: Model `HTML' substituted by `rgb' on input line 1367.
Package xcolor Info: Model `Hsb' substituted by `hsb' on input line 1368.
Package xcolor Info: Model `tHsb' substituted by `hsb' on input line 1369.
Package xcolor Info: Model `HSB' substituted by `hsb' on input line 1370.
Package xcolor Info: Model `Gray' substituted by `gray' on input line 1371.
Package xcolor Info: Model `wave' substituted by `hsb' on input line 1372.
)
(/usr/local/texlive/2026basic/texmf-dist/tex/generic/pgf/basiclayer/pgfcore.cod
e.tex
Package: pgfcore 2025-08-29 v3.1.11a (3.1.11a)

(/usr/local/texlive/2026basic/texmf-dist/tex/generic/pgf/math/pgfmath.code.tex
(/usr/local/texlive/2026basic/texmf-dist/tex/generic/pgf/math/pgfmathutil.code.
tex)
(/usr/local/texlive/2026basic/texmf-dist/tex/generic/pgf/math/pgfmathparser.cod
e.tex
\pgfmath@dimen=\dimen194
\pgfmath@count=\count331
\pgfmath@box=\box59
\pgfmath@toks=\toks44
\pgfmath@stack@operand=\toks45
\pgfmath@stack@operation=\toks46
)
(/usr/local/texlive/2026basic/texmf-dist/tex/generic/pgf/math/pgfmathfunctions.
code.tex)
(/usr/local/texlive/2026basic/texmf-dist/tex/generic/pgf/math/pgfmathfunctions.
basic.code.tex)
(/usr/local/texlive/2026basic/texmf-dist/tex/generic/pgf/math/pgfmathfunctions.
trigonometric.code.tex)
(/usr/local/texlive/2026basic/texmf-dist/tex/generic/pgf/math/pgfmathfunctions.
random.code.tex)
(/usr/local/texlive/2026basic/texmf-dist/tex/generic/pgf/math/pgfmathfunctions.
comparison.code.tex)
(/usr/local/texlive/2026basic/texmf-dist/tex/generic/pgf/math/pgfmathfunctions.
base.code.tex)
(/usr/local/texlive/2026basic/texmf-dist/tex/generic/pgf/math/pgfmathfunctions.
round.code.tex)
(/usr/local/texlive/2026basic/texmf-dist/tex/generic/pgf/math/pgfmathfunctions.
misc.code.tex)
(/usr/local/texlive/2026basic/texmf-dist/tex/generic/pgf/math/pgfmathfunctions.
integerarithmetics.code.tex)
(/usr/local/texlive/2026basic/texmf-dist/tex/generic/pgf/math/pgfmathcalc.code.
tex)
(/usr/local/texlive/2026basic/texmf-dist/tex/generic/pgf/math/pgfmathfloat.code
.tex
\c@pgfmathroundto@lastzeros=\count332
))
(/usr/local/texlive/2026basic/texmf-dist/tex/generic/pgf/math/pgfint.code.tex)
(/usr/local/texlive/2026basic/texmf-dist/tex/generic/pgf/basiclayer/pgfcorepoin
ts.code.tex
File: pgfcorepoints.code.tex 2025-08-29 v3.1.11a (3.1.11a)
\pgf@picminx=\dimen195
\pgf@picmaxx=\dimen196
\pgf@picminy=\dimen197
\pgf@picmaxy=\dimen198
\pgf@pathminx=\dimen199
\pgf@pathmaxx=\dimen256
\pgf@pathminy=\dimen257
\pgf@pathmaxy=\dimen258
\pgf@xx=\dimen259
\pgf@xy=\dimen260
\pgf@yx=\dimen261
\pgf@yy=\dimen262
\pgf@zx=\dimen263
\pgf@zy=\dimen264
)
(/usr/local/texlive/2026basic/texmf-dist/tex/generic/pgf/basiclayer/pgfcorepath
construct.code.tex
File: pgfcorepathconstruct.code.tex 2025-08-29 v3.1.11a (3.1.11a)
\pgf@path@lastx=\dimen265
\pgf@path@lasty=\dimen266
)
(/usr/local/texlive/2026basic/texmf-dist/tex/generic/pgf/basiclayer/pgfcorepath
usage.code.tex
File: pgfcorepathusage.code.tex 2025-08-29 v3.1.11a (3.1.11a)
\pgf@shorten@end@additional=\dimen267
\pgf@shorten@start@additional=\dimen268
)
(/usr/local/texlive/2026basic/texmf-dist/tex/generic/pgf/basiclayer/pgfcorescop
es.code.tex
File: pgfcorescopes.code.tex 2025-08-29 v3.1.11a (3.1.11a)
\pgfpic=\box60
\pgf@hbox=\box61
\pgf@layerbox@main=\box62
\pgf@picture@serial@count=\count333
)
(/usr/local/texlive/2026basic/texmf-dist/tex/generic/pgf/basiclayer/pgfcoregrap
hicstate.code.tex
File: pgfcoregraphicstate.code.tex 2025-08-29 v3.1.11a (3.1.11a)
\pgflinewidth=\dimen269
)
(/usr/local/texlive/2026basic/texmf-dist/tex/generic/pgf/basiclayer/pgfcoretran
sformations.code.tex
File: pgfcoretransformations.code.tex 2025-08-29 v3.1.11a (3.1.11a)
\pgf@pt@x=\dimen270
\pgf@pt@y=\dimen271
\pgf@pt@temp=\dimen272
)
(/usr/local/texlive/2026basic/texmf-dist/tex/generic/pgf/basiclayer/pgfcorequic
k.code.tex
File: pgfcorequick.code.tex 2025-08-29 v3.1.11a (3.1.11a)
)
(/usr/local/texlive/2026basic/texmf-dist/tex/generic/pgf/basiclayer/pgfcoreobje
cts.code.tex
File: pgfcoreobjects.code.tex 2025-08-29 v3.1.11a (3.1.11a)
)
(/usr/local/texlive/2026basic/texmf-dist/tex/generic/pgf/basiclayer/pgfcorepath
processing.code.tex
File: pgfcorepathprocessing.code.tex 2025-08-29 v3.1.11a (3.1.11a)
)
(/usr/local/texlive/2026basic/texmf-dist/tex/generic/pgf/basiclayer/pgfcorearro
ws.code.tex
File: pgfcorearrows.code.tex 2025-08-29 v3.1.11a (3.1.11a)
\pgfarrowsep=\dimen273
)
(/usr/local/texlive/2026basic/texmf-dist/tex/generic/pgf/basiclayer/pgfcoreshad
e.code.tex
File: pgfcoreshade.code.tex 2025-08-29 v3.1.11a (3.1.11a)
\pgf@max=\dimen274
\pgf@sys@shading@range@num=\count334
\pgf@shadingcount=\count335
)
(/usr/local/texlive/2026basic/texmf-dist/tex/generic/pgf/basiclayer/pgfcoreimag
e.code.tex
File: pgfcoreimage.code.tex 2025-08-29 v3.1.11a (3.1.11a)
)
(/usr/local/texlive/2026basic/texmf-dist/tex/generic/pgf/basiclayer/pgfcoreexte
rnal.code.tex
File: pgfcoreexternal.code.tex 2025-08-29 v3.1.11a (3.1.11a)
\pgfexternal@startupbox=\box63
)
(/usr/local/texlive/2026basic/texmf-dist/tex/generic/pgf/basiclayer/pgfcorelaye
rs.code.tex
File: pgfcorelayers.code.tex 2025-08-29 v3.1.11a (3.1.11a)
)
(/usr/local/texlive/2026basic/texmf-dist/tex/generic/pgf/basiclayer/pgfcoretran
sparency.code.tex
File: pgfcoretransparency.code.tex 2025-08-29 v3.1.11a (3.1.11a)
)
(/usr/local/texlive/2026basic/texmf-dist/tex/generic/pgf/basiclayer/pgfcorepatt
erns.code.tex
File: pgfcorepatterns.code.tex 2025-08-29 v3.1.11a (3.1.11a)
)
(/usr/local/texlive/2026basic/texmf-dist/tex/generic/pgf/basiclayer/pgfcorerdf.
code.tex
File: pgfcorerdf.code.tex 2025-08-29 v3.1.11a (3.1.11a)
)))
(/usr/local/texlive/2026basic/texmf-dist/tex/generic/pgf/modules/pgfmoduleshape
s.code.tex
File: pgfmoduleshapes.code.tex 2025-08-29 v3.1.11a (3.1.11a)
\pgfnodeparttextbox=\box64
)
(/usr/local/texlive/2026basic/texmf-dist/tex/generic/pgf/modules/pgfmoduleplot.
code.tex
File: pgfmoduleplot.code.tex 2025-08-29 v3.1.11a (3.1.11a)
)
(/usr/local/texlive/2026basic/texmf-dist/tex/latex/pgf/compatibility/pgfcomp-ve
rsion-0-65.sty
Package: pgfcomp-version-0-65 2025-08-29 v3.1.11a (3.1.11a)
\pgf@nodesepstart=\dimen275
\pgf@nodesepend=\dimen276
)
(/usr/local/texlive/2026basic/texmf-dist/tex/latex/pgf/compatibility/pgfcomp-ve
rsion-1-18.sty
Package: pgfcomp-version-1-18 2025-08-29 v3.1.11a (3.1.11a)
))
(/usr/local/texlive/2026basic/texmf-dist/tex/latex/pgf/utilities/pgffor.sty
(/usr/local/texlive/2026basic/texmf-dist/tex/latex/pgf/utilities/pgfkeys.sty
(/usr/local/texlive/2026basic/texmf-dist/tex/generic/pgf/utilities/pgfkeys.code
.tex)) (/usr/local/texlive/2026basic/texmf-dist/tex/latex/pgf/math/pgfmath.sty
(/usr/local/texlive/2026basic/texmf-dist/tex/generic/pgf/math/pgfmath.code.tex)
)
(/usr/local/texlive/2026basic/texmf-dist/tex/generic/pgf/utilities/pgffor.code.
tex
Package: pgffor 2025-08-29 v3.1.11a (3.1.11a)
\pgffor@iter=\dimen277
\pgffor@skip=\dimen278
\pgffor@stack=\toks47
\pgffor@toks=\toks48
))
(/usr/local/texlive/2026basic/texmf-dist/tex/generic/pgf/frontendlayer/tikz/tik
z.code.tex
Package: tikz 2025-08-29 v3.1.11a (3.1.11a)

(/usr/local/texlive/2026basic/texmf-dist/tex/generic/pgf/libraries/pgflibrarypl
othandlers.code.tex
File: pgflibraryplothandlers.code.tex 2025-08-29 v3.1.11a (3.1.11a)
\pgf@plot@mark@count=\count336
\pgfplotmarksize=\dimen279
)
\tikz@lastx=\dimen280
\tikz@lasty=\dimen281
\tikz@lastxsaved=\dimen282
\tikz@lastysaved=\dimen283
\tikz@lastmovetox=\dimen284
\tikz@lastmovetoy=\dimen285
\tikzleveldistance=\dimen286
\tikzsiblingdistance=\dimen287
\tikz@figbox=\box65
\tikz@figbox@bg=\box66
\tikz@tempbox=\box67
\tikz@tempbox@bg=\box68
\tikztreelevel=\count337
\tikznumberofchildren=\count338
\tikznumberofcurrentchild=\count339
\tikz@fig@count=\count340

(/usr/local/texlive/2026basic/texmf-dist/tex/generic/pgf/modules/pgfmodulematri
x.code.tex
File: pgfmodulematrix.code.tex 2025-08-29 v3.1.11a (3.1.11a)
\pgfmatrixcurrentrow=\count341
\pgfmatrixcurrentcolumn=\count342
\pgf@matrix@numberofcolumns=\count343
)
\tikz@expandcount=\count344

(/usr/local/texlive/2026basic/texmf-dist/tex/generic/pgf/frontendlayer/tikz/lib
raries/tikzlibrarytopaths.code.tex
File: tikzlibrarytopaths.code.tex 2025-08-29 v3.1.11a (3.1.11a)
)))
(/usr/local/texlive/2026basic/texmf-dist/tex/generic/pgf/libraries/pgflibraryar
rows.meta.code.tex
File: pgflibraryarrows.meta.code.tex 2025-08-29 v3.1.11a (3.1.11a)
\pgfarrowinset=\dimen288
\pgfarrowlength=\dimen289
\pgfarrowwidth=\dimen290
\pgfarrowlinewidth=\dimen291
)
(/usr/local/texlive/2026basic/texmf-dist/tex/generic/pgf/frontendlayer/tikz/lib
raries/tikzlibrarypositioning.code.tex
File: tikzlibrarypositioning.code.tex 2025-08-29 v3.1.11a (3.1.11a)
)
(/usr/local/texlive/2026basic/texmf-dist/tex/generic/pgf/frontendlayer/tikz/lib
raries/tikzlibrarydecorations.pathreplacing.code.tex
(/usr/local/texlive/2026basic/texmf-dist/tex/generic/pgf/frontendlayer/tikz/lib
raries/tikzlibrarydecorations.code.tex
(/usr/local/texlive/2026basic/texmf-dist/tex/generic/pgf/modules/pgfmoduledecor
ations.code.tex
\pgfdecoratedcompleteddistance=\dimen292
\pgfdecoratedremainingdistance=\dimen293
\pgfdecoratedinputsegmentcompleteddistance=\dimen294
\pgfdecoratedinputsegmentremainingdistance=\dimen295
\pgf@decorate@distancetomove=\dimen296
\pgf@decorate@repeatstate=\count345
\pgfdecorationsegmentamplitude=\dimen297
\pgfdecorationsegmentlength=\dimen298
)
\tikz@lib@dec@box=\box69
)
(/usr/local/texlive/2026basic/texmf-dist/tex/generic/pgf/libraries/decorations/
pgflibrarydecorations.pathreplacing.code.tex))
(/usr/local/texlive/2026basic/texmf-dist/tex/latex/booktabs/booktabs.sty
Package: booktabs 2020/01/12 v1.61803398 Publication quality tables
\heavyrulewidth=\dimen299
\lightrulewidth=\dimen300
\cmidrulewidth=\dimen301
\belowrulesep=\dimen302
\belowbottomsep=\dimen303
\aboverulesep=\dimen304
\abovetopsep=\dimen305
\cmidrulesep=\dimen306
\cmidrulekern=\dimen307
\defaultaddspace=\dimen308
\@cmidla=\count346
\@cmidlb=\count347
\@aboverulesep=\dimen309
\@belowrulesep=\dimen310
\@thisruleclass=\count348
\@lastruleclass=\count349
\@thisrulewidth=\dimen311
)
(./adjustbox.sty
Package: adjustbox 2026/04/01 Minimal local fallback
) (./algorithm.sty
Package: algorithm 2026/04/01 Minimal local fallback
) (./algpseudocode.sty
Package: algpseudocode 2026/04/01 Minimal local fallback
\c@ALG@line=\count350
) (./pgfplots.sty
Package: pgfplots 2026/04/01 Minimal local fallback
)
(./pgfplotstable.sty
Package: pgfplotstable 2026/04/01 Minimal local fallback
)
(/usr/local/texlive/2026basic/texmf-dist/tex/latex/tools/longtable.sty
Package: longtable 2025-10-13 v4.24 Multi-page Table package (DPC)
\LTleft=\skip66
\LTright=\skip67
\LTpre=\skip68
\LTpost=\skip69
\LTchunksize=\count351
\LTcapwidth=\dimen312
\LT@head=\box70
\LT@firsthead=\box71
\LT@foot=\box72
\LT@lastfoot=\box73
\LT@gbox=\box74
\LT@cols=\count352
\LT@rows=\count353
\c@LT@tables=\count354
\c@LT@chunks=\count355
\LT@p@ftn=\toks49
)
(./siunitx.sty
Package: siunitx 2026/04/01 Minimal local fallback
) (./subcaption.sty
Package: subcaption 2026/04/01 Minimal local fallback
) (./underscore.sty
Package: underscore 2026/04/01 Minimal local fallback
)
==> First Aid for underscore.sty no longer applied!
    Expected:
        2006/09/13
    but found:
        2026/04/01 Minimal local fallback
    so I'm assuming it got fixed.
(/usr/local/texlive/2026basic/texmf-dist/tex/latex/tools/tabularx.sty
Package: tabularx 2023/12/11 v2.12a `tabularx' package (DPC)

(/usr/local/texlive/2026basic/texmf-dist/tex/latex/tools/array.sty
Package: array 2025/09/25 v2.6n Tabular extension package (FMi)
\col@sep=\dimen313
\ar@mcellbox=\box75
\extrarowheight=\dimen314
\NC@list=\toks50
\extratabsurround=\skip70
\backup@length=\skip71
\ar@cellbox=\box76
)
\TX@col@width=\dimen315
\TX@old@table=\dimen316
\TX@old@col=\dimen317
\TX@target=\dimen318
\TX@delta=\dimen319
\TX@cols=\count356
\TX@ftn=\toks51
)
(./float.sty
Package: float 2026/04/01 Minimal local fallback
)
\c@theorem=\count357
\c@lemma=\count358
\c@proposition=\count359
\c@corollary=\count360
\c@conjecture=\count361
\c@hypothesis=\count362
\c@definition=\count363
\c@assumption=\count364
\c@remark=\count365

No file paper_tmp_a.aux.
\openout1 = `paper_tmp_a.aux'.

LaTeX Font Info:    Checking defaults for OML/cmm/m/it on input line 405.
LaTeX Font Info:    ... okay on input line 405.
LaTeX Font Info:    Checking defaults for OMS/cmsy/m/n on input line 405.
LaTeX Font Info:    ... okay on input line 405.
LaTeX Font Info:    Checking defaults for OT1/cmr/m/n on input line 405.
LaTeX Font Info:    ... okay on input line 405.
LaTeX Font Info:    Checking defaults for T1/cmr/m/n on input line 405.
LaTeX Font Info:    ... okay on input line 405.
LaTeX Font Info:    Checking defaults for TS1/cmr/m/n on input line 405.
LaTeX Font Info:    ... okay on input line 405.
LaTeX Font Info:    Checking defaults for OMX/cmex/m/n on input line 405.
LaTeX Font Info:    ... okay on input line 405.
LaTeX Font Info:    Checking defaults for U/cmr/m/n on input line 405.
LaTeX Font Info:    ... okay on input line 405.
LaTeX Font Info:    Checking defaults for PD1/pdf/m/n on input line 405.
LaTeX Font Info:    ... okay on input line 405.
LaTeX Font Info:    Checking defaults for PU/pdf/m/n on input line 405.
LaTeX Font Info:    ... okay on input line 405.
(/usr/local/texlive/2026basic/texmf-dist/tex/context/base/mkii/supp-pdf.mkii
[Loading MPS to PDF converter (version 2006.09.02).]
\scratchcounter=\count366
\scratchdimen=\dimen320
\scratchbox=\box77
\nofMPsegments=\count367
\nofMParguments=\count368
\everyMPshowfont=\toks52
\MPscratchCnt=\count369
\MPscratchDim=\dimen321
\MPnumerator=\count370
\makeMPintoPDFobject=\count371
\everyMPtoPDFconversion=\toks53
)
(/usr/local/texlive/2026basic/texmf-dist/tex/latex/epstopdf-pkg/epstopdf-base.s
ty
Package: epstopdf-base 2020-01-24 v2.11 Base part for package epstopdf
Package epstopdf-base Info: Redefining graphics rule for `.eps' on input line 4
85.

(/usr/local/texlive/2026basic/texmf-dist/tex/latex/latexconfig/epstopdf-sys.cfg
File: epstopdf-sys.cfg 2010/07/13 v1.3 Configuration of (r)epstopdf for TeX Liv
e
))
Package hyperref Info: Link coloring OFF on input line 405.
\@outlinefile=\write4
\openout4 = `paper_tmp_a.out'.

LaTeX Info: Redefining \microtypecontext on input line 405.
Package microtype Info: Applying patch `item' on input line 405.
Package microtype Info: Applying patch `toc' on input line 405.
Package microtype Info: Applying patch `eqnum' on input line 405.


Package microtype Warning: Unable to apply patch `footnote' on input line 405.

Package microtype Info: Applying patch `verbatim' on input line 405.
LaTeX Info: Redefining \microtypesetup on input line 405.
Package microtype Info: Generating PDF output.
Package microtype Info: Character protrusion enabled (level 2).
Package microtype Info: Using default protrusion set `alltext'.
Package microtype Info: No font expansion.
Package microtype Info: No adjustment of tracking.
Package microtype Info: No adjustment of interword spacing.
Package microtype Info: No adjustment of character kerning.
(/usr/local/texlive/2026basic/texmf-dist/tex/latex/microtype/mt-cmr.cfg
File: mt-cmr.cfg 2013/05/19 v2.2 microtype config. file: Computer Modern Roman 
(RS)
)
Package microtype Info: Loading generic protrusion settings for font family
(microtype)             `cmss' (encoding: T1).
(microtype)             For optimal results, create family-specific settings.
(microtype)             See the microtype manual for details.
Package microtype Info: Loading generic protrusion settings for font family
(microtype)             `cmtt' (encoding: T1).
(microtype)             For optimal results, create family-specific settings.
(microtype)             See the microtype manual for details.
LaTeX Font Info:    Trying to load font information for U+msa on input line 407
.

(/usr/local/texlive/2026basic/texmf-dist/tex/latex/amsfonts/umsa.fd
File: umsa.fd 2013/01/14 v3.01 AMS symbols A
)
(/usr/local/texlive/2026basic/texmf-dist/tex/latex/microtype/mt-msa.cfg
File: mt-msa.cfg 2006/02/04 v1.1 microtype config. file: AMS symbols (a) (RS)
)
LaTeX Font Info:    Trying to load font information for U+msb on input line 407
.

(/usr/local/texlive/2026basic/texmf-dist/tex/latex/amsfonts/umsb.fd
File: umsb.fd 2013/01/14 v3.01 AMS symbols B
)
(/usr/local/texlive/2026basic/texmf-dist/tex/latex/microtype/mt-msb.cfg
File: mt-msb.cfg 2005/06/01 v1.0 microtype config. file: AMS symbols (b) (RS)
)
Overfull \hbox (0.44778pt too wide) in paragraph at lines 407--407
[]\T1/cmr/bx/n/10.95 Results. \T1/cmr/m/n/10.95 (i) Un-der four ax-ioms (A1--A4
)---a semi-clas-si-cal ex-te-rior with Hadamard/QEI
 []


Underfull \hbox (badness 1448) in paragraph at lines 407--407
\T1/cmr/m/n/10.95 signatures---Page-curve shapes, late-time en-tan-gle-ment gro
wth, and echo-correlation
 []

[0

{/usr/local/texlive/2026basic/texmf-var/fonts/map/pdftex/updmap/pdftex.map}]
No file paper_tmp_a.toc.
\tf@toc=\write5
\openout5 = `paper_tmp_a.toc'.


LaTeX Warning: Reference `thm:comb-page-weak' on page 1 undefined on input line
 423.


LaTeX Warning: Reference `sec:phenomenology' on page 1 undefined on input line 
430.


LaTeX Warning: Reference `sec:analogue_platforms' on page 1 undefined on input 
line 430.

[1]

LaTeX Warning: Reference `thm:EH-2design' on page 2 undefined on input line 436
.


LaTeX Warning: Reference `tab:notation' on page 2 undefined on input line 444.


Package natbib Warning: Citation `Hawking:1975' on page 2 undefined on input li
ne 467.


Package natbib Warning: Citation `Bekenstein:1973' on page 2 undefined on input
 line 467.


Package natbib Warning: Citation `Hawking:1976' on page 2 undefined on input li
ne 467.

[2]

Package natbib Warning: Citation `Mathur:2009' on page 3 undefined on input lin
e 469.


Package natbib Warning: Citation `Harlow:2016' on page 3 undefined on input lin
e 469.


Package natbib Warning: Citation `Page:1993' on page 3 undefined on input line 
471.


LaTeX Warning: Reference `fig:page_curve_intro' on page 3 undefined on input li
ne 471.


Package natbib Warning: Citation `AMPS:2013' on page 3 undefined on input line 
472.


Package natbib Warning: Citation `Susskind:1993' on page 3 undefined on input l
ine 473.


Package natbib Warning: Citation `Penington:2020' on page 3 undefined on input 
line 504.


Package natbib Warning: Citation `Almheiri:2020' on page 3 undefined on input l
ine 504.


Package natbib Warning: Citation `Chen:2020' on page 3 undefined on input line 
504.


Package natbib Warning: Citation `Engelhardt:2015' on page 3 undefined on input
 line 504.


Package natbib Warning: Citation `HPS:2016' on page 3 undefined on input line 5
04.


Package natbib Warning: Citation `Mathur:2005b' on page 3 undefined on input li
ne 504.


Package natbib Warning: Citation `Maldacena:2013' on page 3 undefined on input 
line 504.

[3]

LaTeX Warning: Reference `prop:P0-derivation' on page 4 undefined on input line
 510.


LaTeX Warning: Reference `prop:P0-derivation' on page 4 undefined on input line
 512.


LaTeX Warning: Reference `sec:derivations_postulates' on page 4 undefined on in
put line 518.


LaTeX Warning: Reference `prop:P0-derivation' on page 4 undefined on input line
 518.


LaTeX Warning: Reference `sec:formalism' on page 4 undefined on input line 521.



Package natbib Warning: Citation `Chiribella:2009' on page 4 undefined on input
 line 523.


Package natbib Warning: Citation `Pollock:2018' on page 4 undefined on input li
ne 523.


LaTeX Warning: Reference `sec:microscopic_foundations' on page 4 undefined on i
nput line 530.


LaTeX Warning: Reference `sec:EH-to-design' on page 4 undefined on input line 5
38.

[4]

Package natbib Warning: Citation `Penington:2020' on page 5 undefined on input 
line 550.


Package natbib Warning: Citation `Almheiri:2020' on page 5 undefined on input l
ine 550.


Package natbib Warning: Citation `HPS:2016' on page 5 undefined on input line 5
54.


Package natbib Warning: Citation `Strominger:2017' on page 5 undefined on input
 line 554.


Package natbib Warning: Citation `Mathur:2005b' on page 5 undefined on input li
ne 558.


Package natbib Warning: Citation `Mathur:2009' on page 5 undefined on input lin
e 558.

[5]

Package natbib Warning: Citation `Maldacena:2013' on page 6 undefined on input 
line 562.


Package natbib Warning: Citation `AMPS:2013' on page 6 undefined on input line 
566.


LaTeX Warning: Reference `lem:nofirewall' on page 6 undefined on input line 567
.

[6]

LaTeX Warning: Reference `sec:predictions' on page 7 undefined on input line 60
5.


LaTeX Warning: Reference `tab:observability' on page 7 undefined on input line 
607.


LaTeX Warning: Reference `eq:echo-delay' on page 7 undefined on input line 607.



LaTeX Warning: Reference `tab:echo_mapping' on page 7 undefined on input line 6
07.


LaTeX Warning: Reference `eq:snr-stack' on page 7 undefined on input line 607.


LaTeX Warning: Reference `sec:assumptions' on page 7 undefined on input line 61
3.


LaTeX Warning: Reference `sec:setup' on page 7 undefined on input line 614.


LaTeX Warning: Reference `sec:page_theorem' on page 7 undefined on input line 6
15.


LaTeX Warning: Reference `ssec:grav-scrambling' on page 7 undefined on input li
ne 616.


LaTeX Warning: Reference `sec:EH-to-design' on page 7 undefined on input line 6
16.


LaTeX Warning: Reference `sec:no_firewall' on page 7 undefined on input line 61
7.


Package hyperref Warning: Token not allowed in a PDF string (Unicode):
(hyperref)                removing `math shift' on input line 619.


Package hyperref Warning: Token not allowed in a PDF string (Unicode):
(hyperref)                removing `superscript' on input line 619.


Package hyperref Warning: Token not allowed in a PDF string (Unicode):
(hyperref)                removing `math shift' on input line 619.


Package hyperref Warning: Token not allowed in a PDF string (Unicode):
(hyperref)                removing `math shift' on input line 619.


Package hyperref Warning: Token not allowed in a PDF string (Unicode):
(hyperref)                removing `subscript' on input line 619.


Package hyperref Warning: Token not allowed in a PDF string (Unicode):
(hyperref)                removing `math shift' on input line 619.


LaTeX Warning: Reference `box:constants-eps' on page 7 undefined on input line 
624.


LaTeX Warning: Reference `sec:gentleness' on page 7 undefined on input line 628
.

[7]

Package natbib Warning: Citation `Radzikowski:1996' on page 8 undefined on inpu
t line 681.


LaTeX Warning: Reference `app:stress_tensor' on page 8 undefined on input line 
681.

[8]

LaTeX Warning: Reference `thm:EH-2design' on page 9 undefined on input line 701
.


LaTeX Warning: Reference `sec:EH-to-design' on page 9 undefined on input line 7
01.


LaTeX Warning: Reference `app:EH-2design' on page 9 undefined on input line 701
.


LaTeX Warning: Reference `sec:EH-to-design' on page 9 undefined on input line 7
02.


LaTeX Warning: Reference `sec:EH-to-design' on page 9 undefined on input line 7
14.


LaTeX Warning: Reference `thm:EH-2design' on page 9 undefined on input line 714
.


LaTeX Warning: Reference `thm:EH-2design' on page 9 undefined on input line 715
.

[9] [10]

LaTeX Warning: Reference `lem:comb-error-budget' on page 11 undefined on input 
line 763.


LaTeX Warning: Reference `prop:P0-derivation' on page 11 undefined on input lin
e 768.


Package natbib Warning: Citation `Chiribella:2009' on page 11 undefined on inpu
t line 783.


Package natbib Warning: Citation `Pollock:2018' on page 11 undefined on input l
ine 783.


Package natbib Warning: Citation `Petz:1986' on page 11 undefined on input line
 783.


LaTeX Warning: Reference `sec:formalism' on page 11 undefined on input line 790
.


LaTeX Warning: Reference `sssec:choi-link' on page 11 undefined on input line 7
90.

[11]

LaTeX Warning: Reference `sec:EH-to-design' on page 12 undefined on input line 
799.


LaTeX Warning: Reference `thm:EH-2design' on page 12 undefined on input line 79
9.


LaTeX Warning: Reference `sec:EH-to-design' on page 12 undefined on input line 
799.


Package natbib Warning: Citation `Radzikowski:1996' on page 12 undefined on inp
ut line 807.


Package natbib Warning: Citation `Fewster:2012' on page 12 undefined on input l
ine 807.


Package natbib Warning: Citation `Page:1993' on page 12 undefined on input line
 827.


Package natbib Warning: Citation `BrownYork:1993' on page 12 undefined on input
 line 827.


Package natbib Warning: Citation `Brandao:2016' on page 12 undefined on input l
ine 827.

[12]

LaTeX Warning: Reference `eq:dilation' on page 13 undefined on input line 848.


LaTeX Warning: Reference `eq:mem-dim' on page 13 undefined on input line 856.

[13]

LaTeX Warning: Reference `thm:comb-page' on page 14 undefined on input line 876
.


LaTeX Warning: Reference `lem:comb-error-budget' on page 14 undefined on input 
line 876.


LaTeX Warning: Reference `fig:comb_structure' on page 14 undefined on input lin
e 894.


LaTeX Warning: Reference `sec:derivations_postulates' on page 14 undefined on i
nput line 894.

[14]

LaTeX Warning: Reference `prop:P1-CP' on page 15 undefined on input line 939.


LaTeX Warning: Reference `sec:EH-to-design,sec:derive_qg' on page 15 undefined 
on input line 952.


Underfull \vbox (badness 1371) has occurred while \output is active []

 [15]

LaTeX Warning: Reference `thm:comb-page' on page 16 undefined on input line 964
.


LaTeX Warning: Reference `thm:comb-page-weak' on page 16 undefined on input lin
e 964.

Package microtype Info: Loading generic protrusion settings for font family
(microtype)             `cmss' (encoding: OT1).
(microtype)             For optimal results, create family-specific settings.
(microtype)             See the microtype manual for details.

LaTeX Warning: Reference `sec:EH-to-design' on page 16 undefined on input line 
989.


LaTeX Warning: Reference `prop:P2-scrambling' on page 16 undefined on input lin
e 995.


LaTeX Warning: Reference `sec:EH-to-design' on page 16 undefined on input line 
995.

[16]

LaTeX Warning: Reference `thm:EH-2design' on page 17 undefined on input line 10
01.


LaTeX Warning: Reference `app:EH-2design' on page 17 undefined on input line 10
01.


LaTeX Warning: Reference `thm:comb-page-summary' on page 17 undefined on input 
line 1016.


LaTeX Warning: Reference `eq:comb-page' on page 17 undefined on input line 1016
.


LaTeX Warning: Reference `thm:comb-page-weak' on page 17 undefined on input lin
e 1017.


LaTeX Warning: Reference `thm:comb-page-weak' on page 17 undefined on input lin
e 1017.


LaTeX Warning: Reference `thm:decoupling' on page 17 undefined on input line 10
18.


LaTeX Warning: Reference `prop:decoupling-comb' on page 17 undefined on input l
ine 1018.


LaTeX Warning: Reference `thm:ptmpo-complexity' on page 17 undefined on input l
ine 1019.


LaTeX Warning: Reference `alg:ptmpo' on page 17 undefined on input line 1019.


LaTeX Warning: Reference `lem:firewall_bound' on page 17 undefined on input lin
e 1020.


LaTeX Warning: Reference `eq:gentleness' on page 17 undefined on input line 102
0.


LaTeX Warning: Reference `thm:cmi-to-depth' on page 17 undefined on input line 
1021.


LaTeX Warning: Reference `sec:cmi-bound' on page 17 undefined on input line 102
1.


Overfull \hbox (92.07368pt too wide) in paragraph at lines 1012--1025
 [][] 
 []


LaTeX Warning: Reference `thm:EH-2design' on page 17 undefined on input line 10
40.


LaTeX Warning: Reference `sec:EH-to-design' on page 17 undefined on input line 
1048.


LaTeX Warning: Reference `thm:comb-page-weak,thm:comb-page' on page 17 undefine
d on input line 1051.


LaTeX Warning: Reference `sec:EH-to-design' on page 17 undefined on input line 
1051.


LaTeX Warning: Reference `sec:EH-to-design' on page 17 undefined on input line 
1051.


LaTeX Warning: Reference `prop:P3-gentle' on page 17 undefined on input line 10
58.

[17]

LaTeX Warning: Reference `app:decoupling' on page 18 undefined on input line 10
64.


LaTeX Warning: Reference `prop:P4-adiabatic' on page 18 undefined on input line
 1065.


LaTeX Warning: Reference `tab:postulates_glance' on page 18 undefined on input 
line 1067.


LaTeX Warning: Reference `eq:mem-dim' on page 18 undefined on input line 1086.


LaTeX Warning: Reference `sec:formalism' on page 18 undefined on input line 108
6.


LaTeX Warning: Reference `lem:nofirewall' on page 18 undefined on input line 10
86.


LaTeX Warning: Reference `tab:postulates_glance' on page 18 undefined on input 
line 1089.

[18]

Package natbib Warning: Citation `Chiribella:2009' on page 19 undefined on inpu
t line 1108.


LaTeX Warning: Reference `subsec:qec' on page 19 undefined on input line 1110.

[19]

LaTeX Warning: Reference `sec:page_theorem' on page 20 undefined on input line 
1132.


LaTeX Warning: Reference `sec:no_firewall' on page 20 undefined on input line 1
132.


LaTeX Warning: Reference `prop:error' on page 20 undefined on input line 1183.


Overfull \hbox (27.03395pt too wide) in paragraph at lines 1174--1187
 [][] 
 []

[20]
Underfull \hbox (badness 2126) in paragraph at lines 1200--1202
\T1/cmr/m/it/10.95 where $\OML/cmm/m/it/10.95 ^^\[] \OT1/cmr/m/n/10.95 = \OML/c
mm/m/it/10.95 O\OT1/cmr/m/n/10.95 (\OML/cmm/m/it/10.95 ^^\[]\OT1/cmr/m/n/10.95 
)$ \T1/cmr/m/it/10.95 is the mix-ing time of the in-duced comb chan-nel on the
 []


LaTeX Warning: Reference `thm:decoupling' on page 21 undefined on input line 12
03.


LaTeX Warning: Reference `app:decoupling' on page 21 undefined on input line 12
03.

[21]

LaTeX Warning: Reference `lem:comb-error-budget' on page 22 undefined on input 
line 1232.


Underfull \hbox (badness 2035) in paragraph at lines 1235--1236
[]\T1/cmr/m/it/10.95 Remark \T1/cmr/m/n/10.95 7 (En-ve-lope ver-sus ex-act curv
e)\T1/cmr/m/it/10.95 . []\T1/cmr/m/n/10.95 The re-sult above cer-ti-fies an \T1
/cmr/m/it/10.95 en-ve-lope
 []


LaTeX Warning: Reference `rem:scope_P0' on page 22 undefined on input line 1255
.


LaTeX Warning: Reference `sec:numerical_validation' on page 22 undefined on inp
ut line 1256.


Underfull \hbox (badness 2818) in paragraph at lines 1255--1257
[]\T1/cmr/m/it/10.95 Remark \T1/cmr/m/n/10.95 8 (Sources and mag-ni-tude of the
 Log-a-rith-mic Er-ror Term)\T1/cmr/m/it/10.95 . []\T1/cmr/m/n/10.95 The term
 []


Underfull \hbox (badness 1275) in paragraph at lines 1255--1257
\OT1/cmr/m/n/10.95 (\OML/cmm/m/it/10.95 c[] \OT1/cmr/m/n/10.95 + \OML/cmm/m/it/
10.95 c[] [] S[]\OT1/cmr/m/n/10.95 )$ \T1/cmr/m/n/10.95 ex-plic-itly col-lects 
sev-eral con-tri-bu-tions: (i) the state-independent
 []

[22]

LaTeX Warning: Reference `thm:comb-page-weak' on page 23 undefined on input lin
e 1260.


LaTeX Warning: Reference `app:decoupling' on page 23 undefined on input line 12
66.

[23]

LaTeX Warning: Reference `thm:EH-2design' on page 24 undefined on input line 13
14.


LaTeX Warning: Reference `thm:decoupling' on page 24 undefined on input line 13
22.


LaTeX Warning: Reference `thm:eh2design2page' on page 24 undefined on input lin
e 1337.


LaTeX Warning: Reference `thm:EH-2design' on page 24 undefined on input line 13
37.


LaTeX Warning: Reference `thm:decoupling' on page 24 undefined on input line 13
38.

[24]

LaTeX Warning: Reference `thm:comb-page-weak' on page 25 undefined on input lin
e 1342.


LaTeX Warning: Reference `thm:comb-page' on page 25 undefined on input line 134
2.


LaTeX Warning: Reference `lem:comb-error-budget' on page 25 undefined on input 
line 1342.


LaTeX Warning: Reference `lem:comb-error-budget' on page 25 undefined on input 
line 1344.


LaTeX Warning: Reference `sec:EH-to-design' on page 25 undefined on input line 
1356.


LaTeX Warning: Reference `thm:EH-2design' on page 25 undefined on input line 13
71.


LaTeX Warning: Reference `sec:EH-to-design' on page 25 undefined on input line 
1371.


LaTeX Warning: Reference `thm:EH-2design' on page 25 undefined on input line 13
71.


LaTeX Warning: Reference `cor:P2P2prime' on page 25 undefined on input line 137
1.

[25]

Package natbib Warning: Citation `MaldacenaShenkerStanford2016' on page 26 unde
fined on input line 1373.


Package natbib Warning: Citation `ShenkerStanford2014' on page 26 undefined on 
input line 1373.


Package natbib Warning: Citation `DAlessioKafriPolkovnikovRigol2016' on page 26
 undefined on input line 1373.


Package natbib Warning: Citation `SaadShenkerStanford2019' on page 26 undefined
 on input line 1373.


Package natbib Warning: Citation `CotlerEtAl2017' on page 26 undefined on input
 line 1373.


LaTeX Warning: Reference `thm:EH-2design' on page 26 undefined on input line 13
75.


LaTeX Warning: Reference `prop:otoc-design' on page 26 undefined on input line 
1403.


LaTeX Warning: Reference `app:robustness' on page 26 undefined on input line 14
03.

[26]

LaTeX Warning: Reference `eq:Hgrav' on page 27 undefined on input line 1414.


LaTeX Warning: Reference `app:stress_tensor' on page 27 undefined on input line
 1441.


LaTeX Warning: Reference `eq:gentleness' on page 27 undefined on input line 145
0.


LaTeX Warning: Reference `prop:eft-bounds' on page 27 undefined on input line 1
456.


LaTeX Warning: Reference `eq:gentleness' on page 27 undefined on input line 145
9.

[27]

LaTeX Warning: Reference `app:stress_tensor' on page 28 undefined on input line
 1461.


LaTeX Warning: Reference `app:stress_tensor' on page 28 undefined on input line
 1471.


LaTeX Warning: Reference `sec:microscopic_foundations' on page 28 undefined on 
input line 1471.


Package natbib Warning: Citation `Radzikowski:1996' on page 28 undefined on inp
ut line 1471.


Package natbib Warning: Citation `Fewster:2012' on page 28 undefined on input l
ine 1471.


Package natbib Warning: Citation `AMPS:2013' on page 28 undefined on input line
 1473.


LaTeX Warning: Reference `fig:comb_structure' on page 28 undefined on input lin
e 1473.

[28]

LaTeX Warning: Reference `eq:kernel_schwarzian' on page 29 undefined on input l
ine 1480.


Package natbib Warning: Citation `RobertsYoshida2017' on page 29 undefined on i
nput line 1486.

[29]

Package natbib Warning: Citation `BrandaoHarrowHorodecki2016' on page 30 undefi
ned on input line 1510.


Package natbib Warning: Citation `RobertsYoshida2017' on page 30 undefined on i
nput line 1510.


Package natbib Warning: Citation `MaldacenaShenkerStanford2016' on page 30 unde
fined on input line 1516.


Package natbib Warning: Citation `ShenkerStanford2014' on page 30 undefined on 
input line 1516.


Package natbib Warning: Citation `DAlessioKafriPolkovnikovRigol2016' on page 30
 undefined on input line 1517.


Package natbib Warning: Citation `SaadShenkerStanford2019' on page 30 undefined
 on input line 1518.


Package natbib Warning: Citation `CotlerEtAl2017' on page 30 undefined on input
 line 1518.


LaTeX Warning: Reference `thm:EH-2design' on page 30 undefined on input line 15
21.


Overfull \hbox (26.90253pt too wide) detected at line 1529
[][][]\OML/cmm/m/it/10.95 F[]\OT1/cmr/m/n/10.95 (\OT1/cmss/m/n/10.95 U[] \OMS/c
msy/m/n/10.95 j A[]\OT1/cmr/m/n/10.95 ) := [] [] [][] \OML/cmm/m/it/10.95 ;  W[
]\OT1/cmr/m/n/10.95 (\OML/cmm/m/it/10.95 t\OT1/cmr/m/n/10.95 ) := \OML/cmm/m/it
/10.95 U\OT1/cmr/m/n/10.95 (\OML/cmm/m/it/10.95 t\OT1/cmr/m/n/10.95 )[]\OML/cmm
/m/it/10.95 W[]U\OT1/cmr/m/n/10.95 (\OML/cmm/m/it/10.95 t\OT1/cmr/m/n/10.95 )\O
ML/cmm/m/it/10.95 ;
 []

[30]

Package natbib Warning: Citation `RobertsYoshida2017' on page 31 undefined on i
nput line 1538.


Overfull \hbox (30.89943pt too wide) in paragraph at lines 1542--1543
[]\T1/cmr/bx/n/10.95 Lemma 6 \T1/cmr/m/n/10.95 (Frame po-ten-tial con-trols di-
a-mond dis-tance)\T1/cmr/bx/n/10.95 . []\T1/cmr/m/it/10.95 Let $\OT1/cmr/m/n/10
.95 ^^A[] := \OML/cmm/m/it/10.95 F[]\OT1/cmr/m/n/10.95 (\OT1/cmss/m/n/10.95 U[]
 \OMS/cmsy/m/n/10.95 j A[]\OT1/cmr/m/n/10.95 )\OML/cmm/m/it/10.95 =F[]\OT1/cmr/
m/n/10.95 ([] \OMS/cmsy/m/n/10.95 j A[]\OT1/cmr/m/n/10.95 ) \OMS/cmsy/m/n/10.95
 ^^@
 []


Package natbib Warning: Citation `RobertsYoshida2017' on page 31 undefined on i
nput line 1547.


Package natbib Warning: Citation `BrandaoHarrowHorodecki2016' on page 31 undefi
ned on input line 1547.


! LaTeX Error: Something's wrong--perhaps a missing \item.

See the LaTeX manual or LaTeX Companion for explanation.
Type  H <return>  for immediate help.
 ...                                              
                                                  
l.1553 ... $t_\ast\lesssim t\ll t_{\mathrm{Th}}$)]
                                                   By C1 and operator growth...

Try typing  <return>  to proceed.
If that doesn't work, type  X <return>  to quit.

 
Here is how much of TeX's memory you used:
 26030 strings out of 469006
 486246 string characters out of 5454814
 899573 words of memory out of 5000000
 54045 multiletter control sequences out of 15000+600000
 664005 words of font info for 128 fonts, out of 8000000 for 9000
 319 hyphenation exceptions out of 8191
 90i,16n,104p,1559b,824s stack positions out of 10000i,1000n,20000p,200000b,200000s
!  ==> Fatal error occurred, no output PDF file produced!
