\BOOKMARK [1][-]{section.1}{\376\377\000I\000n\000t\000r\000o\000d\000u\000c\000t\000i\000o\000n}{}% 1
\BOOKMARK [2][-]{subsection.1.1}{\376\377\000N\000o\000t\000a\000t\000i\000o\000n\000\040\000a\000n\000d\000\040\000c\000o\000n\000v\000e\000n\000t\000i\000o\000n\000s}{section.1}% 2
\BOOKMARK [2][-]{subsection.1.2}{\376\377\000B\000a\000c\000k\000g\000r\000o\000u\000n\000d\000\040\000a\000n\000d\000\040\000M\000o\000t\000i\000v\000a\000t\000i\000o\000n}{section.1}% 3
\BOOKMARK [2][-]{subsection.1.3}{\376\377\000C\000o\000r\000e\000\040\000P\000r\000o\000p\000o\000s\000a\000l\000:\000\040\000T\000h\000e\000\040\000H\000o\000r\000i\000z\000o\000n\000\040\000M\000e\000m\000o\000r\000y\000\040\000C\000o\000m\000b}{section.1}% 4
\BOOKMARK [2][-]{subsection.1.4}{\376\377\000S\000u\000m\000m\000a\000r\000y\000\040\000o\000f\000\040\000C\000o\000n\000t\000r\000i\000b\000u\000t\000i\000o\000n\000s\000\040\000a\000n\000d\000\040\000O\000r\000g\000a\000n\000i\000z\000a\000t\000i\000o\000n}{section.1}% 5
\BOOKMARK [2][-]{subsection.1.5}{\376\377\000D\000i\000f\000f\000e\000r\000e\000n\000t\000i\000a\000t\000i\000o\000n\000\040\000f\000r\000o\000m\000\040\000P\000r\000i\000o\000r\000\040\000A\000p\000p\000r\000o\000a\000c\000h\000e\000s}{section.1}% 6
\BOOKMARK [1][-]{section.2}{\376\377\000T\000h\000e\000\040\000H\000o\000r\000i\000z\000o\000n\000\040\000M\000e\000m\000o\000r\000y\000\040\000C\000o\000m\000b\000:\000\040\000F\000o\000r\000m\000a\000l\000i\000s\000m\000\040\000a\000n\000d\000\040\000C\000o\000n\000s\000e\000q\000u\000e\000n\000c\000e\000s}{}% 7
\BOOKMARK [2][-]{subsection.2.1}{\376\377\000O\000b\000s\000e\000r\000v\000a\000b\000l\000e\000s\000\040\000a\000t\000\040\000I\000+\000\040\000a\000n\000d\000\040\000t\000h\000e\000\040\000r\000o\000l\000e\000\040\000o\000f\000\040\000E\000n}{section.2}% 8
\BOOKMARK [2][-]{subsection.2.2}{\376\377\000G\000e\000n\000t\000l\000e\000n\000e\000s\000s\000\040\000a\000n\000d\000\040\000G\000r\000e\000y\000b\000o\000d\000y\000\040\000C\000o\000a\000r\000s\000e\000-\000G\000r\000a\000i\000n\000i\000n\000g}{section.2}% 9
\BOOKMARK [2][-]{subsection.2.3}{\376\377\000A\000x\000i\000o\000m\000s\000\040\000a\000n\000d\000\040\000D\000e\000r\000i\000v\000a\000t\000i\000o\000n\000\040\000o\000f\000\040\000t\000h\000e\000\040\000H\000M\000C\000\040\000F\000r\000a\000m\000e\000w\000o\000r\000k}{section.2}% 10
\BOOKMARK [3][-]{subsubsection.2.3.1}{\376\377\000F\000u\000n\000d\000a\000m\000e\000n\000t\000a\000l\000\040\000A\000x\000i\000o\000m\000s}{subsection.2.3}% 11
\BOOKMARK [3][-]{subsubsection.2.3.2}{\376\377\000D\000e\000r\000i\000v\000a\000t\000i\000o\000n\000\040\000o\000f\000\040\000t\000h\000e\000\040\000H\000M\000C\000\040\000P\000r\000o\000p\000e\000r\000t\000i\000e\000s\000\040\000f\000r\000o\000m\000\040\000A\000x\000i\000o\000m\000s}{subsection.2.3}% 12
\BOOKMARK [2][-]{subsection.2.4}{\376\377\000S\000e\000t\000u\000p\000,\000\040\000A\000x\000i\000o\000m\000s\000\040\000A\0001\040\023\000A\0004\000,\000\040\000a\000n\000d\000\040\000C\000o\000m\000b\000\040\000D\000y\000n\000a\000m\000i\000c\000s}{section.2}% 13
\BOOKMARK [2][-]{subsection.2.5}{\376\377\000P\000r\000o\000c\000e\000s\000s\000\040\000t\000e\000n\000s\000o\000r\000,\000\040\000C\000h\000o\000i\000\040\000s\000t\000a\000t\000e\000,\000\040\000a\000n\000d\000\040\000l\000i\000n\000k\000\040\000p\000r\000o\000d\000u\000c\000t\000\040\000\050\000f\000o\000r\000m\000a\000l\000\040\000d\000e\000f\000i\000n\000i\000t\000i\000o\000n\000\051}{section.2}% 14
\BOOKMARK [3][-]{subsubsection.2.5.1}{\376\377\000P\000r\000o\000c\000e\000s\000s\000\040\000t\000e\000n\000s\000o\000r\000,\000\040\000C\000h\000o\000i\000\040\000o\000p\000e\000r\000a\000t\000o\000r\000,\000\040\000a\000n\000d\000\040\000l\000i\000n\000k\000\040\000p\000r\000o\000d\000u\000c\000t\000\040\000\050\000c\000o\000m\000p\000l\000e\000t\000e\000\040\000d\000e\000f\000i\000n\000i\000t\000i\000o\000n\000\051}{subsection.2.5}% 15
\BOOKMARK [3][-]{subsubsection.2.5.2}{\376\377\000S\000t\000i\000n\000e\000s\000p\000r\000i\000n\000g\000\040\000d\000i\000l\000a\000t\000i\000o\000n\000s\000\040\000a\000n\000d\000\040\000c\000o\000d\000e\000\040\000s\000h\000r\000i\000n\000k\000a\000g\000e}{subsection.2.5}% 16
\BOOKMARK [2][-]{subsection.2.6}{\376\377\000T\000h\000e\000\040\000C\000o\000m\000b\000\040\000P\000a\000g\000e\000\040\000T\000h\000e\000o\000r\000e\000m\000:\000\040\000U\000n\000i\000t\000a\000r\000i\000t\000y\000\040\000R\000e\000s\000t\000o\000r\000e\000d}{section.2}% 17
\BOOKMARK [2][-]{subsection.2.7}{\376\377\000S\000c\000r\000a\000m\000b\000l\000i\000n\000g\000\040\000f\000r\000o\000m\000\040\000a\000\040\000c\000o\000n\000c\000r\000e\000t\000e\000\040\000n\000e\000a\000r\000-\000h\000o\000r\000i\000z\000o\000n\000\040\000H\000a\000m\000i\000l\000t\000o\000n\000i\000a\000n}{section.2}% 18
\BOOKMARK [2][-]{subsection.2.8}{\376\377\000T\000h\000e\000\040\000N\000o\000-\000F\000i\000r\000e\000w\000a\000l\000l\000\040\000L\000e\000m\000m\000a\000:\000\040\000H\000o\000r\000i\000z\000o\000n\000\040\000G\000e\000n\000t\000l\000e\000n\000e\000s\000s}{section.2}% 19
\BOOKMARK [2][-]{subsection.2.9}{\376\377\000N\000o\000-\000D\000r\000a\000m\000a\000\040\000w\000i\000t\000h\000\040\000F\000i\000n\000i\000t\000e\000\040\000M\000e\000m\000o\000r\000y\000:\000\040\000A\000\040\000Q\000u\000a\000n\000t\000i\000t\000a\000t\000i\000v\000e\000\040\000B\000o\000u\000n\000d}{section.2}% 20
\BOOKMARK [2][-]{subsection.2.10}{\376\377\000T\000h\000e\000\040\000F\000i\000n\000a\000l\000\040\000S\000t\000a\000t\000e\000:\000\040\000C\000o\000m\000p\000l\000e\000t\000e\000\040\000E\000v\000a\000p\000o\000r\000a\000t\000i\000o\000n\000\040\000w\000i\000t\000h\000o\000u\000t\000\040\000R\000e\000m\000n\000a\000n\000t\000s}{section.2}% 21
\BOOKMARK [1][-]{section.3}{\376\377\000E\000i\000n\000s\000t\000e\000i\000n\040\023\000H\000i\000l\000b\000e\000r\000t\000\040\000D\000y\000n\000a\000m\000i\000c\000s\000\040\000I\000m\000p\000l\000y\000\040\000a\000n\000\040\000A\000p\000p\000r\000o\000x\000i\000m\000a\000t\000e\000\040\000U\000n\000i\000t\000a\000r\000y\000\040\0002\040\023\000D\000e\000s\000i\000g\000n\000\040\000\050\000U\000n\000d\000e\000r\000\040\000S\000t\000a\000t\000e\000d\000\040\000H\000y\000p\000o\000t\000h\000e\000s\000e\000s\000\051}{}% 22
\BOOKMARK [1][-]{section.4}{\376\377\000M\000i\000c\000r\000o\000s\000c\000o\000p\000i\000c\000\040\000F\000o\000u\000n\000d\000a\000t\000i\000o\000n\000s\000\040\000a\000n\000d\000\040\000F\000i\000e\000l\000d\000-\000T\000h\000e\000o\000r\000e\000t\000i\000c\000\040\000D\000e\000s\000c\000r\000i\000p\000t\000i\000o\000n}{}% 23
\BOOKMARK [2][-]{subsection.4.1}{\376\377\000D\000e\000r\000i\000v\000a\000t\000i\000o\000n\000\040\000R\000o\000a\000d\000m\000a\000p\000:\000\040\000F\000r\000o\000m\000\040\0004\000D\000\040\000G\000r\000a\000v\000i\000t\000y\000\040\000t\000o\000\040\000H\000M\000C}{section.4}% 24
\BOOKMARK [2][-]{subsection.4.2}{\376\377\000M\000e\000m\000o\000r\000y\000\040\000a\000s\000\040\000E\000d\000g\000e\000\040\000M\000o\000d\000e\000s\000:\000\040\000T\000h\000e\000\040\000O\000r\000i\000g\000i\000n\000\040\000o\000f\000\040\000H\000o\000r\000i\000z\000o\000n\000\040\000M\000i\000c\000r\000o\000s\000t\000a\000t\000e\000s}{section.4}% 25
\BOOKMARK [2][-]{subsection.4.3}{\376\377\000D\000e\000r\000i\000v\000i\000n\000g\000\040\000t\000h\000e\000\040\000M\000e\000m\000o\000r\000y\000\040\000K\000e\000r\000n\000e\000l\000\040\000f\000r\000o\000m\000\040\000C\000a\000n\000d\000i\000d\000a\000t\000e\000\040\000T\000h\000e\000o\000r\000i\000e\000s}{section.4}% 26
\BOOKMARK [2][-]{subsection.4.4}{\376\377\000E\000F\000T\000\040\000B\000o\000u\000n\000d\000s\000\040\000o\000n\000\040\000M\000e\000m\000o\000r\000y\000\040\000P\000a\000r\000a\000m\000e\000t\000e\000r\000s}{section.4}% 27
\BOOKMARK [2][-]{subsection.4.5}{\376\377\000A\000x\000i\000s\000y\000m\000m\000e\000t\000r\000y\000,\000\040\000N\000o\000n\000-\000S\000p\000h\000e\000r\000i\000c\000i\000t\000y\000,\000\040\000a\000n\000d\000\040\000N\000e\000a\000r\000-\000E\000x\000t\000r\000e\000m\000a\000l\000\040\000S\000c\000a\000l\000i\000n\000g}{section.4}% 28
\BOOKMARK [2][-]{subsection.4.6}{\376\377\000I\000n\000f\000e\000r\000r\000i\000n\000g\000\040\000t\000h\000e\000\040\000m\000e\000m\000o\000r\000y\000\040\000k\000e\000r\000n\000e\000l\000\040\000f\000r\000o\000m\000\040\000d\000a\000t\000a}{section.4}% 29
\BOOKMARK [2][-]{subsection.4.7}{\376\377\000C\000o\000n\000n\000e\000c\000t\000i\000o\000n\000s\000\040\000t\000o\000\040\000i\000s\000l\000a\000n\000d\000s\000\040\000a\000n\000d\000\040\000m\000o\000d\000u\000l\000a\000r\000\040\000f\000l\000o\000w}{section.4}% 30
\BOOKMARK [2][-]{subsection.4.8}{\376\377\000A\000n\000\040\000I\000n\000f\000l\000u\000e\000n\000c\000e\000\040\000F\000u\000n\000c\000t\000i\000o\000n\000a\000l\000\040\000w\000i\000t\000h\000\040\000M\000e\000m\000o\000r\000y}{section.4}% 31
\BOOKMARK [2][-]{subsection.4.9}{\376\377\000A\000\040\000U\000V\000\040\000a\000n\000c\000h\000o\000r\000\040\000f\000o\000r\000\040\000P\0000\000\040\000a\000n\000d\000\040\000t\000h\000e\000\040\000m\000e\000m\000o\000r\000y\000\040\000k\000e\000r\000n\000e\000l}{section.4}% 32
\BOOKMARK [1][-]{section.5}{\376\377\000N\000u\000m\000e\000r\000i\000c\000a\000l\000\040\000M\000e\000t\000h\000o\000d\000o\000l\000o\000g\000y\000\040\000a\000n\000d\000\040\000E\000x\000p\000e\000r\000i\000m\000e\000n\000t\000a\000l\000\040\000V\000a\000l\000i\000d\000a\000t\000i\000o\000n}{}% 33
\BOOKMARK [2][-]{subsection.5.1}{\376\377\000S\000c\000a\000l\000a\000b\000l\000e\000\040\000a\000p\000p\000r\000o\000a\000c\000h\000:\000\040\000P\000r\000o\000c\000e\000s\000s\000-\000T\000e\000n\000s\000o\000r\000\040\000M\000P\000O\000\040\000\050\000P\000T\000-\000M\000P\000O\000\051}{section.5}% 34
\BOOKMARK [2][-]{subsection.5.2}{\376\377\000C\000o\000m\000p\000l\000e\000x\000i\000t\000y\000\040\000A\000n\000a\000l\000y\000s\000i\000s}{section.5}% 35
\BOOKMARK [2][-]{subsection.5.3}{\376\377\000A\000d\000v\000e\000r\000s\000a\000r\000i\000a\000l\000\040\000N\000u\000l\000l\000s\000\040\000a\000n\000d\000\040\000A\000b\000l\000a\000t\000i\000o\000n\000s}{section.5}% 36
\BOOKMARK [2][-]{subsection.5.4}{\376\377\000S\000i\000m\000u\000l\000a\000t\000i\000o\000n\000\040\000A\000r\000c\000h\000i\000t\000e\000c\000t\000u\000r\000e\000,\000\040\000P\000r\000o\000t\000o\000c\000o\000l\000s\000,\000\040\000a\000n\000d\000\040\000S\000t\000a\000t\000i\000s\000t\000i\000c\000s}{section.5}% 37
\BOOKMARK [2][-]{subsection.5.5}{\376\377\000W\000o\000r\000k\000e\000d\000\040\000e\000x\000a\000m\000p\000l\000e\000:\000\040\000a\000\040\000d\000e\000p\000t\000h\000-\0002\000\040\000c\000o\000m\000b\000\040\000\050\000P\000T\040\023\000M\000P\000O\000\051}{section.5}% 38
\BOOKMARK [2][-]{subsection.5.6}{\376\377\000V\000a\000l\000i\000d\000a\000t\000i\000o\000n\000\040\000o\000f\000\040\000t\000h\000e\000\040\000P\000a\000g\000e\000\040\000C\000u\000r\000v\000e}{section.5}% 39
\BOOKMARK [2][-]{subsection.5.7}{\376\377\000N\000o\000n\000-\000M\000a\000r\000k\000o\000v\000i\000a\000n\000\040\000S\000i\000g\000n\000a\000t\000u\000r\000e\000s\000:\000\040\000T\000e\000m\000p\000o\000r\000a\000l\000\040\000C\000o\000r\000r\000e\000l\000a\000t\000i\000o\000n\000s}{section.5}% 40
\BOOKMARK [2][-]{subsection.5.8}{\376\377\000S\000t\000a\000t\000i\000s\000t\000i\000c\000a\000l\000\040\000a\000n\000a\000l\000y\000s\000i\000s\000\040\000a\000n\000d\000\040\000r\000e\000p\000o\000r\000t\000i\000n\000g\000\040\000s\000t\000a\000n\000d\000a\000r\000d\000s}{section.5}% 41
\BOOKMARK [2][-]{subsection.5.9}{\376\377\000A\000b\000l\000a\000t\000i\000o\000n\000\040\000S\000t\000u\000d\000i\000e\000s\000\040\000a\000n\000d\000\040\000R\000o\000b\000u\000s\000t\000n\000e\000s\000s}{section.5}% 42
\BOOKMARK [2][-]{subsection.5.10}{\376\377\000C\000r\000o\000s\000s\000-\000V\000a\000l\000i\000d\000a\000t\000i\000o\000n\000\040\000a\000n\000d\000\040\000Q\000E\000C\000\040\000D\000i\000a\000g\000n\000o\000s\000t\000i\000c}{section.5}% 43
\BOOKMARK [2][-]{subsection.5.11}{\376\377\000S\000c\000a\000l\000a\000b\000i\000l\000i\000t\000y\000\040\000a\000n\000d\000\040\000V\000a\000l\000i\000d\000a\000t\000i\000o\000n\000\040\000w\000i\000t\000h\000\040\000P\000r\000o\000c\000e\000s\000s\000\040\000T\000e\000n\000s\000o\000r\000\040\000M\000P\000O\000s}{section.5}% 44
\BOOKMARK [2][-]{subsection.5.12}{\376\377\000C\000o\000m\000b\000\040\000C\000o\000m\000p\000l\000e\000x\000i\000t\000y\000\040\000G\000r\000o\000w\000t\000h}{section.5}% 45
\BOOKMARK [2][-]{subsection.5.13}{\376\377\000P\000T\040\023\000M\000P\000O\000\040\000S\000c\000a\000l\000a\000b\000i\000l\000i\000t\000y\000\040\000w\000i\000t\000h\000\040\000H\000e\000a\000v\000y\000-\000T\000a\000i\000l\000e\000d\000\040\000K\000e\000r\000n\000e\000l\000s}{section.5}% 46
\BOOKMARK [1][-]{section.6}{\376\377\000P\000r\000e\000d\000i\000c\000t\000i\000o\000n\000s\000\040\000a\000n\000d\000\040\000F\000a\000l\000s\000i\000f\000i\000a\000b\000i\000l\000i\000t\000y}{}% 47
\BOOKMARK [2][-]{subsection.6.1}{\376\377\000W\000o\000r\000k\000e\000d\000\040\000E\000x\000a\000m\000p\000l\000e\000:\000\040\0003\0000\000M\000\040\000B\000l\000a\000c\000k\000\040\000H\000o\000l\000e}{section.6}% 48
\BOOKMARK [2][-]{subsection.6.2}{\376\377\000I\000d\000e\000n\000t\000i\000f\000i\000a\000b\000i\000l\000i\000t\000y\000\040\000a\000n\000d\000\040\000S\000a\000m\000p\000l\000e\000\040\000C\000o\000m\000p\000l\000e\000x\000i\000t\000y}{section.6}% 49
\BOOKMARK [2][-]{subsection.6.3}{\376\377\000O\000b\000s\000e\000r\000v\000a\000b\000l\000e\000s\000\040\000a\000n\000d\000\040\000m\000e\000a\000s\000u\000r\000e\000m\000e\000n\000t\000\040\000p\000r\000o\000t\000o\000c\000o\000l\000s\000\040\000\050\000s\000u\000m\000m\000a\000r\000y\000\051}{section.6}% 50
\BOOKMARK [2][-]{subsection.6.4}{\376\377\000A\000n\000a\000l\000o\000g\000u\000e\000\040\000H\000a\000w\000k\000i\000n\000g\000\040\000P\000l\000a\000t\000f\000o\000r\000m\000s\000:\000\040\000S\000e\000n\000s\000i\000t\000i\000v\000i\000t\000y\000\040\000a\000n\000d\000\040\000S\000N\000R}{section.6}% 51
\BOOKMARK [2][-]{subsection.6.5}{\376\377\000G\000r\000a\000v\000i\000t\000a\000t\000i\000o\000n\000a\000l\000-\000w\000a\000v\000e\000\040\000R\000i\000n\000g\000d\000o\000w\000n\000s\000:\000\040\000C\000a\000u\000s\000a\000l\000\040\000S\000i\000d\000e\000b\000a\000n\000d\000s\000\040\000a\000n\000d\000\040\000P\000h\000a\000s\000e\000\040\000C\000o\000h\000e\000r\000e\000n\000c\000e}{section.6}% 52
\BOOKMARK [2][-]{subsection.6.6}{\376\377\000E\000x\000p\000e\000r\000i\000m\000e\000n\000t\000a\000l\000\040\000s\000t\000r\000a\000t\000e\000g\000i\000e\000s\000\040\000f\000o\000r\000\040\000O\000\050\0001\000/\000S\000B\000H\000\051\000\040\000s\000i\000g\000n\000a\000t\000u\000r\000e\000s}{section.6}% 53
\BOOKMARK [2][-]{subsection.6.7}{\376\377\000O\000b\000s\000e\000r\000v\000a\000t\000i\000o\000n\000a\000l\000\040\000s\000t\000r\000a\000t\000e\000g\000y\000:\000\040\000h\000i\000e\000r\000a\000r\000c\000h\000i\000c\000a\000l\000\040\000s\000t\000a\000c\000k\000i\000n\000g\000\040\000a\000n\000d\000\040\000o\000p\000t\000i\000m\000a\000l\000\040\000c\000o\000m\000b\000\040\000f\000i\000l\000t\000e\000r\000s}{section.6}% 54
\BOOKMARK [2][-]{subsection.6.8}{\376\377\000O\000r\000d\000e\000r\000-\000o\000f\000-\000m\000a\000g\000n\000i\000t\000u\000d\000e\000\040\000S\000N\000R\000\040\000e\000s\000t\000i\000m\000a\000t\000e\000s\000\040\000f\000o\000r\000\040\000r\000i\000n\000g\000d\000o\000w\000n\000\040\000e\000c\000h\000o\000e\000s}{section.6}% 55
\BOOKMARK [2][-]{subsection.6.9}{\376\377\000K\000e\000r\000n\000e\000l\000\040\000T\000o\000m\000o\000g\000r\000a\000p\000h\000y\000\040\000U\000n\000d\000e\000r\000\040\000P\000h\000y\000s\000i\000c\000a\000l\000\040\000C\000o\000n\000s\000t\000r\000a\000i\000n\000t\000s}{section.6}% 56
\BOOKMARK [2][-]{subsection.6.10}{\376\377\000F\000a\000i\000l\000u\000r\000e\000\040\000M\000o\000d\000e\000s}{section.6}% 57
\BOOKMARK [1][-]{section.7}{\376\377\000R\000e\000l\000a\000t\000e\000d\000\040\000W\000o\000r\000k\000\040\000a\000n\000d\000\040\000C\000o\000m\000p\000a\000r\000i\000s\000o\000n\000\040\000t\000o\000\040\000A\000l\000t\000e\000r\000n\000a\000t\000i\000v\000e\000\040\000F\000r\000a\000m\000e\000w\000o\000r\000k\000s}{}% 58
\BOOKMARK [2][-]{subsection.7.1}{\376\377\000C\000o\000m\000b\000s\000\040\000v\000s\000.\000\040\000Q\000E\000S\000\040\000\050\000o\000p\000e\000r\000a\000t\000i\000o\000n\000a\000l\000\040\000c\000o\000n\000t\000r\000a\000s\000t\000\051}{section.7}% 59
\BOOKMARK [2][-]{subsection.7.2}{\376\377\000L\000i\000m\000i\000t\000a\000t\000i\000o\000n\000s\000\040\000a\000n\000d\000\040\000O\000p\000e\000n\000\040\000Q\000u\000e\000s\000t\000i\000o\000n\000s}{section.7}% 60
\BOOKMARK [2][-]{subsection.7.3}{\376\377\000C\000o\000n\000n\000e\000c\000t\000i\000o\000n\000s\000\040\000t\000o\000\040\000Q\000u\000a\000n\000t\000u\000m\000\040\000E\000r\000r\000o\000r\000\040\000C\000o\000r\000r\000e\000c\000t\000i\000o\000n\000\040\000\050\000Q\000E\000C\000\051\000\040\000a\000n\000d\000\040\000R\000e\000c\000o\000n\000s\000t\000r\000u\000c\000t\000i\000o\000n}{section.7}% 61
\BOOKMARK [1][-]{section.8}{\376\377\000L\000i\000m\000i\000t\000a\000t\000i\000o\000n\000s\000\040\000a\000n\000d\000\040\000S\000c\000o\000p\000e}{}% 62
\BOOKMARK [1][-]{section.9}{\376\377\000B\000e\000y\000o\000n\000d\000\040\000E\000i\000n\000s\000t\000e\000i\000n\040\023\000H\000i\000l\000b\000e\000r\000t\000:\000\040\000N\000e\000w\000\040\000P\000h\000y\000s\000i\000c\000s\000,\000\040\000E\000F\000T\000\040\000C\000o\000m\000p\000l\000e\000t\000i\000o\000n\000,\000\040\000a\000n\000d\000\040\000R\000o\000b\000u\000s\000t\000n\000e\000s\000s}{}% 63
\BOOKMARK [1][-]{section.10}{\376\377\000D\000i\000s\000c\000u\000s\000s\000i\000o\000n\000\040\000a\000n\000d\000\040\000C\000o\000n\000c\000l\000u\000s\000i\000o\000n}{}% 64
\BOOKMARK [2][-]{subsection.10.1}{\376\377\000S\000u\000m\000m\000a\000r\000y\000\040\000o\000f\000\040\000C\000o\000n\000t\000r\000i\000b\000u\000t\000i\000o\000n\000s}{section.10}% 65
\BOOKMARK [2][-]{subsection.10.2}{\376\377\000S\000c\000o\000p\000e\000\040\000a\000n\000d\000\040\000l\000i\000m\000i\000t\000a\000t\000i\000o\000n\000s}{section.10}% 66
\BOOKMARK [1][-]{appendix.A}{\376\377\000A\000p\000p\000e\000n\000d\000i\000x\000\040\000A\000:\000\040\000D\000e\000c\000o\000u\000p\000l\000i\000n\000g\000\040\000B\000o\000u\000n\000d\000\040\000f\000o\000r\000\040\000Q\000u\000a\000n\000t\000u\000m\000\040\000C\000o\000m\000b\000s}{}% 67
\BOOKMARK [1][-]{appendix.B}{\376\377\000A\000p\000p\000e\000n\000d\000i\000x\000\040\000B\000:\000\040\000F\000r\000o\000m\000\040\000E\000i\000n\000s\000t\000e\000i\000n\040\023\000H\000i\000l\000b\000e\000r\000t\000\040\000t\000o\000\040\0002\040\023\000d\000e\000s\000i\000g\000n\000:\000\040\000d\000e\000r\000i\000v\000a\000t\000i\000o\000n\000\040\000d\000e\000t\000a\000i\000l\000s}{}% 68
\BOOKMARK [1][-]{appendix.C}{\376\377\000A\000p\000p\000e\000n\000d\000i\000x\000\040\000C\000:\000\040\000S\000t\000r\000e\000s\000s\000\040\000T\000e\000n\000s\000o\000r\000\040\000E\000s\000t\000i\000m\000a\000t\000e\000s\000,\000\040\000H\000a\000d\000a\000m\000a\000r\000d\000\040\000P\000r\000o\000p\000e\000r\000t\000y\000,\000\040\000a\000n\000d\000\040\000Q\000E\000I\000s}{}% 69
\BOOKMARK [1][-]{appendix.D}{\376\377\000A\000p\000p\000e\000n\000d\000i\000x\000\040\000D\000:\000\040\000M\000o\000v\000i\000n\000g\000-\000M\000i\000r\000r\000o\000r\000\040\000A\000n\000a\000l\000o\000g\000u\000e\000\040\000w\000i\000t\000h\000\040\000M\000e\000m\000o\000r\000y}{}% 70
\BOOKMARK [2][-]{subsection.D.1}{\376\377\000A\000n\000a\000l\000o\000g\000\040\000e\000s\000t\000i\000m\000a\000t\000o\000r\000s\000\040\000f\000o\000r\000\040\000m\000e\000m\000o\000r\000y\000\040\000s\000i\000g\000n\000a\000t\000u\000r\000e\000s}{appendix.D}% 71
\BOOKMARK [1][-]{appendix.E}{\376\377\000A\000p\000p\000e\000n\000d\000i\000x\000\040\000E\000:\000\040\000S\000c\000h\000w\000a\000r\000z\000i\000a\000n\000\040\000C\000o\000r\000r\000e\000l\000a\000t\000o\000r\000s\000\040\000a\000n\000d\000\040\000t\000h\000e\000\040\000M\000e\000m\000o\000r\000y\000\040\000K\000e\000r\000n\000e\000l}{}% 72
\BOOKMARK [1][-]{appendix.F}{\376\377\000A\000p\000p\000e\000n\000d\000i\000x\000\040\000F\000:\000\040\000C\000o\000d\000e\000\040\000A\000v\000a\000i\000l\000a\000b\000i\000l\000i\000t\000y\000,\000\040\000S\000e\000e\000d\000i\000n\000g\000,\000\040\000a\000n\000d\000\040\000R\000e\000p\000r\000o\000d\000u\000c\000i\000b\000i\000l\000i\000t\000y}{}% 73
\BOOKMARK [1][-]{appendix.G}{\376\377\000A\000p\000p\000e\000n\000d\000i\000x\000\040\000G\000:\000\040\000D\000a\000t\000a\000\040\000A\000v\000a\000i\000l\000a\000b\000i\000l\000i\000t\000y}{}% 74
\BOOKMARK [2][-]{subsection.G.1}{\376\377\000D\000a\000t\000a\000\040\000G\000e\000n\000e\000r\000a\000t\000i\000o\000n\000\040\000a\000n\000d\000\040\000R\000e\000p\000r\000o\000d\000u\000c\000i\000b\000i\000l\000i\000t\000y\000\040\000P\000h\000i\000l\000o\000s\000o\000p\000h\000y}{appendix.G}% 75
\BOOKMARK [2][-]{subsection.G.2}{\376\377\000D\000a\000t\000a\000s\000e\000t\000\040\000D\000e\000s\000c\000r\000i\000p\000t\000i\000o\000n\000s}{appendix.G}% 76
\BOOKMARK [2][-]{subsection.G.3}{\376\377\000D\000a\000t\000a\000\040\000M\000a\000n\000i\000f\000e\000s\000t\000\040\000a\000n\000d\000\040\000V\000e\000r\000i\000f\000i\000c\000a\000t\000i\000o\000n}{appendix.G}% 77
\BOOKMARK [2][-]{subsection.G.4}{\376\377\000A\000c\000c\000e\000s\000s\000\040\000a\000n\000d\000\040\000L\000i\000c\000e\000n\000s\000i\000n\000g}{appendix.G}% 78
\BOOKMARK [1][-]{appendix.H}{\376\377\000A\000p\000p\000e\000n\000d\000i\000x\000\040\000H\000:\000\040\000G\000l\000o\000s\000s\000a\000r\000y\000\040\000o\000f\000\040\000S\000y\000m\000b\000o\000l\000s}{}% 79
\BOOKMARK [2][-]{subsection.H.1}{\376\377\000T\000h\000e\000r\000m\000o\000d\000y\000n\000a\000m\000i\000c\000\040\000a\000n\000d\000\040\000G\000e\000o\000m\000e\000t\000r\000i\000c\000\040\000Q\000u\000a\000n\000t\000i\000t\000i\000e\000s}{appendix.H}% 80
\BOOKMARK [2][-]{subsection.H.2}{\376\377\000N\000o\000t\000a\000t\000i\000o\000n\000\040\000C\000o\000n\000v\000e\000n\000t\000i\000o\000n\000s}{appendix.H}% 81
\BOOKMARK [1][-]{appendix.I}{\376\377\000A\000p\000p\000e\000n\000d\000i\000x\000\040\000I\000:\000\040\000O\000p\000e\000r\000a\000t\000o\000r\000-\000A\000l\000g\000e\000b\000r\000a\000\040\000Q\000E\000C\000\040\000f\000o\000r\000\040\000H\000M\000C\000\040\000a\000n\000d\000\040\000a\000\040\000R\000e\000c\000o\000v\000e\000r\000y\000\040\000T\000h\000e\000o\000r\000e\000m}{}% 82
\BOOKMARK [2][-]{subsection.I.1}{\376\377\000M\000o\000t\000i\000v\000a\000t\000i\000o\000n\000\040\000a\000n\000d\000\040\000B\000a\000c\000k\000g\000r\000o\000u\000n\000d}{appendix.I}% 83
\BOOKMARK [2][-]{subsection.I.2}{\376\377\000S\000e\000t\000u\000p\000\040\000a\000n\000d\000\040\000D\000e\000f\000i\000n\000i\000t\000i\000o\000n\000s}{appendix.I}% 84
\BOOKMARK [2][-]{subsection.I.3}{\376\377\000C\000o\000n\000s\000t\000r\000u\000c\000t\000i\000v\000e\000\040\000R\000e\000c\000o\000v\000e\000r\000y\000\040\000v\000i\000a\000\040\000T\000w\000i\000r\000l\000e\000d\000\040\000P\000e\000t\000z\000\040\000M\000a\000p}{appendix.I}% 85
\BOOKMARK [2][-]{subsection.I.4}{\376\377\000M\000a\000i\000n\000\040\000R\000e\000c\000o\000v\000e\000r\000y\000\040\000T\000h\000e\000o\000r\000e\000m}{appendix.I}% 86
\BOOKMARK [2][-]{subsection.I.5}{\376\377\000P\000h\000y\000s\000i\000c\000a\000l\000\040\000I\000n\000t\000e\000r\000p\000r\000e\000t\000a\000t\000i\000o\000n}{appendix.I}% 87
\BOOKMARK [1][-]{appendix.J}{\376\377\000A\000p\000p\000e\000n\000d\000i\000x\000\040\000J\000:\000\040\000R\000o\000b\000u\000s\000t\000n\000e\000s\000s\000\040\000b\000o\000u\000n\000d\000s\000\040\000u\000n\000d\000e\000r\000\040\000P\0002\000'\000\040\000a\000n\000d\000\040\000a\000p\000p\000r\000o\000x\000i\000m\000a\000t\000e\000\040\000d\000e\000c\000o\000u\000p\000l\000i\000n\000g}{}% 88
\BOOKMARK [1][-]{appendix.K}{\376\377\000A\000p\000p\000e\000n\000d\000i\000x\000\040\000K\000:\000\040\000G\000r\000a\000v\000i\000t\000a\000t\000i\000o\000n\000a\000l\000-\000W\000a\000v\000e\000\040\000S\000i\000m\000u\000l\000a\000t\000i\000o\000n\000\040\000N\000o\000t\000e\000s}{}% 89
\BOOKMARK [1][-]{appendix.L}{\376\377\000A\000p\000p\000e\000n\000d\000i\000x\000\040\000L\000:\000\040\000E\000F\000T\000\040\000M\000a\000t\000c\000h\000i\000n\000g\000\040\000a\000n\000d\000\040\000U\000V\000\040\000C\000o\000m\000p\000l\000e\000t\000i\000o\000n\000s}{}% 90
\BOOKMARK [2][-]{subsection.L.1}{\376\377\000T\000r\000e\000e\000-\000l\000e\000v\000e\000l\000\040\000m\000a\000t\000c\000h\000i\000n\000g\000\040\000e\000x\000a\000m\000p\000l\000e\000s}{appendix.L}% 91
\BOOKMARK [2][-]{subsection.L.2}{\376\377\000C\000o\000m\000b\000\040\000d\000i\000s\000t\000a\000n\000c\000e\000\040\000b\000o\000u\000n\000d\000:\000\040\000d\000e\000t\000a\000i\000l\000s}{appendix.L}% 92
\BOOKMARK [2][-]{subsection.L.3}{\376\377\000H\000i\000g\000h\000e\000r\000-\000d\000e\000r\000i\000v\000a\000t\000i\000v\000e\000\040\000g\000r\000a\000v\000i\000t\000y\000\040\000a\000n\000d\000\040\000t\000h\000e\000\040\000c\000h\000a\000o\000s\000\040\000b\000o\000u\000n\000d}{appendix.L}% 93
