This is pdfTeX, Version 3.141592653-2.6-1.40.29 (TeX Live 2026) (preloaded format=pdflatex 2026.3.1)  1 APR 2026 10:46
entering extended mode
 restricted \write18 enabled.
 %&-line parsing enabled.
**paper.tex
(./paper.tex
LaTeX2e <2025-11-01>
L3 programming layer <2026-01-19>
(/usr/local/texlive/2026basic/texmf-dist/tex/latex/base/article.cls
Document Class: article 2025/01/22 v1.4n Standard LaTeX document class
(/usr/local/texlive/2026basic/texmf-dist/tex/latex/base/size11.clo
File: size11.clo 2025/01/22 v1.4n Standard LaTeX file (size option)
)
\c@part=\count275
\c@section=\count276
\c@subsection=\count277
\c@subsubsection=\count278
\c@paragraph=\count279
\c@subparagraph=\count280
\c@figure=\count281
\c@table=\count282
\abovecaptionskip=\skip49
\belowcaptionskip=\skip50
\bibindent=\dimen148
)
(/usr/local/texlive/2026basic/texmf-dist/tex/latex/base/inputenc.sty
Package: inputenc 2024/02/08 v1.3d Input encoding file
\inpenc@prehook=\toks17
\inpenc@posthook=\toks18
)
(/usr/local/texlive/2026basic/texmf-dist/tex/latex/base/fontenc.sty
Package: fontenc 2025/07/18 v2.1d Standard LaTeX package
)
(/usr/local/texlive/2026basic/texmf-dist/tex/latex/base/textcomp.sty
Package: textcomp 2024/04/24 v2.1b Standard LaTeX package
)
(./jheppub.sty
Package: jheppub 2018/12/04 v.1.1227

(/usr/local/texlive/2026basic/texmf-dist/tex/latex/amsmath/amsmath.sty
Package: amsmath 2025/07/09 v2.17z AMS math features
\@mathmargin=\skip51

For additional information on amsmath, use the `?' option.
(/usr/local/texlive/2026basic/texmf-dist/tex/latex/amsmath/amstext.sty
Package: amstext 2024/11/17 v2.01 AMS text

(/usr/local/texlive/2026basic/texmf-dist/tex/latex/amsmath/amsgen.sty
File: amsgen.sty 1999/11/30 v2.0 generic functions
\@emptytoks=\toks19
\ex@=\dimen149
))
(/usr/local/texlive/2026basic/texmf-dist/tex/latex/amsmath/amsbsy.sty
Package: amsbsy 1999/11/29 v1.2d Bold Symbols
\pmbraise@=\dimen150
)
(/usr/local/texlive/2026basic/texmf-dist/tex/latex/amsmath/amsopn.sty
Package: amsopn 2022/04/08 v2.04 operator names
)
\inf@bad=\count283
LaTeX Info: Redefining \frac on input line 233.
\uproot@=\count284
\leftroot@=\count285
LaTeX Info: Redefining \overline on input line 398.
LaTeX Info: Redefining \colon on input line 409.
\classnum@=\count286
\DOTSCASE@=\count287
LaTeX Info: Redefining \ldots on input line 495.
LaTeX Info: Redefining \dots on input line 498.
LaTeX Info: Redefining \cdots on input line 619.
\Mathstrutbox@=\box53
\strutbox@=\box54
LaTeX Info: Redefining \big on input line 721.
LaTeX Info: Redefining \Big on input line 722.
LaTeX Info: Redefining \bigg on input line 723.
LaTeX Info: Redefining \Bigg on input line 724.
\big@size=\dimen151
LaTeX Font Info:    Redeclaring font encoding OML on input line 742.
LaTeX Font Info:    Redeclaring font encoding OMS on input line 743.
\macc@depth=\count288
LaTeX Info: Redefining \bmod on input line 904.
LaTeX Info: Redefining \pmod on input line 909.
LaTeX Info: Redefining \smash on input line 939.
LaTeX Info: Redefining \relbar on input line 969.
LaTeX Info: Redefining \Relbar on input line 970.
\c@MaxMatrixCols=\count289
\dotsspace@=\muskip17
\c@parentequation=\count290
\dspbrk@lvl=\count291
\tag@help=\toks20
\row@=\count292
\column@=\count293
\maxfields@=\count294
\andhelp@=\toks21
\eqnshift@=\dimen152
\alignsep@=\dimen153
\tagshift@=\dimen154
\tagwidth@=\dimen155
\totwidth@=\dimen156
\lineht@=\dimen157
\@envbody=\toks22
\multlinegap=\skip52
\multlinetaggap=\skip53
\mathdisplay@stack=\toks23
LaTeX Info: Redefining \[ on input line 2950.
LaTeX Info: Redefining \] on input line 2951.
)
(/usr/local/texlive/2026basic/texmf-dist/tex/latex/amsfonts/amssymb.sty
Package: amssymb 2013/01/14 v3.01 AMS font symbols

(/usr/local/texlive/2026basic/texmf-dist/tex/latex/amsfonts/amsfonts.sty
Package: amsfonts 2013/01/14 v3.01 Basic AMSFonts support
\symAMSa=\mathgroup4
\symAMSb=\mathgroup5
LaTeX Font Info:    Redeclaring math symbol \hbar on input line 98.
LaTeX Font Info:    Overwriting math alphabet `\mathfrak' in version `bold'
(Font)                  U/euf/m/n --> U/euf/b/n on input line 106.
))
(/usr/local/texlive/2026basic/texmf-dist/tex/latex/graphics/epsfig.sty
Package: epsfig 2024/01/14 v1.7b (e)psfig emulation (SPQR)

(/usr/local/texlive/2026basic/texmf-dist/tex/latex/graphics/graphicx.sty
Package: graphicx 2024/12/31 v1.2e Enhanced LaTeX Graphics (DPC,SPQR)

(/usr/local/texlive/2026basic/texmf-dist/tex/latex/graphics/keyval.sty
Package: keyval 2022/05/29 v1.15 key=value parser (DPC)
\KV@toks@=\toks24
)
(/usr/local/texlive/2026basic/texmf-dist/tex/latex/graphics/graphics.sty
Package: graphics 2024/08/06 v1.4g Standard LaTeX Graphics (DPC,SPQR)

(/usr/local/texlive/2026basic/texmf-dist/tex/latex/graphics/trig.sty
Package: trig 2023/12/02 v1.11 sin cos tan (DPC)
)
(/usr/local/texlive/2026basic/texmf-dist/tex/latex/graphics-cfg/graphics.cfg
File: graphics.cfg 2016/06/04 v1.11 sample graphics configuration
)
Package graphics Info: Driver file: pdftex.def on input line 106.

(/usr/local/texlive/2026basic/texmf-dist/tex/latex/graphics-def/pdftex.def
File: pdftex.def 2025/09/29 v1.2d Graphics/color driver for pdftex
))
\Gin@req@height=\dimen158
\Gin@req@width=\dimen159
)
\epsfxsize=\dimen160
\epsfysize=\dimen161
)
(/usr/local/texlive/2026basic/texmf-dist/tex/latex/natbib/natbib.sty
Package: natbib 2010/09/13 8.31b (PWD, AO)
\bibhang=\skip54
\bibsep=\skip55
LaTeX Info: Redefining \cite on input line 694.
\c@NAT@ctr=\count295
)
(/usr/local/texlive/2026basic/texmf-dist/tex/latex/hyperref/hyperref.sty
Package: hyperref 2026-01-29 v7.01p Hypertext links for LaTeX

(/usr/local/texlive/2026basic/texmf-dist/tex/generic/iftex/iftex.sty
Package: iftex 2024/12/12 v1.0g TeX engine tests
)
(/usr/local/texlive/2026basic/texmf-dist/tex/latex/kvsetkeys/kvsetkeys.sty
Package: kvsetkeys 2022-10-05 v1.19 Key value parser (HO)
)
(/usr/local/texlive/2026basic/texmf-dist/tex/generic/kvdefinekeys/kvdefinekeys.
sty
Package: kvdefinekeys 2019-12-19 v1.6 Define keys (HO)
)
(/usr/local/texlive/2026basic/texmf-dist/tex/generic/pdfescape/pdfescape.sty
Package: pdfescape 2019/12/09 v1.15 Implements pdfTeX's escape features (HO)

(/usr/local/texlive/2026basic/texmf-dist/tex/generic/ltxcmds/ltxcmds.sty
Package: ltxcmds 2023-12-04 v1.26 LaTeX kernel commands for general use (HO)
)
(/usr/local/texlive/2026basic/texmf-dist/tex/generic/pdftexcmds/pdftexcmds.sty
Package: pdftexcmds 2020-06-27 v0.33 Utility functions of pdfTeX for LuaTeX (HO
)

(/usr/local/texlive/2026basic/texmf-dist/tex/generic/infwarerr/infwarerr.sty
Package: infwarerr 2019/12/03 v1.5 Providing info/warning/error messages (HO)
)
Package pdftexcmds Info: \pdf@primitive is available.
Package pdftexcmds Info: \pdf@ifprimitive is available.
Package pdftexcmds Info: \pdfdraftmode found.
)) (/usr/local/texlive/2026basic/texmf-dist/tex/latex/hycolor/hycolor.sty
Package: hycolor 2020-01-27 v1.10 Color options for hyperref/bookmark (HO)
)
(/usr/local/texlive/2026basic/texmf-dist/tex/latex/hyperref/nameref.sty
Package: nameref 2026-01-29 v2.58 Cross-referencing by name of section

(/usr/local/texlive/2026basic/texmf-dist/tex/latex/refcount/refcount.sty
Package: refcount 2019/12/15 v3.6 Data extraction from label references (HO)
)
(/usr/local/texlive/2026basic/texmf-dist/tex/generic/gettitlestring/gettitlestr
ing.sty
Package: gettitlestring 2019/12/15 v1.6 Cleanup title references (HO)

(/usr/local/texlive/2026basic/texmf-dist/tex/latex/kvoptions/kvoptions.sty
Package: kvoptions 2022-06-15 v3.15 Key value format for package options (HO)
))
\c@section@level=\count296
)
(/usr/local/texlive/2026basic/texmf-dist/tex/latex/etoolbox/etoolbox.sty
Package: etoolbox 2025/10/02 v2.5m e-TeX tools for LaTeX (JAW)
\etb@tempcnta=\count297
)
(/usr/local/texlive/2026basic/texmf-dist/tex/generic/stringenc/stringenc.sty
Package: stringenc 2019/11/29 v1.12 Convert strings between diff. encodings (HO
)
)
\@linkdim=\dimen162
\Hy@linkcounter=\count298
\Hy@pagecounter=\count299

(/usr/local/texlive/2026basic/texmf-dist/tex/latex/hyperref/pd1enc.def
File: pd1enc.def 2026-01-29 v7.01p Hyperref: PDFDocEncoding definition (HO)
Now handling font encoding PD1 ...
... no UTF-8 mapping file for font encoding PD1
)
(/usr/local/texlive/2026basic/texmf-dist/tex/generic/intcalc/intcalc.sty
Package: intcalc 2019/12/15 v1.3 Expandable calculations with integers (HO)
)
\Hy@SavedSpaceFactor=\count300

(/usr/local/texlive/2026basic/texmf-dist/tex/latex/hyperref/puenc.def
File: puenc.def 2026-01-29 v7.01p Hyperref: PDF Unicode definition (HO)
Now handling font encoding PU ...
... no UTF-8 mapping file for font encoding PU
)
Package hyperref Info: Option `colorlinks' set `true' on input line 4072.
Package hyperref Info: Option `linktocpage' set `true' on input line 4072.
Package hyperref Info: Option `pdfa' set `true' on input line 4072.
Package hyperref Info: Hyper figures OFF on input line 4201.
Package hyperref Info: Link nesting OFF on input line 4206.
Package hyperref Info: Hyper index ON on input line 4209.
Package hyperref Info: Plain pages OFF on input line 4216.
Package hyperref Info: Backreferencing OFF on input line 4221.
Package hyperref Info: Implicit mode ON; LaTeX internals redefined.
Package hyperref Info: Bookmarks ON on input line 4468.
\c@Hy@tempcnt=\count301

(/usr/local/texlive/2026basic/texmf-dist/tex/latex/url/url.sty
\Urlmuskip=\muskip18
Package: url 2013/09/16  ver 3.4  Verb mode for urls, etc.
)
LaTeX Info: Redefining \url on input line 4807.
\XeTeXLinkMargin=\dimen163

(/usr/local/texlive/2026basic/texmf-dist/tex/generic/bitset/bitset.sty
Package: bitset 2019/12/09 v1.3 Handle bit-vector datatype (HO)

(/usr/local/texlive/2026basic/texmf-dist/tex/generic/bigintcalc/bigintcalc.sty
Package: bigintcalc 2019/12/15 v1.5 Expandable calculations on big integers (HO
)
))
\Fld@menulength=\count302
\Field@Width=\dimen164
\Fld@charsize=\dimen165
Package hyperref Info: Hyper figures OFF on input line 6084.
Package hyperref Info: Link nesting OFF on input line 6089.
Package hyperref Info: Hyper index ON on input line 6092.
Package hyperref Info: backreferencing OFF on input line 6099.
Package hyperref Info: Link coloring ON on input line 6102.
Package hyperref Info: Link coloring with OCG OFF on input line 6109.
Package hyperref Info: PDF/A mode ON on input line 6112.
\Hy@abspage=\count303
\c@Item=\count304
\c@Hfootnote=\count305
)
Package hyperref Info: Driver (autodetected): hpdftex.
 (/usr/local/texlive/2026basic/texmf-dist/tex/latex/hyperref/hpdftex.def
File: hpdftex.def 2026-01-29 v7.01p Hyperref driver for pdfTeX
\Fld@listcount=\count306
\c@bookmark@seq@number=\count307

(/usr/local/texlive/2026basic/texmf-dist/tex/latex/rerunfilecheck/rerunfilechec
k.sty
Package: rerunfilecheck 2025-06-21 v1.11 Rerun checks for auxiliary files (HO)

(/usr/local/texlive/2026basic/texmf-dist/tex/generic/uniquecounter/uniquecounte
r.sty
Package: uniquecounter 2019/12/15 v1.4 Provide unlimited unique counter (HO)
)
Package uniquecounter Info: New unique counter `rerunfilecheck' on input line 2
84.
)
\Hy@SectionHShift=\skip56
)
\auth@toks=\toks25
\affil@toks=\toks26
\email@toks=\toks27
\c@email@counter=\count308
\affiliationsSep=\skip57
) (/usr/local/texlive/2026basic/texmf-dist/tex/latex/tools/xspace.sty
Package: xspace 2014/10/28 v1.13 Space after command names (DPC,MH)
)
(/usr/local/texlive/2026basic/texmf-dist/tex/latex/lineno/lineno.sty
Package: lineno 2026/02/16 line numbers on paragraphs v5.7
\linenopenalty=\count309
\output=\toks28
\linenoprevgraf=\count310
\linenumbersep=\dimen166
\linenumberwidth=\dimen167
\c@linenumber=\count311
\c@pagewiselinenumber=\count312
\c@LN@truepage=\count313
\c@internallinenumber=\count314
\c@internallinenumbers=\count315
\quotelinenumbersep=\dimen168
\bframerule=\dimen169
\bframesep=\dimen170
\bframebox=\box55
\@LN@amsmath@ams@eqpen=\count316
)
(/usr/local/texlive/2026basic/texmf-dist/tex/latex/microtype/microtype.sty
Package: microtype 2026/03/01 v3.2d Micro-typographical refinements (RS)
\MT@toks=\toks29
\MT@tempbox=\box56
\MT@count=\count317
LaTeX Info: Redefining \noprotrusionifhmode on input line 1084.
LaTeX Info: Redefining \leftprotrusion on input line 1085.
\MT@prot@toks=\toks30
LaTeX Info: Redefining \rightprotrusion on input line 1104.
LaTeX Info: Redefining \textls on input line 1449.
\MT@outer@kern=\dimen171
LaTeX Info: Redefining \microtypecontext on input line 2053.
LaTeX Info: Redefining \textmicrotypecontext on input line 2070.
\MT@listname@count=\count318

(/usr/local/texlive/2026basic/texmf-dist/tex/latex/microtype/microtype-pdftex.d
ef
File: microtype-pdftex.def 2026/03/01 v3.2d Definitions specific to pdftex (RS)

LaTeX Info: Redefining \lsstyle on input line 944.
LaTeX Info: Redefining \lslig on input line 944.
\MT@outer@space=\skip58
)
Package microtype Info: Loading configuration file microtype.cfg.
 (/usr/local/texlive/2026basic/texmf-dist/tex/latex/microtype/microtype.cfg
File: microtype.cfg 2026/03/01 v3.2d microtype main configuration file (RS)
)
LaTeX Info: Redefining \microtypesetup on input line 3065.
) (./cleveref.sty
Package: cleveref 2026/03/30 Minimal local fallback
)
==> First Aid for cleveref.sty no longer applied!
    Expected:
        2018/03/27 v0.21.4 Intelligent cross-referencing
    but found:
        2026/03/30 Minimal local fallback
    so I'm assuming it got fixed.
(/usr/local/texlive/2026basic/texmf-dist/tex/latex/setspace/setspace.sty
Package: setspace 2022/12/04 v6.7b set line spacing
)
(/usr/local/texlive/2026basic/texmf-dist/tex/latex/amscls/amsthm.sty
Package: amsthm 2020/05/29 v2.20.6
\thm@style=\toks31
\thm@bodyfont=\toks32
\thm@headfont=\toks33
\thm@notefont=\toks34
\thm@headpunct=\toks35
\thm@preskip=\skip59
\thm@postskip=\skip60
\thm@headsep=\skip61
\dth@everypar=\toks36
)
(/usr/local/texlive/2026basic/texmf-dist/tex/latex/mathtools/mathtools.sty
Package: mathtools 2024/10/04 v1.31 mathematical typesetting tools

(/usr/local/texlive/2026basic/texmf-dist/tex/latex/tools/calc.sty
Package: calc 2025/03/01 v4.3b Infix arithmetic (KKT,FJ)
\calc@Acount=\count319
\calc@Bcount=\count320
\calc@Adimen=\dimen172
\calc@Bdimen=\dimen173
\calc@Askip=\skip62
\calc@Bskip=\skip63
LaTeX Info: Redefining \setlength on input line 86.
LaTeX Info: Redefining \addtolength on input line 87.
\calc@Ccount=\count321
\calc@Cskip=\skip64
)
(/usr/local/texlive/2026basic/texmf-dist/tex/latex/mathtools/mhsetup.sty
Package: mhsetup 2021/03/18 v1.4 programming setup (MH)
)
\g_MT_multlinerow_int=\count322
\l_MT_multwidth_dim=\dimen174
\origjot=\skip65
\l_MT_shortvdotswithinadjustabove_dim=\dimen175
\l_MT_shortvdotswithinadjustbelow_dim=\dimen176
\l_MT_above_intertext_sep=\dimen177
\l_MT_below_intertext_sep=\dimen178
\l_MT_above_shortintertext_sep=\dimen179
\l_MT_below_shortintertext_sep=\dimen180
\xmathstrut@box=\box57
\xmathstrut@dim=\dimen181
)
(/usr/local/texlive/2026basic/texmf-dist/tex/latex/tools/bm.sty
Package: bm 2025/10/21 v1.2g Bold Symbol Support (DPC/FMi)
\symboldoperators=\mathgroup6
\symboldletters=\mathgroup7
\symboldsymbols=\mathgroup8
Package bm Info: No bold for \OMX/cmex/m/n, using \pmb.
Package bm Info: No bold for \U/msa/m/n, using \pmb.
Package bm Info: No bold for \U/msb/m/n, using \pmb.
LaTeX Font Info:    Redeclaring math alphabet \mathbf on input line 149.
) (./physics.sty
Package: physics 2026/03/31 Minimal local fallback
) (./enumitem.sty
Package: enumitem 2026/03/30 Minimal local fallback

(/usr/local/texlive/2026basic/texmf-dist/tex/latex/l3packages/xparse/xparse.sty
(/usr/local/texlive/2026basic/texmf-dist/tex/latex/l3kernel/expl3.sty
Package: expl3 2026-01-19 L3 programming layer (loader) 

(/usr/local/texlive/2026basic/texmf-dist/tex/latex/l3backend/l3backend-pdftex.d
ef
File: l3backend-pdftex.def 2025-10-09 L3 backend support: PDF output (pdfTeX)
\l__color_backend_stack_int=\count323
))
Package: xparse 2025-10-09 L3 Experimental document command parser
))
(/usr/local/texlive/2026basic/texmf-dist/tex/latex/pgf/frontendlayer/tikz.sty
(/usr/local/texlive/2026basic/texmf-dist/tex/latex/pgf/basiclayer/pgf.sty
(/usr/local/texlive/2026basic/texmf-dist/tex/latex/pgf/utilities/pgfrcs.sty
(/usr/local/texlive/2026basic/texmf-dist/tex/generic/pgf/utilities/pgfutil-comm
on.tex
\pgfutil@everybye=\toks37
\pgfutil@tempdima=\dimen182
\pgfutil@tempdimb=\dimen183
)
(/usr/local/texlive/2026basic/texmf-dist/tex/generic/pgf/utilities/pgfutil-late
x.def
\pgfutil@abb=\box58
)
(/usr/local/texlive/2026basic/texmf-dist/tex/generic/pgf/utilities/pgfrcs.code.
tex (/usr/local/texlive/2026basic/texmf-dist/tex/generic/pgf/pgf.revision.tex)
Package: pgfrcs 2025-08-29 v3.1.11a (3.1.11a)
))
Package: pgf 2025-08-29 v3.1.11a (3.1.11a)
 (/usr/local/texlive/2026basic/texmf-dist/tex/latex/pgf/basiclayer/pgfcore.sty 
(/usr/local/texlive/2026basic/texmf-dist/tex/latex/pgf/systemlayer/pgfsys.sty
(/usr/local/texlive/2026basic/texmf-dist/tex/generic/pgf/systemlayer/pgfsys.cod
e.tex
Package: pgfsys 2025-08-29 v3.1.11a (3.1.11a)

(/usr/local/texlive/2026basic/texmf-dist/tex/generic/pgf/utilities/pgfkeys.code
.tex
\pgfkeys@pathtoks=\toks38
\pgfkeys@temptoks=\toks39

(/usr/local/texlive/2026basic/texmf-dist/tex/generic/pgf/utilities/pgfkeyslibra
ryfiltered.code.tex
\pgfkeys@tmptoks=\toks40
))
\pgf@x=\dimen184
\pgf@y=\dimen185
\pgf@xa=\dimen186
\pgf@ya=\dimen187
\pgf@xb=\dimen188
\pgf@yb=\dimen189
\pgf@xc=\dimen190
\pgf@yc=\dimen191
\pgf@xd=\dimen192
\pgf@yd=\dimen193
\w@pgf@writea=\write3
\r@pgf@reada=\read2
\c@pgf@counta=\count324
\c@pgf@countb=\count325
\c@pgf@countc=\count326
\c@pgf@countd=\count327
\t@pgf@toka=\toks41
\t@pgf@tokb=\toks42
\t@pgf@tokc=\toks43
\pgf@sys@id@count=\count328

(/usr/local/texlive/2026basic/texmf-dist/tex/generic/pgf/systemlayer/pgf.cfg
File: pgf.cfg 2025-08-29 v3.1.11a (3.1.11a)
)
Driver file for pgf: pgfsys-pdftex.def

(/usr/local/texlive/2026basic/texmf-dist/tex/generic/pgf/systemlayer/pgfsys-pdf
tex.def
File: pgfsys-pdftex.def 2025-08-29 v3.1.11a (3.1.11a)

(/usr/local/texlive/2026basic/texmf-dist/tex/generic/pgf/systemlayer/pgfsys-com
mon-pdf.def
File: pgfsys-common-pdf.def 2025-08-29 v3.1.11a (3.1.11a)
)))
(/usr/local/texlive/2026basic/texmf-dist/tex/generic/pgf/systemlayer/pgfsyssoft
path.code.tex
File: pgfsyssoftpath.code.tex 2025-08-29 v3.1.11a (3.1.11a)
\pgfsyssoftpath@smallbuffer@items=\count329
\pgfsyssoftpath@bigbuffer@items=\count330
)
(/usr/local/texlive/2026basic/texmf-dist/tex/generic/pgf/systemlayer/pgfsysprot
ocol.code.tex
File: pgfsysprotocol.code.tex 2025-08-29 v3.1.11a (3.1.11a)
))
(/usr/local/texlive/2026basic/texmf-dist/tex/latex/xcolor/xcolor.sty
Package: xcolor 2024/09/29 v3.02 LaTeX color extensions (UK)

(/usr/local/texlive/2026basic/texmf-dist/tex/latex/graphics-cfg/color.cfg
File: color.cfg 2016/01/02 v1.6 sample color configuration
)
Package xcolor Info: Driver file: pdftex.def on input line 274.

(/usr/local/texlive/2026basic/texmf-dist/tex/latex/graphics/mathcolor.ltx)
Package xcolor Info: Model `cmy' substituted by `cmy0' on input line 1349.
Package xcolor Info: Model `hsb' substituted by `rgb' on input line 1353.
Package xcolor Info: Model `RGB' extended on input line 1365.
Package xcolor Info: Model `HTML' substituted by `rgb' on input line 1367.
Package xcolor Info: Model `Hsb' substituted by `hsb' on input line 1368.
Package xcolor Info: Model `tHsb' substituted by `hsb' on input line 1369.
Package xcolor Info: Model `HSB' substituted by `hsb' on input line 1370.
Package xcolor Info: Model `Gray' substituted by `gray' on input line 1371.
Package xcolor Info: Model `wave' substituted by `hsb' on input line 1372.
)
(/usr/local/texlive/2026basic/texmf-dist/tex/generic/pgf/basiclayer/pgfcore.cod
e.tex
Package: pgfcore 2025-08-29 v3.1.11a (3.1.11a)

(/usr/local/texlive/2026basic/texmf-dist/tex/generic/pgf/math/pgfmath.code.tex
(/usr/local/texlive/2026basic/texmf-dist/tex/generic/pgf/math/pgfmathutil.code.
tex)
(/usr/local/texlive/2026basic/texmf-dist/tex/generic/pgf/math/pgfmathparser.cod
e.tex
\pgfmath@dimen=\dimen194
\pgfmath@count=\count331
\pgfmath@box=\box59
\pgfmath@toks=\toks44
\pgfmath@stack@operand=\toks45
\pgfmath@stack@operation=\toks46
)
(/usr/local/texlive/2026basic/texmf-dist/tex/generic/pgf/math/pgfmathfunctions.
code.tex)
(/usr/local/texlive/2026basic/texmf-dist/tex/generic/pgf/math/pgfmathfunctions.
basic.code.tex)
(/usr/local/texlive/2026basic/texmf-dist/tex/generic/pgf/math/pgfmathfunctions.
trigonometric.code.tex)
(/usr/local/texlive/2026basic/texmf-dist/tex/generic/pgf/math/pgfmathfunctions.
random.code.tex)
(/usr/local/texlive/2026basic/texmf-dist/tex/generic/pgf/math/pgfmathfunctions.
comparison.code.tex)
(/usr/local/texlive/2026basic/texmf-dist/tex/generic/pgf/math/pgfmathfunctions.
base.code.tex)
(/usr/local/texlive/2026basic/texmf-dist/tex/generic/pgf/math/pgfmathfunctions.
round.code.tex)
(/usr/local/texlive/2026basic/texmf-dist/tex/generic/pgf/math/pgfmathfunctions.
misc.code.tex)
(/usr/local/texlive/2026basic/texmf-dist/tex/generic/pgf/math/pgfmathfunctions.
integerarithmetics.code.tex)
(/usr/local/texlive/2026basic/texmf-dist/tex/generic/pgf/math/pgfmathcalc.code.
tex)
(/usr/local/texlive/2026basic/texmf-dist/tex/generic/pgf/math/pgfmathfloat.code
.tex
\c@pgfmathroundto@lastzeros=\count332
))
(/usr/local/texlive/2026basic/texmf-dist/tex/generic/pgf/math/pgfint.code.tex)
(/usr/local/texlive/2026basic/texmf-dist/tex/generic/pgf/basiclayer/pgfcorepoin
ts.code.tex
File: pgfcorepoints.code.tex 2025-08-29 v3.1.11a (3.1.11a)
\pgf@picminx=\dimen195
\pgf@picmaxx=\dimen196
\pgf@picminy=\dimen197
\pgf@picmaxy=\dimen198
\pgf@pathminx=\dimen199
\pgf@pathmaxx=\dimen256
\pgf@pathminy=\dimen257
\pgf@pathmaxy=\dimen258
\pgf@xx=\dimen259
\pgf@xy=\dimen260
\pgf@yx=\dimen261
\pgf@yy=\dimen262
\pgf@zx=\dimen263
\pgf@zy=\dimen264
)
(/usr/local/texlive/2026basic/texmf-dist/tex/generic/pgf/basiclayer/pgfcorepath
construct.code.tex
File: pgfcorepathconstruct.code.tex 2025-08-29 v3.1.11a (3.1.11a)
\pgf@path@lastx=\dimen265
\pgf@path@lasty=\dimen266
)
(/usr/local/texlive/2026basic/texmf-dist/tex/generic/pgf/basiclayer/pgfcorepath
usage.code.tex
File: pgfcorepathusage.code.tex 2025-08-29 v3.1.11a (3.1.11a)
\pgf@shorten@end@additional=\dimen267
\pgf@shorten@start@additional=\dimen268
)
(/usr/local/texlive/2026basic/texmf-dist/tex/generic/pgf/basiclayer/pgfcorescop
es.code.tex
File: pgfcorescopes.code.tex 2025-08-29 v3.1.11a (3.1.11a)
\pgfpic=\box60
\pgf@hbox=\box61
\pgf@layerbox@main=\box62
\pgf@picture@serial@count=\count333
)
(/usr/local/texlive/2026basic/texmf-dist/tex/generic/pgf/basiclayer/pgfcoregrap
hicstate.code.tex
File: pgfcoregraphicstate.code.tex 2025-08-29 v3.1.11a (3.1.11a)
\pgflinewidth=\dimen269
)
(/usr/local/texlive/2026basic/texmf-dist/tex/generic/pgf/basiclayer/pgfcoretran
sformations.code.tex
File: pgfcoretransformations.code.tex 2025-08-29 v3.1.11a (3.1.11a)
\pgf@pt@x=\dimen270
\pgf@pt@y=\dimen271
\pgf@pt@temp=\dimen272
)
(/usr/local/texlive/2026basic/texmf-dist/tex/generic/pgf/basiclayer/pgfcorequic
k.code.tex
File: pgfcorequick.code.tex 2025-08-29 v3.1.11a (3.1.11a)
)
(/usr/local/texlive/2026basic/texmf-dist/tex/generic/pgf/basiclayer/pgfcoreobje
cts.code.tex
File: pgfcoreobjects.code.tex 2025-08-29 v3.1.11a (3.1.11a)
)
(/usr/local/texlive/2026basic/texmf-dist/tex/generic/pgf/basiclayer/pgfcorepath
processing.code.tex
File: pgfcorepathprocessing.code.tex 2025-08-29 v3.1.11a (3.1.11a)
)
(/usr/local/texlive/2026basic/texmf-dist/tex/generic/pgf/basiclayer/pgfcorearro
ws.code.tex
File: pgfcorearrows.code.tex 2025-08-29 v3.1.11a (3.1.11a)
\pgfarrowsep=\dimen273
)
(/usr/local/texlive/2026basic/texmf-dist/tex/generic/pgf/basiclayer/pgfcoreshad
e.code.tex
File: pgfcoreshade.code.tex 2025-08-29 v3.1.11a (3.1.11a)
\pgf@max=\dimen274
\pgf@sys@shading@range@num=\count334
\pgf@shadingcount=\count335
)
(/usr/local/texlive/2026basic/texmf-dist/tex/generic/pgf/basiclayer/pgfcoreimag
e.code.tex
File: pgfcoreimage.code.tex 2025-08-29 v3.1.11a (3.1.11a)
)
(/usr/local/texlive/2026basic/texmf-dist/tex/generic/pgf/basiclayer/pgfcoreexte
rnal.code.tex
File: pgfcoreexternal.code.tex 2025-08-29 v3.1.11a (3.1.11a)
\pgfexternal@startupbox=\box63
)
(/usr/local/texlive/2026basic/texmf-dist/tex/generic/pgf/basiclayer/pgfcorelaye
rs.code.tex
File: pgfcorelayers.code.tex 2025-08-29 v3.1.11a (3.1.11a)
)
(/usr/local/texlive/2026basic/texmf-dist/tex/generic/pgf/basiclayer/pgfcoretran
sparency.code.tex
File: pgfcoretransparency.code.tex 2025-08-29 v3.1.11a (3.1.11a)
)
(/usr/local/texlive/2026basic/texmf-dist/tex/generic/pgf/basiclayer/pgfcorepatt
erns.code.tex
File: pgfcorepatterns.code.tex 2025-08-29 v3.1.11a (3.1.11a)
)
(/usr/local/texlive/2026basic/texmf-dist/tex/generic/pgf/basiclayer/pgfcorerdf.
code.tex
File: pgfcorerdf.code.tex 2025-08-29 v3.1.11a (3.1.11a)
)))
(/usr/local/texlive/2026basic/texmf-dist/tex/generic/pgf/modules/pgfmoduleshape
s.code.tex
File: pgfmoduleshapes.code.tex 2025-08-29 v3.1.11a (3.1.11a)
\pgfnodeparttextbox=\box64
)
(/usr/local/texlive/2026basic/texmf-dist/tex/generic/pgf/modules/pgfmoduleplot.
code.tex
File: pgfmoduleplot.code.tex 2025-08-29 v3.1.11a (3.1.11a)
)
(/usr/local/texlive/2026basic/texmf-dist/tex/latex/pgf/compatibility/pgfcomp-ve
rsion-0-65.sty
Package: pgfcomp-version-0-65 2025-08-29 v3.1.11a (3.1.11a)
\pgf@nodesepstart=\dimen275
\pgf@nodesepend=\dimen276
)
(/usr/local/texlive/2026basic/texmf-dist/tex/latex/pgf/compatibility/pgfcomp-ve
rsion-1-18.sty
Package: pgfcomp-version-1-18 2025-08-29 v3.1.11a (3.1.11a)
))
(/usr/local/texlive/2026basic/texmf-dist/tex/latex/pgf/utilities/pgffor.sty
(/usr/local/texlive/2026basic/texmf-dist/tex/latex/pgf/utilities/pgfkeys.sty
(/usr/local/texlive/2026basic/texmf-dist/tex/generic/pgf/utilities/pgfkeys.code
.tex)) (/usr/local/texlive/2026basic/texmf-dist/tex/latex/pgf/math/pgfmath.sty
(/usr/local/texlive/2026basic/texmf-dist/tex/generic/pgf/math/pgfmath.code.tex)
)
(/usr/local/texlive/2026basic/texmf-dist/tex/generic/pgf/utilities/pgffor.code.
tex
Package: pgffor 2025-08-29 v3.1.11a (3.1.11a)
\pgffor@iter=\dimen277
\pgffor@skip=\dimen278
\pgffor@stack=\toks47
\pgffor@toks=\toks48
))
(/usr/local/texlive/2026basic/texmf-dist/tex/generic/pgf/frontendlayer/tikz/tik
z.code.tex
Package: tikz 2025-08-29 v3.1.11a (3.1.11a)

(/usr/local/texlive/2026basic/texmf-dist/tex/generic/pgf/libraries/pgflibrarypl
othandlers.code.tex
File: pgflibraryplothandlers.code.tex 2025-08-29 v3.1.11a (3.1.11a)
\pgf@plot@mark@count=\count336
\pgfplotmarksize=\dimen279
)
\tikz@lastx=\dimen280
\tikz@lasty=\dimen281
\tikz@lastxsaved=\dimen282
\tikz@lastysaved=\dimen283
\tikz@lastmovetox=\dimen284
\tikz@lastmovetoy=\dimen285
\tikzleveldistance=\dimen286
\tikzsiblingdistance=\dimen287
\tikz@figbox=\box65
\tikz@figbox@bg=\box66
\tikz@tempbox=\box67
\tikz@tempbox@bg=\box68
\tikztreelevel=\count337
\tikznumberofchildren=\count338
\tikznumberofcurrentchild=\count339
\tikz@fig@count=\count340

(/usr/local/texlive/2026basic/texmf-dist/tex/generic/pgf/modules/pgfmodulematri
x.code.tex
File: pgfmodulematrix.code.tex 2025-08-29 v3.1.11a (3.1.11a)
\pgfmatrixcurrentrow=\count341
\pgfmatrixcurrentcolumn=\count342
\pgf@matrix@numberofcolumns=\count343
)
\tikz@expandcount=\count344

(/usr/local/texlive/2026basic/texmf-dist/tex/generic/pgf/frontendlayer/tikz/lib
raries/tikzlibrarytopaths.code.tex
File: tikzlibrarytopaths.code.tex 2025-08-29 v3.1.11a (3.1.11a)
)))
(/usr/local/texlive/2026basic/texmf-dist/tex/generic/pgf/libraries/pgflibraryar
rows.meta.code.tex
File: pgflibraryarrows.meta.code.tex 2025-08-29 v3.1.11a (3.1.11a)
\pgfarrowinset=\dimen288
\pgfarrowlength=\dimen289
\pgfarrowwidth=\dimen290
\pgfarrowlinewidth=\dimen291
)
(/usr/local/texlive/2026basic/texmf-dist/tex/generic/pgf/frontendlayer/tikz/lib
raries/tikzlibrarypositioning.code.tex
File: tikzlibrarypositioning.code.tex 2025-08-29 v3.1.11a (3.1.11a)
)
(/usr/local/texlive/2026basic/texmf-dist/tex/generic/pgf/frontendlayer/tikz/lib
raries/tikzlibrarydecorations.pathreplacing.code.tex
(/usr/local/texlive/2026basic/texmf-dist/tex/generic/pgf/frontendlayer/tikz/lib
raries/tikzlibrarydecorations.code.tex
(/usr/local/texlive/2026basic/texmf-dist/tex/generic/pgf/modules/pgfmoduledecor
ations.code.tex
\pgfdecoratedcompleteddistance=\dimen292
\pgfdecoratedremainingdistance=\dimen293
\pgfdecoratedinputsegmentcompleteddistance=\dimen294
\pgfdecoratedinputsegmentremainingdistance=\dimen295
\pgf@decorate@distancetomove=\dimen296
\pgf@decorate@repeatstate=\count345
\pgfdecorationsegmentamplitude=\dimen297
\pgfdecorationsegmentlength=\dimen298
)
\tikz@lib@dec@box=\box69
)
(/usr/local/texlive/2026basic/texmf-dist/tex/generic/pgf/libraries/decorations/
pgflibrarydecorations.pathreplacing.code.tex))
(/usr/local/texlive/2026basic/texmf-dist/tex/latex/booktabs/booktabs.sty
Package: booktabs 2020/01/12 v1.61803398 Publication quality tables
\heavyrulewidth=\dimen299
\lightrulewidth=\dimen300
\cmidrulewidth=\dimen301
\belowrulesep=\dimen302
\belowbottomsep=\dimen303
\aboverulesep=\dimen304
\abovetopsep=\dimen305
\cmidrulesep=\dimen306
\cmidrulekern=\dimen307
\defaultaddspace=\dimen308
\@cmidla=\count346
\@cmidlb=\count347
\@aboverulesep=\dimen309
\@belowrulesep=\dimen310
\@thisruleclass=\count348
\@lastruleclass=\count349
\@thisrulewidth=\dimen311
)
(./adjustbox.sty
Package: adjustbox 2026/04/01 Minimal local fallback
) (./algorithm.sty
Package: algorithm 2026/04/01 Minimal local fallback
) (./algpseudocode.sty
Package: algpseudocode 2026/04/01 Minimal local fallback
\c@ALG@line=\count350
) (./pgfplots.sty
Package: pgfplots 2026/04/01 Minimal local fallback
)
(./pgfplotstable.sty
Package: pgfplotstable 2026/04/01 Minimal local fallback
)
(/usr/local/texlive/2026basic/texmf-dist/tex/latex/tools/longtable.sty
Package: longtable 2025-10-13 v4.24 Multi-page Table package (DPC)
\LTleft=\skip66
\LTright=\skip67
\LTpre=\skip68
\LTpost=\skip69
\LTchunksize=\count351
\LTcapwidth=\dimen312
\LT@head=\box70
\LT@firsthead=\box71
\LT@foot=\box72
\LT@lastfoot=\box73
\LT@gbox=\box74
\LT@cols=\count352
\LT@rows=\count353
\c@LT@tables=\count354
\c@LT@chunks=\count355
\LT@p@ftn=\toks49
)
(./siunitx.sty
Package: siunitx 2026/04/01 Minimal local fallback
) (./subcaption.sty
Package: subcaption 2026/04/01 Minimal local fallback
) (./underscore.sty
Package: underscore 2026/04/01 Minimal local fallback
)
==> First Aid for underscore.sty no longer applied!
    Expected:
        2006/09/13
    but found:
        2026/04/01 Minimal local fallback
    so I'm assuming it got fixed.
(/usr/local/texlive/2026basic/texmf-dist/tex/latex/tools/tabularx.sty
Package: tabularx 2023/12/11 v2.12a `tabularx' package (DPC)

(/usr/local/texlive/2026basic/texmf-dist/tex/latex/tools/array.sty
Package: array 2025/09/25 v2.6n Tabular extension package (FMi)
\col@sep=\dimen313
\ar@mcellbox=\box75
\extrarowheight=\dimen314
\NC@list=\toks50
\extratabsurround=\skip70
\backup@length=\skip71
\ar@cellbox=\box76
)
\TX@col@width=\dimen315
\TX@old@table=\dimen316
\TX@old@col=\dimen317
\TX@target=\dimen318
\TX@delta=\dimen319
\TX@cols=\count356
\TX@ftn=\toks51
)
(./float.sty
Package: float 2026/04/01 Minimal local fallback
)
\c@theorem=\count357
\c@lemma=\count358
\c@proposition=\count359
\c@corollary=\count360
\c@conjecture=\count361
\c@hypothesis=\count362
\c@definition=\count363
\c@assumption=\count364
\c@remark=\count365

No file paper_tmp_c.aux.
\openout1 = `paper_tmp_c.aux'.

LaTeX Font Info:    Checking defaults for OML/cmm/m/it on input line 405.
LaTeX Font Info:    ... okay on input line 405.
LaTeX Font Info:    Checking defaults for OMS/cmsy/m/n on input line 405.
LaTeX Font Info:    ... okay on input line 405.
LaTeX Font Info:    Checking defaults for OT1/cmr/m/n on input line 405.
LaTeX Font Info:    ... okay on input line 405.
LaTeX Font Info:    Checking defaults for T1/cmr/m/n on input line 405.
LaTeX Font Info:    ... okay on input line 405.
LaTeX Font Info:    Checking defaults for TS1/cmr/m/n on input line 405.
LaTeX Font Info:    ... okay on input line 405.
LaTeX Font Info:    Checking defaults for OMX/cmex/m/n on input line 405.
LaTeX Font Info:    ... okay on input line 405.
LaTeX Font Info:    Checking defaults for U/cmr/m/n on input line 405.
LaTeX Font Info:    ... okay on input line 405.
LaTeX Font Info:    Checking defaults for PD1/pdf/m/n on input line 405.
LaTeX Font Info:    ... okay on input line 405.
LaTeX Font Info:    Checking defaults for PU/pdf/m/n on input line 405.
LaTeX Font Info:    ... okay on input line 405.
(/usr/local/texlive/2026basic/texmf-dist/tex/context/base/mkii/supp-pdf.mkii
[Loading MPS to PDF converter (version 2006.09.02).]
\scratchcounter=\count366
\scratchdimen=\dimen320
\scratchbox=\box77
\nofMPsegments=\count367
\nofMParguments=\count368
\everyMPshowfont=\toks52
\MPscratchCnt=\count369
\MPscratchDim=\dimen321
\MPnumerator=\count370
\makeMPintoPDFobject=\count371
\everyMPtoPDFconversion=\toks53
)
(/usr/local/texlive/2026basic/texmf-dist/tex/latex/epstopdf-pkg/epstopdf-base.s
ty
Package: epstopdf-base 2020-01-24 v2.11 Base part for package epstopdf
Package epstopdf-base Info: Redefining graphics rule for `.eps' on input line 4
85.

(/usr/local/texlive/2026basic/texmf-dist/tex/latex/latexconfig/epstopdf-sys.cfg
File: epstopdf-sys.cfg 2010/07/13 v1.3 Configuration of (r)epstopdf for TeX Liv
e
))
Package hyperref Info: Link coloring OFF on input line 405.
\@outlinefile=\write4
\openout4 = `paper_tmp_c.out'.

LaTeX Info: Redefining \microtypecontext on input line 405.
Package microtype Info: Applying patch `item' on input line 405.
Package microtype Info: Applying patch `toc' on input line 405.
Package microtype Info: Applying patch `eqnum' on input line 405.


Package microtype Warning: Unable to apply patch `footnote' on input line 405.

Package microtype Info: Applying patch `verbatim' on input line 405.
LaTeX Info: Redefining \microtypesetup on input line 405.
Package microtype Info: Generating PDF output.
Package microtype Info: Character protrusion enabled (level 2).
Package microtype Info: Using default protrusion set `alltext'.
Package microtype Info: No font expansion.
Package microtype Info: No adjustment of tracking.
Package microtype Info: No adjustment of interword spacing.
Package microtype Info: No adjustment of character kerning.
(/usr/local/texlive/2026basic/texmf-dist/tex/latex/microtype/mt-cmr.cfg
File: mt-cmr.cfg 2013/05/19 v2.2 microtype config. file: Computer Modern Roman 
(RS)
)
Package microtype Info: Loading generic protrusion settings for font family
(microtype)             `cmss' (encoding: T1).
(microtype)             For optimal results, create family-specific settings.
(microtype)             See the microtype manual for details.
Package microtype Info: Loading generic protrusion settings for font family
(microtype)             `cmtt' (encoding: T1).
(microtype)             For optimal results, create family-specific settings.
(microtype)             See the microtype manual for details.
LaTeX Font Info:    Trying to load font information for U+msa on input line 407
.

(/usr/local/texlive/2026basic/texmf-dist/tex/latex/amsfonts/umsa.fd
File: umsa.fd 2013/01/14 v3.01 AMS symbols A
)
(/usr/local/texlive/2026basic/texmf-dist/tex/latex/microtype/mt-msa.cfg
File: mt-msa.cfg 2006/02/04 v1.1 microtype config. file: AMS symbols (a) (RS)
)
LaTeX Font Info:    Trying to load font information for U+msb on input line 407
.

(/usr/local/texlive/2026basic/texmf-dist/tex/latex/amsfonts/umsb.fd
File: umsb.fd 2013/01/14 v3.01 AMS symbols B
)
(/usr/local/texlive/2026basic/texmf-dist/tex/latex/microtype/mt-msb.cfg
File: mt-msb.cfg 2005/06/01 v1.0 microtype config. file: AMS symbols (b) (RS)
)
Overfull \hbox (0.44778pt too wide) in paragraph at lines 407--407
[]\T1/cmr/bx/n/10.95 Results. \T1/cmr/m/n/10.95 (i) Un-der four ax-ioms (A1--A4
)---a semi-clas-si-cal ex-te-rior with Hadamard/QEI
 []


Underfull \hbox (badness 1448) in paragraph at lines 407--407
\T1/cmr/m/n/10.95 signatures---Page-curve shapes, late-time en-tan-gle-ment gro
wth, and echo-correlation
 []

[0

{/usr/local/texlive/2026basic/texmf-var/fonts/map/pdftex/updmap/pdftex.map}]
No file paper_tmp_c.toc.
\tf@toc=\write5
\openout5 = `paper_tmp_c.toc'.


LaTeX Warning: Reference `thm:comb-page-weak' on page 1 undefined on input line
 423.


LaTeX Warning: Reference `sec:phenomenology' on page 1 undefined on input line 
430.


LaTeX Warning: Reference `sec:analogue_platforms' on page 1 undefined on input 
line 430.

[1]

LaTeX Warning: Reference `thm:EH-2design' on page 2 undefined on input line 436
.


LaTeX Warning: Reference `tab:notation' on page 2 undefined on input line 444.


Package natbib Warning: Citation `Hawking:1975' on page 2 undefined on input li
ne 467.


Package natbib Warning: Citation `Bekenstein:1973' on page 2 undefined on input
 line 467.


Package natbib Warning: Citation `Hawking:1976' on page 2 undefined on input li
ne 467.

[2]

Package natbib Warning: Citation `Mathur:2009' on page 3 undefined on input lin
e 469.


Package natbib Warning: Citation `Harlow:2016' on page 3 undefined on input lin
e 469.


Package natbib Warning: Citation `Page:1993' on page 3 undefined on input line 
471.


LaTeX Warning: Reference `fig:page_curve_intro' on page 3 undefined on input li
ne 471.


Package natbib Warning: Citation `AMPS:2013' on page 3 undefined on input line 
472.


Package natbib Warning: Citation `Susskind:1993' on page 3 undefined on input l
ine 473.


Package natbib Warning: Citation `Penington:2020' on page 3 undefined on input 
line 504.


Package natbib Warning: Citation `Almheiri:2020' on page 3 undefined on input l
ine 504.


Package natbib Warning: Citation `Chen:2020' on page 3 undefined on input line 
504.


Package natbib Warning: Citation `Engelhardt:2015' on page 3 undefined on input
 line 504.


Package natbib Warning: Citation `HPS:2016' on page 3 undefined on input line 5
04.


Package natbib Warning: Citation `Mathur:2005b' on page 3 undefined on input li
ne 504.


Package natbib Warning: Citation `Maldacena:2013' on page 3 undefined on input 
line 504.

[3]

LaTeX Warning: Reference `prop:P0-derivation' on page 4 undefined on input line
 510.


LaTeX Warning: Reference `prop:P0-derivation' on page 4 undefined on input line
 512.


LaTeX Warning: Reference `sec:derivations_postulates' on page 4 undefined on in
put line 518.


LaTeX Warning: Reference `prop:P0-derivation' on page 4 undefined on input line
 518.


LaTeX Warning: Reference `sec:formalism' on page 4 undefined on input line 521.



Package natbib Warning: Citation `Chiribella:2009' on page 4 undefined on input
 line 523.


Package natbib Warning: Citation `Pollock:2018' on page 4 undefined on input li
ne 523.


LaTeX Warning: Reference `sec:microscopic_foundations' on page 4 undefined on i
nput line 530.


LaTeX Warning: Reference `sec:EH-to-design' on page 4 undefined on input line 5
38.

[4]

Package natbib Warning: Citation `Penington:2020' on page 5 undefined on input 
line 550.


Package natbib Warning: Citation `Almheiri:2020' on page 5 undefined on input l
ine 550.


Package natbib Warning: Citation `HPS:2016' on page 5 undefined on input line 5
54.


Package natbib Warning: Citation `Strominger:2017' on page 5 undefined on input
 line 554.


Package natbib Warning: Citation `Mathur:2005b' on page 5 undefined on input li
ne 558.


Package natbib Warning: Citation `Mathur:2009' on page 5 undefined on input lin
e 558.

[5]

Package natbib Warning: Citation `Maldacena:2013' on page 6 undefined on input 
line 562.


Package natbib Warning: Citation `AMPS:2013' on page 6 undefined on input line 
566.


LaTeX Warning: Reference `lem:nofirewall' on page 6 undefined on input line 567
.

[6]

LaTeX Warning: Reference `sec:predictions' on page 7 undefined on input line 60
5.


LaTeX Warning: Reference `tab:observability' on page 7 undefined on input line 
607.


LaTeX Warning: Reference `eq:echo-delay' on page 7 undefined on input line 607.



LaTeX Warning: Reference `tab:echo_mapping' on page 7 undefined on input line 6
07.


LaTeX Warning: Reference `eq:snr-stack' on page 7 undefined on input line 607.


LaTeX Warning: Reference `sec:assumptions' on page 7 undefined on input line 61
3.


LaTeX Warning: Reference `sec:setup' on page 7 undefined on input line 614.


LaTeX Warning: Reference `sec:page_theorem' on page 7 undefined on input line 6
15.


LaTeX Warning: Reference `ssec:grav-scrambling' on page 7 undefined on input li
ne 616.


LaTeX Warning: Reference `sec:EH-to-design' on page 7 undefined on input line 6
16.


LaTeX Warning: Reference `sec:no_firewall' on page 7 undefined on input line 61
7.


Package hyperref Warning: Token not allowed in a PDF string (Unicode):
(hyperref)                removing `math shift' on input line 619.


Package hyperref Warning: Token not allowed in a PDF string (Unicode):
(hyperref)                removing `superscript' on input line 619.


Package hyperref Warning: Token not allowed in a PDF string (Unicode):
(hyperref)                removing `math shift' on input line 619.


Package hyperref Warning: Token not allowed in a PDF string (Unicode):
(hyperref)                removing `math shift' on input line 619.


Package hyperref Warning: Token not allowed in a PDF string (Unicode):
(hyperref)                removing `subscript' on input line 619.


Package hyperref Warning: Token not allowed in a PDF string (Unicode):
(hyperref)                removing `math shift' on input line 619.


LaTeX Warning: Reference `box:constants-eps' on page 7 undefined on input line 
624.


LaTeX Warning: Reference `sec:gentleness' on page 7 undefined on input line 628
.

[7]

Package natbib Warning: Citation `Radzikowski:1996' on page 8 undefined on inpu
t line 681.


LaTeX Warning: Reference `app:stress_tensor' on page 8 undefined on input line 
681.

[8]

LaTeX Warning: Reference `thm:EH-2design' on page 9 undefined on input line 701
.


LaTeX Warning: Reference `sec:EH-to-design' on page 9 undefined on input line 7
01.


LaTeX Warning: Reference `app:EH-2design' on page 9 undefined on input line 701
.


LaTeX Warning: Reference `sec:EH-to-design' on page 9 undefined on input line 7
02.


LaTeX Warning: Reference `sec:EH-to-design' on page 9 undefined on input line 7
14.


LaTeX Warning: Reference `thm:EH-2design' on page 9 undefined on input line 714
.


LaTeX Warning: Reference `thm:EH-2design' on page 9 undefined on input line 715
.

[9] [10]

LaTeX Warning: Reference `lem:comb-error-budget' on page 11 undefined on input 
line 763.


LaTeX Warning: Reference `prop:P0-derivation' on page 11 undefined on input lin
e 768.


Package natbib Warning: Citation `Chiribella:2009' on page 11 undefined on inpu
t line 783.


Package natbib Warning: Citation `Pollock:2018' on page 11 undefined on input l
ine 783.


Package natbib Warning: Citation `Petz:1986' on page 11 undefined on input line
 783.


LaTeX Warning: Reference `sec:formalism' on page 11 undefined on input line 790
.


LaTeX Warning: Reference `sssec:choi-link' on page 11 undefined on input line 7
90.

[11]

LaTeX Warning: Reference `sec:EH-to-design' on page 12 undefined on input line 
799.


LaTeX Warning: Reference `thm:EH-2design' on page 12 undefined on input line 79
9.


LaTeX Warning: Reference `sec:EH-to-design' on page 12 undefined on input line 
799.


Package natbib Warning: Citation `Radzikowski:1996' on page 12 undefined on inp
ut line 807.


Package natbib Warning: Citation `Fewster:2012' on page 12 undefined on input l
ine 807.


Package natbib Warning: Citation `Page:1993' on page 12 undefined on input line
 827.


Package natbib Warning: Citation `BrownYork:1993' on page 12 undefined on input
 line 827.


Package natbib Warning: Citation `Brandao:2016' on page 12 undefined on input l
ine 827.

[12]

LaTeX Warning: Reference `eq:dilation' on page 13 undefined on input line 848.


LaTeX Warning: Reference `eq:mem-dim' on page 13 undefined on input line 856.

[13]

LaTeX Warning: Reference `thm:comb-page' on page 14 undefined on input line 876
.


LaTeX Warning: Reference `lem:comb-error-budget' on page 14 undefined on input 
line 876.


LaTeX Warning: Reference `fig:comb_structure' on page 14 undefined on input lin
e 894.


LaTeX Warning: Reference `sec:derivations_postulates' on page 14 undefined on i
nput line 894.

[14]

LaTeX Warning: Reference `prop:P1-CP' on page 15 undefined on input line 939.


LaTeX Warning: Reference `sec:EH-to-design,sec:derive_qg' on page 15 undefined 
on input line 952.


Underfull \vbox (badness 1371) has occurred while \output is active []

 [15]

LaTeX Warning: Reference `thm:comb-page' on page 16 undefined on input line 964
.


LaTeX Warning: Reference `thm:comb-page-weak' on page 16 undefined on input lin
e 964.

Package microtype Info: Loading generic protrusion settings for font family
(microtype)             `cmss' (encoding: OT1).
(microtype)             For optimal results, create family-specific settings.
(microtype)             See the microtype manual for details.

LaTeX Warning: Reference `sec:EH-to-design' on page 16 undefined on input line 
989.


LaTeX Warning: Reference `prop:P2-scrambling' on page 16 undefined on input lin
e 995.


LaTeX Warning: Reference `sec:EH-to-design' on page 16 undefined on input line 
995.

[16]

LaTeX Warning: Reference `thm:EH-2design' on page 17 undefined on input line 10
01.


LaTeX Warning: Reference `app:EH-2design' on page 17 undefined on input line 10
01.


LaTeX Warning: Reference `thm:comb-page-summary' on page 17 undefined on input 
line 1016.


LaTeX Warning: Reference `eq:comb-page' on page 17 undefined on input line 1016
.


LaTeX Warning: Reference `thm:comb-page-weak' on page 17 undefined on input lin
e 1017.


LaTeX Warning: Reference `thm:comb-page-weak' on page 17 undefined on input lin
e 1017.


LaTeX Warning: Reference `thm:decoupling' on page 17 undefined on input line 10
18.


LaTeX Warning: Reference `prop:decoupling-comb' on page 17 undefined on input l
ine 1018.


LaTeX Warning: Reference `thm:ptmpo-complexity' on page 17 undefined on input l
ine 1019.


LaTeX Warning: Reference `alg:ptmpo' on page 17 undefined on input line 1019.


LaTeX Warning: Reference `lem:firewall_bound' on page 17 undefined on input lin
e 1020.


LaTeX Warning: Reference `eq:gentleness' on page 17 undefined on input line 102
0.


LaTeX Warning: Reference `thm:cmi-to-depth' on page 17 undefined on input line 
1021.


LaTeX Warning: Reference `sec:cmi-bound' on page 17 undefined on input line 102
1.


Overfull \hbox (92.07368pt too wide) in paragraph at lines 1012--1025
 [][] 
 []


LaTeX Warning: Reference `thm:EH-2design' on page 17 undefined on input line 10
40.


LaTeX Warning: Reference `sec:EH-to-design' on page 17 undefined on input line 
1048.


LaTeX Warning: Reference `thm:comb-page-weak,thm:comb-page' on page 17 undefine
d on input line 1051.


LaTeX Warning: Reference `sec:EH-to-design' on page 17 undefined on input line 
1051.


LaTeX Warning: Reference `sec:EH-to-design' on page 17 undefined on input line 
1051.


LaTeX Warning: Reference `prop:P3-gentle' on page 17 undefined on input line 10
58.

[17]

LaTeX Warning: Reference `app:decoupling' on page 18 undefined on input line 10
64.


LaTeX Warning: Reference `prop:P4-adiabatic' on page 18 undefined on input line
 1065.


LaTeX Warning: Reference `tab:postulates_glance' on page 18 undefined on input 
line 1067.


LaTeX Warning: Reference `eq:mem-dim' on page 18 undefined on input line 1086.


LaTeX Warning: Reference `sec:formalism' on page 18 undefined on input line 108
6.


LaTeX Warning: Reference `lem:nofirewall' on page 18 undefined on input line 10
86.


LaTeX Warning: Reference `tab:postulates_glance' on page 18 undefined on input 
line 1089.

[18]

Package natbib Warning: Citation `Chiribella:2009' on page 19 undefined on inpu
t line 1108.


LaTeX Warning: Reference `subsec:qec' on page 19 undefined on input line 1110.

[19]

LaTeX Warning: Reference `sec:page_theorem' on page 20 undefined on input line 
1132.


LaTeX Warning: Reference `sec:no_firewall' on page 20 undefined on input line 1
132.


LaTeX Warning: Reference `prop:error' on page 20 undefined on input line 1183.


Overfull \hbox (27.03395pt too wide) in paragraph at lines 1174--1187
 [][] 
 []

[20]
Underfull \hbox (badness 2126) in paragraph at lines 1200--1202
\T1/cmr/m/it/10.95 where $\OML/cmm/m/it/10.95 ^^\[] \OT1/cmr/m/n/10.95 = \OML/c
mm/m/it/10.95 O\OT1/cmr/m/n/10.95 (\OML/cmm/m/it/10.95 ^^\[]\OT1/cmr/m/n/10.95 
)$ \T1/cmr/m/it/10.95 is the mix-ing time of the in-duced comb chan-nel on the
 []


LaTeX Warning: Reference `thm:decoupling' on page 21 undefined on input line 12
03.


LaTeX Warning: Reference `app:decoupling' on page 21 undefined on input line 12
03.

[21]

LaTeX Warning: Reference `lem:comb-error-budget' on page 22 undefined on input 
line 1232.


Underfull \hbox (badness 2035) in paragraph at lines 1235--1236
[]\T1/cmr/m/it/10.95 Remark \T1/cmr/m/n/10.95 7 (En-ve-lope ver-sus ex-act curv
e)\T1/cmr/m/it/10.95 . []\T1/cmr/m/n/10.95 The re-sult above cer-ti-fies an \T1
/cmr/m/it/10.95 en-ve-lope
 []


LaTeX Warning: Reference `rem:scope_P0' on page 22 undefined on input line 1255
.


LaTeX Warning: Reference `sec:numerical_validation' on page 22 undefined on inp
ut line 1256.


Underfull \hbox (badness 2818) in paragraph at lines 1255--1257
[]\T1/cmr/m/it/10.95 Remark \T1/cmr/m/n/10.95 8 (Sources and mag-ni-tude of the
 Log-a-rith-mic Er-ror Term)\T1/cmr/m/it/10.95 . []\T1/cmr/m/n/10.95 The term
 []


Underfull \hbox (badness 1275) in paragraph at lines 1255--1257
\OT1/cmr/m/n/10.95 (\OML/cmm/m/it/10.95 c[] \OT1/cmr/m/n/10.95 + \OML/cmm/m/it/
10.95 c[] [] S[]\OT1/cmr/m/n/10.95 )$ \T1/cmr/m/n/10.95 ex-plic-itly col-lects 
sev-eral con-tri-bu-tions: (i) the state-independent
 []

[22]

LaTeX Warning: Reference `thm:comb-page-weak' on page 23 undefined on input lin
e 1260.


LaTeX Warning: Reference `app:decoupling' on page 23 undefined on input line 12
66.

[23]

LaTeX Warning: Reference `thm:EH-2design' on page 24 undefined on input line 13
14.


LaTeX Warning: Reference `thm:decoupling' on page 24 undefined on input line 13
22.


LaTeX Warning: Reference `thm:eh2design2page' on page 24 undefined on input lin
e 1337.


LaTeX Warning: Reference `thm:EH-2design' on page 24 undefined on input line 13
37.


LaTeX Warning: Reference `thm:decoupling' on page 24 undefined on input line 13
38.

[24]

LaTeX Warning: Reference `thm:comb-page-weak' on page 25 undefined on input lin
e 1342.


LaTeX Warning: Reference `thm:comb-page' on page 25 undefined on input line 134
2.


LaTeX Warning: Reference `lem:comb-error-budget' on page 25 undefined on input 
line 1342.


LaTeX Warning: Reference `lem:comb-error-budget' on page 25 undefined on input 
line 1344.


LaTeX Warning: Reference `sec:EH-to-design' on page 25 undefined on input line 
1356.


LaTeX Warning: Reference `thm:EH-2design' on page 25 undefined on input line 13
71.


LaTeX Warning: Reference `sec:EH-to-design' on page 25 undefined on input line 
1371.


LaTeX Warning: Reference `thm:EH-2design' on page 25 undefined on input line 13
71.


LaTeX Warning: Reference `cor:P2P2prime' on page 25 undefined on input line 137
1.

[25]

Package natbib Warning: Citation `MaldacenaShenkerStanford2016' on page 26 unde
fined on input line 1373.


Package natbib Warning: Citation `ShenkerStanford2014' on page 26 undefined on 
input line 1373.


Package natbib Warning: Citation `DAlessioKafriPolkovnikovRigol2016' on page 26
 undefined on input line 1373.


Package natbib Warning: Citation `SaadShenkerStanford2019' on page 26 undefined
 on input line 1373.


Package natbib Warning: Citation `CotlerEtAl2017' on page 26 undefined on input
 line 1373.


LaTeX Warning: Reference `thm:EH-2design' on page 26 undefined on input line 13
75.


LaTeX Warning: Reference `prop:otoc-design' on page 26 undefined on input line 
1403.


LaTeX Warning: Reference `app:robustness' on page 26 undefined on input line 14
03.

[26]

LaTeX Warning: Reference `eq:Hgrav' on page 27 undefined on input line 1414.


LaTeX Warning: Reference `app:stress_tensor' on page 27 undefined on input line
 1441.


LaTeX Warning: Reference `eq:gentleness' on page 27 undefined on input line 145
0.


LaTeX Warning: Reference `prop:eft-bounds' on page 27 undefined on input line 1
456.


LaTeX Warning: Reference `eq:gentleness' on page 27 undefined on input line 145
9.

[27]

LaTeX Warning: Reference `app:stress_tensor' on page 28 undefined on input line
 1461.


LaTeX Warning: Reference `app:stress_tensor' on page 28 undefined on input line
 1471.


LaTeX Warning: Reference `sec:microscopic_foundations' on page 28 undefined on 
input line 1471.


Package natbib Warning: Citation `Radzikowski:1996' on page 28 undefined on inp
ut line 1471.


Package natbib Warning: Citation `Fewster:2012' on page 28 undefined on input l
ine 1471.


Package natbib Warning: Citation `AMPS:2013' on page 28 undefined on input line
 1473.


LaTeX Warning: Reference `fig:comb_structure' on page 28 undefined on input lin
e 1473.

[28]

LaTeX Warning: Reference `eq:kernel_schwarzian' on page 29 undefined on input l
ine 1480.


Package natbib Warning: Citation `RobertsYoshida2017' on page 29 undefined on i
nput line 1486.

[29]

Package natbib Warning: Citation `BrandaoHarrowHorodecki2016' on page 30 undefi
ned on input line 1510.


Package natbib Warning: Citation `RobertsYoshida2017' on page 30 undefined on i
nput line 1510.


Package natbib Warning: Citation `MaldacenaShenkerStanford2016' on page 30 unde
fined on input line 1516.


Package natbib Warning: Citation `ShenkerStanford2014' on page 30 undefined on 
input line 1516.


Package natbib Warning: Citation `DAlessioKafriPolkovnikovRigol2016' on page 30
 undefined on input line 1517.


Package natbib Warning: Citation `SaadShenkerStanford2019' on page 30 undefined
 on input line 1518.


Package natbib Warning: Citation `CotlerEtAl2017' on page 30 undefined on input
 line 1518.


LaTeX Warning: Reference `thm:EH-2design' on page 30 undefined on input line 15
21.


Overfull \hbox (26.90253pt too wide) detected at line 1529
[][][]\OML/cmm/m/it/10.95 F[]\OT1/cmr/m/n/10.95 (\OT1/cmss/m/n/10.95 U[] \OMS/c
msy/m/n/10.95 j A[]\OT1/cmr/m/n/10.95 ) := [] [] [][] \OML/cmm/m/it/10.95 ;  W[
]\OT1/cmr/m/n/10.95 (\OML/cmm/m/it/10.95 t\OT1/cmr/m/n/10.95 ) := \OML/cmm/m/it
/10.95 U\OT1/cmr/m/n/10.95 (\OML/cmm/m/it/10.95 t\OT1/cmr/m/n/10.95 )[]\OML/cmm
/m/it/10.95 W[]U\OT1/cmr/m/n/10.95 (\OML/cmm/m/it/10.95 t\OT1/cmr/m/n/10.95 )\O
ML/cmm/m/it/10.95 ;
 []

[30]

Package natbib Warning: Citation `RobertsYoshida2017' on page 31 undefined on i
nput line 1538.


Overfull \hbox (30.89943pt too wide) in paragraph at lines 1542--1543
[]\T1/cmr/bx/n/10.95 Lemma 6 \T1/cmr/m/n/10.95 (Frame po-ten-tial con-trols di-
a-mond dis-tance)\T1/cmr/bx/n/10.95 . []\T1/cmr/m/it/10.95 Let $\OT1/cmr/m/n/10
.95 ^^A[] := \OML/cmm/m/it/10.95 F[]\OT1/cmr/m/n/10.95 (\OT1/cmss/m/n/10.95 U[]
 \OMS/cmsy/m/n/10.95 j A[]\OT1/cmr/m/n/10.95 )\OML/cmm/m/it/10.95 =F[]\OT1/cmr/
m/n/10.95 ([] \OMS/cmsy/m/n/10.95 j A[]\OT1/cmr/m/n/10.95 ) \OMS/cmsy/m/n/10.95
 ^^@
 []


Package natbib Warning: Citation `RobertsYoshida2017' on page 31 undefined on i
nput line 1547.


Package natbib Warning: Citation `BrandaoHarrowHorodecki2016' on page 31 undefi
ned on input line 1547.


LaTeX Warning: Reference `eq:OTOC-bound' on page 31 undefined on input line 156
4.


LaTeX Warning: Reference `lem:RY' on page 31 undefined on input line 1564.

[31]

LaTeX Font Warning: Font shape `T1/cmr/m/scit' undefined
(Font)              using `T1/cmr/m/scsl' instead on input line 1582.


LaTeX Warning: Reference `eq:OTOC-bound' on page 32 undefined on input line 158
3.


LaTeX Warning: Reference `sec:derive_qg' on page 32 undefined on input line 158
4.


LaTeX Warning: Reference `subsec:adversarial' on page 32 undefined on input lin
e 1585.


LaTeX Warning: Reference `lem:mem-to-mix' on page 32 undefined on input line 15
94.


LaTeX Warning: Reference `prop:delta-locality' on page 32 undefined on input li
ne 1595.


LaTeX Warning: Reference `thm:EH-2design' on page 32 undefined on input line 16
15.


LaTeX Warning: Reference `subsec:adversarial' on page 32 undefined on input lin
e 1616.


LaTeX Warning: Reference `app:data' on page 32 undefined on input line 1616.


LaTeX Warning: Reference `app:code,app:data' on page 32 undefined on input line
 1618.


LaTeX Warning: Reference `thm:EH-2design' on page 32 undefined on input line 16
19.


LaTeX Warning: Reference `def:CG' on page 32 undefined on input line 1620.

[32]

LaTeX Warning: Reference `lem:RY' on page 33 undefined on input line 1631.


LaTeX Warning: Reference `eq:OTOC-bound' on page 33 undefined on input line 163
6.


LaTeX Warning: Reference `eq:Delta2-bound' on page 33 undefined on input line 1
647.


LaTeX Warning: Reference `lem:FP-diamond' on page 33 undefined on input line 16
49.


LaTeX Warning: Reference `eq:main-eps' on page 33 undefined on input line 1659.



LaTeX Warning: Reference `thm:EH-2design' on page 33 undefined on input line 16
64.


LaTeX Warning: Reference `thm:EH-2design' on page 33 undefined on input line 16
67.


LaTeX Warning: Reference `eq:main-eps' on page 33 undefined on input line 1668.


[33]

LaTeX Warning: Reference `thm:EH-2design' on page 34 undefined on input line 16
80.


LaTeX Warning: Reference `eq:main-eps' on page 34 undefined on input line 1680.



Package natbib Warning: Citation `BrandaoHarrowHorodecki2016' on page 34 undefi
ned on input line 1684.


LaTeX Warning: Reference `thm:EH-2design' on page 34 undefined on input line 16
84.


Package natbib Warning: Citation `SaadShenkerStanford2019' on page 34 undefined
 on input line 1684.


Package natbib Warning: Citation `CotlerEtAl2017' on page 34 undefined on input
 line 1684.


Package natbib Warning: Citation `MaldacenaShenkerStanford2016' on page 34 unde
fined on input line 1690.


Package natbib Warning: Citation `ShenkerStanford2014' on page 34 undefined on 
input line 1690.


Package natbib Warning: Citation `DAlessioKafriPolkovnikovRigol2016' on page 34
 undefined on input line 1693.


Package natbib Warning: Citation `SaadShenkerStanford2019' on page 34 undefined
 on input line 1695.


Package natbib Warning: Citation `CotlerEtAl2017' on page 34 undefined on input
 line 1695.


LaTeX Warning: Reference `eq:OTOC-bound' on page 34 undefined on input line 169
5.


LaTeX Warning: Reference `lem:RY' on page 34 undefined on input line 1697.


LaTeX Warning: Reference `lem:FP-diamond' on page 34 undefined on input line 16
97.


LaTeX Warning: Reference `lem:RY' on page 34 undefined on input line 1698.


Package natbib Warning: Citation `RobertsYoshida2017' on page 34 undefined on i
nput line 1698.


LaTeX Warning: Reference `lem:FP-diamond' on page 34 undefined on input line 16
98.


LaTeX Warning: Reference `thm:EH-2design' on page 34 undefined on input line 17
01.


Package natbib Warning: Citation `HaydenPreskill2007' on page 34 undefined on i
nput line 1701.


Package natbib Warning: Citation `NakataWakakuwaKoashi2023' on page 34 undefine
d on input line 1701.

[34]

LaTeX Warning: Reference `eq:main-eps' on page 35 undefined on input line 1704.



LaTeX Warning: Reference `sec:microstates' on page 35 undefined on input line 1
715.


LaTeX Warning: Reference `eq:influence_functional' on page 35 undefined on inpu
t line 1716.


LaTeX Warning: Reference `sec:influence' on page 35 undefined on input line 171
6.


LaTeX Warning: Reference `sec:derive_qg' on page 35 undefined on input line 171
7.


LaTeX Warning: Reference `sec:EH-to-design' on page 35 undefined on input line 
1718.


Package natbib Warning: Citation `tHooft:1985' on page 35 undefined on input li
ne 1723.


Package natbib Warning: Citation `Susskind:1993' on page 35 undefined on input 
line 1723.


Package natbib Warning: Citation `Donnelly:2016' on page 35 undefined on input 
line 1723.


Package natbib Warning: Citation `Carlip:2017' on page 35 undefined on input li
ne 1723.


Package natbib Warning: Citation `HopfmullerFreidel:2018' on page 35 undefined 
on input line 1723.


Package natbib Warning: Citation `Ashtekar:1998' on page 35 undefined on input 
line 1725.


Package natbib Warning: Citation `Engle:2010' on page 35 undefined on input lin
e 1725.


Package natbib Warning: Citation `Almheiri:2015' on page 35 undefined on input 
line 1725.


Package natbib Warning: Citation `Maldacena:2016SYK' on page 35 undefined on in
put line 1725.


Package natbib Warning: Citation `MSY:2016' on page 35 undefined on input line 
1725.


Package natbib Warning: Citation `Jensen:2016' on page 35 undefined on input li
ne 1725.

[35]

Package natbib Warning: Citation `BrownYork:1993' on page 36 undefined on input
 line 1733.


Package natbib Warning: Citation `Iyer:1994' on page 36 undefined on input line
 1733.


Package natbib Warning: Citation `Thorne:1986' on page 36 undefined on input li
ne 1733.


Package natbib Warning: Citation `MSY:2016' on page 36 undefined on input line 
1735.


Package natbib Warning: Citation `Jensen:2016' on page 36 undefined on input li
ne 1735.


LaTeX Warning: Reference `eq:kernel_schwarzian' on page 36 undefined on input l
ine 1741.

[36]

LaTeX Warning: Reference `sec:predictions' on page 37 undefined on input line 1
750.


LaTeX Warning: Reference `sec:influence' on page 37 undefined on input line 175
3.


LaTeX Warning: Reference `ssec:uv-anchor' on page 37 undefined on input line 17
53.


LaTeX Warning: Reference `lem:nofirewall' on page 37 undefined on input line 17
77.


LaTeX Warning: Reference `prop:P2-scrambling' on page 37 undefined on input lin
e 1779.


LaTeX Warning: Reference `eq:amp-bound' on page 37 undefined on input line 1779
.

[37]

LaTeX Warning: Reference `eq:kernel_schwarzian' on page 38 undefined on input l
ine 1785.


LaTeX Warning: Reference `eq:gentleness' on page 38 undefined on input line 178
6.


LaTeX Warning: Reference `sec:predictions' on page 38 undefined on input line 1
787.


LaTeX Warning: Reference `sec:eft-bounds' on page 38 undefined on input line 17
98.


Overfull \hbox (16.30191pt too wide) detected at line 1806
[]
 []


LaTeX Warning: Reference `prop:eft-bounds' on page 38 undefined on input line 1
811.


LaTeX Warning: Reference `eq:axis_anisotropy' on page 38 undefined on input lin
e 1814.


LaTeX Warning: Reference `prop:eft-bounds' on page 38 undefined on input line 1
816.

[38]

LaTeX Warning: Reference `sec:gentleness' on page 39 undefined on input line 18
25.


LaTeX Warning: Reference `prop:P0-derivation' on page 39 undefined on input lin
e 1853.

[39]

LaTeX Warning: Reference `prop:P0-derivation' on page 40 undefined on input lin
e 1866.


LaTeX Warning: Reference `eq:Hgrav' on page 40 undefined on input line 1883.

[40]

LaTeX Warning: Reference `eq:kernel_spectral' on page 41 undefined on input lin
e 1892.


LaTeX Font Warning: Font shape `T1/cmr/m/scit' undefined
(Font)              using `T1/cmr/m/scsl' instead on input line 1892.

[41]
Underfull \hbox (badness 1325) in paragraph at lines 1930--1931
[]\T1/cmr/bx/n/10.95 Inputs: \T1/cmr/m/n/10.95 Lo-cal maps $\OMS/cmsy/m/n/10.95
 f\OML/cmm/m/it/10.95 U[]\OMS/cmsy/m/n/10.95 g$\T1/cmr/m/n/10.95 , mem-ory dept
h $\OML/cmm/m/it/10.95 `[]$ \T1/cmr/m/n/10.95 (or win-dow $\OML/cmm/m/it/10.95 
W$\T1/cmr/m/n/10.95 ), tol-er-ances
 []

[42]

LaTeX Warning: Reference `alg:ptmpo' on page 43 undefined on input line 1957.


LaTeX Warning: Reference `sec:worked-example,subsec:adversarial' on page 43 und
efined on input line 1957.


LaTeX Warning: Reference `fig:page_curve,fig:page_curve_exact' on page 43 undef
ined on input line 1957.


LaTeX Warning: Reference `fig:ptmpo_error' on page 43 undefined on input line 1
957.


LaTeX Warning: Reference `prop:error' on page 43 undefined on input line 1957.


LaTeX Warning: Reference `alg:echo-stack' on page 43 undefined on input line 19
58.


LaTeX Warning: Reference `sec:snr_estimates' on page 43 undefined on input line
 1958.


LaTeX Warning: Reference `tab:echo-worked-examples,tab:echo_mapping' on page 43
 undefined on input line 1958.


LaTeX Warning: Reference `tab:observability' on page 43 undefined on input line
 1958.


LaTeX Warning: Reference `alg:combfilter' on page 43 undefined on input line 19
59.


LaTeX Warning: Reference `sec:snr_estimates' on page 43 undefined on input line
 1959.


LaTeX Warning: Reference `tab:snr' on page 43 undefined on input line 1959.


LaTeX Warning: Reference `alg:rotated_petz_hmc' on page 43 undefined on input l
ine 1960.


LaTeX Warning: Reference `sec:cmi-bound' on page 43 undefined on input line 196
0.

[43]

LaTeX Warning: Reference `app:code' on page 44 undefined on input line 1985.


LaTeX Warning: Reference `fig:ptmpo_error' on page 44 undefined on input line 2
003.


LaTeX Warning: Reference `prop:error' on page 44 undefined on input line 2004.


LaTeX Warning: Reference `prop:error' on page 44 undefined on input line 2012.

[44]

LaTeX Warning: Reference `app:code' on page 45 undefined on input line 2020.


LaTeX Warning: Reference `app:code' on page 45 undefined on input line 2027.


LaTeX Warning: Reference `tab:checksums' on page 45 undefined on input line 202
8.


LaTeX Warning: Reference `fig:ptmpo_page' on page 45 undefined on input line 20
36.


Package hyperref Warning: Token not allowed in a PDF string (Unicode):
(hyperref)                removing `math shift' on input line 2040.


Package hyperref Warning: Token not allowed in a PDF string (Unicode):
(hyperref)                removing `math shift' on input line 2040.


LaTeX Warning: Reference `thm:cmi-to-depth' on page 45 undefined on input line 
2045.


LaTeX Warning: Reference `app:code' on page 45 undefined on input line 2046.

[45]

LaTeX Warning: Reference `fig:page_curve' on page 46 undefined on input line 20
49.


LaTeX Warning: Reference `fig:page_curve_exact' on page 46 undefined on input l
ine 2049.


LaTeX Warning: Reference `app:decoupling' on page 46 undefined on input line 20
99.


LaTeX Warning: Reference `sec:page_theorem' on page 46 undefined on input line 
2099.


LaTeX Warning: Reference `app:decoupling' on page 46 undefined on input line 20
99.


LaTeX Warning: Reference `sec:page_theorem' on page 46 undefined on input line 
2099.


LaTeX Warning: Reference `fig:g2' on page 46 undefined on input line 2104.


LaTeX Warning: Reference `sec:methods' on page 46 undefined on input line 2124.



LaTeX Warning: Reference `tab:ablation' on page 46 undefined on input line 2124
.


LaTeX Warning: Reference `sec:methods' on page 46 undefined on input line 2124.



LaTeX Warning: Reference `tab:ablation' on page 46 undefined on input line 2124
.


LaTeX Warning: Reference `app:code' on page 46 undefined on input line 2131.

[46]

LaTeX Warning: Reference `thm:EH-2design' on page 47 undefined on input line 21
36.


LaTeX Warning: Reference `thm:tdesign-grav' on page 47 undefined on input line 
2136.


LaTeX Warning: Reference `tab:ablation' on page 47 undefined on input line 2146
.


LaTeX Warning: Reference `tab:ablation_stats' on page 47 undefined on input lin
e 2146.


LaTeX Warning: Reference `sec:methods' on page 47 undefined on input line 2150.



LaTeX Warning: Reference `sec:methods' on page 47 undefined on input line 2150.


[47]

LaTeX Warning: Reference `tab:cv' on page 48 undefined on input line 2196.


LaTeX Warning: Reference `tab:qec' on page 48 undefined on input line 2196.


LaTeX Warning: Reference `ssec:ptmpo,alg:ptmpo' on page 48 undefined on input l
ine 2236.

[48]

LaTeX Warning: Reference `fig:ptmpo_error' on page 49 undefined on input line 2
266.


LaTeX Warning: Reference `tab:ptmpo_scaling' on page 49 undefined on input line
 2268.


LaTeX Warning: Reference `prop:error' on page 49 undefined on input line 2268.


LaTeX Warning: Reference `fig:ptmpo_error,tab:ptmpo_scaling' on page 49 undefin
ed on input line 2269.


LaTeX Warning: Reference `thm:ptmpo-complexity' on page 49 undefined on input l
ine 2336.


LaTeX Warning: Reference `sec:predictions' on page 49 undefined on input line 2
336.

[49]

LaTeX Warning: Reference `prop:error' on page 50 undefined on input line 2339.


LaTeX Warning: Reference `fig:ptmpo_error' on page 50 undefined on input line 2
339.


LaTeX Warning: Reference `tab:ptmpo_scaling' on page 50 undefined on input line
 2339.


LaTeX Warning: Reference `alg:ptmpo' on page 50 undefined on input line 2342.


LaTeX Warning: Reference `prop:error' on page 50 undefined on input line 2342.


Underfull \hbox (badness 1048) in paragraph at lines 2342--2343
[]\T1/cmr/bx/n/10.95 Theorem 9 \T1/cmr/m/n/10.95 (PT-MPO com-pu-ta-tional com-p
lex-ity)\T1/cmr/bx/n/10.95 . []\T1/cmr/m/it/10.95 Fix lo-cal phys-i-cal di-men-
sion $\OML/cmm/m/it/10.95 d$\T1/cmr/m/it/10.95 ,
 []


Underfull \hbox (badness 1552) in paragraph at lines 2342--2343
\T1/cmr/m/it/10.95 The hid-den con-stants in the big-O no-ta-tion de-pend on th
e im-ple-men-ta-tion de-tails
 []


pdfTeX warning (ext4): destination with the same identifier (name{ALG@line.1}) 
has been already used, duplicate ignored
<to be read again> 
                   \relax 
l.2359 \State
              \textbf{Inputs:} Strain segments $\{h_i(t)\}$ from $N$ events;...

pdfTeX warning (ext4): destination with the same identifier (name{ALG@line.2}) 
has been already used, duplicate ignored
<to be read again> 
                   \relax 
l.2360 \State
              \textbf{Preprocessing:} Whiten, band-limit, and notch lines; a...

pdfTeX warning (ext4): destination with the same identifier (name{ALG@line.3}) 
has been already used, duplicate ignored
<to be read again> 
                   \relax 
l.2361 \State
              \textbf{Matched-filter residuals:} Fit and subtract best-fit G...

pdfTeX warning (ext4): destination with the same identifier (name{ALG@line.4}) 
has been already used, duplicate ignored
<to be read again> 
                   \relax 
l.2362 \State
              \textbf{Echo hypothesis:} Build comb filter $c_\ell(t;\Delta t...

pdfTeX warning (ext4): destination with the same identifier (name{ALG@line.5}) 
has been already used, duplicate ignored
<to be read again> 
                   \relax 
l.2363 \State
              \textbf{Stacking:} Cross-correlate $r_i$ with $c_\ell$ and sta...

pdfTeX warning (ext4): destination with the same identifier (name{ALG@line.6}) 
has been already used, duplicate ignored
<to be read again> 
                   \relax 
l.2364 \State
              \textbf{Controls:} Repeat with (i) time-scrambled $r_i$; (ii) ...

pdfTeX warning (ext4): destination with the same identifier (name{ALG@line.7}) 
has been already used, duplicate ignored
<to be read again> 
                   \relax 
l.2365 \State
              \textbf{Test statistic and SNR:} Report $T=\sum_i r_i\star c_\...

pdfTeX warning (ext4): destination with the same identifier (name{ALG@line.8}) 
has been already used, duplicate ignored
<to be read again> 
                   \relax 
l.2366 \State
              \textbf{Decision:} Claim support only if $T$ exceeds the $p<0....

LaTeX Warning: `h' float specifier changed to `ht'.


Package hyperref Warning: Token not allowed in a PDF string (Unicode):
(hyperref)                removing `math shift' on input line 2371.


Package hyperref Warning: Token not allowed in a PDF string (Unicode):
(hyperref)                removing `\leavevmode@ifvmode' on input line 2371.


Package hyperref Warning: Token not allowed in a PDF string (Unicode):
(hyperref)                \kern 1.81503pt
(hyperref)                removed on input line 2371.


Package hyperref Warning: Token not allowed in a PDF string (Unicode):
(hyperref)                removing `subscript' on input line 2371.


Package hyperref Warning: Token not allowed in a PDF string (Unicode):
(hyperref)                removing `\odot' on input line 2371.


Package hyperref Warning: Token not allowed in a PDF string (Unicode):
(hyperref)                removing `math shift' on input line 2371.

[50] [51]

Package natbib Warning: Citation `Barcelo:2011' on page 52 undefined on input l
ine 2401.


Package natbib Warning: Citation `Steinhauer:2016' on page 52 undefined on inpu
t line 2401.


LaTeX Warning: Reference `eq:kernel_schwarzian' on page 52 undefined on input l
ine 2401.


LaTeX Warning: Reference `eq:kernel_4d' on page 52 undefined on input line 2401
.


Package natbib Warning: Citation `Steinhauer:2016' on page 52 undefined on inpu
t line 2406.


Package natbib Warning: Citation `Cardoso:2016' on page 52 undefined on input l
ine 2409.


Package natbib Warning: Citation `Abedi:2017' on page 52 undefined on input lin
e 2409.


LaTeX Warning: Reference `sec:exp' on page 52 undefined on input line 2413.


LaTeX Warning: Reference `tab:observability' on page 52 undefined on input line
 2413.

[52]

LaTeX Warning: Reference `tab:snr' on page 53 undefined on input line 2415.


Package natbib Warning: Citation `LIGOScientific:2021nrg' on page 53 undefined 
on input line 2419.


Package natbib Warning: Citation `KAGRA:2021kbb' on page 53 undefined on input 
line 2419.


Package natbib Warning: Citation `Bhalerao:2024' on page 53 undefined on input 
line 2419.


LaTeX Warning: Reference `tab:echo_mapping' on page 53 undefined on input line 
2425.

[53]
Overfull \hbox (45.44266pt too wide) in alignment at lines 2465--2465
[][][][] 
 []


LaTeX Warning: Reference `tab:observability' on page 54 undefined on input line
 2502.

[54]
pdfTeX warning (ext4): destination with the same identifier (name{ALG@line.1}) 
has been already used, duplicate ignored
<to be read again> 
                   \relax 
l.2524 \State
              \textbf{Inputs:} Whitened residuals $h_i(t)$ and noise PSDs $S...

pdfTeX warning (ext4): destination with the same identifier (name{ALG@line.2}) 
has been already used, duplicate ignored
<to be read again> 
                   \relax 
l.2525 \State
              \textbf{Outputs:} Stacked Bayes factor $\mathcal{B}_{\rm stack...

pdfTeX warning (ext4): destination with the same identifier (name{ALG@line.3}) 
has been already used, duplicate ignored
<to be read again> 
                   \relax 
l.2526 \State
              For each GW event $i=1,\dots,N$:
pdfTeX warning (ext4): destination with the same identifier (name{ALG@line.4}) 
has been already used, duplicate ignored
<to be read again> 
                   \relax 
l.2527 \State
              \quad Obtain the post-merger residual timeseries $h_i(t)$ by s...

pdfTeX warning (ext4): destination with the same identifier (name{ALG@line.5}) 
has been already used, duplicate ignored
<to be read again> 
                   \relax 
l.2528 \State
              \quad Whiten the residual using the estimated noise PSD $S_i(f)$.

pdfTeX warning (ext4): destination with the same identifier (name{ALG@line.6}) 
has been already used, duplicate ignored
<to be read again> 
                   \relax 
l.2529 \State
              \quad Generate a template bank $\{\mathcal{T}(f;\Omega_\ast, \...

LaTeX Warning: Reference `eq:kernel_spectral' on page 55 undefined on input lin
e 2529.


pdfTeX warning (ext4): destination with the same identifier (name{ALG@line.7}) 
has been already used, duplicate ignored
<to be read again> 
                   \relax 
l.2530 \State
              \quad Compute single-event log-likelihood ratios $\log\mathcal...

pdfTeX warning (ext4): destination with the same identifier (name{ALG@line.8}) 
has been already used, duplicate ignored
<to be read again> 
                   \relax 
l.2531 \State
              Combine log-likelihoods across all events using the hierarchic...

LaTeX Warning: Reference `eq:stacking' on page 55 undefined on input line 2531.



pdfTeX warning (ext4): destination with the same identifier (name{ALG@line.9}) 
has been already used, duplicate ignored
<to be read again> 
                   \relax 
l.2532 \State
              Compute the global Bayes factor $\mathcal{B}_{\rm stack}$ by m...

LaTeX Warning: `h' float specifier changed to `ht'.

[55]
Overfull \hbox (23.52225pt too wide) in paragraph at lines 2564--2574
 [] 
 []


LaTeX Warning: Reference `tab:observability' on page 56 undefined on input line
 2575.

[56]
Overfull \hbox (5.58762pt too wide) in paragraph at lines 2583--2592
 [][] 
 []


LaTeX Warning: Reference `tab:observability' on page 57 undefined on input line
 2593.


LaTeX Warning: Reference `alg:combfilter' on page 57 undefined on input line 25
93.


LaTeX Warning: Reference `eq:kernel_schwarzian' on page 57 undefined on input l
ine 2609.


LaTeX Warning: Reference `eq:kernel_4d' on page 57 undefined on input line 2609
.

[57]
Underfull \hbox (badness 3724) in paragraph at lines 2614--2615
\T1/cmr/m/n/10.95 high-precision ana-logue plat-forms and ex-ten-sive gravitati
onal-wave ring-down
 []


LaTeX Warning: Reference `sec:numerical_validation' on page 58 undefined on inp
ut line 2616.


Overfull \hbox (181.60352pt too wide) in paragraph at lines 2627--2638
 [][] 
 []


Package natbib Warning: Citation `Schollwock:2011' on page 58 undefined on inpu
t line 2640.


Package natbib Warning: Citation `Orus:2014' on page 58 undefined on input line
 2640.


LaTeX Warning: Reference `tab:comparison' on page 58 undefined on input line 26
42.

[58]
Underfull \hbox (badness 10000) in paragraph at lines 2665--2665
[]|\T1/cmr/bx/n/9 Islands /
 []


Underfull \hbox (badness 10000) in paragraph at lines 2665--2665
[]|\T1/cmr/m/n/9 Non-Markovian
 []


Underfull \hbox (badness 10000) in paragraph at lines 2665--2665
\T1/cmr/m/n/9 tary evo-lu-tion
 []


Underfull \hbox (badness 10000) in paragraph at lines 2665--2665
[]|\T1/cmr/m/n/9 Extremal sur-
 []


Underfull \hbox (badness 10000) in paragraph at lines 2665--2665
\T1/cmr/m/n/9 for en-tan-gle-
 []


Underfull \hbox (badness 10000) in paragraph at lines 2665--2665
\T1/cmr/m/n/9 ment; replica
 []


Underfull \hbox (badness 10000) in paragraph at lines 2665--2665
\T1/cmr/m/n/9 worm-holes
 []


Underfull \hbox (badness 10000) in paragraph at lines 2665--2665
\T1/cmr/m/n/9 and quantum-
 []


Underfull \hbox (badness 10000) in paragraph at lines 2665--2665
\T1/cmr/m/n/9 or high-energy
 []


Underfull \hbox (badness 10000) in paragraph at lines 2665--2665
\T1/cmr/m/n/9 struc-ture; no
 []


Underfull \hbox (badness 2582) in paragraph at lines 2665--2665
[]|\T1/cmr/m/n/9 Spatial non-lo-cal
 []


Underfull \hbox (badness 1810) in paragraph at lines 2665--2665
\T1/cmr/m/n/9 ment as ge-om-e-
 []


Underfull \hbox (badness 6157) in paragraph at lines 2665--2665
[]|\T1/cmr/m/n/9 Stable end-point
 []


Underfull \hbox (badness 10000) in paragraph at lines 2665--2665
\T1/cmr/m/n/9 with large en-
 []


Underfull \hbox (badness 10000) in paragraph at lines 2665--2665
[]|\T1/cmr/m/n/9 Semiclassical +
 []


Underfull \hbox (badness 10000) in paragraph at lines 2665--2665
[]|\T1/cmr/m/n/9 Smooth lo-cally;
 []


Underfull \hbox (badness 1748) in paragraph at lines 2665--2665
\T1/cmr/m/n/9 non-lo-cal cor-re-la-
 []


Underfull \hbox (badness 10000) in paragraph at lines 2665--2665
[]|\T1/cmr/m/n/9 Standard semi-
 []


Underfull \hbox (badness 10000) in paragraph at lines 2665--2665
[]|\T1/cmr/m/n/9 Island re-con-
 []


Underfull \hbox (badness 10000) in paragraph at lines 2665--2665
\T1/cmr/m/n/9 struc-tion of
 []


Underfull \hbox (badness 10000) in paragraph at lines 2665--2665
[]|\T1/cmr/m/n/9 Reflects near
 []


Underfull \hbox (badness 10000) in paragraph at lines 2665--2665
\T1/cmr/m/n/9 hori-zon; bulk
 []


Underfull \hbox (badness 6625) in paragraph at lines 2665--2665
[]|\T1/cmr/m/n/9 Stored in rem-
 []


Underfull \hbox (badness 10000) in paragraph at lines 2665--2665
[]|\T1/cmr/m/n/9 Spatially lo-cal;
 []


Underfull \hbox (badness 7814) in paragraph at lines 2665--2665
\T1/cmr/m/n/9 tem-po-ral non-lo-
 []


Underfull \hbox (badness 10000) in paragraph at lines 2665--2665
[]|\T1/cmr/m/n/9 Island sad-dles
 []


Underfull \hbox (badness 2547) in paragraph at lines 2665--2665
\T1/cmr/m/n/9 im-ply non-triv-ial
 []


Underfull \hbox (badness 5161) in paragraph at lines 2665--2665
[]|\T1/cmr/m/n/9 Semiclassical lo-
 []


Underfull \hbox (badness 1325) in paragraph at lines 2665--2665
\T1/cmr/m/n/9 cal-ity breaks at
 []


Underfull \hbox (badness 10000) in paragraph at lines 2665--2665
[]|\T1/cmr/m/n/9 Explicit spa-tial
 []


Package natbib Warning: Citation `Penington:2020' on page 59 undefined on input
 line 2671.


Package natbib Warning: Citation `Almheiri:2020' on page 59 undefined on input 
line 2671.


Package natbib Warning: Citation `Chen:2020' on page 59 undefined on input line
 2671.

[59]

LaTeX Warning: Reference `eq:comb-page' on page 60 undefined on input line 2711
.


Package natbib Warning: Citation `Hayden:2007' on page 60 undefined on input li
ne 2718.


Package natbib Warning: Citation `FullingDavies:1976' on page 60 undefined on i
nput line 2723.


Package natbib Warning: Citation `GoodLinder:2017' on page 60 undefined on inpu
t line 2723.


LaTeX Warning: Reference `app:moving_mirror' on page 60 undefined on input line
 2724.


Package natbib Warning: Citation `Chiribella:2009' on page 60 undefined on inpu
t line 2728.


Overfull \hbox (14.05298pt too wide) in paragraph at lines 2728--2732
 []\T1/cmr/bx/n/10.95 Non-Markovian chan-nels and process-tensor lit-er-a-ture.
[] \T1/cmr/m/n/10.95 The process-tensor/quantum-
 []


Package natbib Warning: Citation `Dankert:2009' on page 60 undefined on input l
ine 2735.


Package natbib Warning: Citation `HarrowLow:2009' on page 60 undefined on input
 line 2735.


Package natbib Warning: Citation `BHH:2016' on page 60 undefined on input line 
2735.


Package natbib Warning: Citation `HunterJones:2019' on page 60 undefined on inp
ut line 2735.


Package natbib Warning: Citation `RobertsYoshida:2017' on page 60 undefined on 
input line 2736.


Package natbib Warning: Citation `Cotler:2017' on page 60 undefined on input li
ne 2736.


LaTeX Warning: Reference `thm:tdesign-grav' on page 60 undefined on input line 
2737.


LaTeX Warning: Reference `lem:otoc-to-fp,prop:otoc_design_app' on page 60 undef
ined on input line 2737.

[60]

LaTeX Warning: Reference `prop:P0-derivation' on page 61 undefined on input lin
e 2747.


Overfull \hbox (13.03244pt too wide) in paragraph at lines 2756--2759
[]\T1/cmr/bx/n/10.95 Beyond asymp-totics. \T1/cmr/m/n/10.95 Ex-tend-ing the \T1
/cmr/m/sc/10.95 HMC \T1/cmr/m/n/10.95 to dy-nam-i-cal space-times, charged/rota
ting
 []


LaTeX Font Warning: Font shape `T1/cmr/m/scit' undefined
(Font)              using `T1/cmr/m/scsl' instead on input line 2768.


Underfull \hbox (badness 1173) in paragraph at lines 2768--2770
[]\T1/cmr/bx/n/10.95 Proposition 15 \T1/cmr/m/n/10.95 (Is-land $\OMS/cmsy/m/n/1
0.95 ^^Q$ \T1/cmr/m/n/10.95 op-er-a-tor-al-ge-bra QEC (OA-QEC))\T1/cmr/bx/n/10.
95 . []\T1/cmr/m/it/10.95 Let $\OML/cmm/m/it/10.95 M$ \T1/cmr/m/it/10.95 de-not
e the
 []


Underfull \hbox (badness 1325) in paragraph at lines 2768--2770
\OML/cmm/m/it/10.95 I\OT1/cmr/m/n/10.95 ([][][] \OMS/cmsy/m/n/10.95 j \OML/cmm/
m/it/10.95 M\OT1/cmr/m/n/10.95 )$ \T1/cmr/m/it/10.95 the con-di-tional mu-tual 
in-for-ma-tion be-tween early ra-di-a-tion and
 []


Package natbib Warning: Citation `FawziRenner:2015' on page 61 undefined on inp
ut line 2776.

[61]

Package natbib Warning: Citation `FawziRenner:2015' on page 62 undefined on inp
ut line 2792.


Package natbib Warning: Citation `ADH:2015' on page 62 undefined on input line 
2792.


LaTeX Warning: Reference `app:oa_qec' on page 62 undefined on input line 2797.


Package natbib Warning: Citation `Petz:1986' on page 62 undefined on input line
 2797.


Package natbib Warning: Citation `ADH:2015' on page 62 undefined on input line 
2797.


Package natbib Warning: Citation `Pastawski:2015' on page 62 undefined on input
 line 2797.


pdfTeX warning (ext4): destination with the same identifier (name{ALG@line.1}) 
has been already used, duplicate ignored
<to be read again> 
                   \relax 
l.2813 \State
              \textbf{Inputs:} Process tensor $\Upsilon_{n{:}0}$ and referen...

pdfTeX warning (ext4): destination with the same identifier (name{ALG@line.2}) 
has been already used, duplicate ignored
<to be read again> 
                   \relax 
l.2814 \State
              \textbf{Outputs:} Recovery map $\mathcal{R}_{L\to R}$ (approxi...

pdfTeX warning (ext4): destination with the same identifier (name{ALG@line.3}) 
has been already used, duplicate ignored
<to be read again> 
                   \relax 
l.2815 \State
              Estimate the reduced channel $\mathcal{N}_{R\to L}$ from $\Ups...

pdfTeX warning (ext4): destination with the same identifier (name{ALG@line.4}) 
has been already used, duplicate ignored
<to be read again> 
                   \relax 
l.2816 \State
              Compute $\sigma_R=\Tr_L\sigma_{RL}$ and $\sigma_L=\Tr_R\sigma_...

pdfTeX warning (ext4): destination with the same identifier (name{ALG@line.5}) 
has been already used, duplicate ignored
<to be read again> 
                   \relax 
l.2817 \State
              Define $\mathcal{R}^{(\theta)}_{L\to R}$ as above and set $\ma...

LaTeX Warning: `h' float specifier changed to `ht'.

[62]

LaTeX Warning: Reference `app:stress_tensor' on page 63 undefined on input line
 2830.


LaTeX Warning: Reference `sec:numerical_validation' on page 63 undefined on inp
ut line 2831.


LaTeX Warning: Reference `alg:echo-stack' on page 63 undefined on input line 28
32.


LaTeX Warning: Reference `sec:conclusion' on page 63 undefined on input line 28
34.


LaTeX Warning: Reference `sec:numerical_validation,app:code' on page 63 undefin
ed on input line 2840.


LaTeX Warning: Reference `sec:predictions' on page 63 undefined on input line 2
841.

[63]

LaTeX Warning: Reference `app:EH-2design' on page 64 undefined on input line 28
61.


LaTeX Warning: Reference `thm:EH-2design,thm:eh2design2page' on page 64 undefin
ed on input line 2868.


LaTeX Warning: Reference `prop:robustness-uv' on page 64 undefined on input lin
e 2876.

[64]

LaTeX Warning: Reference `prop:robustness-uv' on page 65 undefined on input lin
e 2885.


LaTeX Warning: Reference `thm:comb-page-summary' on page 65 undefined on input 
line 2896.


LaTeX Warning: Reference `thm:comb-page-weak' on page 65 undefined on input lin
e 2896.


LaTeX Warning: Reference `lem:nofirewall' on page 65 undefined on input line 28
96.


LaTeX Warning: Reference `alg:ptmpo' on page 65 undefined on input line 2898.


LaTeX Warning: Reference `thm:ptmpo-complexity' on page 65 undefined on input l
ine 2898.

[65]

LaTeX Warning: Reference `thm:comb-page-summary' on page 66 undefined on input 
line 2911.


Underfull \hbox (badness 10000) in paragraph at lines 2911--2911
[]|\T1/cmr/m/n/10.95 Comb Page The-o-rem
 []


LaTeX Warning: Reference `thm:decoupling' on page 66 undefined on input line 29
12.


Underfull \hbox (badness 10000) in paragraph at lines 2912--2912
[]|\T1/cmr/m/n/10.95 Decoupling bounds
 []


LaTeX Warning: Reference `thm:ptmpo-complexity' on page 66 undefined on input l
ine 2913.


Underfull \hbox (badness 10000) in paragraph at lines 2913--2913
[]|\T1/cmr/m/n/10.95 PT-MPO com-plex-ity
 []


Underfull \hbox (badness 1436) in paragraph at lines 2913--2914
[]|\T1/cmr/m/n/10.95 Polynomial cost/certified er-ror from
 []


LaTeX Warning: Reference `lem:nofirewall' on page 66 undefined on input line 29
14.


Underfull \hbox (badness 10000) in paragraph at lines 2914--2914
[]|\T1/cmr/m/n/10.95 No-Firewall Lemma
 []


LaTeX Warning: Reference `thm:EH-2design' on page 66 undefined on input line 29
16.


Underfull \hbox (badness 1383) in paragraph at lines 2916--2917
[]|\T1/cmr/m/n/10.95 Requires OTOC sat-u-ra-tion of MSS
 []


LaTeX Warning: Reference `sec:microstates' on page 66 undefined on input line 2
917.


LaTeX Warning: Reference `sec:derive_qg' on page 66 undefined on input line 291
8.


Underfull \hbox (badness 10000) in paragraph at lines 2919--2919
[]|\T1/cmr/m/n/10.95 Model-
 []


LaTeX Warning: Reference `prop:robustness-uv' on page 66 undefined on input lin
e 2920.


Underfull \hbox (badness 10000) in paragraph at lines 2920--2921
[]|\T1/cmr/m/n/10.95 Assumes causal-ity bounds, QEIs,
 []

[66]

Package natbib Warning: Citation `Horodecki:2009' on page 67 undefined on input
 line 2930.


Package natbib Warning: Citation `Sekino:2008' on page 67 undefined on input li
ne 2930.


Package natbib Warning: Citation `Maldacena:2016' on page 67 undefined on input
 line 2930.


LaTeX Warning: Reference `app:schwarzian_appendix' on page 67 undefined on inpu
t line 2930.


Package natbib Warning: Citation `StanfordWitten:2017' on page 67 undefined on 
input line 2930.


Package natbib Warning: Citation `Strathearn:2018' on page 67 undefined on inpu
t line 2930.


Package natbib Warning: Citation `Vidal:2003' on page 67 undefined on input lin
e 2930.


Package natbib Warning: Citation `Vidal:2004' on page 67 undefined on input lin
e 2930.


Package natbib Warning: Citation `Page:1976' on page 67 undefined on input line
 2930.


LaTeX Font Warning: Font shape `T1/cmr/m/scit' undefined
(Font)              using `T1/cmr/m/scsl' instead on input line 2949.

[67]

Package natbib Warning: Citation `Brandao:2016' on page 68 undefined on input l
ine 2976.


LaTeX Warning: Reference `eq:comb-page' on page 68 undefined on input line 2978
.


LaTeX Warning: Reference `eq:mem-dim' on page 68 undefined on input line 2981.


Underfull \vbox (badness 5817) has occurred while \output is active []

 [68]
Underfull \hbox (badness 1622) in paragraph at lines 2995--2996
\OML/cmm/m/it/10.95 H[]\OT1/cmr/m/n/10.95 (\OML/cmm/m/it/10.95 R[]\OMS/cmsy/m/n
/10.95 j\OML/cmm/m/it/10.95 M[]I[]\OT1/cmr/m/n/10.95 )$ \T1/cmr/m/n/10.95 one h
as con-cen-tra-tion around the von Neu-mann en-tropy up to
 []


LaTeX Warning: Reference `thm:EH-2design' on page 69 undefined on input line 30
00.

[69]

Package natbib Warning: Citation `tHooft:1985' on page 70 undefined on input li
ne 3020.


LaTeX Warning: Reference `lem:shockwave' on page 70 undefined on input line 303
5.


Package natbib Warning: Citation `Maldacena:2016' on page 70 undefined on input
 line 3037.


Overfull \hbox (52.20358pt too wide) detected at line 3046
\OMS/cmsy/m/n/10.95 I\OT1/cmr/m/n/10.95 [\OML/cmm/m/it/10.95 q; q[]\OT1/cmr/m/n
/10.95 ]  =  []  [] \OML/cmm/m/it/10.95 ;
 []

[70]
Underfull \hbox (badness 10000) in paragraph at lines 3052--3055
[]\T1/cmr/m/n/10.95 Standard Schwinger--Keldysh coarse-graining of lin-earized 
met-ric/matter
 []


Underfull \hbox (badness 1629) in paragraph at lines 3052--3055
\T1/cmr/m/n/10.95 modes in a qua-sis-ta-tion-ary back-ground pro-duces $\OML/cm
m/m/it/10.95 K[]; \OMS/cmsy/m/n/10.95 N$ \T1/cmr/m/n/10.95 with the KMS re-la-t
ion
 []


LaTeX Warning: Reference `lem:IF' on page 71 undefined on input line 3059.


LaTeX Warning: Reference `lem:IF' on page 71 undefined on input line 3069.


Underfull \hbox (badness 1845) in paragraph at lines 3072--3077
[]\T1/cmr/m/n/10.95 Expand $\OMS/cmsy/m/n/10.95 F[]$ \T1/cmr/m/n/10.95 in an or
-thonor-mal op-er-a-tor ba-sis $\OMS/cmsy/m/n/10.95 f\OML/cmm/m/it/10.95 O[]\OM
S/cmsy/m/n/10.95 g$ \T1/cmr/m/n/10.95 on $\OML/cmm/m/it/10.95 X$\T1/cmr/m/n/10.
95 : $\OMS/cmsy/m/n/10.95 F[]\OT1/cmr/m/n/10.95 (\OML/cmm/m/it/10.95 U\OT1/cmr/
m/n/10.95 ; \OML/cmm/m/it/10.95 X\OT1/cmr/m/n/10.95 ) =
 []


LaTeX Warning: Reference `thm:EH-2design' on page 71 undefined on input line 30
79.


LaTeX Warning: Reference `lem:otoc-growth' on page 71 undefined on input line 3
080.


LaTeX Warning: Reference `lem:IF' on page 71 undefined on input line 3080.


LaTeX Warning: Reference `lem:otoc-to-fp' on page 71 undefined on input line 30
82.


Underfull \hbox (badness 3838) in paragraph at lines 3080--3084
[]\T1/cmr/m/n/10.95 Combine Lemma [] with Lemma [] to ob-tain $\OML/cmm/m/it/10
.95 ^^N[]\OT1/cmr/m/n/10.95 (\OML/cmm/m/it/10.95 t\OT1/cmr/m/n/10.95 ) \OMS/cms
y/m/n/10.95 ^^T
 []


LaTeX Warning: Reference `lem:nofirewall' on page 71 undefined on input line 30
99.

[71]

LaTeX Warning: Reference `eq:influence_functional' on page 72 undefined on inpu
t line 3101.


Package natbib Warning: Citation `Radzikowski:1996' on page 72 undefined on inp
ut line 3101.


LaTeX Warning: Reference `eq:gentleness' on page 72 undefined on input line 311
1.


Package natbib Warning: Citation `HuVerdaguer:2008' on page 72 undefined on inp
ut line 3117.

[72]

LaTeX Warning: Reference `eq:mmemory' on page 73 undefined on input line 3140.

[73]

LaTeX Warning: Reference `fig:g2' on page 74 undefined on input line 3162.

[74]

LaTeX Warning: Reference `eq:kernel_schwarzian' on page 75 undefined on input l
ine 3195.

[75]
Overfull \hbox (4.34686pt too wide) in paragraph at lines 3211--3212
 []\T1/cmr/bx/n/10.95 Time-domain ker-nel and mem-ory time[] \T1/cmr/m/n/10.95 
The in-verse trans-form $\OML/cmm/m/it/10.95 K\OT1/cmr/m/n/10.95 (\OML/cmm/m/it
/10.95 t\OT1/cmr/m/n/10.95 ) = [] [] \OML/cmm/m/it/10.95 e[]\OT1/cmr/m/n/10.95 
^^D[](\OML/cmm/m/it/10.95 !\OT1/cmr/m/n/10.95 )$
 []


Overfull \hbox (469.4746pt too wide) in paragraph at lines 3223--3223
[]\T1/cmtt/m/n/10.95 python3 simulation.py --s-initial 12 --steps 12 --num-runs
 100 --g2-runs 200 --kfolds 5 --seed 42 --threads 1 --pythonhashseed 0 --save-l
edger seed_ledger.json[] 
 []


LaTeX Warning: Reference `tab:checksums' on page 76 undefined on input line 323
6.

[76] [77]

LaTeX Warning: `h' float specifier changed to `ht'.


Underfull \hbox (badness 5563) in paragraph at lines 3333--3334
 []\T1/cmr/bx/n/10.95 Exact CLI in-vo-ca-tion.[] \T1/cmtt/m/n/10.95 python simu
lation.py --save-ledger seed_ledger.json
 []

[78]
! Missing $ inserted.
<inserted text> 
                $
l.3355 \item \textbf{data_page_curve:}
                                       Contains the simulated Page curve ent...
I've inserted a begin-math/end-math symbol since I think
you left one out. Proceed, with fingers crossed.

 
Here is how much of TeX's memory you used:
 26513 strings out of 469006
 492274 string characters out of 5454814
 899623 words of memory out of 5000000
 54185 multiletter control sequences out of 15000+600000
 671346 words of font info for 145 fonts, out of 8000000 for 9000
 319 hyphenation exceptions out of 8191
 90i,16n,104p,1559b,824s stack positions out of 10000i,1000n,20000p,200000b,200000s
!  ==> Fatal error occurred, no output PDF file produced!
