\BOOKMARK [1][-]{section.1}{\376\377\142\147\210\114\144\130\211\201}{}% 1
\BOOKMARK [1][-]{section.2}{\376\377\116\247\116\032\226\066\153\265\116\016\131\026\220\350\213\301\143\156\127\372\170\100}{}% 2
\BOOKMARK [2][-]{subsection.2.1}{\376\377\116\316\221\317\133\120\117\030\122\277\157\024\171\072\122\060\213\357\135\356\150\041\153\143\116\073\176\277}{section.2}% 3
\BOOKMARK [2][-]{subsection.2.2}{\376\377\127\372\121\306\172\201\170\064\166\204\153\143\170\156\211\343\213\373}{section.2}% 4
\BOOKMARK [2][-]{subsection.2.3}{\376\377\123\357\142\151\134\125\215\357\176\277\126\376\166\204\135\345\172\013\124\053\116\111}{section.2}% 5
\BOOKMARK [2][-]{subsection.2.4}{\376\377\217\157\116\366\165\037\140\001\116\016\127\372\170\100\213\276\145\275\124\057\171\072}{section.2}% 6
\BOOKMARK [2][-]{subsection.2.5}{\376\377\142\052\201\363\000\040\0002\0000\0002\0006\000\040\136\164\000\040\0004\000\040\147\010\000\040\0008\000\040\145\345\166\204\221\315\211\201\145\260\130\236\217\333\134\125}{section.2}% 7
\BOOKMARK [1][-]{section.3}{\376\377\225\356\230\230\133\232\116\111\116\016\170\024\172\166\217\271\165\114}{}% 8
\BOOKMARK [2][-]{subsection.3.1}{\376\377\133\232\116\111}{section.3}% 9
\BOOKMARK [2][-]{subsection.3.2}{\376\377\133\203\116\016\152\041\142\337\126\150\060\001\116\377\167\037\126\150\124\214\170\154\116\366\127\050\163\257\174\373\176\337\166\204\123\072\122\053}{section.3}% 10
\BOOKMARK [2][-]{subsection.3.3}{\376\377\133\203\116\016\176\317\121\170\145\160\133\127\133\152\165\037\166\204\150\071\147\054\135\356\137\002}{section.3}% 11
\BOOKMARK [2][-]{subsection.3.4}{\376\377\170\024\172\166\133\371\214\141\116\016\227\136\166\356\150\007}{section.3}% 12
\BOOKMARK [2][-]{subsection.3.5}{\376\377\145\160\133\127\133\152\165\037\166\204\116\011\171\315\217\320\210\114\137\142\140\001}{section.3}% 13
\BOOKMARK [1][-]{section.4}{\376\377\142\200\147\057\123\357\210\114\140\047\122\006\147\220}{}% 14
\BOOKMARK [2][-]{subsection.4.1}{\376\377\213\241\173\227\164\366\230\210\116\016\122\006\134\102\154\102\211\343}{section.4}% 15
\BOOKMARK [2][-]{subsection.4.2}{\376\377\127\372\170\100\154\102\211\343\215\357\176\277}{section.4}% 16
\BOOKMARK [2][-]{subsection.4.3}{\376\377\145\160\143\156\165\037\124\175\124\150\147\037\116\016\150\041\121\306\126\336\160\114}{section.4}% 17
\BOOKMARK [2][-]{subsection.4.4}{\376\377\116\073\145\271\172\013\176\247\000\040\000Q\000M\000C\000\040\166\204\173\227\154\325\172\201\170\064}{section.4}% 18
\BOOKMARK [3][-]{subsubsection.4.4.1}{\376\377\225\356\230\230\116\016\145\271\154\325}{subsection.4.4}% 19
\BOOKMARK [3][-]{subsubsection.4.4.2}{\376\377\166\370\133\371\145\342\147\011\215\357\176\277\166\204\117\030\122\277}{subsection.4.4}% 20
\BOOKMARK [3][-]{subsubsection.4.4.3}{\376\377\133\371\123\357\210\114\140\047\122\044\145\255\166\204\137\161\124\315}{subsection.4.4}% 21
\BOOKMARK [3][-]{subsubsection.4.4.4}{\376\377\133\371\136\163\123\360\147\266\147\204\166\204\124\057\171\072}{subsection.4.4}% 22
\BOOKMARK [3][-]{subsubsection.4.4.5}{\376\377\133\371\202\257\162\107\213\276\213\241\127\072\146\157\166\204\141\017\116\111}{subsection.4.4}% 23
\BOOKMARK [3][-]{subsubsection.4.4.6}{\376\377\220\002\165\050\217\271\165\114\116\016\133\241\141\116\117\177\165\050\145\271\137\017}{subsection.4.4}% 24
\BOOKMARK [2][-]{subsection.4.5}{\376\377\000A\000I\000\040\211\343\170\001\116\016\145\160\143\156\135\345\123\202}{section.4}% 25
\BOOKMARK [2][-]{subsection.4.6}{\376\377\123\357\210\114\140\047\166\204\122\044\143\156}{section.4}% 26
\BOOKMARK [1][-]{section.5}{\376\377\136\224\165\050\116\367\120\074\116\016\204\075\127\060\127\072\146\157}{}% 27
\BOOKMARK [2][-]{subsection.5.1}{\376\377\202\257\162\107\213\276\213\241\116\072\117\125\147\000\133\271\146\023\137\142\142\020\135\345\172\013\225\355\163\257}{section.5}% 28
\BOOKMARK [2][-]{subsection.5.2}{\376\377\202\257\162\107\147\266\147\204\116\016\217\336\220\032\140\047\213\276\213\241}{section.5}% 29
\BOOKMARK [2][-]{subsection.5.3}{\376\377\206\132\142\337\155\101\162\107\116\016\177\072\226\167\133\232\117\115}{section.5}% 30
\BOOKMARK [2][-]{subsection.5.4}{\376\377\143\247\122\066\060\001\213\373\121\372\116\016\150\041\121\306\145\117\141\037\140\047\122\006\147\220}{section.5}% 31
\BOOKMARK [2][-]{subsection.5.5}{\376\377\117\116\156\051\143\247\122\066\165\065\133\120\133\146\116\016\225\355\163\257\143\247\122\066}{section.5}% 32
\BOOKMARK [2][-]{subsection.5.6}{\376\377\135\345\202\172\211\322\060\001\126\150\116\366\171\273\145\143\140\047\116\016\176\337\213\241\232\214\213\301}{section.5}% 33
\BOOKMARK [2][-]{subsection.5.7}{\376\377\173\227\154\325\137\000\123\321\116\016\136\224\165\050\232\214\213\301\127\072\146\157}{section.5}% 34
\BOOKMARK [2][-]{subsection.5.8}{\376\377\217\320\210\114\145\366\217\320\176\364\116\016\137\002\136\070\213\312\145\255\127\072\146\157}{section.5}% 35
\BOOKMARK [1][-]{section.6}{\376\377\174\373\176\337\147\266\147\204\116\016\135\345\172\013\215\357\176\277}{}% 36
\BOOKMARK [2][-]{subsection.6.1}{\376\377\140\073\117\123\123\237\122\031}{section.6}% 37
\BOOKMARK [2][-]{subsection.6.2}{\376\377\123\302\200\003\142\200\147\057\150\010}{section.6}% 38
\BOOKMARK [2][-]{subsection.6.3}{\376\377\131\032\154\102\211\343\126\150\177\026\143\222\147\072\122\066}{section.6}% 39
\BOOKMARK [2][-]{subsection.6.4}{\376\377\152\041\127\213\150\041\121\306\060\001\232\214\213\301\116\016\126\336\145\076\135\345\117\134\155\101}{section.6}% 40
\BOOKMARK [2][-]{subsection.6.5}{\376\377\213\304\155\113\117\123\174\373\116\016\127\372\121\306\213\276\213\241}{section.6}% 41
\BOOKMARK [2][-]{subsection.6.6}{\376\377\147\000\134\017\123\357\210\114\116\247\124\301\116\016\121\163\225\056\232\214\145\066\143\007\150\007}{section.6}% 42
\BOOKMARK [2][-]{subsection.6.7}{\376\377\133\236\145\275\226\066\153\265\116\016\215\104\156\220\221\115\177\156}{section.6}% 43
\BOOKMARK [3][-]{subsubsection.6.7.1}{\376\377\143\250\203\120\166\204\126\333\226\066\153\265\215\357\176\277}{subsection.6.7}% 44
\BOOKMARK [3][-]{subsubsection.6.7.2}{\376\377\215\104\156\220\142\225\121\145\116\016\176\317\155\116\123\357\210\114\140\047}{subsection.6.7}% 45
\BOOKMARK [3][-]{subsubsection.6.7.3}{\376\377\126\342\226\037\221\115\177\156\136\372\213\256}{subsection.6.7}% 46
\BOOKMARK [3][-]{subsubsection.6.7.4}{\376\377\154\273\164\006\147\072\122\066\116\016\230\171\166\356\202\202\131\117}{subsection.6.7}% 47
\BOOKMARK [1][-]{section.7}{\376\377\213\304\155\113\116\016\232\214\145\066\145\271\154\325}{}% 48
\BOOKMARK [2][-]{subsection.7.1}{\376\377\116\072\116\300\116\110\145\160\133\127\133\152\165\037\227\000\211\201\162\354\172\313\213\304\155\113\117\123\174\373}{section.7}% 49
\BOOKMARK [2][-]{subsection.7.2}{\376\377\162\151\164\006\167\037\133\236\140\047\213\304\155\113}{section.7}% 50
\BOOKMARK [2][-]{subsection.7.3}{\376\377\220\073\217\221\140\047\200\375\213\304\155\113}{section.7}% 51
\BOOKMARK [2][-]{subsection.7.4}{\376\377\174\373\176\337\145\110\163\207\213\304\155\113}{section.7}% 52
\BOOKMARK [2][-]{subsection.7.5}{\376\377\121\263\173\126\116\367\120\074\213\304\155\113}{section.7}% 53
\BOOKMARK [2][-]{subsection.7.6}{\376\377\232\214\145\066\176\304\176\307\145\271\137\017}{section.7}% 54
\BOOKMARK [1][-]{section.8}{\376\377\176\317\155\116\123\357\210\114\140\047\116\016\142\225\121\145\116\247\121\372\122\006\147\220}{}% 55
\BOOKMARK [2][-]{subsection.8.1}{\376\377\116\072\116\300\116\110\137\305\230\173\213\250\213\272\176\317\155\116\123\357\210\114\140\047}{section.8}% 56
\BOOKMARK [2][-]{subsection.8.2}{\376\377\142\020\147\054\176\323\147\204}{section.8}% 57
\BOOKMARK [2][-]{subsection.8.3}{\376\377\145\066\166\312\176\323\147\204}{section.8}% 58
\BOOKMARK [2][-]{subsection.8.4}{\376\377\220\002\165\050\123\125\117\115\116\016\136\372\213\276\152\041\137\017}{section.8}% 59
\BOOKMARK [2][-]{subsection.8.5}{\376\377\215\104\147\054\145\110\163\207\211\306\211\322}{section.8}% 60
\BOOKMARK [1][-]{section.9}{\376\377\123\321\134\125\215\357\137\204\116\016\137\000\145\076\225\356\230\230}{}% 61
\BOOKMARK [2][-]{subsection.9.1}{\376\377\147\052\147\145\116\000\122\060\116\044\136\164\166\204\163\260\133\236\166\356\150\007}{section.9}% 62
\BOOKMARK [2][-]{subsection.9.2}{\376\377\147\052\147\145\116\011\122\060\116\224\136\164\166\204\116\055\147\037\166\356\150\007}{section.9}% 63
\BOOKMARK [2][-]{subsection.9.3}{\376\377\147\052\147\145\116\224\122\060\123\101\136\164\166\204\225\177\147\037\166\356\150\007}{section.9}% 64
\BOOKMARK [2][-]{subsection.9.4}{\376\377\121\163\225\056\137\000\145\076\225\356\230\230}{section.9}% 65
\BOOKMARK [1][-]{section.10}{\376\377\121\170\127\213\127\072\146\157\143\250\157\024}{}% 66
\BOOKMARK [2][-]{subsection.10.1}{\376\377\127\072\146\157\116\000\377\032\227\142\124\021\145\260\116\000\116\343\215\205\133\374\202\257\162\107\166\204\213\276\213\241\173\133\220\011}{section.10}% 67
\BOOKMARK [2][-]{subsection.10.2}{\376\377\127\072\146\157\116\214\377\032\227\142\124\021\220\073\217\221\221\317\133\120\153\324\162\171\133\236\232\214\166\204\211\343\170\001\126\150\213\255\176\303}{section.10}% 68
\BOOKMARK [2][-]{subsection.10.3}{\376\377\127\072\146\157\116\011\377\032\227\142\124\021\217\320\210\114\145\366\137\002\136\070\166\204\126\336\145\076\116\016\213\312\145\255}{section.10}% 69
\BOOKMARK [2][-]{subsection.10.4}{\376\377\127\072\146\157\126\333\377\032\227\142\124\021\136\224\165\050\137\000\123\321\166\204\163\260\133\236\123\357\210\114\140\047\122\044\145\255}{section.10}% 70
\BOOKMARK [1][-]{section.11}{\376\377\170\024\123\321\116\373\122\241\142\306\211\343\116\016\213\376\230\230\123\005\213\276\213\241}{}% 71
\BOOKMARK [2][-]{subsection.11.1}{\376\377\116\072\116\300\116\110\227\000\211\201\116\373\122\241\142\306\211\343}{section.11}% 72
\BOOKMARK [2][-]{subsection.11.2}{\376\377\213\376\230\230\123\005\116\000\377\032\170\154\116\366\136\372\152\041\116\016\150\041\121\306\126\336\160\114}{section.11}% 73
\BOOKMARK [2][-]{subsection.11.3}{\376\377\213\376\230\230\123\005\116\214\377\032\232\330\117\335\167\037\154\102\211\343\126\150\121\205\150\070}{section.11}% 74
\BOOKMARK [2][-]{subsection.11.4}{\376\377\213\376\230\230\123\005\116\011\377\032\116\343\164\006\152\041\127\213\116\016\211\343\170\001\145\160\143\156\135\345\123\202}{section.11}% 75
\BOOKMARK [2][-]{subsection.11.5}{\376\377\213\376\230\230\123\005\126\333\377\032\202\257\162\107\213\276\213\241\123\117\124\014\116\016\206\132\142\337\155\101\162\107}{section.11}% 76
\BOOKMARK [2][-]{subsection.11.6}{\376\377\213\376\230\230\123\005\116\224\377\032\217\320\176\364\126\336\145\076\116\016\137\002\136\070\213\312\145\255}{section.11}% 77
\BOOKMARK [2][-]{subsection.11.7}{\376\377\226\306\142\020\173\126\165\145}{section.11}% 78
\BOOKMARK [2][-]{subsection.11.8}{\376\377\136\372\213\256\166\204\170\024\172\166\116\247\121\372\137\142\137\017}{section.11}% 79
\BOOKMARK [1][-]{section.12}{\376\377\116\016\146\377\116\343\145\271\150\110\166\204\153\324\217\203\122\006\147\220}{}% 80
\BOOKMARK [2][-]{subsection.12.1}{\376\377\116\072\116\300\116\110\116\015\200\375\123\352\117\235\215\126\137\353\220\037\172\063\133\232\133\120\152\041\142\337\126\150}{section.12}% 81
\BOOKMARK [2][-]{subsection.12.2}{\376\377\116\072\116\300\116\110\116\015\200\375\123\352\117\235\215\126\167\037\133\236\170\154\116\366\213\325\225\031}{section.12}% 82
\BOOKMARK [2][-]{subsection.12.3}{\376\377\116\072\116\300\116\110\116\015\200\375\123\352\120\132\176\257\000\040\000A\000I\000\040\116\343\164\006}{section.12}% 83
\BOOKMARK [2][-]{subsection.12.4}{\376\377\116\072\116\300\116\110\116\015\200\375\123\352\142\212\145\160\133\127\133\152\165\037\131\026\123\005\142\020\135\345\121\167\221\307\215\055}{section.12}% 84
\BOOKMARK [1][-]{section.13}{\376\377\150\007\121\306\123\026\060\001\143\245\123\343\116\016\165\037\140\001\136\372\213\276}{}% 85
\BOOKMARK [2][-]{subsection.13.1}{\376\377\116\072\116\300\116\110\150\007\121\306\123\026\146\057\145\160\133\127\133\152\165\037\200\375\124\046\225\177\147\037\157\024\217\333\166\204\121\163\225\056}{section.13}% 86
\BOOKMARK [2][-]{subsection.13.2}{\376\377\145\160\143\156\152\041\137\017\116\016\121\103\145\160\143\156\150\007\121\306}{section.13}% 87
\BOOKMARK [2][-]{subsection.13.3}{\376\377\152\041\127\213\143\245\123\343\116\016\123\357\146\377\143\142\140\047\150\007\121\306}{section.13}% 88
\BOOKMARK [2][-]{subsection.13.4}{\376\377\127\372\121\306\116\016\213\304\155\113\123\117\213\256\150\007\121\306}{section.13}% 89
\BOOKMARK [2][-]{subsection.13.5}{\376\377\165\037\140\001\136\372\213\276\116\016\131\026\220\350\123\117\124\014}{section.13}% 90
\BOOKMARK [2][-]{subsection.13.6}{\376\377\150\007\121\306\123\026\166\204\176\304\176\307\124\053\116\111}{section.13}% 91
\BOOKMARK [3][-]{subsubsection.13.6.1}{\376\377\116\015\136\372\213\256\221\307\165\050\166\204\215\357\176\277}{subsection.13.6}% 92
\BOOKMARK [1][-]{section.14}{\376\377\116\073\211\201\230\316\226\151\116\016\121\263\173\126\217\271\165\114}{}% 93
\BOOKMARK [2][-]{subsection.14.1}{\376\377\230\316\226\151\116\000\377\032\152\041\127\213\131\061\221\115}{section.14}% 94
\BOOKMARK [2][-]{subsection.14.2}{\376\377\230\316\226\151\116\214\377\032\145\160\143\156\116\016\150\041\121\306\215\037\142\305}{section.14}% 95
\BOOKMARK [2][-]{subsection.14.3}{\376\377\230\316\226\151\116\011\377\032\173\227\122\233\142\020\147\054}{section.14}% 96
\BOOKMARK [2][-]{subsection.14.4}{\376\377\230\316\226\151\126\333\377\032\217\307\136\246\142\177\213\372\166\176\116\007\153\324\162\171\133\236\145\366\225\134\120\317}{section.14}% 97
\BOOKMARK [1][-]{section.15}{\376\377\142\030\165\145\116\367\120\074\116\016\225\177\147\037\141\017\116\111}{}% 98
\BOOKMARK [2][-]{subsection.15.1}{\376\377\133\371\116\015\124\014\174\173\127\213\147\072\147\204\166\204\141\017\116\111}{section.15}% 99
\BOOKMARK [1][-]{section.16}{\376\377\176\323\213\272}{}% 100
\BOOKMARK [1][-]{appendix.A}{\376\377\136\372\213\256\166\204\145\160\143\156\133\371\214\141\116\016\154\273\164\006\211\201\154\102}{}% 101
\BOOKMARK [1][-]{appendix.B}{\376\377\136\372\213\256\166\204\127\372\121\306\131\127\116\366\213\276\213\241\123\237\122\031}{}% 102
\BOOKMARK [1][-]{appendix.C}{\376\377\215\104\145\231\117\177\165\050\213\364\146\016}{}% 103
\BOOKMARK [1][-]{appendix.D}{\376\377\123\302\200\003\145\207\163\056\116\016\215\104\145\231}{}% 104
