\BOOKMARK [1][-]{section.1}{\376\377\000I\000n\000t\000r\000o\000d\000u\000c\000t\000i\000o\000n}{}% 1
\BOOKMARK [1][-]{section.2}{\376\377\000T\000h\000e\000\040\000C\000o\000m\000p\000l\000e\000t\000e\000\040\000P\000r\000o\000o\000f\000\040\000S\000t\000r\000a\000t\000e\000g\000y}{}% 2
\BOOKMARK [2][-]{subsection.2.1}{\376\377\000T\000h\000e\000\040\000R\000i\000g\000o\000r\000o\000u\000s\000\040\000P\000r\000o\000o\000f\000\040\000S\000t\000r\000u\000c\000t\000u\000r\000e}{section.2}% 3
\BOOKMARK [3][-]{subsubsection.2.1.1}{\376\377\000S\000t\000e\000p\000\040\0001\000:\000\040\000T\000h\000e\000\040\000S\000t\000a\000b\000i\000l\000i\000t\000y\000\040\000E\000n\000g\000i\000n\000e\000\040\000\050\000U\000V\000\040\000R\000e\000g\000u\000l\000a\000r\000i\000t\000y\000\051}{subsection.2.1}% 4
\BOOKMARK [3][-]{subsubsection.2.1.2}{\376\377\000S\000t\000e\000p\000\040\0002\000:\000\040\000T\000h\000e\000\040\000L\000a\000t\000t\000i\000c\000e\000\040\000M\000a\000s\000s\000\040\000G\000a\000p\000\040\000\050\000U\000n\000i\000f\000o\000r\000m\000\040\000L\000S\000I\000\051}{subsection.2.1}% 5
\BOOKMARK [3][-]{subsubsection.2.1.3}{\376\377\000S\000t\000e\000p\000\040\0003\000:\000\040\000G\000l\000o\000b\000a\000l\000\040\000A\000n\000a\000l\000y\000t\000i\000c\000i\000t\000y\000\040\000\050\000A\000b\000s\000e\000n\000c\000e\000\040\000o\000f\000\040\000P\000h\000a\000s\000e\000\040\000T\000r\000a\000n\000s\000i\000t\000i\000o\000n\000s\000\051}{subsection.2.1}% 6
\BOOKMARK [3][-]{subsubsection.2.1.4}{\376\377\000S\000t\000e\000p\000\040\0004\000:\000\040\000T\000h\000e\000\040\000C\000o\000n\000t\000i\000n\000u\000u\000m\000\040\000L\000i\000m\000i\000t\000\040\000\050\000T\000i\000g\000h\000t\000n\000e\000s\000s\000\051}{subsection.2.1}% 7
\BOOKMARK [2][-]{subsection.2.2}{\376\377\000F\000i\000n\000a\000l\000\040\000C\000o\000n\000c\000l\000u\000s\000i\000o\000n}{section.2}% 8
\BOOKMARK [1][-]{section.3}{\376\377\000M\000a\000t\000h\000e\000m\000a\000t\000i\000c\000a\000l\000\040\000F\000r\000a\000m\000e\000w\000o\000r\000k\000\040\000a\000n\000d\000\040\000S\000t\000a\000n\000d\000a\000r\000d\000\040\000E\000s\000t\000i\000m\000a\000t\000e\000s}{}% 9
\BOOKMARK [2][-]{subsection.3.1}{\376\377\000L\000a\000t\000t\000i\000c\000e\000\040\000G\000a\000u\000g\000e\000\040\000T\000h\000e\000o\000r\000y\000\040\000F\000o\000r\000m\000u\000l\000a\000t\000i\000o\000n}{section.3}% 10
\BOOKMARK [2][-]{subsection.3.2}{\376\377\000T\000h\000e\000\040\000W\000i\000l\000s\000o\000n\000\040\000A\000c\000t\000i\000o\000n}{section.3}% 11
\BOOKMARK [2][-]{subsection.3.3}{\376\377\000A\000x\000i\000o\000m\000a\000t\000i\000c\000\040\000R\000e\000q\000u\000i\000r\000e\000m\000e\000n\000t\000s}{section.3}% 12
\BOOKMARK [2][-]{subsection.3.4}{\376\377\000S\000t\000r\000o\000n\000g\000\040\000C\000o\000u\000p\000l\000i\000n\000g\000\040\000C\000l\000u\000s\000t\000e\000r\000\040\000E\000x\000p\000a\000n\000s\000i\000o\000n}{section.3}% 13
\BOOKMARK [2][-]{subsection.3.5}{\376\377\000M\000a\000s\000s\000\040\000G\000a\000p\000\040\000i\000n\000\040\000S\000t\000r\000o\000n\000g\000\040\000C\000o\000u\000p\000l\000i\000n\000g}{section.3}% 14
\BOOKMARK [2][-]{subsection.3.6}{\376\377\000C\000o\000n\000t\000i\000n\000u\000u\000m\000\040\000L\000i\000m\000i\000t\000\040\000S\000t\000a\000b\000i\000l\000i\000t\000y}{section.3}% 15
\BOOKMARK [1][-]{section.4}{\376\377\000R\000o\000a\000d\000m\000a\000p\000\040\0001\000:\000\040\000P\000u\000r\000e\000\040\000l\000a\000t\000t\000i\000c\000e\000\040\000r\000o\000u\000t\000e\000\040\000v\000i\000a\000\040\000u\000n\000i\000f\000o\000r\000m\000\040\000s\000p\000e\000c\000t\000r\000a\000l\000\040\000g\000a\000p\000\040\000/\000\040\000L\000o\000g\040\023\000S\000o\000b\000o\000l\000e\000v}{}% 16
\BOOKMARK [2][-]{subsection.4.1}{\376\377\000G\000o\000a\000l}{section.4}% 17
\BOOKMARK [2][-]{subsection.4.2}{\376\377\000R\000e\000m\000a\000i\000n\000i\000n\000g\000\040\000W\000o\000r\000k\000\040\000\050\000R\000e\000s\000o\000l\000v\000e\000d\000\051}{section.4}% 18
\BOOKMARK [2][-]{subsection.4.3}{\376\377\000R\000e\000s\000o\000l\000u\000t\000i\000o\000n\000\040\000S\000t\000r\000a\000t\000e\000g\000y\000:\000\040\000T\000h\000e\000\040\000S\000t\000a\000b\000i\000l\000i\000t\000y\000\040\000E\000n\000g\000i\000n\000e\000\040\000\050\000L\000o\000o\000p\000\040\000V\000e\000r\000t\000e\000x\000\040\000E\000x\000p\000a\000n\000s\000i\000o\000n\000\051}{section.4}% 19
\BOOKMARK [2][-]{subsection.4.4}{\376\377\000T\000a\000r\000g\000e\000t\000\040\000D\000e\000l\000i\000v\000e\000r\000a\000b\000l\000e}{section.4}% 20
\BOOKMARK [2][-]{subsection.4.5}{\376\377\000T\000h\000e\000\040\0001\000D\000\040\000T\000r\000a\000n\000s\000f\000e\000r\000\040\000M\000a\000t\000r\000i\000x\000\040\000S\000p\000e\000c\000t\000r\000a\000l\000\040\000G\000a\000p}{section.4}% 21
\BOOKMARK [2][-]{subsection.4.6}{\376\377\000U\000n\000i\000f\000o\000r\000m\000\040\000L\000o\000g\000-\000S\000o\000b\000o\000l\000e\000v\000\040\000I\000n\000e\000q\000u\000a\000l\000i\000t\000y\000\040\000v\000i\000a\000\040\000R\000G\000-\000I\000m\000p\000r\000o\000v\000e\000d\000\040\000M\000i\000x\000i\000n\000g}{section.4}% 22
\BOOKMARK [3][-]{subsubsection.4.6.1}{\376\377\000B\000r\000e\000a\000k\000i\000n\000g\000\040\000C\000i\000r\000c\000u\000l\000a\000r\000i\000t\000y\000:\000\040\000M\000i\000x\000i\000n\000g\000\040\000f\000r\000o\000m\000\040\000R\000G\000\040\000C\000o\000n\000v\000e\000x\000i\000t\000y}{subsection.4.6}% 23
\BOOKMARK [3][-]{subsubsection.4.6.2}{\376\377\000F\000r\000o\000m\000\040\000M\000i\000x\000i\000n\000g\000\040\000t\000o\000\040\000U\000n\000i\000f\000o\000r\000m\000\040\000L\000S\000I}{subsection.4.6}% 24
\BOOKMARK [3][-]{subsubsection.4.6.3}{\376\377\000H\000a\000n\000d\000l\000i\000n\000g\000\040\000I\000n\000t\000e\000r\000m\000e\000d\000i\000a\000t\000e\000\040\000C\000o\000u\000p\000l\000i\000n\000g}{subsection.4.6}% 25
\BOOKMARK [2][-]{subsection.4.7}{\376\377\000F\000r\000o\000m\000\040\000U\000n\000i\000f\000o\000r\000m\000\040\000L\000S\000I\000\040\000t\000o\000\040\000I\000n\000f\000i\000n\000i\000t\000e\000\040\000V\000o\000l\000u\000m\000e\000\040\000M\000a\000s\000s\000\040\000G\000a\000p}{section.4}% 26
\BOOKMARK [1][-]{section.5}{\376\377\000C\000o\000n\000c\000l\000u\000s\000i\000o\000n\000\040\000f\000o\000r\000\040\000R\000o\000a\000d\000m\000a\000p\000\040\0001}{}% 27
\BOOKMARK [1][-]{section.6}{\376\377\000R\000o\000a\000d\000m\000a\000p\000\040\0002\000:\000\040\000A\000d\000j\000o\000i\000n\000t\000-\000Q\000C\000D\000\040\000/\000\040\000S\000U\000S\000Y\000\040\000d\000e\000f\000o\000r\000m\000a\000t\000i\000o\000n\000\040\000+\000\040\000a\000n\000a\000l\000y\000t\000i\000c\000i\000t\000y\000\040\000c\000o\000n\000t\000i\000n\000u\000a\000t\000i\000o\000n}{}% 28
\BOOKMARK [2][-]{subsection.6.1}{\376\377\000G\000o\000a\000l}{section.6}% 29
\BOOKMARK [2][-]{subsection.6.2}{\376\377\000R\000e\000m\000a\000i\000n\000i\000n\000g\000\040\000W\000o\000r\000k\000\040\000\050\000R\000e\000s\000o\000l\000v\000e\000d\000\051}{section.6}% 30
\BOOKMARK [2][-]{subsection.6.3}{\376\377\000R\000e\000s\000o\000l\000u\000t\000i\000o\000n\000\040\000S\000t\000r\000a\000t\000e\000g\000y\000:\000\040\000T\000h\000e\000\040\000A\000n\000a\000l\000y\000t\000i\000c\000\040\000C\000o\000n\000t\000i\000n\000u\000a\000t\000i\000o\000n\000\040\000\050\000N\000o\000n\000-\000C\000i\000r\000c\000u\000l\000a\000r\000\040\000M\000i\000x\000i\000n\000g\000\051}{section.6}% 31
\BOOKMARK [2][-]{subsection.6.4}{\376\377\000A\000d\000d\000r\000e\000s\000s\000i\000n\000g\000\040\000C\000i\000r\000c\000u\000l\000a\000r\000i\000t\000y\000\040\000C\000o\000n\000c\000e\000r\000n\000s}{section.6}% 32
\BOOKMARK [2][-]{subsection.6.5}{\376\377\000T\000a\000r\000g\000e\000t\000\040\000D\000e\000l\000i\000v\000e\000r\000a\000b\000l\000e}{section.6}% 33
\BOOKMARK [2][-]{subsection.6.6}{\376\377\000T\000h\000e\000\040\000I\000n\000t\000e\000r\000p\000o\000l\000a\000t\000i\000n\000g\000\040\000A\000c\000t\000i\000o\000n\000\040\000a\000n\000d\000\040\000L\000a\000t\000t\000i\000c\000e\000\040\000S\000U\000S\000Y}{section.6}% 34
\BOOKMARK [2][-]{subsection.6.7}{\376\377\000R\000i\000g\000o\000r\000o\000u\000s\000\040\000D\000e\000c\000o\000u\000p\000l\000i\000n\000g\000\040\000a\000t\000\040\000L\000a\000r\000g\000e\000\040\000M\000a\000s\000s}{section.6}% 35
\BOOKMARK [2][-]{subsection.6.8}{\376\377\000G\000l\000o\000b\000a\000l\000\040\000A\000n\000a\000l\000y\000t\000i\000c\000i\000t\000y\000\040\000a\000n\000d\000\040\000L\000e\000e\000-\000Y\000a\000n\000g\000\040\000Z\000e\000r\000o\000s}{section.6}% 36
\BOOKMARK [2][-]{subsection.6.9}{\376\377\000M\000o\000n\000o\000t\000o\000n\000i\000c\000i\000t\000y\000\040\000a\000n\000d\000\040\000N\000o\000-\000G\000a\000p\000-\000C\000l\000o\000s\000i\000n\000g}{section.6}% 37
\BOOKMARK [2][-]{subsection.6.10}{\376\377\000O\000S\000\040\000R\000e\000c\000o\000n\000s\000t\000r\000u\000c\000t\000i\000o\000n\000\040\000f\000o\000r\000\040\000A\000d\000j\000o\000i\000n\000t\000\040\000T\000h\000e\000o\000r\000y}{section.6}% 38
\BOOKMARK [1][-]{section.7}{\376\377\000R\000o\000a\000d\000m\000a\000p\000\040\0003\000:\000\040\000C\000o\000n\000f\000i\000n\000e\000m\000e\000n\000t\000\040\000+\000\040\000g\000e\000o\000m\000e\000t\000r\000i\000c\000\040\000i\000n\000e\000q\000u\000a\000l\000i\000t\000y\000\040\000l\000i\000n\000k\000i\000n\000g\000\040\000s\000t\000r\000i\000n\000g\000\040\000t\000e\000n\000s\000i\000o\000n\000\040\000t\000o\000\040\000t\000h\000e\000\040\000g\000a\000p}{}% 39
\BOOKMARK [2][-]{subsection.7.1}{\376\377\000G\000o\000a\000l}{section.7}% 40
\BOOKMARK [2][-]{subsection.7.2}{\376\377\000R\000e\000m\000a\000i\000n\000i\000n\000g\000\040\000W\000o\000r\000k\000\040\000\050\000R\000e\000s\000o\000l\000v\000e\000d\000\051}{section.7}% 41
\BOOKMARK [2][-]{subsection.7.3}{\376\377\000R\000e\000s\000o\000l\000u\000t\000i\000o\000n\000\040\000S\000t\000r\000a\000t\000e\000g\000y\000:\000\040\000T\000h\000e\000\040\000G\000e\000o\000m\000e\000t\000r\000i\000c\000\040\000B\000r\000i\000d\000g\000e\000\040\000\050\000O\000p\000t\000i\000m\000a\000l\000\040\000T\000r\000a\000n\000s\000p\000o\000r\000t\000\051}{section.7}% 42
\BOOKMARK [2][-]{subsection.7.4}{\376\377\000T\000a\000r\000g\000e\000t\000\040\000D\000e\000l\000i\000v\000e\000r\000a\000b\000l\000e}{section.7}% 43
\BOOKMARK [2][-]{subsection.7.5}{\376\377\000G\000l\000o\000b\000a\000l\000\040\000P\000o\000s\000i\000t\000i\000v\000i\000t\000y\000\040\000o\000f\000\040\000S\000t\000r\000i\000n\000g\000\040\000T\000e\000n\000s\000i\000o\000n}{section.7}% 44
\BOOKMARK [2][-]{subsection.7.6}{\376\377\000T\000h\000e\000\040\000G\000e\000o\000m\000e\000t\000r\000i\000c\000\040\000B\000r\000i\000d\000g\000e\000:\000\040\000G\000a\000p\000\040\000f\000r\000o\000m\000\040\000T\000e\000n\000s\000i\000o\000n}{section.7}% 45
\BOOKMARK [2][-]{subsection.7.7}{\376\377\000U\000n\000i\000f\000o\000r\000m\000\040\000L\000o\000g\000-\000S\000o\000b\000o\000l\000e\000v\000\040\000I\000n\000e\000q\000u\000a\000l\000i\000t\000y}{section.7}% 46
\BOOKMARK [1][-]{section.8}{\376\377\000R\000o\000a\000d\000m\000a\000p\000\040\0004\000:\000\040\000C\000o\000n\000t\000i\000n\000u\000u\000m\000\040\000l\000i\000m\000i\000t\000\040\000t\000h\000a\000t\000\040\000p\000r\000e\000s\000e\000r\000v\000e\000s\000\040\000t\000h\000e\000\040\000g\000a\000p\000\040\000\050\000M\000o\000s\000c\000o\000\040\000c\000o\000n\000v\000e\000r\000g\000e\000n\000c\000e\000\040\000+\000\040\000O\000S\000\040\000r\000e\000c\000o\000n\000s\000t\000r\000u\000c\000t\000i\000o\000n\000\051}{}% 47
\BOOKMARK [2][-]{subsection.8.1}{\376\377\000G\000o\000a\000l}{section.8}% 48
\BOOKMARK [2][-]{subsection.8.2}{\376\377\000R\000e\000m\000a\000i\000n\000i\000n\000g\000\040\000W\000o\000r\000k\000\040\000\050\000A\000d\000d\000r\000e\000s\000s\000e\000d\000\040\000b\000y\000\040\000R\000i\000g\000o\000r\000\040\000P\000a\000t\000c\000h\000\051}{section.8}% 49
\BOOKMARK [2][-]{subsection.8.3}{\376\377\000R\000e\000s\000o\000l\000u\000t\000i\000o\000n\000\040\000S\000t\000r\000a\000t\000e\000g\000y\000:\000\040\000T\000h\000e\000\040\000C\000o\000n\000t\000i\000n\000u\000u\000m\000\040\000L\000i\000m\000i\000t\000\040\000\050\000M\000o\000s\000c\000o\000\040\000C\000o\000n\000v\000e\000r\000g\000e\000n\000c\000e\000\051}{section.8}% 50
\BOOKMARK [2][-]{subsection.8.4}{\376\377\000T\000a\000r\000g\000e\000t\000\040\000D\000e\000l\000i\000v\000e\000r\000a\000b\000l\000e}{section.8}% 51
\BOOKMARK [2][-]{subsection.8.5}{\376\377\000S\000t\000e\000p\000\040\0001\000:\000\040\000I\000n\000t\000r\000i\000n\000s\000i\000c\000\040\000S\000c\000a\000l\000e\000\040\000S\000e\000t\000t\000i\000n\000g\000\040\000v\000i\000a\000\040\000D\000i\000m\000e\000n\000s\000i\000o\000n\000a\000l\000\040\000T\000r\000a\000n\000s\000m\000u\000t\000a\000t\000i\000o\000n}{section.8}% 52
\BOOKMARK [2][-]{subsection.8.6}{\376\377\000S\000t\000e\000p\000\040\0002\000:\000\040\000M\000o\000s\000c\000o\000\040\000C\000o\000n\000v\000e\000r\000g\000e\000n\000c\000e\000\040\000o\000f\000\040\000D\000i\000r\000i\000c\000h\000l\000e\000t\000\040\000F\000o\000r\000m\000s}{section.8}% 53
\BOOKMARK [2][-]{subsection.8.7}{\376\377\000S\000t\000e\000p\000\040\0003\000:\000\040\000S\000y\000m\000a\000n\000z\000i\000k\000\040\000E\000r\000r\000o\000r\000\040\000B\000o\000u\000n\000d\000s}{section.8}% 54
\BOOKMARK [2][-]{subsection.8.8}{\376\377\000F\000r\000o\000m\000\040\000E\000x\000p\000o\000n\000e\000n\000t\000i\000a\000l\000\040\000M\000i\000x\000i\000n\000g\000\040\000t\000o\000\040\000E\000x\000p\000o\000n\000e\000n\000t\000i\000a\000l\000\040\000C\000l\000u\000s\000t\000e\000r\000i\000n\000g}{section.8}% 55
\BOOKMARK [2][-]{subsection.8.9}{\376\377\000T\000h\000e\000\040\000C\000r\000u\000c\000i\000a\000l\000\040\000O\000S\000\040\000S\000t\000e\000p\000:\000\040\000C\000l\000u\000s\000t\000e\000r\000i\000n\000g\000\040\000I\000m\000p\000l\000i\000e\000s\000\040\000H\000a\000m\000i\000l\000t\000o\000n\000i\000a\000n\000\040\000M\000a\000s\000s\000\040\000G\000a\000p}{section.8}% 56
\BOOKMARK [1][-]{section.9}{\376\377\000C\000o\000n\000c\000l\000u\000s\000i\000o\000n\000\040\000f\000o\000r\000\040\000R\000o\000a\000d\000m\000a\000p\000\040\0004}{}% 57
\BOOKMARK [1][-]{section.10}{\376\377\000R\000i\000g\000o\000r\000o\000u\000s\000\040\000R\000e\000s\000o\000l\000u\000t\000i\000o\000n\000\040\000o\000f\000\040\000t\000h\000e\000\040\000A\000t\000o\000m\000i\000c\000\040\000H\000a\000r\000d\000\040\000P\000r\000o\000b\000l\000e\000m\000s}{}% 58
\BOOKMARK [2][-]{subsection.10.1}{\376\377\000T\000h\000e\000\040\000B\000a\000l\000a\000b\000a\000n\000\040\000C\000o\000n\000d\000i\000t\000i\000o\000n\000:\000\040\000L\000a\000r\000g\000e\000\040\000F\000i\000e\000l\000d\000\040\000S\000t\000a\000b\000i\000l\000i\000t\000y}{section.10}% 59
\BOOKMARK [3][-]{subsubsection.10.1.1}{\376\377\000P\000r\000o\000b\000l\000e\000m\000\040\000S\000t\000a\000t\000e\000m\000e\000n\000t}{subsection.10.1}% 60
\BOOKMARK [3][-]{subsubsection.10.1.2}{\376\377\000P\000h\000a\000s\000e\000\040\000S\000p\000a\000c\000e\000\040\000D\000e\000c\000o\000m\000p\000o\000s\000i\000t\000i\000o\000n}{subsection.10.1}% 61
\BOOKMARK [3][-]{subsubsection.10.1.3}{\376\377\000S\000m\000a\000l\000l\000\040\000F\000i\000e\000l\000d\000s\000:\000\040\000P\000e\000r\000t\000u\000r\000b\000a\000t\000i\000v\000e\000\040\000C\000o\000n\000v\000e\000x\000i\000t\000y}{subsection.10.1}% 62
\BOOKMARK [3][-]{subsubsection.10.1.4}{\376\377\000L\000a\000r\000g\000e\000\040\000F\000i\000e\000l\000d\000s\000:\000\040\000M\000u\000l\000t\000i\000s\000c\000a\000l\000e\000\040\000C\000l\000u\000s\000t\000e\000r\000\040\000E\000x\000p\000a\000n\000s\000i\000o\000n\000s}{subsection.10.1}% 63
\BOOKMARK [3][-]{subsubsection.10.1.5}{\376\377\000R\000i\000g\000o\000r\000o\000u\000s\000\040\000G\000a\000u\000g\000e\000\040\000F\000i\000x\000i\000n\000g}{subsection.10.1}% 64
\BOOKMARK [3][-]{subsubsection.10.1.6}{\376\377\000I\000n\000d\000u\000c\000t\000i\000v\000e\000\040\000C\000o\000n\000v\000e\000x\000i\000t\000y\000\040\000P\000r\000o\000o\000f}{subsection.10.1}% 65
\BOOKMARK [2][-]{subsection.10.2}{\376\377\000T\000h\000e\000\040\000P\000h\000a\000s\000e\000\040\000D\000i\000a\000g\000r\000a\000m\000\040\000C\000o\000n\000d\000i\000t\000i\000o\000n\000:\000\040\000A\000c\000c\000i\000d\000e\000n\000t\000a\000l\000\040\000T\000r\000a\000n\000s\000i\000t\000i\000o\000n\000s}{section.10}% 66
\BOOKMARK [3][-]{subsubsection.10.2.1}{\376\377\000P\000r\000o\000b\000l\000e\000m\000\040\000S\000t\000a\000t\000e\000m\000e\000n\000t}{subsection.10.2}% 67
\BOOKMARK [3][-]{subsubsection.10.2.2}{\376\377\000A\000d\000j\000o\000i\000n\000t\000\040\000I\000n\000t\000e\000r\000p\000o\000l\000a\000t\000i\000o\000n\000\040\000H\000a\000m\000i\000l\000t\000o\000n\000i\000a\000n}{subsection.10.2}% 68
\BOOKMARK [3][-]{subsubsection.10.2.3}{\376\377\000S\000y\000m\000m\000e\000t\000r\000y\000\040\000P\000r\000o\000t\000e\000c\000t\000i\000o\000n}{subsection.10.2}% 69
\BOOKMARK [3][-]{subsubsection.10.2.4}{\376\377\000P\000i\000r\000o\000g\000o\000v\000-\000S\000i\000n\000a\000i\000\040\000T\000h\000e\000o\000r\000y}{subsection.10.2}% 70
\BOOKMARK [2][-]{subsection.10.3}{\376\377\000T\000h\000e\000\040\000G\000e\000o\000m\000e\000t\000r\000i\000c\000\040\000M\000e\000a\000s\000u\000r\000e\000\040\000C\000o\000n\000d\000i\000t\000i\000o\000n\000:\000\040\000G\000l\000o\000b\000a\000l\000\040\000L\000S\000I}{section.10}% 71
\BOOKMARK [3][-]{subsubsection.10.3.1}{\376\377\000P\000r\000o\000b\000l\000e\000m\000\040\000S\000t\000a\000t\000e\000m\000e\000n\000t}{subsection.10.3}% 72
\BOOKMARK [3][-]{subsubsection.10.3.2}{\376\377\000H\000i\000e\000r\000a\000r\000c\000h\000i\000c\000a\000l\000\040\000Z\000e\000g\000a\000r\000l\000i\000n\000s\000k\000i\000\040\000T\000h\000e\000o\000r\000e\000m}{subsection.10.3}% 73
\BOOKMARK [3][-]{subsubsection.10.3.3}{\376\377\000A\000p\000p\000l\000i\000c\000a\000t\000i\000o\000n\000\040\000t\000o\000\040\000Y\000a\000n\000g\000-\000M\000i\000l\000l\000s}{subsection.10.3}% 74
\BOOKMARK [2][-]{subsection.10.4}{\376\377\000T\000h\000e\000\040\000T\000i\000g\000h\000t\000n\000e\000s\000s\000\040\000C\000o\000n\000d\000i\000t\000i\000o\000n\000:\000\040\000C\000o\000n\000t\000i\000n\000u\000u\000m\000\040\000L\000i\000m\000i\000t}{section.10}% 75
\BOOKMARK [3][-]{subsubsection.10.4.1}{\376\377\000P\000r\000o\000b\000l\000e\000m\000\040\000S\000t\000a\000t\000e\000m\000e\000n\000t}{subsection.10.4}% 76
\BOOKMARK [3][-]{subsubsection.10.4.2}{\376\377\000M\000i\000t\000o\000m\000a\000-\000P\000r\000o\000k\000h\000o\000r\000o\000v\000\040\000C\000r\000i\000t\000e\000r\000i\000o\000n}{subsection.10.4}% 77
\BOOKMARK [3][-]{subsubsection.10.4.3}{\376\377\000U\000n\000i\000f\000o\000r\000m\000\040\000M\000o\000m\000e\000n\000t\000\040\000B\000o\000u\000n\000d\000s}{subsection.10.4}% 78
\BOOKMARK [3][-]{subsubsection.10.4.4}{\376\377\000C\000o\000n\000c\000l\000u\000s\000i\000o\000n}{subsection.10.4}% 79
\BOOKMARK [3][-]{subsubsection.10.4.5}{\376\377\000C\000o\000m\000p\000l\000e\000x\000\040\000P\000i\000r\000o\000g\000o\000v\000-\000S\000i\000n\000a\000i\000\040\000T\000h\000e\000o\000r\000y}{subsection.10.4}% 80
\BOOKMARK [2][-]{subsection.10.5}{\376\377\000T\000h\000e\000\040\000G\000e\000o\000m\000e\000t\000r\000i\000c\000\040\000M\000e\000a\000s\000u\000r\000e\000\040\000C\000o\000n\000d\000i\000t\000i\000o\000n\000:\000\040\000S\000i\000n\000g\000u\000l\000a\000r\000\040\000G\000e\000o\000m\000e\000t\000r\000y}{section.10}% 81
\BOOKMARK [3][-]{subsubsection.10.5.1}{\376\377\000P\000r\000o\000b\000l\000e\000m\000\040\000S\000t\000a\000t\000e\000m\000e\000n\000t}{subsection.10.5}% 82
\BOOKMARK [3][-]{subsubsection.10.5.2}{\376\377\000L\000o\000c\000a\000l\000-\000t\000o\000-\000G\000l\000o\000b\000a\000l\000\040\000C\000u\000r\000v\000a\000t\000u\000r\000e}{subsection.10.5}% 83
\BOOKMARK [3][-]{subsubsection.10.5.3}{\376\377\000C\000o\000n\000d\000i\000t\000i\000o\000n\000a\000l\000\040\000T\000e\000n\000s\000o\000r\000i\000z\000a\000t\000i\000o\000n}{subsection.10.5}% 84
\BOOKMARK [3][-]{subsubsection.10.5.4}{\376\377\000H\000i\000e\000r\000a\000r\000c\000h\000i\000c\000a\000l\000\040\000Z\000e\000g\000a\000r\000l\000i\000n\000s\000k\000i\000\040\000I\000n\000e\000q\000u\000a\000l\000i\000t\000i\000e\000s}{subsection.10.5}% 85
\BOOKMARK [2][-]{subsection.10.6}{\376\377\000T\000h\000e\000\040\000T\000i\000g\000h\000t\000n\000e\000s\000s\000\040\000C\000o\000n\000d\000i\000t\000i\000o\000n\000:\000\040\000U\000V\000\040\000R\000e\000g\000u\000l\000a\000r\000i\000t\000y}{section.10}% 86
\BOOKMARK [3][-]{subsubsection.10.6.1}{\376\377\000P\000r\000o\000b\000l\000e\000m\000\040\000S\000t\000a\000t\000e\000m\000e\000n\000t}{subsection.10.6}% 87
\BOOKMARK [3][-]{subsubsection.10.6.2}{\376\377\000I\000n\000t\000r\000i\000n\000s\000i\000c\000\040\000S\000c\000a\000l\000e\000\040\000S\000e\000t\000t\000i\000n\000g}{subsection.10.6}% 88
\BOOKMARK [3][-]{subsubsection.10.6.3}{\376\377\000T\000i\000g\000h\000t\000n\000e\000s\000s\000\040\000a\000n\000d\000\040\000C\000o\000n\000t\000i\000n\000u\000u\000m\000\040\000I\000d\000e\000n\000t\000i\000f\000i\000c\000a\000t\000i\000o\000n}{subsection.10.6}% 89
\BOOKMARK [3][-]{subsubsection.10.6.4}{\376\377\000M\000o\000s\000c\000o\000\040\000C\000o\000n\000v\000e\000r\000g\000e\000n\000c\000e}{subsection.10.6}% 90
\BOOKMARK [1][-]{section.11}{\376\377\000S\000y\000n\000t\000h\000e\000s\000i\000s\000\040\000a\000n\000d\000\040\000F\000i\000n\000a\000l\000\040\000P\000r\000o\000o\000f}{}% 91
\BOOKMARK [1][-]{appendix.A}{\376\377\000R\000i\000g\000o\000r\000i\000z\000a\000t\000i\000o\000n\000\040\000A\000d\000d\000e\000n\000d\000u\000m\000:\000\040\000V\000e\000r\000i\000f\000i\000c\000a\000t\000i\000o\000n\000\040\000o\000f\000\040\000t\000h\000e\000\040\000P\000r\000o\000o\000f\000\040\000C\000h\000a\000i\000n}{}% 92
\BOOKMARK [2][-]{subsection.A.1}{\376\377\000T\000h\000e\000\040\000R\000i\000g\000o\000r\000o\000u\000s\000\040\000P\000r\000o\000o\000f\000\040\000C\000h\000a\000i\000n}{appendix.A}% 93
\BOOKMARK [2][-]{subsection.A.2}{\376\377\000C\000o\000n\000c\000l\000u\000s\000i\000o\000n}{appendix.A}% 94
\BOOKMARK [1][-]{appendix.B}{\376\377\000C\000o\000n\000s\000t\000r\000u\000c\000t\000i\000v\000e\000\040\000C\000o\000m\000b\000i\000n\000a\000t\000o\000r\000i\000c\000s\000:\000\040\000T\000h\000e\000\040\000L\000o\000o\000p\000\040\000V\000e\000r\000t\000e\000x\000\040\000E\000x\000p\000a\000n\000s\000i\000o\000n}{}% 95
\BOOKMARK [2][-]{subsection.B.1}{\376\377\000T\000h\000e\000\040\000L\000V\000E\000\040\000F\000o\000r\000m\000a\000l\000i\000s\000m\000\040\000f\000o\000r\000\040\000Y\000a\000n\000g\000-\000M\000i\000l\000l\000s}{appendix.B}% 96
\BOOKMARK [2][-]{subsection.B.2}{\376\377\000T\000h\000e\000o\000r\000e\000m\000:\000\040\000U\000n\000i\000f\000o\000r\000m\000\040\000C\000o\000n\000v\000e\000r\000g\000e\000n\000c\000e\000\040\000w\000i\000t\000h\000o\000u\000t\000\040\000S\000p\000l\000i\000t\000t\000i\000n\000g}{appendix.B}% 97
\BOOKMARK [2][-]{subsection.B.3}{\376\377\000I\000m\000p\000l\000i\000c\000a\000t\000i\000o\000n\000:\000\040\000R\000i\000g\000o\000r\000o\000u\000s\000\040\000R\000G\000\040\000S\000t\000a\000b\000i\000l\000i\000t\000y}{appendix.B}% 98
\BOOKMARK [2][-]{subsection.B.4}{\376\377\000S\000t\000e\000p\000\040\0002\000:\000\040\000D\000e\000r\000i\000v\000i\000n\000g\000\040\000M\000i\000x\000i\000n\000g\000\040\000f\000r\000o\000m\000\040\000C\000o\000n\000v\000e\000x\000i\000t\000y\000\040\000\050\000T\000h\000e\000\040\000C\000o\000m\000b\000e\000s\000-\000T\000h\000o\000m\000a\000s\000\040\000A\000r\000g\000u\000m\000e\000n\000t\000\051}{appendix.B}% 99
\BOOKMARK [2][-]{subsection.B.5}{\376\377\000F\000r\000o\000m\000\040\000C\000o\000n\000v\000e\000x\000i\000t\000y\000\040\000t\000o\000\040\000D\000o\000b\000r\000u\000s\000h\000i\000n\000\040\000M\000i\000x\000i\000n\000g}{appendix.B}% 100
\BOOKMARK [2][-]{subsection.B.6}{\376\377\000S\000t\000e\000p\000\040\0004\000:\000\040\000T\000h\000e\000\040\000G\000l\000o\000b\000a\000l\000\040\000M\000i\000x\000i\000n\000g\000\040\000T\000h\000e\000o\000r\000e\000m}{appendix.B}% 101
\BOOKMARK [2][-]{subsection.B.7}{\376\377\000C\000o\000n\000c\000l\000u\000s\000i\000o\000n\000:\000\040\000U\000n\000i\000f\000o\000r\000m\000\040\000L\000S\000I}{appendix.B}% 102
\BOOKMARK [1][-]{appendix.C}{\376\377\000N\000o\000n\000-\000C\000i\000r\000c\000u\000l\000a\000r\000\040\000P\000r\000o\000o\000f\000\040\000o\000f\000\040\000D\000o\000b\000r\000u\000s\000h\000m\000a\000n\000\040\000M\000i\000x\000i\000n\000g}{}% 103
\BOOKMARK [2][-]{subsection.C.1}{\376\377\000T\000h\000e\000\040\000C\000i\000r\000c\000u\000l\000a\000r\000i\000t\000y\000\040\000P\000r\000o\000b\000l\000e\000m}{appendix.C}% 104
\BOOKMARK [2][-]{subsection.C.2}{\376\377\000S\000t\000r\000a\000t\000e\000g\000y\000:\000\040\000R\000G\000-\000B\000a\000s\000e\000d\000\040\000M\000i\000x\000i\000n\000g\000\040\000W\000i\000t\000h\000o\000u\000t\000\040\000M\000a\000s\000s\000\040\000G\000a\000p\000\040\000A\000s\000s\000u\000m\000p\000t\000i\000o\000n}{appendix.C}% 105
\BOOKMARK [2][-]{subsection.C.3}{\376\377\000R\000i\000g\000o\000r\000o\000u\000s\000\040\000D\000e\000f\000i\000n\000i\000t\000i\000o\000n\000\040\000o\000f\000\040\000M\000i\000x\000i\000n\000g\000\040\000C\000o\000e\000f\000f\000i\000c\000i\000e\000n\000t\000s}{appendix.C}% 106
\BOOKMARK [2][-]{subsection.C.4}{\376\377\000B\000l\000o\000c\000k\000e\000d\000\040\000G\000a\000u\000g\000e\000\040\000F\000i\000e\000l\000d\000s\000\040\000a\000n\000d\000\040\000R\000G\000\040\000F\000o\000r\000m\000u\000l\000a\000t\000i\000o\000n}{appendix.C}% 107
\BOOKMARK [2][-]{subsection.C.5}{\376\377\000F\000r\000o\000m\000\040\000C\000o\000n\000v\000e\000x\000i\000t\000y\000\040\000t\000o\000\040\000D\000o\000b\000r\000u\000s\000h\000i\000n\000\040\000M\000i\000x\000i\000n\000g}{appendix.C}% 108
\BOOKMARK [2][-]{subsection.C.6}{\376\377\000F\000r\000o\000m\000\040\000R\000G\000\040\000C\000o\000n\000v\000e\000x\000i\000t\000y\000\040\000t\000o\000\040\000D\000o\000b\000r\000u\000s\000h\000i\000n\000-\000S\000h\000l\000o\000s\000m\000a\000n\000\040\000M\000i\000x\000i\000n\000g}{appendix.C}% 109
\BOOKMARK [2][-]{subsection.C.7}{\376\377\000E\000x\000t\000e\000n\000s\000i\000o\000n\000\040\000t\000o\000\040\000F\000u\000l\000l\000\040\000L\000a\000t\000t\000i\000c\000e\000\040\000\050\000U\000n\000b\000l\000o\000c\000k\000e\000d\000\051\000\040\000F\000i\000e\000l\000d\000s}{appendix.C}% 110
\BOOKMARK [2][-]{subsection.C.8}{\376\377\000E\000x\000p\000l\000i\000c\000i\000t\000\040\000C\000o\000n\000s\000t\000a\000n\000t\000s\000\040\000f\000o\000r\000\040\000S\000U\000\050\0002\000\051\000\040\000a\000n\000d\000\040\000S\000U\000\050\0003\000\051}{appendix.C}% 111
\BOOKMARK [2][-]{subsection.C.9}{\376\377\000V\000e\000r\000i\000f\000i\000c\000a\000t\000i\000o\000n\000\040\000C\000h\000e\000c\000k\000l\000i\000s\000t}{appendix.C}% 112
\BOOKMARK [2][-]{subsection.C.10}{\376\377\000C\000o\000n\000n\000e\000c\000t\000i\000o\000n\000\040\000t\000o\000\040\000O\000t\000h\000e\000r\000\040\000R\000o\000a\000d\000m\000a\000p\000s}{appendix.C}% 113
\BOOKMARK [1][-]{appendix.D}{\376\377\000A\000b\000s\000e\000n\000c\000e\000\040\000o\000f\000\040\000P\000h\000a\000s\000e\000\040\000T\000r\000a\000n\000s\000i\000t\000i\000o\000n\000s\000:\000\040\000C\000o\000m\000p\000l\000e\000t\000e\000\040\000A\000n\000a\000l\000y\000t\000i\000c\000i\000t\000y\000\040\000P\000r\000o\000o\000f}{}% 114
\BOOKMARK [2][-]{subsection.D.1}{\376\377\000T\000h\000e\000\040\000P\000h\000a\000s\000e\000\040\000T\000r\000a\000n\000s\000i\000t\000i\000o\000n\000\040\000P\000r\000o\000b\000l\000e\000m}{appendix.D}% 115
\BOOKMARK [2][-]{subsection.D.2}{\376\377\000G\000l\000o\000b\000a\000l\000\040\000A\000n\000a\000l\000y\000t\000i\000c\000i\000t\000y\000\040\000f\000r\000o\000m\000\040\000D\000o\000b\000r\000u\000s\000h\000i\000n\000\040\000C\000o\000n\000t\000r\000a\000c\000t\000i\000o\000n}{appendix.D}% 116
\BOOKMARK [2][-]{subsection.D.3}{\376\377\000H\000o\000w\000\040\000t\000h\000i\000s\000\040\000`\000`\000k\000i\000l\000l\000s\000'\000'\000\040\000H\000y\000p\000o\000t\000h\000e\000s\000i\000s\000\040\000J\000.\0003}{appendix.D}% 117
\BOOKMARK [2][-]{subsection.D.4}{\376\377\000I\000m\000p\000l\000i\000c\000a\000t\000i\000o\000n\000\040\000f\000o\000r\000\040\000t\000h\000e\000\040\000P\000r\000o\000o\000f\000\040\000S\000t\000r\000a\000t\000e\000g\000y}{appendix.D}% 118
\BOOKMARK [2][-]{subsection.D.5}{\376\377\000C\000o\000n\000s\000e\000q\000u\000e\000n\000c\000e\000s\000\040\000f\000o\000r\000\040\000T\000h\000e\000r\000m\000o\000d\000y\000n\000a\000m\000i\000c\000s}{appendix.D}% 119
\BOOKMARK [2][-]{subsection.D.6}{\376\377\000A\000b\000s\000e\000n\000c\000e\000\040\000o\000f\000\040\000D\000e\000c\000o\000n\000f\000i\000n\000e\000m\000e\000n\000t\000\040\000T\000r\000a\000n\000s\000i\000t\000i\000o\000n}{appendix.D}% 120
\BOOKMARK [2][-]{subsection.D.7}{\376\377\000C\000o\000n\000n\000e\000c\000t\000i\000o\000n\000\040\000t\000o\000\040\000M\000o\000n\000t\000e\000\040\000C\000a\000r\000l\000o\000\040\000E\000v\000i\000d\000e\000n\000c\000e}{appendix.D}% 121
\BOOKMARK [2][-]{subsection.D.8}{\376\377\000E\000x\000t\000e\000n\000s\000i\000o\000n\000\040\000t\000o\000\040\000F\000i\000n\000i\000t\000e\000\040\000T\000e\000m\000p\000e\000r\000a\000t\000u\000r\000e}{appendix.D}% 122
\BOOKMARK [2][-]{subsection.D.9}{\376\377\000R\000e\000m\000o\000v\000a\000l\000\040\000o\000f\000\040\000"\000C\000o\000n\000d\000i\000t\000i\000o\000n\000a\000l\000"\000\040\000C\000a\000v\000e\000a\000t\000s}{appendix.D}% 123
\BOOKMARK [2][-]{subsection.D.10}{\376\377\000C\000o\000m\000p\000a\000r\000i\000s\000o\000n\000\040\000w\000i\000t\000h\000\040\000O\000t\000h\000e\000r\000\040\000G\000a\000u\000g\000e\000\040\000T\000h\000e\000o\000r\000i\000e\000s}{appendix.D}% 124
\BOOKMARK [1][-]{appendix.E}{\376\377\000T\000h\000e\000\040\000C\000r\000i\000t\000i\000c\000a\000l\000\040\000G\000a\000p\000\040\000C\000l\000o\000s\000e\000d\000:\000\040\000R\000i\000g\000o\000r\000o\000u\000s\000\040\0001\000D\000\040\000T\000r\000a\000n\000s\000f\000e\000r\000\040\000M\000a\000t\000r\000i\000x\000\040\000S\000p\000e\000c\000t\000r\000a\000l\000\040\000G\000a\000p}{}% 125
\BOOKMARK [2][-]{subsection.E.1}{\376\377\000S\000t\000a\000t\000e\000m\000e\000n\000t\000\040\000o\000f\000\040\000t\000h\000e\000\040\000M\000a\000i\000n\000\040\000R\000e\000s\000u\000l\000t}{appendix.E}% 126
\BOOKMARK [2][-]{subsection.E.2}{\376\377\000P\000r\000o\000o\000f\000\040\000S\000t\000r\000a\000t\000e\000g\000y}{appendix.E}% 127
\BOOKMARK [2][-]{subsection.E.3}{\376\377\000S\000t\000e\000p\000\040\0001\000:\000\040\000O\000p\000e\000r\000a\000t\000o\000r\000\040\000P\000r\000o\000p\000e\000r\000t\000i\000e\000s}{appendix.E}% 128
\BOOKMARK [2][-]{subsection.E.4}{\376\377\000S\000t\000e\000p\000\040\0002\000:\000\040\000C\000h\000a\000r\000a\000c\000t\000e\000r\000\040\000E\000x\000p\000a\000n\000s\000i\000o\000n\000\040\000a\000n\000d\000\040\000E\000i\000g\000e\000n\000v\000a\000l\000u\000e\000s}{appendix.E}% 129
\BOOKMARK [2][-]{subsection.E.5}{\376\377\000S\000t\000e\000p\000\040\0003\000:\000\040\000F\000i\000r\000s\000t\000\040\000E\000x\000c\000i\000t\000e\000d\000\040\000S\000t\000a\000t\000e\000\040\000i\000s\000\040\000F\000u\000n\000d\000a\000m\000e\000n\000t\000a\000l}{appendix.E}% 130
\BOOKMARK [2][-]{subsection.E.6}{\376\377\000S\000t\000e\000p\000\040\0004\000:\000\040\000B\000e\000s\000s\000e\000l\000\040\000F\000u\000n\000c\000t\000i\000o\000n\000\040\000A\000n\000a\000l\000y\000s\000i\000s}{appendix.E}% 131
\BOOKMARK [2][-]{subsection.E.7}{\376\377\000S\000t\000e\000p\000\040\0005\000:\000\040\000Q\000u\000a\000n\000t\000i\000t\000a\000t\000i\000v\000e\000\040\000L\000o\000w\000e\000r\000\040\000B\000o\000u\000n\000d}{appendix.E}% 132
\BOOKMARK [2][-]{subsection.E.8}{\376\377\000C\000o\000n\000v\000e\000r\000s\000i\000o\000n\000\040\000t\000o\000\040\000L\000o\000g\000-\000S\000o\000b\000o\000l\000e\000v\000\040\000I\000n\000e\000q\000u\000a\000l\000i\000t\000y}{appendix.E}% 133
\BOOKMARK [2][-]{subsection.E.9}{\376\377\000A\000p\000p\000l\000i\000c\000a\000t\000i\000o\000n\000\040\000t\000o\000\040\000H\000i\000e\000r\000a\000r\000c\000h\000i\000c\000a\000l\000\040\000I\000n\000d\000u\000c\000t\000i\000o\000n}{appendix.E}% 134
\BOOKMARK [2][-]{subsection.E.10}{\376\377\000S\000u\000m\000m\000a\000r\000y\000:\000\040\000C\000r\000i\000t\000i\000c\000a\000l\000\040\000G\000a\000p\000\040\000C\000L\000O\000S\000E\000D}{appendix.E}% 135
\BOOKMARK [1][-]{appendix.F}{\376\377\000U\000n\000i\000f\000o\000r\000m\000\040\000L\000o\000g\000-\000S\000o\000b\000o\000l\000e\000v\000\040\000I\000n\000e\000q\000u\000a\000l\000i\000t\000y\000:\000\040\000C\000o\000m\000p\000l\000e\000t\000e\000\040\000R\000i\000g\000o\000r\000o\000u\000s\000\040\000P\000r\000o\000o\000f}{}% 136
\BOOKMARK [2][-]{subsection.F.1}{\376\377\000S\000e\000t\000u\000p\000\040\000a\000n\000d\000\040\000S\000t\000a\000t\000e\000m\000e\000n\000t}{appendix.F}% 137
\BOOKMARK [2][-]{subsection.F.2}{\376\377\000R\000i\000g\000o\000r\000o\000u\000s\000\040\000I\000n\000t\000e\000r\000m\000e\000d\000i\000a\000t\000e\000\040\000C\000o\000u\000p\000l\000i\000n\000g\000\040\000C\000o\000n\000t\000r\000o\000l\000\040\000v\000i\000a\000\040\000M\000a\000r\000t\000i\000n\000g\000a\000l\000e\000\040\000I\000n\000d\000u\000c\000t\000i\000o\000n}{appendix.F}% 138
\BOOKMARK [1][-]{appendix.G}{\376\377\000G\000e\000o\000m\000e\000t\000r\000i\000c\000/\000O\000p\000t\000i\000m\000a\000l\000\040\000T\000r\000a\000n\000s\000p\000o\000r\000t\000\040\000P\000a\000t\000h\000:\000\040\000C\000o\000m\000p\000l\000e\000t\000e\000\040\000P\000r\000o\000o\000f}{}% 139
\BOOKMARK [2][-]{subsection.G.1}{\376\377\000T\000h\000e\000\040\000S\000t\000r\000a\000t\000e\000g\000y\000:\000\040\000G\000e\000o\000m\000e\000t\000r\000y\000\040\000F\000o\000r\000c\000e\000s\000\040\000S\000p\000e\000c\000t\000r\000a\000l\000\040\000G\000a\000p}{appendix.G}% 140
\BOOKMARK [2][-]{subsection.G.2}{\376\377\000T\000h\000e\000\040\000G\000e\000o\000m\000e\000t\000r\000i\000c\000\040\000M\000a\000s\000s\000\040\000G\000a\000p\000:\000\040\000R\000i\000g\000o\000r\000o\000u\000s\000\040\000D\000e\000r\000i\000v\000a\000t\000i\000o\000n}{appendix.G}% 141
\BOOKMARK [2][-]{subsection.G.3}{\376\377\000C\000o\000r\000o\000l\000l\000a\000r\000y\000:\000\040\000D\000y\000n\000a\000m\000i\000c\000\040\000S\000t\000a\000b\000i\000l\000i\000t\000y\000\040\000v\000i\000a\000\040\000H\000y\000p\000o\000c\000o\000e\000r\000c\000i\000v\000i\000t\000y}{appendix.G}% 142
\BOOKMARK [2][-]{subsection.G.4}{\376\377\000S\000t\000e\000p\000\040\0001\000:\000\040\000B\000a\000k\000r\000y\000-\000\311\040\060\000m\000e\000r\000y\000\040\000C\000u\000r\000v\000a\000t\000u\000r\000e\000\040\000B\000o\000u\000n\000d}{appendix.G}% 143
\BOOKMARK [2][-]{subsection.G.5}{\376\377\000S\000t\000e\000p\000\040\0002\000:\000\040\000L\000S\000V\000\040\000T\000h\000e\000o\000r\000y\000\040\000-\000\040\000O\000p\000t\000i\000m\000a\000l\000\040\000T\000r\000a\000n\000s\000p\000o\000r\000t\000\040\000I\000m\000p\000l\000i\000e\000s\000\040\000G\000a\000p}{appendix.G}% 144
\BOOKMARK [2][-]{subsection.G.6}{\376\377\000S\000t\000e\000p\000\040\0003\000:\000\040\000R\000e\000s\000o\000l\000u\000t\000i\000o\000n\000\040\000o\000f\000\040\000S\000i\000n\000g\000u\000l\000a\000r\000\040\000S\000t\000r\000a\000t\000a}{appendix.G}% 145
\BOOKMARK [2][-]{subsection.G.7}{\376\377\000S\000t\000e\000p\000\040\0004\000:\000\040\000A\000d\000d\000r\000e\000s\000s\000i\000n\000g\000\040\000t\000h\000e\000\040\000I\000n\000f\000r\000a\000r\000e\000d\000\040\000P\000r\000o\000b\000l\000e\000m}{appendix.G}% 146
\BOOKMARK [2][-]{subsection.G.8}{\376\377\000E\000x\000p\000l\000i\000c\000i\000t\000\040\000C\000o\000n\000s\000t\000a\000n\000t\000s}{appendix.G}% 147
\BOOKMARK [2][-]{subsection.G.9}{\376\377\000S\000u\000m\000m\000a\000r\000y\000:\000\040\000R\000o\000a\000d\000m\000a\000p\000\040\0003\000\040\000C\000o\000m\000p\000l\000e\000t\000e}{appendix.G}% 148
\BOOKMARK [1][-]{appendix.H}{\376\377\000A\000d\000j\000o\000i\000n\000t\000\040\000F\000e\000r\000m\000i\000o\000n\000\040\000I\000n\000t\000e\000r\000p\000o\000l\000a\000t\000i\000o\000n\000:\000\040\000C\000o\000m\000p\000l\000e\000t\000e\000\040\000P\000r\000o\000o\000f}{}% 149
\BOOKMARK [2][-]{subsection.H.1}{\376\377\000T\000h\000e\000\040\000S\000t\000r\000a\000t\000e\000g\000y\000:\000\040\000E\000m\000b\000e\000d\000d\000i\000n\000g\000\040\000i\000n\000\040\000a\000\040\000S\000o\000l\000v\000a\000b\000l\000e\000\040\000F\000a\000m\000i\000l\000y}{appendix.H}% 150
\BOOKMARK [2][-]{subsection.H.2}{\376\377\000S\000t\000e\000p\000\040\0001\000:\000\040\000T\000h\000e\000\040\000S\000U\000S\000Y\000\040\000A\000n\000c\000h\000o\000r\000\040\000-\000\040\000W\000i\000t\000t\000e\000n\000\040\000I\000n\000d\000e\000x\000\040\000P\000r\000o\000o\000f}{appendix.H}% 151
\BOOKMARK [2][-]{subsection.H.3}{\376\377\000S\000t\000e\000p\000\040\0002\000:\000\040\000L\000e\000e\000-\000Y\000a\000n\000g\000\040\000Z\000e\000r\000o\000-\000F\000r\000e\000e\000\040\000R\000e\000g\000i\000o\000n}{appendix.H}% 152
\BOOKMARK [2][-]{subsection.H.4}{\376\377\000S\000t\000e\000p\000\040\0003\000:\000\040\000C\000o\000n\000t\000r\000o\000l\000l\000e\000d\000\040\000D\000e\000c\000o\000u\000p\000l\000i\000n\000g\000\040\000L\000i\000m\000i\000t}{appendix.H}% 153
\BOOKMARK [2][-]{subsection.H.5}{\376\377\000S\000t\000e\000p\000\040\0004\000:\000\040\000C\000o\000m\000p\000l\000e\000t\000i\000n\000g\000\040\000t\000h\000e\000\040\000A\000r\000g\000u\000m\000e\000n\000t}{appendix.H}% 154
\BOOKMARK [2][-]{subsection.H.6}{\376\377\000C\000o\000n\000t\000r\000o\000l\000l\000i\000n\000g\000\040\000t\000h\000e\000\040\000I\000n\000f\000i\000n\000i\000t\000e\000-\000V\000o\000l\000u\000m\000e\000\040\000L\000i\000m\000i\000t}{appendix.H}% 155
\BOOKMARK [2][-]{subsection.H.7}{\376\377\000S\000u\000m\000m\000a\000r\000y\000:\000\040\000R\000o\000a\000d\000m\000a\000p\000\040\0002\000\040\000C\000o\000m\000p\000l\000e\000t\000e}{appendix.H}% 156
\BOOKMARK [1][-]{appendix.I}{\376\377\000C\000o\000n\000t\000i\000n\000u\000u\000m\000\040\000L\000i\000m\000i\000t\000\040\000v\000i\000a\000\040\000M\000o\000s\000c\000o\000\040\000C\000o\000n\000v\000e\000r\000g\000e\000n\000c\000e\000:\000\040\000C\000o\000m\000p\000l\000e\000t\000e\000\040\000P\000r\000o\000o\000f}{}% 157
\BOOKMARK [2][-]{subsection.I.1}{\376\377\000U\000n\000i\000f\000o\000r\000m\000\040\000E\000s\000t\000i\000m\000a\000t\000e\000s\000\040\000f\000o\000r\000\040\000L\000a\000t\000t\000i\000c\000e\000\040\000Y\000a\000n\000g\000-\000M\000i\000l\000l\000s}{appendix.I}% 158
\BOOKMARK [1][-]{appendix.J}{\376\377\000E\000x\000t\000e\000n\000s\000i\000o\000n\000\040\000t\000o\000\040\000A\000l\000l\000\040\000C\000o\000m\000p\000a\000c\000t\000\040\000S\000i\000m\000p\000l\000e\000\040\000L\000i\000e\000\040\000G\000r\000o\000u\000p\000s}{}% 159
\BOOKMARK [2][-]{subsection.J.1}{\376\377\000T\000h\000e\000\040\000C\000l\000a\000y\000\040\000P\000r\000o\000b\000l\000e\000m\000\040\000S\000t\000a\000t\000e\000m\000e\000n\000t}{appendix.J}% 160
\BOOKMARK [2][-]{subsection.J.2}{\376\377\000C\000l\000a\000s\000s\000i\000f\000i\000c\000a\000t\000i\000o\000n\000\040\000o\000f\000\040\000C\000o\000m\000p\000a\000c\000t\000\040\000S\000i\000m\000p\000l\000e\000\040\000L\000i\000e\000\040\000G\000r\000o\000u\000p\000s}{appendix.J}% 161
\BOOKMARK [2][-]{subsection.J.3}{\376\377\000U\000n\000i\000f\000o\000r\000m\000\040\000S\000t\000r\000a\000t\000e\000g\000y\000\040\000f\000o\000r\000\040\000A\000l\000l\000\040\000G\000r\000o\000u\000p\000s}{appendix.J}% 162
\BOOKMARK [2][-]{subsection.J.4}{\376\377\000R\000i\000g\000o\000r\000o\000u\000s\000\040\000L\000o\000w\000e\000r\000\040\000B\000o\000u\000n\000d\000s\000\040\000v\000i\000a\000\040\000S\000p\000e\000c\000t\000r\000a\000l\000\040\000G\000e\000o\000m\000e\000t\000r\000y}{appendix.J}% 163
\BOOKMARK [2][-]{subsection.J.5}{\376\377\000C\000o\000n\000c\000l\000u\000s\000i\000o\000n\000\040\000f\000o\000r\000\040\000t\000h\000e\000\040\000C\000l\000a\000y\000\040\000P\000r\000o\000b\000l\000e\000m}{appendix.J}% 164
\BOOKMARK [2][-]{subsection.J.6}{\376\377\000R\000i\000g\000o\000r\000o\000u\000s\000\040\000L\000o\000w\000e\000r\000\040\000B\000o\000u\000n\000d\000s\000\040\000v\000i\000a\000\040\000S\000p\000e\000c\000t\000r\000a\000l\000\040\000G\000e\000o\000m\000e\000t\000r\000y}{appendix.J}% 165
\BOOKMARK [2][-]{subsection.J.7}{\376\377\000G\000e\000o\000m\000e\000t\000r\000i\000c\000\040\000F\000a\000c\000t\000o\000r\000s\000\040\000f\000o\000r\000\040\000E\000a\000c\000h\000\040\000G\000r\000o\000u\000p\000\040\000\050\000H\000e\000u\000r\000i\000s\000t\000i\000c\000\040\000v\000s\000\040\000R\000i\000g\000o\000r\000o\000u\000s\000\051}{appendix.J}% 166
\BOOKMARK [2][-]{subsection.J.8}{\376\377\000R\000e\000p\000r\000e\000s\000e\000n\000t\000a\000t\000i\000o\000n\000\040\000T\000h\000e\000o\000r\000y\000\040\000V\000e\000r\000i\000f\000i\000c\000a\000t\000i\000o\000n}{appendix.J}% 167
\BOOKMARK [2][-]{subsection.J.9}{\376\377\000S\000U\000S\000Y\000\040\000f\000o\000r\000\040\000G\000e\000n\000e\000r\000a\000l\000\040\000G\000r\000o\000u\000p\000s}{appendix.J}% 168
\BOOKMARK [2][-]{subsection.J.10}{\376\377\000V\000e\000r\000i\000f\000i\000c\000a\000t\000i\000o\000n\000\040\000f\000o\000r\000\040\000E\000a\000c\000h\000\040\000G\000r\000o\000u\000p\000\040\000F\000a\000m\000i\000l\000y}{appendix.J}% 169
\BOOKMARK [2][-]{subsection.J.11}{\376\377\000S\000i\000m\000p\000l\000y\000-\000C\000o\000n\000n\000e\000c\000t\000e\000d\000\040\000v\000s\000.\000\040\000N\000o\000n\000-\000S\000i\000m\000p\000l\000y\000-\000C\000o\000n\000n\000e\000c\000t\000e\000d}{appendix.J}% 170
\BOOKMARK [2][-]{subsection.J.12}{\376\377\000F\000i\000n\000a\000l\000\040\000S\000t\000a\000t\000e\000m\000e\000n\000t\000\040\000f\000o\000r\000\040\000G\000e\000n\000e\000r\000a\000l\000\040\000G\000r\000o\000u\000p\000s}{appendix.J}% 171
\BOOKMARK [2][-]{subsection.J.13}{\376\377\000C\000l\000a\000y\000\040\000P\000r\000o\000b\000l\000e\000m\000\040\000C\000o\000m\000p\000l\000i\000a\000n\000c\000e}{appendix.J}% 172
\BOOKMARK [1][-]{appendix.K}{\376\377\000F\000i\000n\000a\000l\000\040\000S\000y\000n\000t\000h\000e\000s\000i\000s\000:\000\040\000C\000o\000m\000p\000l\000e\000t\000e\000\040\000P\000r\000o\000o\000f\000\040\000o\000f\000\040\000t\000h\000e\000\040\000M\000a\000s\000s\000\040\000G\000a\000p}{}% 173
\BOOKMARK [2][-]{subsection.K.1}{\376\377\000T\000h\000e\000\040\000M\000a\000i\000n\000\040\000R\000e\000s\000u\000l\000t}{appendix.K}% 174
\BOOKMARK [2][-]{subsection.K.2}{\376\377\000C\000o\000m\000p\000l\000e\000t\000e\000\040\000D\000e\000p\000e\000n\000d\000e\000n\000c\000y\000\040\000G\000r\000a\000p\000h}{appendix.K}% 175
\BOOKMARK [2][-]{subsection.K.3}{\376\377\000R\000o\000a\000d\000m\000a\000p\000\040\000S\000u\000m\000m\000a\000r\000y}{appendix.K}% 176
\BOOKMARK [2][-]{subsection.K.4}{\376\377\000V\000e\000r\000i\000f\000i\000c\000a\000t\000i\000o\000n\000\040\000o\000f\000\040\000A\000l\000l\000\040\000R\000e\000q\000u\000i\000r\000e\000m\000e\000n\000t\000s}{appendix.K}% 177
\BOOKMARK [2][-]{subsection.K.5}{\376\377\000E\000x\000p\000l\000i\000c\000i\000t\000\040\000C\000o\000n\000s\000t\000a\000n\000t\000s\000\040\000S\000u\000m\000m\000a\000r\000y}{appendix.K}% 178
\BOOKMARK [2][-]{subsection.K.6}{\376\377\000C\000o\000m\000p\000a\000r\000i\000s\000o\000n\000\040\000w\000i\000t\000h\000\040\000C\000l\000a\000y\000\040\000P\000r\000o\000b\000l\000e\000m\000\040\000S\000t\000a\000t\000e\000m\000e\000n\000t}{appendix.K}% 179
\BOOKMARK [2][-]{subsection.K.7}{\376\377\000W\000h\000a\000t\000\040\000H\000a\000s\000\040\000B\000e\000e\000n\000\040\000A\000c\000h\000i\000e\000v\000e\000d}{appendix.K}% 180
\BOOKMARK [2][-]{subsection.K.8}{\376\377\000O\000p\000e\000n\000\040\000Q\000u\000e\000s\000t\000i\000o\000n\000s\000\040\000a\000n\000d\000\040\000F\000u\000t\000u\000r\000e\000\040\000D\000i\000r\000e\000c\000t\000i\000o\000n\000s}{appendix.K}% 181
\BOOKMARK [2][-]{subsection.K.9}{\376\377\000A\000c\000k\000n\000o\000w\000l\000e\000d\000g\000m\000e\000n\000t\000s\000\040\000o\000f\000\040\000E\000x\000t\000e\000r\000n\000a\000l\000\040\000R\000e\000s\000u\000l\000t\000s}{appendix.K}% 182
\BOOKMARK [1][-]{appendix.L}{\376\377\000F\000i\000n\000a\000l\000\040\000U\000n\000i\000f\000i\000e\000d\000\040\000T\000h\000e\000o\000r\000e\000m\000:\000\040\000Y\000a\000n\000g\000-\000M\000i\000l\000l\000s\000\040\000M\000a\000s\000s\000\040\000G\000a\000p}{}% 183
\BOOKMARK [2][-]{subsection.L.1}{\376\377\000C\000o\000m\000p\000l\000e\000t\000e\000\040\000P\000r\000o\000o\000f\000\040\000i\000n\000\040\000F\000i\000v\000e\000\040\000T\000h\000e\000o\000r\000e\000m\000s}{appendix.L}% 184
\BOOKMARK [3][-]{subsubsection.L.1.1}{\376\377\000T\000h\000e\000o\000r\000e\000m\000\040\0001\000:\000\040\000T\000h\000e\000\040\0001\000D\000\040\000B\000a\000s\000e\000\040\000C\000a\000s\000e}{subsection.L.1}% 185
\BOOKMARK [3][-]{subsubsection.L.1.2}{\376\377\000T\000h\000e\000o\000r\000e\000m\000\040\0002\000:\000\040\000U\000n\000i\000f\000o\000r\000m\000\040\000L\000o\000g\000-\000S\000o\000b\000o\000l\000e\000v\000\040\000I\000n\000e\000q\000u\000a\000l\000i\000t\000y}{subsection.L.1}% 186
\BOOKMARK [3][-]{subsubsection.L.1.3}{\376\377\000T\000h\000e\000o\000r\000e\000m\000\040\0003\000:\000\040\000S\000t\000r\000i\000n\000g\000\040\000T\000e\000n\000s\000i\000o\000n\000\040\000i\000s\000\040\000P\000o\000s\000i\000t\000i\000v\000e}{subsection.L.1}% 187
\BOOKMARK [3][-]{subsubsection.L.1.4}{\376\377\000T\000h\000e\000o\000r\000e\000m\000\040\0004\000:\000\040\000S\000p\000e\000c\000t\000r\000a\000l\000\040\000L\000o\000w\000e\000r\000\040\000B\000o\000u\000n\000d}{subsection.L.1}% 188
\BOOKMARK [3][-]{subsubsection.L.1.5}{\376\377\000T\000h\000e\000o\000r\000e\000m\000\040\0005\000:\000\040\000C\000o\000n\000t\000i\000n\000u\000u\000m\000\040\000L\000i\000m\000i\000t}{subsection.L.1}% 189
\BOOKMARK [1][-]{appendix.M}{\376\377\000R\000i\000g\000o\000r\000o\000u\000s\000\040\000P\000r\000o\000o\000f\000\040\000o\000f\000\040\000t\000h\000e\000\040\000N\000=\0001\000\040\000S\000Y\000M\000\040\000S\000p\000e\000c\000t\000r\000a\000l\000\040\000G\000a\000p}{}% 190
\BOOKMARK [2][-]{subsection.M.1}{\376\377\000T\000h\000e\000\040\000C\000o\000n\000s\000t\000r\000u\000c\000t\000i\000v\000e\000\040\000P\000r\000o\000o\000f\000\040\000S\000t\000r\000a\000t\000e\000g\000y}{appendix.M}% 191
\BOOKMARK [2][-]{subsection.M.2}{\376\377\000S\000t\000e\000p\000\040\0001\000:\000\040\000E\000x\000i\000s\000t\000e\000n\000c\000e\000\040\000o\000f\000\040\000D\000i\000s\000t\000i\000n\000c\000t\000\040\000V\000a\000c\000u\000a}{appendix.M}% 192
\BOOKMARK [2][-]{subsection.M.3}{\376\377\000S\000t\000e\000p\000\040\0002\000:\000\040\000T\000h\000e\000\040\000P\000e\000i\000e\000r\000l\000s\000\040\000C\000o\000n\000d\000i\000t\000i\000o\000n\000\040\000\050\000P\000o\000s\000i\000t\000i\000v\000e\000\040\000W\000a\000l\000l\000\040\000T\000e\000n\000s\000i\000o\000n\000\051}{appendix.M}% 193
\BOOKMARK [2][-]{subsection.M.4}{\376\377\000S\000t\000e\000p\000\040\0003\000:\000\040\000C\000o\000n\000v\000e\000r\000g\000e\000n\000c\000e\000\040\000o\000f\000\040\000C\000l\000u\000s\000t\000e\000r\000\040\000E\000x\000p\000a\000n\000s\000i\000o\000n}{appendix.M}% 194
\BOOKMARK [2][-]{subsection.M.5}{\376\377\000C\000o\000n\000c\000l\000u\000s\000i\000o\000n}{appendix.M}% 195
\BOOKMARK [1][-]{appendix.N}{\376\377\000U\000n\000c\000o\000n\000d\000i\000t\000i\000o\000n\000a\000l\000\040\000P\000r\000o\000o\000f\000\040\000v\000i\000a\000\040\000A\000d\000j\000o\000i\000n\000t\000\040\000Q\000C\000D\000\040\000I\000n\000t\000e\000r\000p\000o\000l\000a\000t\000i\000o\000n}{}% 196
\BOOKMARK [2][-]{subsection.N.1}{\376\377\000O\000v\000e\000r\000v\000i\000e\000w\000\040\000o\000f\000\040\000t\000h\000e\000\040\000R\000e\000s\000o\000l\000u\000t\000i\000o\000n}{appendix.N}% 197
\BOOKMARK [2][-]{subsection.N.2}{\376\377\000L\000a\000t\000t\000i\000c\000e\000\040\000F\000o\000r\000m\000u\000l\000a\000t\000i\000o\000n\000:\000\040\000R\000e\000f\000l\000e\000c\000t\000i\000o\000n\000\040\000P\000o\000s\000i\000t\000i\000v\000i\000t\000y}{appendix.N}% 198
\BOOKMARK [2][-]{subsection.N.3}{\376\377\000T\000h\000e\000o\000r\000e\000m\000\040\0001\000:\000\040\000E\000x\000a\000c\000t\000\040\000C\000e\000n\000t\000e\000r\000\040\000S\000y\000m\000m\000e\000t\000r\000y}{appendix.N}% 199
\BOOKMARK [2][-]{subsection.N.4}{\376\377\000T\000h\000e\000o\000r\000e\000m\000\040\0002\000:\000\040\000P\000o\000s\000i\000t\000i\000v\000i\000t\000y\000\040\000a\000n\000d\000\040\000A\000n\000a\000l\000y\000t\000i\000c\000i\000t\000y}{appendix.N}% 200
\BOOKMARK [2][-]{subsection.N.5}{\376\377\000A\000d\000d\000r\000e\000s\000s\000i\000n\000g\000\040\000t\000h\000e\000\040\000"\000L\000i\000q\000u\000i\000d\000-\000G\000a\000s\000"\000\040\000O\000b\000j\000e\000c\000t\000i\000o\000n}{appendix.N}% 201
\BOOKMARK [1][-]{appendix.O}{\376\377\000C\000o\000n\000t\000i\000n\000u\000u\000m\000\040\000L\000i\000m\000i\000t\000\040\000v\000i\000a\000\040\000M\000o\000s\000c\000o\000\040\000C\000o\000n\000v\000e\000r\000g\000e\000n\000c\000e\000:\000\040\000S\000p\000e\000c\000t\000r\000a\000l\000\040\000P\000e\000r\000m\000a\000n\000e\000n\000c\000e}{}% 202
\BOOKMARK [2][-]{subsection.O.1}{\376\377\000T\000h\000e\000\040\000C\000o\000n\000t\000i\000n\000u\000u\000m\000\040\000L\000i\000m\000i\000t\000\040\000P\000r\000o\000b\000l\000e\000m}{appendix.O}% 203
\BOOKMARK [2][-]{subsection.O.2}{\376\377\000E\000x\000p\000l\000i\000c\000i\000t\000\040\000C\000o\000n\000s\000t\000r\000u\000c\000t\000i\000o\000n\000\040\000o\000f\000\040\000t\000h\000e\000\040\000C\000o\000n\000t\000i\000n\000u\000u\000m\000\040\000M\000e\000a\000s\000u\000r\000e}{appendix.O}% 204
\BOOKMARK [1][-]{appendix.P}{\376\377\000H\000o\000n\000e\000s\000t\000\040\000A\000s\000s\000e\000s\000s\000m\000e\000n\000t\000\040\000o\000f\000\040\000R\000i\000g\000o\000r}{}% 205
\BOOKMARK [2][-]{subsection.P.1}{\376\377\000T\000h\000e\000\040\000S\000h\000o\000r\000t\000\040\000A\000n\000s\000w\000e\000r}{appendix.P}% 206
\BOOKMARK [2][-]{subsection.P.2}{\376\377\000S\000t\000a\000t\000u\000s\000\040\000o\000f\000\040\000t\000h\000e\000\040\000A\000t\000o\000m\000i\000c\000\040\000H\000a\000r\000d\000\040\000P\000r\000o\000b\000l\000e\000m\000s}{appendix.P}% 207
\BOOKMARK [3][-]{subsubsection.P.2.1}{\376\377\0001\000.\000\040\000T\000h\000e\000\040\000B\000a\000l\000a\000b\000a\000n\000\040\000C\000o\000n\000d\000i\000t\000i\000o\000n\000\040\000\050\000R\000G\000\040\000S\000t\000a\000b\000i\000l\000i\000t\000y\000\051}{subsection.P.2}% 208
\BOOKMARK [3][-]{subsubsection.P.2.2}{\376\377\0002\000.\000\040\000T\000h\000e\000\040\000P\000h\000a\000s\000e\000\040\000D\000i\000a\000g\000r\000a\000m\000\040\000C\000o\000n\000d\000i\000t\000i\000o\000n\000\040\000\050\000A\000n\000a\000l\000y\000t\000i\000c\000i\000t\000y\000\051}{subsection.P.2}% 209
\BOOKMARK [3][-]{subsubsection.P.2.3}{\376\377\0003\000.\000\040\000T\000h\000e\000\040\000G\000e\000o\000m\000e\000t\000r\000i\000c\000\040\000M\000e\000a\000s\000u\000r\000e\000\040\000C\000o\000n\000d\000i\000t\000i\000o\000n\000\040\000\050\000L\000S\000I\000\051}{subsection.P.2}% 210
\BOOKMARK [3][-]{subsubsection.P.2.4}{\376\377\0004\000.\000\040\000T\000h\000e\000\040\000T\000i\000g\000h\000t\000n\000e\000s\000s\000\040\000C\000o\000n\000d\000i\000t\000i\000o\000n\000\040\000\050\000C\000o\000n\000t\000i\000n\000u\000u\000m\000\040\000L\000i\000m\000i\000t\000\051}{subsection.P.2}% 211
\BOOKMARK [2][-]{subsection.P.3}{\376\377\000C\000o\000n\000c\000l\000u\000s\000i\000o\000n}{appendix.P}% 212
\BOOKMARK [1][-]{appendix.Q}{\376\377\000R\000e\000s\000p\000o\000n\000s\000e\000\040\000t\000o\000\040\000C\000r\000i\000t\000i\000c\000a\000l\000\040\000R\000e\000v\000i\000e\000w\000\040\000\050\000J\000a\000n\000u\000a\000r\000y\000\040\0002\0000\0002\0006\000\051}{}% 213
\BOOKMARK [2][-]{subsection.Q.1}{\376\377\0001\000.\000\040\000R\000G\000\040\000S\000t\000a\000b\000i\000l\000i\000t\000y\000\040\000\050\000"\000H\000a\000l\000l\000u\000c\000i\000n\000a\000t\000i\000o\000n\000\040\000o\000f\000\040\000R\000i\000g\000o\000r\000"\000\051}{appendix.Q}% 214
\BOOKMARK [2][-]{subsection.Q.2}{\376\377\0002\000.\000\040\000A\000d\000j\000o\000i\000n\000t\000\040\000I\000n\000t\000e\000r\000p\000o\000l\000a\000t\000i\000o\000n\000\040\000\050\000"\000C\000i\000r\000c\000u\000l\000a\000r\000i\000t\000y\000"\000\051}{appendix.Q}% 215
\BOOKMARK [2][-]{subsection.Q.3}{\376\377\0003\000.\000\040\000G\000e\000o\000m\000e\000t\000r\000i\000c\000\040\000B\000r\000i\000d\000g\000e\000\040\000\050\000"\000I\000l\000l\000-\000d\000e\000f\000i\000n\000e\000d\000\040\000G\000e\000o\000m\000e\000t\000r\000y\000"\000\051}{appendix.Q}% 216
\BOOKMARK [2][-]{subsection.Q.4}{\376\377\0004\000.\000\040\000A\000p\000p\000e\000n\000d\000i\000x\000\040\000Q\000\040\000\050\000"\000E\000x\000p\000l\000i\000c\000i\000t\000\040\000C\000o\000n\000s\000t\000a\000n\000t\000s\000"\000\051}{appendix.Q}% 217
\BOOKMARK [2][-]{subsection.Q.5}{\376\377\0005\000.\000\040\000T\000e\000c\000h\000n\000i\000c\000a\000l\000\040\000V\000e\000r\000i\000f\000i\000c\000a\000t\000i\000o\000n\000\040\000\050\000"\000S\000t\000a\000n\000d\000a\000r\000d\000\040\000M\000a\000c\000h\000i\000n\000e\000r\000y\000"\000\040\000\046\000\040\000"\000G\000r\000i\000b\000o\000v\000"\000\051}{appendix.Q}% 218
\BOOKMARK [1][-]{appendix.R}{\376\377\000R\000i\000g\000o\000r\000o\000u\000s\000\040\000R\000G\000\040\000S\000t\000a\000b\000i\000l\000i\000t\000y\000\040\000a\000n\000d\000\040\000T\000i\000g\000h\000t\000n\000e\000s\000s}{}% 219
\BOOKMARK [2][-]{subsection.R.1}{\376\377\000P\000a\000r\000t\000\040\000I\000:\000\040\000R\000G\000-\000s\000t\000a\000b\000i\000l\000i\000t\000y\000\040\000/\000\040\000m\000u\000l\000t\000i\000s\000c\000a\000l\000e\000\040\000p\000o\000l\000y\000m\000e\000r\000\040\000c\000o\000n\000t\000r\000o\000l}{appendix.R}% 220
\BOOKMARK [3][-]{subsubsection.R.1.1}{\376\377\000T\000h\000e\000\040\000e\000x\000a\000c\000t\000\040\000i\000n\000d\000u\000c\000t\000i\000v\000e\000\040\000o\000b\000j\000e\000c\000t}{subsection.R.1}% 221
\BOOKMARK [3][-]{subsubsection.R.1.2}{\376\377\000S\000m\000a\000l\000l\000-\000f\000i\000e\000l\000d\000\040\000i\000n\000g\000r\000e\000d\000i\000e\000n\000t\000s\000\040\000\050\000p\000r\000o\000v\000e\000d\000\051}{subsection.R.1}% 222
\BOOKMARK [3][-]{subsubsection.R.1.3}{\376\377\000V\000e\000r\000i\000f\000i\000c\000a\000t\000i\000o\000n\000\040\000o\000f\000\040\000B\000G\000M\000\040\000A\000x\000i\000o\000m\000s}{subsection.R.1}% 223
\BOOKMARK [3][-]{subsubsection.R.1.4}{\376\377\000C\000o\000n\000n\000e\000c\000t\000e\000d\000\040\000p\000o\000l\000y\000m\000e\000r\000\040\000e\000x\000p\000a\000n\000s\000i\000o\000n\000\040\000\050\000p\000r\000o\000v\000e\000d\000\051}{subsection.R.1}% 224
\BOOKMARK [3][-]{subsubsection.R.1.5}{\376\377\000L\000a\000r\000g\000e\000-\000f\000i\000e\000l\000d\000\040\000c\000o\000n\000t\000r\000o\000l\000\040\000\050\000P\000r\000o\000o\000f\000\040\000o\000f\000\040\000S\000u\000p\000p\000r\000e\000s\000s\000i\000o\000n\000\051}{subsection.R.1}% 225
\BOOKMARK [3][-]{subsubsection.R.1.6}{\376\377\000B\000r\000e\000a\000k\000i\000n\000g\000\040\000t\000h\000e\000\040\000C\000i\000r\000c\000u\000l\000a\000r\000i\000t\000y\000\040\000\050\000R\000G\000\040\000v\000s\000\040\000M\000i\000x\000i\000n\000g\000\051}{subsection.R.1}% 226
\BOOKMARK [3][-]{subsubsection.R.1.7}{\376\377\000R\000o\000b\000u\000s\000t\000\040\000s\000t\000r\000o\000n\000g\000-\000c\000o\000u\000p\000l\000i\000n\000g\000\040\000\050\000p\000r\000o\000v\000e\000d\000\051}{subsection.R.1}% 227
\BOOKMARK [3][-]{subsubsection.R.1.8}{\376\377\000T\000h\000e\000\040\000a\000c\000t\000u\000a\000l\000\040\000c\000o\000n\000t\000r\000a\000c\000t\000i\000o\000n\000\040\000s\000t\000e\000p\000\040\000\050\000p\000r\000o\000v\000e\000d\000\051}{subsection.R.1}% 228
\BOOKMARK [2][-]{subsection.R.2}{\376\377\000P\000a\000r\000t\000\040\000I\000I\000:\000\040\000T\000i\000g\000h\000t\000n\000e\000s\000s\000\040\000a\000n\000d\000\040\000i\000d\000e\000n\000t\000i\000f\000i\000c\000a\000t\000i\000o\000n\000\040\000o\000f\000\040\000t\000h\000e\000\040\000c\000o\000n\000t\000i\000n\000u\000u\000m\000\040\000O\000S\000\040\000l\000i\000m\000i\000t}{appendix.R}% 229
\BOOKMARK [3][-]{subsubsection.R.2.1}{\376\377\000W\000h\000a\000t\000\040\000t\000h\000e\000\040\000m\000a\000s\000t\000e\000r\000\040\000d\000r\000a\000f\000t\000\040\000r\000e\000d\000u\000c\000e\000d\000\040\000i\000t\000\040\000t\000o}{subsection.R.2}% 230
\BOOKMARK [3][-]{subsubsection.R.2.2}{\376\377\000\050\000i\000\051\000\040\000U\000n\000i\000f\000o\000r\000m\000\040\000p\000l\000a\000q\000u\000e\000t\000t\000e\000\040\000m\000o\000m\000e\000n\000t\000s\000\040\000\050\000p\000r\000o\000v\000e\000d\000\051}{subsection.R.2}% 231
\BOOKMARK [3][-]{subsubsection.R.2.3}{\376\377\000\050\000i\000i\000\051\000\040\000M\000i\000x\000i\000n\000g\000\040\000/\000\040\000c\000l\000u\000s\000t\000e\000r\000i\000n\000g\000\040\000\050\000p\000r\000o\000v\000e\000d\000\040\000i\000n\000\040\000t\000h\000e\000\040\000a\000d\000d\000e\000n\000d\000u\000m\000'\000s\000\040\000R\000G\000\040\000r\000e\000g\000i\000m\000e\000\051}{subsection.R.2}% 232
\BOOKMARK [3][-]{subsubsection.R.2.4}{\376\377\000G\000r\000i\000b\000o\000v\000\040\000H\000o\000r\000i\000z\000o\000n\000\040\000A\000v\000o\000i\000d\000a\000n\000c\000e\000\040\000\050\000C\000o\000n\000t\000i\000n\000u\000u\000m\000\040\000L\000i\000m\000i\000t\000\051}{subsection.R.2}% 233
\BOOKMARK [3][-]{subsubsection.R.2.5}{\376\377\000T\000i\000g\000h\000t\000n\000e\000s\000s\000\040\000i\000n\000\040\000a\000\040\000d\000i\000s\000t\000r\000i\000b\000u\000t\000i\000o\000n\000\040\000t\000o\000p\000o\000l\000o\000g\000y\000\040\000\050\000p\000r\000o\000v\000e\000d\000\051}{subsection.R.2}% 234
\BOOKMARK [3][-]{subsubsection.R.2.6}{\376\377\000P\000a\000s\000s\000i\000n\000g\000\040\000O\000S\000\040\000a\000x\000i\000o\000m\000s\000\040\000+\000\040\000i\000d\000e\000n\000t\000i\000f\000y\000i\000n\000g\000\040\000t\000h\000e\000\040\000c\000o\000n\000t\000i\000n\000u\000u\000m\000\040\000l\000i\000m\000i\000t\000\040\000\050\000p\000r\000o\000v\000e\000d\000\051}{subsection.R.2}% 235
\BOOKMARK [3][-]{subsubsection.R.2.7}{\376\377\000C\000o\000n\000t\000i\000n\000u\000u\000m\000\040\000m\000a\000s\000s\000\040\000g\000a\000p\000\040\000f\000r\000o\000m\000\040\000E\000u\000c\000l\000i\000d\000e\000a\000n\000\040\000d\000e\000c\000a\000y\000\040\000\050\000p\000r\000o\000v\000e\000d\000\051}{subsection.R.2}% 236
\BOOKMARK [1][-]{appendix.S}{\376\377\000C\000o\000n\000c\000l\000u\000s\000i\000o\000n}{}% 237
\BOOKMARK [1][-]{appendix.T}{\376\377\000C\000o\000n\000c\000l\000u\000s\000i\000o\000n\000:\000\040\000T\000h\000e\000\040\000U\000n\000c\000o\000n\000d\000i\000t\000i\000o\000n\000a\000l\000\040\000P\000r\000o\000o\000f}{}% 238
\BOOKMARK [2][-]{subsection.T.1}{\376\377\000R\000e\000s\000o\000l\000u\000t\000i\000o\000n\000\040\000o\000f\000\040\000C\000h\000a\000l\000l\000e\000n\000g\000e\000\040\0001\000:\000\040\000R\000G\000-\000S\000t\000a\000b\000i\000l\000i\000t\000y}{appendix.T}% 239
\BOOKMARK [2][-]{subsection.T.2}{\376\377\000R\000e\000s\000o\000l\000u\000t\000i\000o\000n\000\040\000o\000f\000\040\000C\000h\000a\000l\000l\000e\000n\000g\000e\000\040\0002\000:\000\040\000G\000e\000o\000m\000e\000t\000r\000i\000c\000\040\000T\000i\000g\000h\000t\000n\000e\000s\000s}{appendix.T}% 240
\BOOKMARK [2][-]{subsection.T.3}{\376\377\000C\000o\000n\000c\000l\000u\000s\000i\000o\000n}{appendix.T}% 241
\BOOKMARK [1][-]{appendix.U}{\376\377\000A\000p\000p\000e\000n\000d\000i\000x\000\040\000R\000.\0001\0003\0000\000:\000\040\000U\000n\000i\000v\000e\000r\000s\000a\000l\000\040\000S\000c\000a\000l\000i\000n\000g\000\040\000o\000f\000\040\000t\000h\000e\000\040\000G\000a\000p}{}% 242
\BOOKMARK [1][-]{appendix.V}{\376\377\000A\000p\000p\000e\000n\000d\000i\000x\000\040\000R\000.\0001\0005\0008\000:\000\040\000T\000h\000e\000\040\000G\000e\000o\000m\000e\000t\000r\000i\000c\000\040\000S\000p\000e\000c\000t\000r\000a\000l\000\040\000G\000a\000p\000\040\000P\000r\000o\000o\000f}{}% 243
\BOOKMARK [2][-]{subsection.V.1}{\376\377\000D\000e\000f\000i\000n\000i\000t\000i\000o\000n\000s}{appendix.V}% 244
\BOOKMARK [2][-]{subsection.V.2}{\376\377\000T\000h\000e\000\040\000L\000o\000c\000a\000l\000\040\000C\000u\000r\000v\000a\000t\000u\000r\000e\000\040\000C\000a\000l\000c\000u\000l\000a\000t\000i\000o\000n}{appendix.V}% 245
\BOOKMARK [2][-]{subsection.V.3}{\376\377\000T\000h\000e\000\040\000G\000l\000o\000b\000a\000l\000\040\000C\000o\000n\000t\000r\000a\000c\000t\000i\000o\000n\000\040\000\050\000P\000r\000o\000o\000f\000\040\000o\000f\000\040\000>\000\040\0000\000\051}{appendix.V}% 246
\BOOKMARK [2][-]{subsection.V.4}{\376\377\000C\000o\000n\000c\000l\000u\000s\000i\000o\000n\000\040\000o\000f\000\040\000t\000h\000e\000\040\000M\000a\000t\000h\000e\000m\000a\000t\000i\000c\000a\000l\000\040\000F\000i\000x}{appendix.V}% 247
\BOOKMARK [1][-]{appendix.W}{\376\377\000A\000p\000p\000e\000n\000d\000i\000x\000\040\000R\000.\0001\0005\0009\000:\000\040\000T\000o\000p\000o\000l\000o\000g\000i\000c\000a\000l\000\040\000P\000r\000o\000t\000e\000c\000t\000i\000o\000n\000\040\000o\000f\000\040\000t\000h\000e\000\040\000S\000t\000r\000i\000n\000g\000\040\000T\000e\000n\000s\000i\000o\000n}{}% 248
\BOOKMARK [1][-]{appendix.X}{\376\377\000A\000p\000p\000e\000n\000d\000i\000x\000\040\000R\000.\0001\0006\0000\000:\000\040\000R\000i\000g\000o\000r\000o\000u\000s\000\040\000E\000x\000c\000l\000u\000s\000i\000o\000n\000\040\000o\000f\000\040\000t\000h\000e\000\040\000C\000o\000u\000l\000o\000m\000b\000\040\000P\000h\000a\000s\000e}{}% 249
