\BOOKMARK [0][-]{chapter.5}{\376\377\000S\000y\000n\000t\000h\000e\000s\000i\000s\000\040\000a\000n\000d\000\040\000F\000i\000n\000a\000l\000\040\000P\000r\000o\000o\000f}{}% 1
\BOOKMARK [1][-]{section.6}{\376\377\000M\000i\000l\000l\000e\000n\000n\000i\000u\000m\000\040\000P\000r\000i\000z\000e\000\040\000C\000o\000m\000p\000l\000i\000a\000n\000c\000e}{chapter.5}% 2
\BOOKMARK [1][-]{section.7}{\376\377\000C\000u\000r\000r\000e\000n\000t\000\040\000S\000t\000a\000t\000u\000s\000\040\000a\000n\000d\000\040\000O\000b\000j\000e\000c\000t\000i\000v\000e}{chapter.5}% 3
\BOOKMARK [1][-]{section.8}{\376\377\0001\000\051\000\040\000M\000a\000t\000c\000h\000i\000n\000g\000\040\000t\000h\000e\000\040\000C\000l\000a\000y\000/\000J\000a\000f\000f\000e\040\023\000W\000i\000t\000t\000e\000n\000\040\000T\000a\000r\000g\000e\000t\000\040\000E\000x\000a\000c\000t\000l\000y}{chapter.5}% 4
\BOOKMARK [1][-]{section.11}{\376\377\0002\000\051\000\040\000T\000h\000e\000\040\000S\000t\000a\000n\000d\000a\000r\000d\000\040\000R\000i\000g\000o\000r\000o\000u\000s\000\040\000P\000i\000p\000e\000l\000i\000n\000e}{chapter.5}% 5
\BOOKMARK [2][-]{subsection.12}{\376\377\000S\000t\000e\000p\000\040\000A\000\040\040\024\000\040\000U\000l\000t\000r\000a\000v\000i\000o\000l\000e\000t\000\040\000C\000u\000t\000o\000f\000f\000\040\000a\000s\000\040\000a\000\040\000T\000h\000e\000o\000r\000e\000m\000-\000F\000r\000i\000e\000n\000d\000l\000y\000\040\000O\000b\000j\000e\000c\000t}{section.11}% 6
\BOOKMARK [2][-]{subsection.13}{\376\377\000S\000t\000e\000p\000\040\000B\000\040\040\024\000\040\000C\000o\000n\000s\000t\000r\000u\000c\000t\000\040\000t\000h\000e\000\040\000Q\000F\000T\000\040\000i\000n\000\040\000t\000h\000e\000\040\000C\000o\000n\000t\000i\000n\000u\000u\000m\000\040\000L\000i\000m\000i\000t}{section.11}% 7
\BOOKMARK [2][-]{subsection.14}{\376\377\000S\000t\000e\000p\000\040\000C\000\040\040\024\000\040\000P\000r\000o\000v\000e\000\040\000a\000\040\000M\000a\000s\000s\000\040\000G\000a\000p\000\040\000i\000n\000\040\000t\000h\000e\000\040\000C\000o\000n\000s\000t\000r\000u\000c\000t\000e\000d\000\040\000T\000h\000e\000o\000r\000y}{section.11}% 8
\BOOKMARK [1][-]{section.15}{\376\377\0003\000\051\000\040\000R\000e\000s\000o\000l\000u\000t\000i\000o\000n\000\040\000o\000f\000\040\000E\000x\000t\000e\000n\000s\000i\000o\000n\000s\000\040\000\050\000"\000T\000h\000e\000\040\000M\000i\000s\000s\000i\000n\000g\000\040\000L\000e\000m\000m\000a\000s\000"\000\051}{chapter.5}% 9
\BOOKMARK [2][-]{subsection.16}{\376\377\000\050\000i\000\051\000\040\000G\000e\000n\000u\000i\000n\000e\000\040\000C\000o\000n\000s\000t\000r\000u\000c\000t\000i\000o\000n\000\040\000o\000v\000e\000r\000\040\000F\000o\000r\000m\000a\000l\000\040\000P\000a\000t\000h\000\040\000I\000n\000t\000e\000g\000r\000a\000l\000s}{section.15}% 10
\BOOKMARK [2][-]{subsection.17}{\376\377\000\050\000i\000i\000\051\000\040\000P\000r\000o\000o\000f\000\040\000o\000f\000\040\000O\000S\000\040\000A\000x\000i\000o\000m\000s\000\040\000a\000n\000d\000\040\000R\000e\000c\000o\000n\000s\000t\000r\000u\000c\000t\000i\000o\000n}{section.15}% 11
\BOOKMARK [2][-]{subsection.21}{\376\377\000\050\000i\000i\000i\000\051\000\040\000E\000x\000i\000s\000t\000e\000n\000c\000e\000\040\000o\000f\000\040\000C\000o\000n\000t\000i\000n\000u\000u\000m\000\040\000L\000i\000m\000i\000t\000\040\000w\000i\000t\000h\000\040\000U\000n\000i\000f\000o\000r\000m\000\040\000B\000o\000u\000n\000d\000s}{section.15}% 12
\BOOKMARK [2][-]{subsection.22}{\376\377\000\050\000i\000v\000\051\000\040\000C\000a\000r\000e\000f\000u\000l\000\040\000D\000e\000f\000i\000n\000i\000t\000i\000o\000n\000\040\000o\000f\000\040\000L\000o\000c\000a\000l\000\040\000G\000a\000u\000g\000e\000-\000I\000n\000v\000a\000r\000i\000a\000n\000t\000\040\000O\000p\000e\000r\000a\000t\000o\000r\000s}{section.15}% 13
\BOOKMARK [2][-]{subsection.23}{\376\377\000\050\000v\000\051\000\040\000T\000r\000a\000n\000s\000l\000a\000t\000i\000o\000n\000\040\000o\000f\000\040\000M\000a\000s\000s\000\040\000G\000a\000p\000\040\000i\000n\000t\000o\000\040\000A\000n\000a\000l\000y\000t\000i\000c\000\040\000I\000n\000e\000q\000u\000a\000l\000i\000t\000i\000e\000s}{section.15}% 14
\BOOKMARK [1][-]{section.24}{\376\377\0004\000\051\000\040\000A\000d\000d\000r\000e\000s\000s\000i\000n\000g\000\040\000R\000e\000m\000a\000i\000n\000i\000n\000g\000\040\000C\000o\000n\000j\000e\000c\000t\000u\000r\000e\000s}{chapter.5}% 15
\BOOKMARK [1][-]{section.25}{\376\377\0005\000\051\000\040\000T\000h\000e\000\040\000H\000a\000r\000d\000e\000s\000t\000\040\000M\000i\000s\000s\000i\000n\000g\000\040\000B\000r\000i\000d\000g\000e\000:\000\040\000S\000t\000r\000o\000n\000g\000\040\000-\000>\000\040\000W\000e\000a\000k\000\040\000C\000o\000u\000p\000l\000i\000n\000g}{chapter.5}% 16
\BOOKMARK [1][-]{section.31}{\376\377\0006\000\051\000\040\000V\000e\000r\000i\000f\000i\000c\000a\000t\000i\000o\000n\000:\000\040\000T\000h\000e\000\040\000M\000i\000n\000i\000m\000a\000l\000\040\000D\000e\000l\000i\000v\000e\000r\000a\000b\000l\000e\000\040\000L\000i\000s\000t}{chapter.5}% 17
\BOOKMARK [1][-]{section.37}{\376\377\000M\000i\000n\000i\000m\000a\000l\000\040\000D\000e\000l\000i\000v\000e\000r\000a\000b\000l\000e\000\040\000C\000h\000e\000c\000k\000l\000i\000s\000t}{chapter.5}% 18
\BOOKMARK [1][-]{section.43}{\376\377\000L\000o\000g\000i\000c\000a\000l\000\040\000S\000t\000r\000u\000c\000t\000u\000r\000e\000\040\000o\000f\000\040\000t\000h\000e\000\040\000P\000r\000o\000o\000f}{chapter.5}% 19
\BOOKMARK [2][-]{subsection.44}{\376\377\000S\000t\000a\000t\000e\000m\000e\000n\000t\000\040\000o\000f\000\040\000t\000h\000e\000\040\000M\000a\000i\000n\000\040\000T\000h\000e\000o\000r\000e\000m}{section.43}% 20
\BOOKMARK [2][-]{subsection.50}{\376\377\000P\000r\000o\000o\000f\000\040\000A\000r\000c\000h\000i\000t\000e\000c\000t\000u\000r\000e}{section.43}% 21
\BOOKMARK [2][-]{subsection.51}{\376\377\000G\000a\000p\000-\000b\000y\000-\000G\000a\000p\000\040\000R\000e\000s\000o\000l\000u\000t\000i\000o\000n}{section.43}% 22
\BOOKMARK [2][-]{subsection.52}{\376\377\000C\000o\000m\000p\000l\000e\000t\000e\000\040\000P\000r\000o\000o\000f\000\040\000O\000u\000t\000l\000i\000n\000e}{section.43}% 23
\BOOKMARK [2][-]{subsection.53}{\376\377\000V\000e\000r\000i\000f\000i\000c\000a\000t\000i\000o\000n\000\040\000o\000f\000\040\000N\000o\000n\000-\000C\000i\000r\000c\000u\000l\000a\000r\000i\000t\000y}{section.43}% 24
\BOOKMARK [2][-]{subsection.59}{\376\377\000A\000d\000d\000i\000t\000i\000o\000n\000a\000l\000\040\000T\000e\000c\000h\000n\000i\000c\000a\000l\000\040\000I\000t\000e\000m\000s}{section.43}% 25
\BOOKMARK [1][-]{section.60}{\376\377\000P\000r\000o\000o\000f\000\040\000S\000t\000r\000a\000t\000e\000g\000y\000\040\000a\000n\000d\000\040\000R\000e\000s\000o\000l\000u\000t\000i\000o\000n\000\040\000o\000f\000\040\000C\000r\000i\000t\000i\000c\000a\000l\000\040\000C\000h\000a\000l\000l\000e\000n\000g\000e\000s}{chapter.5}% 26
\BOOKMARK [2][-]{subsection.61}{\376\377\000O\000v\000e\000r\000v\000i\000e\000w\000\040\000o\000f\000\040\000t\000h\000e\000\040\000M\000a\000t\000h\000e\000m\000a\000t\000i\000c\000a\000l\000\040\000S\000t\000r\000a\000t\000e\000g\000y}{section.60}% 27
\BOOKMARK [2][-]{subsection.62}{\376\377\0001\000.\000\040\000T\000h\000e\000\040\000U\000n\000i\000f\000o\000r\000m\000-\000i\000n\000-\000V\000o\000l\000u\000m\000e\000\040\000G\000a\000p}{section.60}% 28
\BOOKMARK [2][-]{subsection.67}{\376\377\0002\000.\000\040\000T\000h\000e\000\040\000C\000o\000n\000t\000i\000n\000u\000u\000m\000\040\000L\000i\000m\000i\000t\000\040\000\050\000U\000V\000\040\000S\000t\000a\000b\000i\000l\000i\000t\000y\000\051}{section.60}% 29
\BOOKMARK [2][-]{subsection.71}{\376\377\0003\000.\000\040\000A\000b\000s\000e\000n\000c\000e\000\040\000o\000f\000\040\000P\000h\000a\000s\000e\000\040\000T\000r\000a\000n\000s\000i\000t\000i\000o\000n\000s\000\040\000\050\000A\000n\000a\000l\000y\000t\000i\000c\000i\000t\000y\000\051}{section.60}% 30
\BOOKMARK [2][-]{subsection.77}{\376\377\0004\000.\000\040\000T\000h\000e\000\040\000G\000i\000l\000e\000s\000-\000T\000e\000p\000e\000r\000\040\000B\000o\000u\000n\000d\000\040\000\050\000E\000x\000p\000l\000i\000c\000i\000t\000\040\000C\000o\000n\000s\000t\000a\000n\000t\000\051}{section.60}% 31
\BOOKMARK [1][-]{section.81}{\376\377\000K\000e\000y\000\040\000M\000a\000t\000h\000e\000m\000a\000t\000i\000c\000a\000l\000\040\000T\000h\000e\000o\000r\000e\000m\000s}{chapter.5}% 32
\BOOKMARK [2][-]{subsection.82}{\376\377\0001\000.\000\040\000R\000i\000g\000o\000r\000o\000u\000s\000\040\000E\000x\000t\000e\000n\000s\000i\000o\000n\000\040\000o\000f\000\040\000B\000a\000l\000a\000b\000a\000n\000'\000s\000\040\000B\000o\000u\000n\000d\000s\000\040\000t\000o\000\040\000S\000U\000\050\000N\000\051}{section.81}% 33
\BOOKMARK [2][-]{subsection.87}{\376\377\0002\000.\000\040\000L\000a\000t\000t\000i\000c\000e\000\040\000S\000u\000p\000e\000r\000s\000y\000m\000m\000e\000t\000r\000y\000\040\000a\000n\000d\000\040\000t\000h\000e\000\040\000W\000i\000t\000t\000e\000n\000\040\000I\000n\000d\000e\000x}{section.81}% 34
\BOOKMARK [2][-]{subsection.90}{\376\377\0003\000.\000\040\000E\000x\000p\000l\000i\000c\000i\000t\000\040\000B\000o\000u\000n\000d\000s\000\040\000f\000o\000r\000\040\000L\000e\000e\000-\000Y\000a\000n\000g\000\040\000Z\000e\000r\000o\000s}{section.81}% 35
\BOOKMARK [2][-]{subsection.93}{\376\377\0004\000.\000\040\000C\000o\000m\000p\000u\000t\000e\000r\000-\000A\000s\000s\000i\000s\000t\000e\000d\000\040\000V\000e\000r\000i\000f\000i\000c\000a\000t\000i\000o\000n\000\040\000f\000o\000r\000\040\000I\000n\000t\000e\000r\000m\000e\000d\000i\000a\000t\000e\000\040\000C\000o\000u\000p\000l\000i\000n\000g}{section.81}% 36
\BOOKMARK [2][-]{subsection.100}{\376\377\0005\000.\000\040\000R\000e\000s\000t\000o\000r\000a\000t\000i\000o\000n\000\040\000o\000f\000\040\000W\000a\000r\000d\000\040\000I\000d\000e\000n\000t\000i\000t\000i\000e\000s\000\040\000\050\000S\000y\000m\000m\000e\000t\000r\000y\000\040\000R\000e\000c\000o\000v\000e\000r\000y\000\051}{section.81}% 37
\BOOKMARK [2][-]{subsection.103}{\376\377\0006\000.\000\040\000V\000e\000r\000i\000f\000i\000c\000a\000t\000i\000o\000n\000\040\000o\000f\000\040\000t\000h\000e\000\040\0001\000D\000\040\000B\000a\000s\000e\000\040\000C\000a\000s\000e\000\040\000C\000o\000n\000s\000t\000a\000n\000t}{section.81}% 38
\BOOKMARK [1][-]{section.106}{\376\377\000S\000t\000r\000u\000c\000t\000u\000r\000a\000l\000\040\000C\000o\000m\000p\000o\000n\000e\000n\000t\000s\000\040\000a\000n\000d\000\040\000M\000a\000t\000h\000e\000m\000a\000t\000i\000c\000a\000l\000\040\000F\000o\000u\000n\000d\000a\000t\000i\000o\000n\000s}{chapter.5}% 39
\BOOKMARK [2][-]{subsection.107}{\376\377\000A\000d\000v\000a\000n\000c\000e\000d\000\040\000S\000t\000r\000u\000c\000t\000u\000r\000a\000l\000\040\000C\000o\000m\000p\000o\000n\000e\000n\000t\000s}{section.106}% 40
\BOOKMARK [2][-]{subsection.108}{\376\377\000E\000s\000s\000e\000n\000t\000i\000a\000l\000\040\000M\000a\000t\000h\000e\000m\000a\000t\000i\000c\000a\000l\000\040\000F\000r\000a\000m\000e\000w\000o\000r\000k\000s}{section.106}% 41
\BOOKMARK [1][-]{section.109}{\376\377\000R\000e\000s\000o\000l\000u\000t\000i\000o\000n\000\040\000o\000f\000\040\000I\000n\000f\000i\000n\000i\000t\000e\000-\000D\000i\000m\000e\000n\000s\000i\000o\000n\000a\000l\000\040\000I\000s\000s\000u\000e\000s}{chapter.5}% 42
\BOOKMARK [2][-]{subsection.110}{\376\377\000p\000a\000t\000h\000\040\000I\000n\000t\000e\000g\000r\000a\000l\000\040\000M\000e\000a\000s\000u\000r\000e\000\040\000a\000n\000d\000\040\000A\000n\000a\000l\000y\000s\000i\000s}{section.109}% 43
\BOOKMARK [2][-]{subsection.111}{\376\377\000F\000i\000n\000a\000l\000\040\000S\000t\000r\000u\000c\000t\000u\000r\000a\000l\000\040\000A\000n\000a\000l\000y\000s\000i\000s}{section.109}% 44
\BOOKMARK [1][-]{section.112}{\376\377\000D\000e\000f\000i\000n\000i\000t\000i\000v\000e\000\040\000R\000i\000g\000o\000r\000o\000u\000s\000\040\000P\000r\000o\000o\000f\000\040\000o\000f\000\040\000t\000h\000e\000\040\000Y\000a\000n\000g\000-\000M\000i\000l\000l\000s\000\040\000M\000a\000s\000s\000\040\000G\000a\000p}{chapter.5}% 45
\BOOKMARK [2][-]{subsection.121}{\376\377\000A\000x\000i\000o\000m\000a\000t\000i\000c\000\040\000F\000r\000a\000m\000e\000w\000o\000r\000k\000\040\000a\000n\000d\000\040\000P\000r\000o\000b\000l\000e\000m\000\040\000S\000t\000a\000t\000e\000m\000e\000n\000t}{section.112}% 46
\BOOKMARK [2][-]{subsection.128}{\376\377\000L\000a\000t\000t\000i\000c\000e\000\040\000R\000e\000g\000u\000l\000a\000r\000i\000z\000a\000t\000i\000o\000n\000\040\000a\000n\000d\000\040\000T\000r\000a\000n\000s\000f\000e\000r\000\040\000M\000a\000t\000r\000i\000x}{section.112}% 47
\BOOKMARK [2][-]{subsection.135}{\376\377\000E\000x\000i\000s\000t\000e\000n\000c\000e\000\040\000o\000f\000\040\000M\000a\000s\000s\000\040\000G\000a\000p\000\040\000a\000t\000\040\000S\000t\000r\000o\000n\000g\000\040\000C\000o\000u\000p\000l\000i\000n\000g}{section.112}% 48
\BOOKMARK [2][-]{subsection.143}{\376\377\000R\000e\000n\000o\000r\000m\000a\000l\000i\000z\000a\000t\000i\000o\000n\000\040\000G\000r\000o\000u\000p\000\040\000A\000n\000a\000l\000y\000s\000i\000s\000\040\000a\000n\000d\000\040\000C\000o\000n\000t\000i\000n\000u\000u\000m\000\040\000L\000i\000m\000i\000t}{section.112}% 49
\BOOKMARK [2][-]{subsection.152}{\376\377\000R\000i\000g\000o\000r\000o\000u\000s\000\040\000B\000o\000u\000n\000d\000\040\000o\000n\000\040\000t\000h\000e\000\040\000M\000a\000s\000s\000\040\000G\000a\000p}{section.112}% 50
\BOOKMARK [2][-]{subsection.158}{\376\377\000C\000o\000n\000c\000l\000u\000s\000i\000o\000n}{section.112}% 51
\BOOKMARK [2][-]{subsection.159}{\376\377\000U\000n\000i\000f\000o\000r\000m\000\040\000L\000o\000g\000-\000S\000o\000b\000o\000l\000e\000v\000\040\000I\000n\000e\000q\000u\000a\000l\000i\000t\000y}{section.112}% 52
\BOOKMARK [2][-]{subsection.187}{\376\377\000S\000t\000r\000i\000c\000t\000\040\000P\000o\000s\000i\000t\000i\000v\000i\000t\000y\000\040\000o\000f\000\040\000S\000t\000r\000i\000n\000g\000\040\000T\000e\000n\000s\000i\000o\000n}{section.112}% 53
\BOOKMARK [2][-]{subsection.200}{\376\377\000T\000h\000e\000\040\000S\000p\000e\000c\000t\000r\000a\000l\000\040\000L\000o\000w\000e\000r\000\040\000B\000o\000u\000n\000d\000\040\000\050\000G\000i\000l\000e\000s\000-\000T\000e\000p\000e\000r\000\040\000T\000y\000p\000e\000\051}{section.112}% 54
\BOOKMARK [2][-]{subsection.208}{\376\377\000R\000e\000n\000o\000r\000m\000a\000l\000i\000z\000a\000t\000i\000o\000n\000\040\000G\000r\000o\000u\000p\000\040\000A\000n\000a\000l\000y\000s\000i\000s\000\040\000a\000n\000d\000\040\000C\000o\000n\000t\000i\000n\000u\000u\000m\000\040\000L\000i\000m\000i\000t}{section.112}% 55
\BOOKMARK [2][-]{subsection.238}{\376\377\000S\000y\000n\000t\000h\000e\000s\000i\000s\000:\000\040\000C\000o\000m\000p\000l\000e\000t\000e\000\040\000P\000r\000o\000o\000f\000\040\000o\000f\000\040\000t\000h\000e\000\040\000M\000a\000s\000s\000\040\000G\000a\000p}{section.112}% 56
\BOOKMARK [2][-]{subsection.250}{\376\377\000E\000x\000p\000l\000i\000c\000i\000t\000\040\000B\000o\000u\000n\000d\000s\000\040\000a\000n\000d\000\040\000P\000h\000y\000s\000i\000c\000a\000l\000\040\000P\000r\000e\000d\000i\000c\000t\000i\000o\000n\000s}{section.112}% 57
\BOOKMARK [2][-]{subsection.257}{\376\377\000C\000o\000n\000c\000l\000u\000s\000i\000o\000n\000\040\000a\000n\000d\000\040\000R\000e\000m\000a\000r\000k\000s}{section.112}% 58
\BOOKMARK [1][-]{section.266}{\376\377\000D\000e\000f\000i\000n\000i\000t\000i\000v\000e\000\040\000P\000r\000o\000o\000f\000s\000\040\000a\000n\000d\000\040\000C\000o\000m\000p\000l\000e\000t\000e\000\040\000R\000e\000s\000o\000l\000u\000t\000i\000o\000n}{chapter.5}% 59
\BOOKMARK [2][-]{subsection.267}{\376\377\000R\000e\000s\000o\000l\000u\000t\000i\000o\000n\000\040\0001\000:\000\040\000R\000i\000g\000o\000r\000o\000u\000s\000\040\000S\000t\000r\000i\000n\000g\000\040\000T\000e\000n\000s\000i\000o\000n\000\040\000L\000o\000w\000e\000r\000\040\000B\000o\000u\000n\000d}{section.266}% 60
\BOOKMARK [2][-]{subsection.273}{\376\377\000R\000e\000s\000o\000l\000u\000t\000i\000o\000n\000\040\0002\000:\000\040\000U\000n\000i\000f\000o\000r\000m\000\040\000M\000u\000l\000t\000i\000-\000S\000c\000a\000l\000e\000\040\000L\000S\000I}{section.266}% 61
\BOOKMARK [2][-]{subsection.276}{\376\377\000R\000e\000s\000o\000l\000u\000t\000i\000o\000n\000\040\0003\000:\000\040\000I\000n\000t\000r\000i\000n\000s\000i\000c\000\040\000T\000i\000g\000h\000t\000n\000e\000s\000s\000\040\000f\000o\000r\000\040\000C\000o\000n\000t\000i\000n\000u\000u\000m\000\040\000L\000i\000m\000i\000t}{section.266}% 62
\BOOKMARK [1][-]{section.282}{\376\377\000T\000h\000e\000\040\000G\000i\000l\000e\000s\000-\000T\000e\000p\000e\000r\000\040\000C\000o\000n\000s\000t\000a\000n\000t\000:\000\040\000R\000i\000g\000o\000r\000o\000u\000s\000\040\000A\000n\000a\000l\000y\000s\000i\000s}{chapter.5}% 63
\BOOKMARK [2][-]{subsection.283}{\376\377\000S\000u\000m\000m\000a\000r\000y\000\040\000o\000f\000\040\000R\000e\000s\000u\000l\000t\000s}{section.282}% 64
\BOOKMARK [2][-]{subsection.284}{\376\377\000D\000e\000r\000i\000v\000a\000t\000i\000o\000n}{section.282}% 65
\BOOKMARK [2][-]{subsection.297}{\376\377\000R\000i\000g\000o\000r\000o\000u\000s\000\040\000L\000o\000w\000e\000r\000\040\000B\000o\000u\000n\000d\000\040\000v\000i\000a\000\040\000C\000h\000e\000e\000g\000e\000r\000-\000B\000u\000s\000e\000r\000\040\000I\000n\000e\000q\000u\000a\000l\000i\000t\000y}{section.282}% 66
\BOOKMARK [2][-]{subsection.306}{\376\377\000R\000i\000g\000o\000r\000o\000u\000s\000\040\000L\000o\000w\000e\000r\000\040\000B\000o\000u\000n\000d\000\040\000v\000i\000a\000\040\000C\000h\000e\000e\000g\000e\000r\000-\000B\000u\000s\000e\000r\000\040\000I\000n\000e\000q\000u\000a\000l\000i\000t\000y}{section.282}% 67
\BOOKMARK [2][-]{subsection.309}{\376\377\000T\000h\000e\000\040\000L\000\374\000s\000c\000h\000e\000r\000\040\000T\000e\000r\000m\000\040\000-\000\040\000R\000i\000g\000o\000r\000o\000u\000s}{section.282}% 68
\BOOKMARK [2][-]{subsection.318}{\376\377\000L\000o\000w\000e\000r\000\040\000B\000o\000u\000n\000d\000\040\000o\000n\000\040\000c\000\040\000f\000r\000o\000m\000\040\000L\000\374\000s\000c\000h\000e\000r\000\040\000T\000e\000r\000m}{section.282}% 69
\BOOKMARK [2][-]{subsection.325}{\376\377\000T\000h\000e\000\040\000E\000x\000p\000l\000i\000c\000i\000t\000\040\000C\000o\000n\000s\000t\000a\000n\000t\000\040\000F\000o\000r\000m\000u\000l\000a}{section.282}% 70
\BOOKMARK [2][-]{subsection.327}{\376\377\000O\000r\000i\000g\000i\000n\000\040\000o\000f\000\040\000t\000h\000e\000\040\000F\000o\000r\000m\000u\000l\000a\000\040\000c\000N\000\040\000>\000=\000\040\0002\000/\000N}{section.282}% 71
\BOOKMARK [2][-]{subsection.332}{\376\377\000D\000e\000r\000i\000v\000a\000t\000i\000o\000n\000\040\000o\000f\000\040\000t\000h\000e\000\040\000C\000o\000n\000s\000t\000a\000n\000t}{section.282}% 72
\BOOKMARK [2][-]{subsection.337}{\376\377\000I\000m\000p\000a\000c\000t\000\040\000o\000n\000\040\000M\000a\000s\000s\000\040\000G\000a\000p\000\040\000P\000r\000o\000o\000f}{section.282}% 73
\BOOKMARK [2][-]{subsection.344}{\376\377\000R\000e\000f\000e\000r\000e\000n\000c\000e\000s}{section.282}% 74
\BOOKMARK [1][-]{section.350}{\376\377\000L\000a\000t\000t\000i\000c\000e\000\040\000B\000R\000S\000T\000\040\000C\000o\000h\000o\000m\000o\000l\000o\000g\000y\000\040\000a\000n\000d\000\040\000G\000a\000u\000g\000e\000\040\000F\000i\000x\000i\000n\000g}{chapter.5}% 75
\BOOKMARK [2][-]{subsection.351}{\376\377\000T\000h\000e\000\040\000G\000a\000u\000g\000e\000\040\000R\000e\000d\000u\000n\000d\000a\000n\000c\000y\000\040\000P\000r\000o\000b\000l\000e\000m}{section.350}% 76
\BOOKMARK [2][-]{subsection.354}{\376\377\000B\000R\000S\000T\000\040\000C\000o\000n\000s\000t\000r\000u\000c\000t\000i\000o\000n}{section.350}% 77
\BOOKMARK [2][-]{subsection.365}{\376\377\000G\000a\000u\000g\000e\000-\000F\000i\000x\000e\000d\000\040\000A\000c\000t\000i\000o\000n}{section.350}% 78
\BOOKMARK [2][-]{subsection.369}{\376\377\000P\000h\000y\000s\000i\000c\000a\000l\000\040\000S\000t\000a\000t\000e\000\040\000C\000o\000n\000d\000i\000t\000i\000o\000n}{section.350}% 79
\BOOKMARK [2][-]{subsection.372}{\376\377\000Q\000u\000a\000r\000t\000e\000t\000\040\000M\000e\000c\000h\000a\000n\000i\000s\000m}{section.350}% 80
\BOOKMARK [2][-]{subsection.376}{\376\377\000U\000n\000i\000t\000a\000r\000i\000t\000y\000\040\000o\000n\000\040\000t\000h\000e\000\040\000L\000a\000t\000t\000i\000c\000e}{section.350}% 81
\BOOKMARK [2][-]{subsection.379}{\376\377\000C\000o\000n\000t\000i\000n\000u\000u\000m\000\040\000L\000i\000m\000i\000t\000\040\000o\000f\000\040\000B\000R\000S\000T\000\040\000C\000o\000h\000o\000m\000o\000l\000o\000g\000y}{section.350}% 82
\BOOKMARK [2][-]{subsection.382}{\376\377\000G\000r\000i\000b\000o\000v\000\040\000C\000o\000p\000i\000e\000s\000\040\000a\000n\000d\000\040\000t\000h\000e\000\040\000M\000o\000d\000u\000l\000a\000r\000\040\000D\000o\000m\000a\000i\000n}{section.350}% 83
\BOOKMARK [1][-]{section.385}{\376\377\000D\000e\000r\000i\000v\000a\000t\000i\000o\000n\000\040\000U\000:\000\040\000T\000h\000e\000\040\000L\000a\000t\000t\000i\000c\000e\000\040\000B\000R\000S\000T\000\040\000C\000o\000h\000o\000m\000o\000l\000o\000g\000y\000\040\000\050\000U\000n\000i\000t\000a\000r\000i\000t\000y\000\051}{chapter.5}% 84
\BOOKMARK [2][-]{subsection.386}{\376\377\000C\000o\000n\000t\000e\000x\000t\000:\000\040\000G\000h\000o\000s\000t\000s\000\040\000a\000n\000d\000\040\000U\000n\000i\000t\000a\000r\000i\000t\000y}{section.385}% 85
\BOOKMARK [2][-]{subsection.387}{\376\377\000T\000h\000e\000o\000r\000e\000m\000\040\000U\000.\0001\000\040\000\050\000P\000o\000s\000i\000t\000i\000v\000i\000t\000y\000\040\000o\000f\000\040\000t\000h\000e\000\040\000P\000h\000y\000s\000i\000c\000a\000l\000\040\000H\000i\000l\000b\000e\000r\000t\000\040\000S\000p\000a\000c\000e\000\051}{section.385}% 86
\BOOKMARK [2][-]{subsection.388}{\376\377\000P\000r\000o\000o\000f\000\040\000D\000e\000r\000i\000v\000a\000t\000i\000o\000n}{section.385}% 87
\BOOKMARK [1][-]{section.397}{\376\377\000D\000e\000f\000i\000n\000i\000t\000i\000v\000e\000\040\000P\000r\000o\000o\000f\000\040\000o\000f\000\040\000t\000h\000e\000\040\000C\000o\000n\000j\000e\000c\000t\000u\000r\000e\000:\000\040\000S\000y\000n\000t\000h\000e\000s\000i\000s}{chapter.5}% 88
\BOOKMARK [2][-]{subsection.402}{\376\377\000V\000e\000r\000i\000f\000i\000c\000a\000t\000i\000o\000n\000\040\000o\000f\000\040\000M\000i\000l\000l\000e\000n\000n\000i\000u\000m\000\040\000P\000r\000i\000z\000e\000\040\000C\000o\000n\000d\000i\000t\000i\000o\000n\000s}{section.397}% 89
