\BOOKMARK [1][-]{section.1}{\376\377\0006\000G\220\032\117\341\166\204\000`\000`\176\304\124\010\117\030\123\026\140\254\135\026\000'\000'\116\016\173\227\122\233\164\366\230\210}{}% 1
\BOOKMARK [2][-]{subsection.1.1}{\376\377\0006\000G\141\077\146\157\200\314\124\016\166\204\213\241\173\227\123\161\147\072}{section.1}% 2
\BOOKMARK [2][-]{subsection.1.2}{\376\377\144\151\134\024\133\232\137\213\131\061\145\110\116\016\116\023\165\050\147\266\147\204\166\204\135\033\215\167}{section.1}% 3
\BOOKMARK [1][-]{section.2}{\376\377\164\006\213\272\127\372\167\363\377\032\116\316\145\340\176\277\162\151\164\006\117\341\220\123\122\060\117\012\217\233\124\310\133\306\230\177\221\317}{}% 4
\BOOKMARK [2][-]{subsection.2.1}{\376\377\000Q\000U\000B\000O\152\041\127\213\145\160\133\146\127\372\170\100}{section.2}% 5
\BOOKMARK [2][-]{subsection.2.2}{\376\377\145\340\176\277\220\032\117\341\225\356\230\230\166\204\146\040\134\004\145\271\154\325\213\272}{section.2}% 6
\BOOKMARK [3][-]{subsubsection.2.2.1}{\376\377\123\330\221\317\171\273\145\143\123\026\116\016\177\026\170\001\000\040\000\050\000V\000a\000r\000i\000a\000b\000l\000e\000\040\000D\000i\000s\000c\000r\000e\000t\000i\000z\000a\000t\000i\000o\000n\000\040\000\046\000\040\000E\000n\000c\000o\000d\000i\000n\000g\000\051}{subsection.2.2}% 7
\BOOKMARK [3][-]{subsubsection.2.2.2}{\376\377\166\356\150\007\121\375\145\160\147\204\136\372\000\040\000\050\000O\000b\000j\000e\000c\000t\000i\000v\000e\000\040\000F\000u\000n\000c\000t\000i\000o\000n\000\040\000F\000o\000r\000m\000u\000l\000a\000t\000i\000o\000n\000\051}{subsection.2.2}% 8
\BOOKMARK [3][-]{subsubsection.2.2.3}{\376\377\176\246\147\137\140\351\177\132\000\040\000\050\000P\000e\000n\000a\000l\000t\000y\000\040\000M\000e\000t\000h\000o\000d\000\051}{subsection.2.2}% 9
\BOOKMARK [1][-]{section.3}{\376\377\150\070\137\303\136\224\165\050\000I\377\032\215\205\131\047\211\304\152\041\000M\000I\000M\000O\117\341\123\367\150\300\155\113\166\204\221\317\133\120\230\336\215\303}{}% 10
\BOOKMARK [2][-]{subsection.3.1}{\376\377\176\317\121\170\173\227\154\325\166\204\131\061\145\110\116\016\000M\000L\150\300\155\113\166\204\126\336\137\122}{section.3}% 11
\BOOKMARK [2][-]{subsection.3.2}{\376\377\000Q\000U\000B\000O\152\041\127\213\166\204\136\224\165\050\116\016\140\047\200\375\172\201\170\064}{section.3}% 12
\BOOKMARK [3][-]{subsubsection.3.2.1}{\376\377\121\167\117\123\166\204\000Q\000U\000B\000O\147\204\220\040}{subsection.3.2}% 13
\BOOKMARK [3][-]{subsubsection.3.2.2}{\376\377\140\047\200\375\122\006\147\220}{subsection.3.2}% 14
\BOOKMARK [2][-]{subsection.3.3}{\376\377\220\006\124\021\220\000\160\153\377\010\000R\000e\000v\000e\000r\000s\000e\000\040\000A\000n\000n\000e\000a\000l\000i\000n\000g\377\011\116\016\156\051\124\057\122\250\377\032\136\224\133\371\145\366\123\330\117\341\220\123}{section.3}% 15
\BOOKMARK [1][-]{section.4}{\376\377\150\070\137\303\136\224\165\050\000I\000I\377\032\000R\000I\000S\217\205\122\251\220\032\117\341\166\204\200\124\124\010\154\342\147\137\215\113\137\142}{}% 16
\BOOKMARK [2][-]{subsection.4.1}{\376\377\171\273\145\143\166\370\171\373\166\204\227\136\121\370\126\151\150\246}{section.4}% 17
\BOOKMARK [2][-]{subsection.4.2}{\376\377\127\372\116\216\000Q\000U\000B\000O\166\204\155\367\124\010\221\317\133\120\000-\176\317\121\170\116\244\146\377\117\030\123\026\150\106\147\266}{section.4}% 18
\BOOKMARK [2][-]{subsection.4.3}{\376\377\122\006\145\160\211\304\122\022\116\016\000W\000M\000M\000S\000E\166\204\000Q\000U\000B\000O\123\026}{section.4}% 19
\BOOKMARK [1][-]{section.5}{\376\377\150\070\137\303\136\224\165\050\000I\000I\000I\377\032\117\116\217\150\123\153\146\037\146\037\136\247\166\204\122\250\140\001\215\357\165\061\116\016\214\003\136\246}{}% 20
\BOOKMARK [2][-]{subsection.5.1}{\376\377\122\250\140\001\145\366\123\330\126\376\377\010\000T\000V\000G\377\011\116\016\142\345\130\136\143\247\122\066}{section.5}% 21
\BOOKMARK [2][-]{subsection.5.2}{\376\377\215\357\165\061\225\356\230\230\166\204\000Q\000U\000B\000O\136\372\152\041\377\032\131\032\125\106\124\301\155\101\211\306\211\322}{section.5}% 22
\BOOKMARK [2][-]{subsection.5.3}{\376\377\123\153\146\037\145\160\143\156\116\013\217\175\214\003\136\246}{section.5}% 23
\BOOKMARK [1][-]{section.6}{\376\377\177\121\176\334\122\007\162\107\116\016\217\271\177\030\213\241\173\227\215\104\156\220\177\026\143\222}{}% 24
\BOOKMARK [2][-]{subsection.6.1}{\376\377\000V\000N\000F\145\076\177\156\116\016\147\015\122\241\224\376\177\026\143\222}{section.6}% 25
\BOOKMARK [1][-]{section.7}{\376\377\170\154\116\366\133\236\142\030\377\032\221\317\133\120\220\000\160\153\116\016\145\160\133\127\220\000\160\153\166\204\127\372\121\306\155\113\213\325}{}% 26
\BOOKMARK [2][-]{subsection.7.1}{\376\377\136\366\217\337\060\001\200\375\145\110\116\016\211\304\152\041\166\204\217\203\221\317}{section.7}% 27
\BOOKMARK [2][-]{subsection.7.2}{\376\377\200\375\145\110\227\151\124\175\377\032\170\263\116\055\124\214\177\121\176\334\166\204\136\014\147\033}{section.7}% 28
\BOOKMARK [1][-]{section.8}{\376\377\143\021\142\030\116\016\134\125\147\033\377\032\116\316\170\024\172\166\215\160\124\021\125\106\165\050}{}% 29
\BOOKMARK [1][-]{section.9}{\376\377\176\323\213\272}{}% 30
