\BOOKMARK [1][-]{section.1}{\376\377\000I\000n\000t\000r\000o\000d\000u\000c\000t\000i\000o\000n}{}% 1
\BOOKMARK [2][-]{subsection.1.1}{\376\377\000T\000h\000e\000\040\000M\000a\000i\000n\000\040\000R\000e\000s\000u\000l\000t}{section.1}% 2
\BOOKMARK [2][-]{subsection.1.2}{\376\377\000O\000r\000i\000g\000i\000n\000a\000l\000\040\000C\000o\000n\000t\000r\000i\000b\000u\000t\000i\000o\000n\000s}{section.1}% 3
\BOOKMARK [2][-]{subsection.1.3}{\376\377\000P\000h\000y\000s\000i\000c\000a\000l\000\040\000M\000o\000t\000i\000v\000a\000t\000i\000o\000n}{section.1}% 4
\BOOKMARK [2][-]{subsection.1.4}{\376\377\000R\000e\000l\000a\000t\000i\000o\000n\000\040\000t\000o\000\040\000P\000r\000i\000o\000r\000\040\000W\000o\000r\000k}{section.1}% 5
\BOOKMARK [1][-]{section.2}{\376\377\000M\000a\000t\000h\000e\000m\000a\000t\000i\000c\000a\000l\000\040\000F\000r\000a\000m\000e\000w\000o\000r\000k}{}% 6
\BOOKMARK [2][-]{subsection.2.1}{\376\377\000T\000h\000e\000\040\000E\000i\000n\000s\000t\000e\000i\000n\000\040\000V\000a\000c\000u\000u\000m\000\040\000E\000q\000u\000a\000t\000i\000o\000n\000s}{section.2}% 7
\BOOKMARK [2][-]{subsection.2.2}{\376\377\000T\000h\000e\000\040\000K\000e\000r\000r\000\040\000F\000a\000m\000i\000l\000y}{section.2}% 8
\BOOKMARK [2][-]{subsection.2.3}{\376\377\000T\000h\000e\000\040\000S\000t\000a\000b\000i\000l\000i\000t\000y\000\040\000P\000r\000o\000b\000l\000e\000m}{section.2}% 9
\BOOKMARK [2][-]{subsection.2.4}{\376\377\000P\000r\000e\000c\000i\000s\000e\000\040\000F\000o\000r\000m\000u\000l\000a\000t\000i\000o\000n\000\040\000o\000f\000\040\000t\000h\000e\000\040\000C\000o\000n\000j\000e\000c\000t\000u\000r\000e}{section.2}% 10
\BOOKMARK [3][-]{subsubsection.2.4.1}{\376\377\000I\000n\000i\000t\000i\000a\000l\000\040\000D\000a\000t\000a\000\040\000S\000p\000a\000c\000e}{subsection.2.4}% 11
\BOOKMARK [3][-]{subsubsection.2.4.2}{\376\377\000F\000i\000n\000a\000l\000\040\000S\000t\000a\000t\000e\000\040\000P\000a\000r\000a\000m\000e\000t\000e\000r\000s}{subsection.2.4}% 12
\BOOKMARK [3][-]{subsubsection.2.4.3}{\376\377\000D\000e\000c\000a\000y\000\040\000R\000a\000t\000e\000s}{subsection.2.4}% 13
\BOOKMARK [1][-]{section.3}{\376\377\000B\000a\000c\000k\000g\000r\000o\000u\000n\000d\000:\000\040\000P\000r\000i\000o\000r\000\040\000R\000e\000s\000u\000l\000t\000s\000\040\000o\000n\000\040\000B\000l\000a\000c\000k\000\040\000H\000o\000l\000e\000\040\000S\000t\000a\000b\000i\000l\000i\000t\000y}{}% 14
\BOOKMARK [2][-]{subsection.3.1}{\376\377\000S\000u\000m\000m\000a\000r\000y\000\040\000o\000f\000\040\000P\000r\000i\000o\000r\000\040\000W\000o\000r\000k}{section.3}% 15
\BOOKMARK [1][-]{section.4}{\376\377\000T\000h\000e\000\040\000K\000e\000r\000r\000\040\000C\000h\000a\000l\000l\000e\000n\000g\000e}{}% 16
\BOOKMARK [2][-]{subsection.4.1}{\376\377\000W\000h\000y\000\040\000K\000e\000r\000r\000\040\000i\000s\000\040\000H\000a\000r\000d\000e\000r}{section.4}% 17
\BOOKMARK [2][-]{subsection.4.2}{\376\377\000T\000h\000e\000\040\000T\000e\000u\000k\000o\000l\000s\000k\000y\000\040\000E\000q\000u\000a\000t\000i\000o\000n}{section.4}% 18
\BOOKMARK [3][-]{subsubsection.4.2.1}{\376\377\000T\000h\000e\000\040\000A\000n\000g\000u\000l\000a\000r\000\040\000E\000q\000u\000a\000t\000i\000o\000n}{subsection.4.2}% 19
\BOOKMARK [3][-]{subsubsection.4.2.2}{\376\377\000P\000h\000y\000s\000i\000c\000a\000l\000\040\000I\000n\000t\000e\000r\000p\000r\000e\000t\000a\000t\000i\000o\000n}{subsection.4.2}% 20
\BOOKMARK [2][-]{subsection.4.3}{\376\377\000T\000h\000e\000\040\000T\000e\000u\000k\000o\000l\000s\000k\000y\000-\000S\000t\000a\000r\000o\000b\000i\000n\000s\000k\000y\000\040\000I\000d\000e\000n\000t\000i\000t\000i\000e\000s}{section.4}% 21
\BOOKMARK [2][-]{subsection.4.4}{\376\377\000S\000u\000p\000e\000r\000r\000a\000d\000i\000a\000n\000c\000e}{section.4}% 22
\BOOKMARK [2][-]{subsection.4.5}{\376\377\000T\000h\000e\000\040\000K\000e\000r\000r\000\040\000C\000h\000a\000l\000l\000e\000n\000g\000e\000:\000\040\000W\000h\000y\000\040\000F\000u\000l\000l\000\040\000S\000u\000b\000e\000x\000t\000r\000e\000m\000a\000l\000\040\000i\000s\000\040\000H\000a\000r\000d}{section.4}% 23
\BOOKMARK [1][-]{section.5}{\376\377\000O\000u\000r\000\040\000K\000e\000y\000\040\000I\000n\000n\000o\000v\000a\000t\000i\000o\000n\000s}{}% 24
\BOOKMARK [2][-]{subsection.5.1}{\376\377\000I\000n\000n\000o\000v\000a\000t\000i\000o\000n\000\040\0001\000:\000\040\000T\000h\000e\000\040\000U\000n\000i\000f\000i\000e\000d\000\040\000C\000o\000e\000r\000c\000i\000v\000e\000\040\000E\000n\000e\000r\000g\000y\000\040\000F\000u\000n\000c\000t\000i\000o\000n\000a\000l}{section.5}% 25
\BOOKMARK [2][-]{subsection.5.2}{\376\377\000I\000n\000n\000o\000v\000a\000t\000i\000o\000n\000\040\0002\000:\000\040\000S\000p\000i\000n\000-\000D\000e\000p\000e\000n\000d\000e\000n\000t\000\040\000M\000u\000l\000t\000i\000p\000l\000i\000e\000r\000\040\000C\000a\000l\000c\000u\000l\000u\000s}{section.5}% 26
\BOOKMARK [2][-]{subsection.5.3}{\376\377\000I\000n\000n\000o\000v\000a\000t\000i\000o\000n\000\040\0003\000:\000\040\000T\000h\000e\000\040\000N\000o\000n\000l\000i\000n\000e\000a\000r\000\040\000D\000e\000c\000a\000y\000\040\000B\000o\000o\000t\000s\000t\000r\000a\000p}{section.5}% 27
\BOOKMARK [1][-]{section.6}{\376\377\000T\000h\000e\000\040\000R\000o\000a\000d\000m\000a\000p\000\040\000t\000o\000\040\000P\000r\000o\000o\000f\000:\000\040\000A\000\040\000S\000t\000e\000p\000-\000b\000y\000-\000S\000t\000e\000p\000\040\000S\000t\000r\000a\000t\000e\000g\000y}{}% 28
\BOOKMARK [2][-]{subsection.6.1}{\376\377\000S\000t\000e\000p\000\040\0001\000:\000\040\000T\000h\000e\000\040\000U\000n\000i\000f\000i\000e\000d\000\040\000C\000o\000e\000r\000c\000i\000v\000e\000\040\000E\000n\000e\000r\000g\000y\000\040\000F\000u\000n\000c\000t\000i\000o\000n\000a\000l}{section.6}% 29
\BOOKMARK [3][-]{subsubsection.6.1.1}{\376\377\000C\000o\000n\000s\000t\000r\000u\000c\000t\000i\000o\000n\000\040\000o\000f\000\040\000E\000K\000Y}{subsection.6.1}% 30
\BOOKMARK [2][-]{subsection.6.2}{\376\377\000S\000t\000e\000p\000\040\0002\000:\000\040\000U\000n\000i\000f\000o\000r\000m\000\040\000M\000o\000r\000a\000w\000e\000t\000z\000\040\000E\000s\000t\000i\000m\000a\000t\000e\000s}{section.6}% 31
\BOOKMARK [3][-]{subsubsection.6.2.1}{\376\377\000C\000o\000n\000s\000t\000r\000u\000c\000t\000i\000o\000n\000\040\000o\000f\000\040\000t\000h\000e\000\040\000M\000o\000r\000a\000w\000e\000t\000z\000\040\000C\000u\000r\000r\000e\000n\000t}{subsection.6.2}% 32
\BOOKMARK [2][-]{subsection.6.3}{\376\377\000S\000t\000e\000p\000\040\0003\000:\000\040\000S\000p\000i\000n\000-\000D\000e\000p\000e\000n\000d\000e\000n\000t\000\040\000M\000u\000l\000t\000i\000p\000l\000i\000e\000r\000\040\000C\000a\000l\000c\000u\000l\000u\000s}{section.6}% 33
\BOOKMARK [3][-]{subsubsection.6.3.1}{\376\377\000E\000x\000p\000l\000i\000c\000i\000t\000\040\000M\000u\000l\000t\000i\000p\000l\000i\000e\000r\000\040\000C\000o\000n\000s\000t\000r\000u\000c\000t\000i\000o\000n}{subsection.6.3}% 34
\BOOKMARK [2][-]{subsection.6.4}{\376\377\000S\000t\000e\000p\000\040\0004\000:\000\040\000N\000o\000n\000l\000i\000n\000e\000a\000r\000\040\000E\000n\000e\000r\000g\000y\000\040\000D\000e\000c\000a\000y}{section.6}% 35
\BOOKMARK [3][-]{subsubsection.6.4.1}{\376\377\000D\000e\000r\000i\000v\000a\000t\000i\000o\000n\000\040\000o\000f\000\040\000D\000i\000f\000f\000e\000r\000e\000n\000t\000i\000a\000l\000\040\000I\000n\000e\000q\000u\000a\000l\000i\000t\000y}{subsection.6.4}% 36
\BOOKMARK [2][-]{subsection.6.5}{\376\377\000S\000t\000e\000p\000\040\0005\000:\000\040\000N\000e\000a\000r\000-\000E\000x\000t\000r\000e\000m\000a\000l\000\040\000U\000n\000i\000f\000o\000r\000m\000i\000t\000y}{section.6}% 37
\BOOKMARK [3][-]{subsubsection.6.5.1}{\376\377\000D\000e\000r\000i\000v\000a\000t\000i\000o\000n\000\040\000o\000f\000\040\000S\000c\000a\000l\000i\000n\000g\000\040\000L\000a\000w\000s}{subsection.6.5}% 38
\BOOKMARK [2][-]{subsection.6.6}{\376\377\000S\000t\000e\000p\000\040\0006\000:\000\040\000T\000h\000e\000\040\000B\000o\000o\000t\000s\000t\000r\000a\000p\000\040\000C\000l\000o\000s\000u\000r\000e}{section.6}% 39
\BOOKMARK [1][-]{section.7}{\376\377\000N\000e\000a\000r\000-\000E\000x\000t\000r\000e\000m\000a\000l\000\040\000A\000n\000a\000l\000y\000s\000i\000s\000:\000\040\000H\000e\000u\000r\000i\000s\000t\000i\000c\000\040\000f\000o\000r\000\040\000A\000r\000e\000t\000a\000k\000i\000s\000\040\000I\000n\000s\000t\000a\000b\000i\000l\000i\000t\000y}{}% 40
\BOOKMARK [2][-]{subsection.7.1}{\376\377\000A\000r\000e\000t\000a\000k\000i\000s\000\040\000I\000n\000s\000t\000a\000b\000i\000l\000i\000t\000y\000\040\000\050\000P\000r\000i\000o\000r\000\040\000W\000o\000r\000k\000\051}{section.7}% 41
\BOOKMARK [2][-]{subsection.7.2}{\376\377\000P\000r\000o\000p\000o\000s\000e\000d\000\040\000M\000e\000c\000h\000a\000n\000i\000s\000m\000:\000\040\000T\000h\000e\000\040\000N\000e\000a\000r\000-\000E\000x\000t\000r\000e\000m\000a\000l\000\040\000T\000r\000a\000n\000s\000i\000t\000i\000o\000n}{section.7}% 42
\BOOKMARK [3][-]{subsubsection.7.2.1}{\376\377\000A\000p\000p\000r\000o\000a\000c\000h\000\040\000t\000o\000\040\000E\000x\000t\000r\000e\000m\000a\000l\000i\000t\000y}{subsection.7.2}% 43
\BOOKMARK [3][-]{subsubsection.7.2.2}{\376\377\000T\000e\000c\000h\000n\000i\000c\000a\000l\000\040\000B\000a\000r\000r\000i\000e\000r\000s}{subsection.7.2}% 44
\BOOKMARK [2][-]{subsection.7.3}{\376\377\000P\000r\000o\000m\000i\000s\000i\000n\000g\000\040\000A\000p\000p\000r\000o\000a\000c\000h\000e\000s}{section.7}% 45
\BOOKMARK [3][-]{subsubsection.7.3.1}{\376\377\000I\000m\000p\000r\000o\000v\000e\000d\000\040\000V\000e\000c\000t\000o\000r\000\040\000F\000i\000e\000l\000d\000\040\000M\000e\000t\000h\000o\000d\000s}{subsection.7.3}% 46
\BOOKMARK [3][-]{subsubsection.7.3.2}{\376\377\000D\000i\000s\000p\000e\000r\000s\000i\000v\000e\000\040\000E\000s\000t\000i\000m\000a\000t\000e\000s}{subsection.7.3}% 47
\BOOKMARK [3][-]{subsubsection.7.3.3}{\376\377\000S\000p\000e\000c\000t\000r\000a\000l\000\040\000M\000e\000t\000h\000o\000d\000s}{subsection.7.3}% 48
\BOOKMARK [3][-]{subsubsection.7.3.4}{\376\377\000N\000u\000m\000e\000r\000i\000c\000a\000l\000\040\000S\000u\000p\000p\000o\000r\000t}{subsection.7.3}% 49
\BOOKMARK [1][-]{section.8}{\376\377\000I\000m\000p\000l\000i\000c\000a\000t\000i\000o\000n\000s\000\040\000o\000f\000\040\000O\000u\000r\000\040\000R\000e\000s\000u\000l\000t}{}% 50
\BOOKMARK [2][-]{subsection.8.1}{\376\377\000C\000o\000s\000m\000i\000c\000\040\000C\000e\000n\000s\000o\000r\000s\000h\000i\000p}{section.8}% 51
\BOOKMARK [2][-]{subsection.8.2}{\376\377\000T\000h\000e\000\040\000F\000i\000n\000a\000l\000\040\000S\000t\000a\000t\000e\000\040\000C\000o\000n\000j\000e\000c\000t\000u\000r\000e}{section.8}% 52
\BOOKMARK [2][-]{subsection.8.3}{\376\377\000G\000r\000a\000v\000i\000t\000a\000t\000i\000o\000n\000a\000l\000\040\000W\000a\000v\000e\000\040\000P\000r\000e\000d\000i\000c\000t\000i\000o\000n\000s}{section.8}% 53
\BOOKMARK [2][-]{subsection.8.4}{\376\377\000E\000x\000t\000e\000n\000s\000i\000o\000n\000s\000\040\000t\000o\000\040\000O\000t\000h\000e\000r\000\040\000B\000l\000a\000c\000k\000\040\000H\000o\000l\000e\000\040\000S\000o\000l\000u\000t\000i\000o\000n\000s}{section.8}% 54
\BOOKMARK [1][-]{section.9}{\376\377\000M\000a\000t\000h\000e\000m\000a\000t\000i\000c\000a\000l\000\040\000T\000e\000c\000h\000n\000i\000q\000u\000e\000s}{}% 55
\BOOKMARK [2][-]{subsection.9.1}{\376\377\000V\000e\000c\000t\000o\000r\000\040\000F\000i\000e\000l\000d\000\040\000M\000e\000t\000h\000o\000d}{section.9}% 56
\BOOKMARK [3][-]{subsubsection.9.1.1}{\376\377\000E\000n\000e\000r\000g\000y\000-\000M\000o\000m\000e\000n\000t\000u\000m\000\040\000T\000e\000n\000s\000o\000r\000\040\000f\000o\000r\000\040\000W\000a\000v\000e\000s}{subsection.9.1}% 57
\BOOKMARK [3][-]{subsubsection.9.1.2}{\376\377\000C\000h\000o\000i\000c\000e\000\040\000o\000f\000\040\000M\000u\000l\000t\000i\000p\000l\000i\000e\000r\000s}{subsection.9.1}% 58
\BOOKMARK [2][-]{subsection.9.2}{\376\377\000T\000h\000e\000\040\000B\000o\000o\000t\000s\000t\000r\000a\000p\000\040\000M\000e\000t\000h\000o\000d}{section.9}% 59
\BOOKMARK [2][-]{subsection.9.3}{\376\377\000T\000h\000e\000\040\000R\000o\000l\000e\000\040\000o\000f\000\040\000S\000y\000m\000m\000e\000t\000r\000y}{section.9}% 60
\BOOKMARK [1][-]{section.10}{\376\377\000P\000h\000y\000s\000i\000c\000a\000l\000\040\000P\000i\000c\000t\000u\000r\000e}{}% 61
\BOOKMARK [2][-]{subsection.10.1}{\376\377\000W\000h\000a\000t\000\040\000H\000a\000p\000p\000e\000n\000s\000\040\000W\000h\000e\000n\000\040\000Y\000o\000u\000\040\000P\000e\000r\000t\000u\000r\000b\000\040\000a\000\040\000B\000l\000a\000c\000k\000\040\000H\000o\000l\000e\000?}{section.10}% 62
\BOOKMARK [2][-]{subsection.10.2}{\376\377\000E\000n\000e\000r\000g\000y\000\040\000B\000u\000d\000g\000e\000t\000\040\000o\000f\000\040\000P\000e\000r\000t\000u\000r\000b\000a\000t\000i\000o\000n\000s}{section.10}% 63
\BOOKMARK [2][-]{subsection.10.3}{\376\377\000Q\000u\000a\000s\000i\000n\000o\000r\000m\000a\000l\000\040\000M\000o\000d\000e\000s}{section.10}% 64
\BOOKMARK [2][-]{subsection.10.4}{\376\377\000T\000h\000e\000\040\000R\000i\000n\000g\000d\000o\000w\000n\000\040\000a\000s\000\040\000a\000\040\000T\000e\000s\000t\000\040\000o\000f\000\040\000G\000R}{section.10}% 65
\BOOKMARK [1][-]{section.11}{\376\377\000S\000c\000a\000t\000t\000e\000r\000i\000n\000g\000\040\000T\000h\000e\000o\000r\000y\000\040\000a\000n\000d\000\040\000D\000e\000c\000a\000y\000\040\000M\000e\000c\000h\000a\000n\000i\000s\000m\000s}{}% 66
\BOOKMARK [2][-]{subsection.11.1}{\376\377\000T\000h\000e\000\040\000W\000a\000v\000e\000\040\000E\000q\000u\000a\000t\000i\000o\000n\000\040\000o\000n\000\040\000B\000l\000a\000c\000k\000\040\000H\000o\000l\000e\000\040\000B\000a\000c\000k\000g\000r\000o\000u\000n\000d\000s}{section.11}% 67
\BOOKMARK [2][-]{subsection.11.2}{\376\377\000T\000r\000a\000n\000s\000m\000i\000s\000s\000i\000o\000n\000\040\000a\000n\000d\000\040\000R\000e\000f\000l\000e\000c\000t\000i\000o\000n\000\040\000C\000o\000e\000f\000f\000i\000c\000i\000e\000n\000t\000s}{section.11}% 68
\BOOKMARK [2][-]{subsection.11.3}{\376\377\000T\000h\000e\000\040\000R\000o\000l\000e\000\040\000o\000f\000\040\000T\000r\000a\000p\000p\000e\000d\000\040\000G\000e\000o\000d\000e\000s\000i\000c\000s}{section.11}% 69
\BOOKMARK [3][-]{subsubsection.11.3.1}{\376\377\000T\000h\000e\000\040\000P\000h\000o\000t\000o\000n\000\040\000S\000p\000h\000e\000r\000e\000\040\000a\000n\000d\000\040\000T\000r\000a\000p\000p\000i\000n\000g}{subsection.11.3}% 70
\BOOKMARK [3][-]{subsubsection.11.3.2}{\376\377\000E\000f\000f\000e\000c\000t\000\040\000o\000n\000\040\000D\000e\000c\000a\000y\000\040\000R\000a\000t\000e\000s}{subsection.11.3}% 71
\BOOKMARK [3][-]{subsubsection.11.3.3}{\376\377\000Q\000u\000a\000n\000t\000i\000t\000a\000t\000i\000v\000e\000\040\000T\000r\000a\000p\000p\000i\000n\000g\000\040\000C\000o\000n\000t\000r\000o\000l}{subsection.11.3}% 72
\BOOKMARK [2][-]{subsection.11.4}{\376\377\000L\000o\000c\000a\000l\000\040\000E\000n\000e\000r\000g\000y\000\040\000D\000e\000c\000a\000y\000\040\000a\000n\000d\000\040\000M\000o\000r\000a\000w\000e\000t\000z\000\040\000E\000s\000t\000i\000m\000a\000t\000e\000s}{section.11}% 73
\BOOKMARK [3][-]{subsubsection.11.4.1}{\376\377\000T\000h\000e\000\040\000M\000o\000r\000a\000w\000e\000t\000z\000\040\000M\000u\000l\000t\000i\000p\000l\000i\000e\000r}{subsection.11.4}% 74
\BOOKMARK [3][-]{subsubsection.11.4.2}{\376\377\000F\000r\000e\000q\000u\000e\000n\000c\000y\000-\000L\000o\000c\000a\000l\000i\000z\000e\000d\000\040\000E\000s\000t\000i\000m\000a\000t\000e\000s}{subsection.11.4}% 75
\BOOKMARK [2][-]{subsection.11.5}{\376\377\000T\000h\000e\000\040\000R\000e\000d\000-\000S\000h\000i\000f\000t\000\040\000E\000f\000f\000e\000c\000t}{section.11}% 76
\BOOKMARK [3][-]{subsubsection.11.5.1}{\376\377\000T\000h\000e\000\040\000M\000e\000c\000h\000a\000n\000i\000s\000m}{subsection.11.5}% 77
\BOOKMARK [1][-]{section.12}{\376\377\000N\000e\000a\000r\000-\000E\000x\000t\000r\000e\000m\000a\000l\000\040\000A\000n\000a\000l\000y\000s\000i\000s\000\040\000a\000n\000d\000\040\000A\000r\000e\000t\000a\000k\000i\000s\000\040\000I\000n\000s\000t\000a\000b\000i\000l\000i\000t\000y}{}% 78
\BOOKMARK [2][-]{subsection.12.1}{\376\377\000T\000h\000e\000\040\000E\000x\000t\000r\000e\000m\000a\000l\000\040\000L\000i\000m\000i\000t}{section.12}% 79
\BOOKMARK [2][-]{subsection.12.2}{\376\377\000T\000h\000e\000\040\000A\000r\000e\000t\000a\000k\000i\000s\000\040\000I\000n\000s\000t\000a\000b\000i\000l\000i\000t\000y}{section.12}% 80
\BOOKMARK [3][-]{subsubsection.12.2.1}{\376\377\000T\000h\000e\000\040\000A\000r\000e\000t\000a\000k\000i\000s\000\040\000C\000h\000a\000r\000g\000e\000s}{subsection.12.2}% 81
\BOOKMARK [3][-]{subsubsection.12.2.2}{\376\377\000P\000h\000y\000s\000i\000c\000a\000l\000\040\000I\000n\000t\000e\000r\000p\000r\000e\000t\000a\000t\000i\000o\000n}{subsection.12.2}% 82
\BOOKMARK [2][-]{subsection.12.3}{\376\377\000P\000r\000o\000p\000o\000s\000e\000d\000\040\000N\000e\000a\000r\000-\000E\000x\000t\000r\000e\000m\000a\000l\000\040\000D\000e\000c\000a\000y\000\040\000R\000a\000t\000e\000s}{section.12}% 83
\BOOKMARK [2][-]{subsection.12.4}{\376\377\000T\000h\000e\000\040\000N\000H\000E\000K\000\040\000G\000e\000o\000m\000e\000t\000r\000y}{section.12}% 84
\BOOKMARK [3][-]{subsubsection.12.4.1}{\376\377\000W\000a\000v\000e\000\040\000E\000q\000u\000a\000t\000i\000o\000n\000\040\000o\000n\000\040\000N\000H\000E\000K}{subsection.12.4}% 85
\BOOKMARK [2][-]{subsection.12.5}{\376\377\000S\000t\000a\000b\000i\000l\000i\000t\000y\000\040\000v\000s\000.\000\040\000I\000n\000s\000t\000a\000b\000i\000l\000i\000t\000y\000\040\000a\000t\000\040\000E\000x\000t\000r\000e\000m\000a\000l\000i\000t\000y}{section.12}% 86
\BOOKMARK [2][-]{subsection.12.6}{\376\377\000M\000a\000t\000c\000h\000e\000d\000\040\000A\000s\000y\000m\000p\000t\000o\000t\000i\000c\000\040\000A\000n\000a\000l\000y\000s\000i\000s}{section.12}% 87
\BOOKMARK [3][-]{subsubsection.12.6.1}{\376\377\000O\000u\000t\000e\000r\000\040\000R\000e\000g\000i\000o\000n}{subsection.12.6}% 88
\BOOKMARK [3][-]{subsubsection.12.6.2}{\376\377\000I\000n\000n\000e\000r\000\040\000R\000e\000g\000i\000o\000n}{subsection.12.6}% 89
\BOOKMARK [3][-]{subsubsection.12.6.3}{\376\377\000M\000a\000t\000c\000h\000i\000n\000g\000\040\000C\000o\000n\000d\000i\000t\000i\000o\000n\000s}{subsection.12.6}% 90
\BOOKMARK [1][-]{section.13}{\376\377\000T\000o\000w\000a\000r\000d\000\040\000t\000h\000e\000\040\000F\000u\000l\000l\000\040\000S\000t\000a\000b\000i\000l\000i\000t\000y\000\040\000T\000h\000e\000o\000r\000e\000m}{}% 91
\BOOKMARK [2][-]{subsection.13.1}{\376\377\000A\000\040\000C\000o\000n\000c\000r\000e\000t\000e\000\040\000M\000a\000t\000h\000e\000m\000a\000t\000i\000c\000a\000l\000\040\000S\000t\000r\000a\000t\000e\000g\000y}{section.13}% 92
\BOOKMARK [3][-]{subsubsection.13.1.1}{\376\377\000S\000t\000e\000p\000\040\0001\000:\000\040\000I\000m\000p\000r\000o\000v\000e\000d\000\040\000M\000o\000r\000a\000w\000e\000t\000z\000\040\000E\000s\000t\000i\000m\000a\000t\000e\000s}{subsection.13.1}% 93
\BOOKMARK [3][-]{subsubsection.13.1.2}{\376\377\000S\000t\000e\000p\000\040\0002\000:\000\040\000R\000e\000f\000i\000n\000e\000d\000\040\000S\000u\000p\000e\000r\000r\000a\000d\000i\000a\000n\000c\000e\000\040\000C\000o\000n\000t\000r\000o\000l}{subsection.13.1}% 94
\BOOKMARK [3][-]{subsubsection.13.1.3}{\376\377\000S\000t\000e\000p\000\040\0003\000:\000\040\000N\000e\000a\000r\000-\000E\000x\000t\000r\000e\000m\000a\000l\000\040\000T\000r\000a\000n\000s\000i\000t\000i\000o\000n}{subsection.13.1}% 95
\BOOKMARK [3][-]{subsubsection.13.1.4}{\376\377\000S\000t\000e\000p\000\040\0004\000:\000\040\000N\000o\000n\000l\000i\000n\000e\000a\000r\000\040\000C\000l\000o\000s\000u\000r\000e}{subsection.13.1}% 96
\BOOKMARK [2][-]{subsection.13.2}{\376\377\000R\000o\000l\000e\000\040\000o\000f\000\040\000H\000i\000d\000d\000e\000n\000\040\000S\000y\000m\000m\000e\000t\000r\000i\000e\000s}{section.13}% 97
\BOOKMARK [3][-]{subsubsection.13.2.1}{\376\377\000T\000h\000e\000\040\000P\000r\000i\000n\000c\000i\000p\000a\000l\000\040\000T\000e\000n\000s\000o\000r\000\040\000a\000n\000d\000\040\000S\000y\000m\000m\000e\000t\000r\000y\000\040\000O\000p\000e\000r\000a\000t\000o\000r\000s}{subsection.13.2}% 98
\BOOKMARK [3][-]{subsubsection.13.2.2}{\376\377\000A\000l\000g\000e\000b\000r\000a\000i\000c\000\040\000S\000p\000e\000c\000i\000a\000l\000\040\000S\000t\000r\000u\000c\000t\000u\000r\000e\000\040\000\050\000P\000e\000t\000r\000o\000v\000\040\000T\000y\000p\000e\000\040\000D\000\051}{subsection.13.2}% 99
\BOOKMARK [2][-]{subsection.13.3}{\376\377\000L\000e\000s\000s\000o\000n\000s\000\040\000f\000r\000o\000m\000\040\000K\000e\000r\000r\000-\000d\000e\000\040\000S\000i\000t\000t\000e\000r}{section.13}% 100
\BOOKMARK [3][-]{subsubsection.13.3.1}{\376\377\000M\000i\000c\000r\000o\000l\000o\000c\000a\000l\000\040\000A\000n\000a\000l\000y\000s\000i\000s\000\040\000i\000n\000\040\000K\000e\000r\000r\000-\000d\000e\000\040\000S\000i\000t\000t\000e\000r}{subsection.13.3}% 101
\BOOKMARK [2][-]{subsection.13.4}{\376\377\000N\000u\000m\000e\000r\000i\000c\000a\000l\000\040\000E\000v\000i\000d\000e\000n\000c\000e}{section.13}% 102
\BOOKMARK [2][-]{subsection.13.5}{\376\377\000T\000h\000e\000\040\000G\000C\000M\000\040\000P\000r\000o\000c\000e\000d\000u\000r\000e\000\040\000i\000n\000\040\000D\000e\000t\000a\000i\000l}{section.13}% 103
\BOOKMARK [2][-]{subsection.13.6}{\376\377\000G\000a\000u\000g\000e\000\040\000C\000h\000o\000i\000c\000e\000s\000\040\000a\000n\000d\000\040\000T\000h\000e\000i\000r\000\040\000C\000o\000n\000s\000e\000q\000u\000e\000n\000c\000e\000s}{section.13}% 104
\BOOKMARK [3][-]{subsubsection.13.6.1}{\376\377\000W\000a\000v\000e\000\040\000C\000o\000o\000r\000d\000i\000n\000a\000t\000e\000\040\000\050\000H\000a\000r\000m\000o\000n\000i\000c\000\051\000\040\000G\000a\000u\000g\000e}{subsection.13.6}% 105
\BOOKMARK [3][-]{subsubsection.13.6.2}{\376\377\000D\000o\000u\000b\000l\000e\000\040\000N\000u\000l\000l\000\040\000G\000a\000u\000g\000e}{subsection.13.6}% 106
\BOOKMARK [3][-]{subsubsection.13.6.3}{\376\377\000K\000e\000r\000r\000-\000A\000d\000a\000p\000t\000e\000d\000\040\000G\000a\000u\000g\000e}{subsection.13.6}% 107
\BOOKMARK [1][-]{section.14}{\376\377\000S\000u\000m\000m\000a\000r\000y\000\040\000a\000n\000d\000\040\000O\000u\000t\000l\000o\000o\000k}{}% 108
\BOOKMARK [2][-]{subsection.14.1}{\376\377\000S\000t\000a\000t\000e\000\040\000o\000f\000\040\000t\000h\000e\000\040\000A\000r\000t}{section.14}% 109
\BOOKMARK [2][-]{subsection.14.2}{\376\377\000A\000\040\000D\000e\000t\000a\000i\000l\000e\000d\000\040\000A\000s\000s\000e\000s\000s\000m\000e\000n\000t\000\040\000o\000f\000\040\000R\000e\000m\000a\000i\000n\000i\000n\000g\000\040\000O\000b\000s\000t\000a\000c\000l\000e\000s}{section.14}% 110
\BOOKMARK [3][-]{subsubsection.14.2.1}{\376\377\000O\000b\000s\000t\000a\000c\000l\000e\000\040\0001\000:\000\040\000E\000r\000g\000o\000s\000p\000h\000e\000r\000e\000\040\000E\000n\000e\000r\000g\000y\000\040\000I\000s\000s\000u\000e\000s}{subsection.14.2}% 111
\BOOKMARK [3][-]{subsubsection.14.2.2}{\376\377\000O\000b\000s\000t\000a\000c\000l\000e\000\040\0002\000:\000\040\000S\000u\000p\000e\000r\000r\000a\000d\000i\000a\000n\000t\000\040\000A\000m\000p\000l\000i\000f\000i\000c\000a\000t\000i\000o\000n}{subsection.14.2}% 112
\BOOKMARK [3][-]{subsubsection.14.2.3}{\376\377\000O\000b\000s\000t\000a\000c\000l\000e\000\040\0003\000:\000\040\000N\000e\000a\000r\000-\000E\000x\000t\000r\000e\000m\000a\000l\000\040\000S\000l\000o\000w\000d\000o\000w\000n}{subsection.14.2}% 113
\BOOKMARK [2][-]{subsection.14.3}{\376\377\000K\000e\000y\000\040\000O\000p\000e\000n\000\040\000P\000r\000o\000b\000l\000e\000m\000s}{section.14}% 114
\BOOKMARK [2][-]{subsection.14.4}{\376\377\000T\000h\000e\000\040\000P\000a\000t\000h\000\040\000F\000o\000r\000w\000a\000r\000d}{section.14}% 115
\BOOKMARK [2][-]{subsection.14.5}{\376\377\000P\000r\000o\000p\000o\000s\000e\000d\000\040\000R\000e\000s\000e\000a\000r\000c\000h\000\040\000D\000i\000r\000e\000c\000t\000i\000o\000n\000s}{section.14}% 116
\BOOKMARK [3][-]{subsubsection.14.5.1}{\376\377\000D\000i\000r\000e\000c\000t\000i\000o\000n\000\040\0001\000:\000\040\000M\000i\000c\000r\000o\000l\000o\000c\000a\000l\000\040\000A\000n\000a\000l\000y\000s\000i\000s}{subsection.14.5}% 117
\BOOKMARK [2][-]{subsection.14.6}{\376\377\000M\000u\000l\000t\000i\000-\000M\000e\000s\000s\000e\000n\000g\000e\000r\000\040\000I\000m\000p\000l\000i\000c\000a\000t\000i\000o\000n\000s}{section.14}% 118
\BOOKMARK [3][-]{subsubsection.14.6.1}{\376\377\000G\000r\000a\000v\000i\000t\000a\000t\000i\000o\000n\000a\000l\000\040\000W\000a\000v\000e\000\040\000I\000n\000f\000e\000r\000e\000n\000c\000e}{subsection.14.6}% 119
\BOOKMARK [3][-]{subsubsection.14.6.2}{\376\377\000B\000l\000a\000c\000k\000\040\000H\000o\000l\000e\000\040\000S\000p\000e\000c\000t\000r\000o\000s\000c\000o\000p\000y}{subsection.14.6}% 120
\BOOKMARK [3][-]{subsubsection.14.6.3}{\376\377\000E\000x\000t\000r\000e\000m\000e\000\040\000M\000a\000s\000s\000\040\000R\000a\000t\000i\000o\000\040\000I\000n\000s\000p\000i\000r\000a\000l\000s}{subsection.14.6}% 121
\BOOKMARK [1][-]{section.15}{\376\377\000A\000n\000a\000l\000y\000t\000i\000c\000\040\000I\000n\000p\000u\000t\000s\000\040\000T\000o\000w\000a\000r\000d\000\040\000t\000h\000e\000\040\000M\000a\000i\000n\000\040\000T\000h\000e\000o\000r\000e\000m}{}% 122
\BOOKMARK [2][-]{subsection.15.1}{\376\377\000T\000h\000e\000\040\000R\000e\000s\000o\000n\000a\000n\000c\000e\000-\000F\000r\000e\000e\000\040\000S\000t\000r\000i\000p\000\040\000T\000h\000e\000o\000r\000e\000m}{section.15}% 123
\BOOKMARK [2][-]{subsection.15.2}{\376\377\000C\000a\000r\000l\000e\000m\000a\000n\000\040\000E\000s\000t\000i\000m\000a\000t\000e\000\040\000f\000o\000r\000\040\000t\000h\000e\000\040\000E\000r\000g\000o\000s\000p\000h\000e\000r\000e}{section.15}% 124
\BOOKMARK [2][-]{subsection.15.3}{\376\377\000C\000o\000e\000r\000c\000i\000v\000i\000t\000y\000\040\000o\000f\000\040\000t\000h\000e\000\040\000T\000e\000u\000k\000o\000l\000s\000k\000y\000-\000S\000t\000a\000r\000o\000b\000i\000n\000s\000k\000y\000\040\000E\000n\000e\000r\000g\000y}{section.15}% 125
\BOOKMARK [2][-]{subsection.15.4}{\376\377\000D\000e\000c\000a\000y\000\040\000R\000a\000t\000e\000\040\000D\000e\000p\000e\000n\000d\000e\000n\000c\000e\000\040\000o\000n\000\040\000S\000p\000i\000n}{section.15}% 126
\BOOKMARK [2][-]{subsection.15.5}{\376\377\000E\000r\000g\000o\000s\000p\000h\000e\000r\000e\000\040\000E\000n\000e\000r\000g\000y\000\040\000B\000o\000u\000n\000d}{section.15}% 127
\BOOKMARK [3][-]{subsubsection.15.5.1}{\376\377\000D\000i\000r\000e\000c\000t\000i\000o\000n\000\040\0002\000:\000\040\000P\000h\000y\000s\000i\000c\000a\000l\000\040\000S\000p\000a\000c\000e\000\040\000M\000u\000l\000t\000i\000p\000l\000i\000e\000r\000s}{subsection.15.5}% 128
\BOOKMARK [3][-]{subsubsection.15.5.2}{\376\377\000D\000i\000r\000e\000c\000t\000i\000o\000n\000\040\0003\000:\000\040\000S\000p\000e\000c\000t\000r\000a\000l\000\040\000T\000h\000e\000o\000r\000y}{subsection.15.5}% 129
\BOOKMARK [3][-]{subsubsection.15.5.3}{\376\377\000D\000i\000r\000e\000c\000t\000i\000o\000n\000\040\0004\000:\000\040\000N\000o\000n\000l\000i\000n\000e\000a\000r\000\040\000I\000t\000e\000r\000a\000t\000i\000o\000n\000\040\000S\000c\000h\000e\000m\000e\000s}{subsection.15.5}% 130
\BOOKMARK [2][-]{subsection.15.6}{\376\377\000E\000s\000t\000i\000m\000a\000t\000e\000d\000\040\000T\000i\000m\000e\000l\000i\000n\000e}{section.15}% 131
\BOOKMARK [2][-]{subsection.15.7}{\376\377\000B\000r\000o\000a\000d\000e\000r\000\040\000I\000m\000p\000a\000c\000t}{section.15}% 132
\BOOKMARK [2][-]{subsection.15.8}{\376\377\000C\000o\000n\000n\000e\000c\000t\000i\000o\000n\000s\000\040\000t\000o\000\040\000F\000u\000n\000d\000a\000m\000e\000n\000t\000a\000l\000\040\000P\000h\000y\000s\000i\000c\000s}{section.15}% 133
\BOOKMARK [3][-]{subsubsection.15.8.1}{\376\377\000G\000r\000a\000v\000i\000t\000a\000t\000i\000o\000n\000a\000l\000\040\000W\000a\000v\000e\000\040\000T\000e\000s\000t\000s\000\040\000o\000f\000\040\000S\000t\000a\000b\000i\000l\000i\000t\000y\000\040\000\050\0002\0000\0002\0004\000-\0002\0000\0002\0005\000\040\000O\000b\000s\000e\000r\000v\000a\000t\000i\000o\000n\000s\000\051}{subsection.15.8}% 134
\BOOKMARK [3][-]{subsubsection.15.8.2}{\376\377\000T\000h\000e\000\040\000I\000n\000f\000o\000r\000m\000a\000t\000i\000o\000n\000\040\000P\000a\000r\000a\000d\000o\000x}{subsection.15.8}% 135
\BOOKMARK [3][-]{subsubsection.15.8.3}{\376\377\000Q\000u\000a\000n\000t\000u\000m\000\040\000E\000r\000r\000o\000r\000\040\000C\000o\000r\000r\000e\000c\000t\000i\000o\000n\000\040\000a\000n\000d\000\040\000B\000l\000a\000c\000k\000\040\000H\000o\000l\000e\000s}{subsection.15.8}% 136
\BOOKMARK [3][-]{subsubsection.15.8.4}{\376\377\000C\000o\000m\000p\000l\000e\000x\000i\000t\000y\000\040\000G\000r\000o\000w\000t\000h\000\040\000a\000n\000d\000\040\000S\000t\000a\000b\000i\000l\000i\000t\000y}{subsection.15.8}% 137
\BOOKMARK [3][-]{subsubsection.15.8.5}{\376\377\000W\000e\000a\000k\000\040\000G\000r\000a\000v\000i\000t\000y\000\040\000C\000o\000n\000j\000e\000c\000t\000u\000r\000e}{subsection.15.8}% 138
\BOOKMARK [3][-]{subsubsection.15.8.6}{\376\377\000S\000w\000a\000m\000p\000l\000a\000n\000d\000\040\000C\000o\000n\000j\000e\000c\000t\000u\000r\000e\000s}{subsection.15.8}% 139
\BOOKMARK [1][-]{section.16}{\376\377\000T\000h\000e\000\040\000M\000a\000s\000t\000e\000r\000\040\000S\000t\000a\000b\000i\000l\000i\000t\000y\000\040\000T\000h\000e\000o\000r\000e\000m}{}% 140
\BOOKMARK [2][-]{subsection.16.1}{\376\377\000S\000t\000a\000t\000e\000m\000e\000n\000t\000\040\000o\000f\000\040\000t\000h\000e\000\040\000M\000a\000s\000t\000e\000r\000\040\000T\000h\000e\000o\000r\000e\000m}{section.16}% 141
\BOOKMARK [2][-]{subsection.16.2}{\376\377\000L\000o\000g\000i\000c\000a\000l\000\040\000S\000t\000r\000u\000c\000t\000u\000r\000e\000\040\000o\000f\000\040\000t\000h\000e\000\040\000P\000r\000o\000o\000f}{section.16}% 142
\BOOKMARK [2][-]{subsection.16.3}{\376\377\000P\000r\000o\000o\000f\000\040\000S\000t\000r\000a\000t\000e\000g\000y}{section.16}% 143
\BOOKMARK [2][-]{subsection.16.4}{\376\377\000K\000e\000y\000\040\000L\000e\000m\000m\000a\000s\000\040\000R\000e\000q\000u\000i\000r\000e\000d}{section.16}% 144
\BOOKMARK [2][-]{subsection.16.5}{\376\377\000C\000o\000m\000p\000a\000r\000i\000s\000o\000n\000\040\000w\000i\000t\000h\000\040\000E\000x\000i\000s\000t\000i\000n\000g\000\040\000A\000p\000p\000r\000o\000a\000c\000h\000e\000s}{section.16}% 145
\BOOKMARK [2][-]{subsection.16.6}{\376\377\000T\000i\000m\000e\000l\000i\000n\000e\000\040\000a\000n\000d\000\040\000M\000i\000l\000e\000s\000t\000o\000n\000e\000s}{section.16}% 146
\BOOKMARK [2][-]{subsection.16.7}{\376\377\000S\000h\000a\000r\000p\000n\000e\000s\000s\000\040\000o\000f\000\040\000t\000h\000e\000\040\000E\000s\000t\000i\000m\000a\000t\000e\000s}{section.16}% 147
\BOOKMARK [2][-]{subsection.16.8}{\376\377\000T\000h\000e\000\040\000E\000x\000t\000r\000e\000m\000a\000l\000\040\000L\000i\000m\000i\000t\000:\000\040\000A\000\040\000P\000h\000a\000s\000e\000\040\000T\000r\000a\000n\000s\000i\000t\000i\000o\000n}{section.16}% 148
\BOOKMARK [2][-]{subsection.16.9}{\376\377\000M\000o\000d\000e\000-\000b\000y\000-\000M\000o\000d\000e\000\040\000S\000t\000a\000b\000i\000l\000i\000t\000y\000\040\000A\000n\000a\000l\000y\000s\000i\000s}{section.16}% 149
\BOOKMARK [2][-]{subsection.16.10}{\376\377\000E\000x\000p\000l\000i\000c\000i\000t\000\040\000B\000o\000o\000t\000s\000t\000r\000a\000p\000\040\000C\000l\000o\000s\000u\000r\000e\000\040\000A\000r\000g\000u\000m\000e\000n\000t}{section.16}% 150
\BOOKMARK [1][-]{section.17}{\376\377\000R\000i\000g\000o\000r\000o\000u\000s\000\040\000N\000o\000n\000l\000i\000n\000e\000a\000r\000\040\000S\000t\000a\000b\000i\000l\000i\000t\000y\000:\000\040\000A\000\040\000C\000o\000m\000p\000l\000e\000t\000e\000\040\000P\000r\000o\000o\000f\000\040\000S\000t\000r\000a\000t\000e\000g\000y}{}% 151
\BOOKMARK [2][-]{subsection.17.1}{\376\377\000T\000h\000e\000\040\000C\000o\000e\000r\000c\000i\000v\000e\000\040\000E\000n\000e\000r\000g\000y\000\040\000F\000u\000n\000c\000t\000i\000o\000n\000a\000l}{section.17}% 152
\BOOKMARK [2][-]{subsection.17.2}{\376\377\000T\000h\000e\000\040\000N\000o\000n\000l\000i\000n\000e\000a\000r\000\040\000E\000n\000e\000r\000g\000y\000\040\000E\000s\000t\000i\000m\000a\000t\000e}{section.17}% 153
\BOOKMARK [2][-]{subsection.17.3}{\376\377\000T\000h\000e\000\040\000B\000o\000o\000t\000s\000t\000r\000a\000p\000\040\000A\000r\000g\000u\000m\000e\000n\000t\000\040\000f\000o\000r\000\040\000F\000u\000l\000l\000\040\000S\000u\000b\000e\000x\000t\000r\000e\000m\000a\000l\000\040\000K\000e\000r\000r}{section.17}% 154
\BOOKMARK [2][-]{subsection.17.4}{\376\377\000N\000e\000a\000r\000-\000E\000x\000t\000r\000e\000m\000a\000l\000\040\000R\000e\000f\000i\000n\000e\000m\000e\000n\000t}{section.17}% 155
\BOOKMARK [2][-]{subsection.17.5}{\376\377\000S\000t\000r\000u\000c\000t\000u\000r\000e\000\040\000o\000f\000\040\000N\000o\000n\000l\000i\000n\000e\000a\000r\000\040\000T\000e\000r\000m\000s\000:\000\040\000N\000u\000l\000l\000\040\000C\000o\000n\000d\000i\000t\000i\000o\000n}{section.17}% 156
\BOOKMARK [2][-]{subsection.17.6}{\376\377\000C\000o\000n\000d\000i\000t\000i\000o\000n\000a\000l\000\040\000P\000r\000o\000o\000f\000\040\000S\000u\000m\000m\000a\000r\000y}{section.17}% 157
\BOOKMARK [1][-]{section.18}{\376\377\000T\000o\000w\000a\000r\000d\000\040\000T\000e\000u\000k\000o\000l\000s\000k\000y\000-\000S\000t\000a\000r\000o\000b\000i\000n\000s\000k\000y\000\040\000C\000o\000e\000r\000c\000i\000v\000i\000t\000y}{}% 158
\BOOKMARK [1][-]{section.19}{\376\377\000E\000x\000p\000l\000i\000c\000i\000t\000\040\000E\000r\000r\000o\000r\000\040\000B\000o\000u\000n\000d\000s\000\040\000a\000n\000d\000\040\000Q\000u\000a\000n\000t\000i\000f\000i\000e\000d\000\040\000E\000s\000t\000i\000m\000a\000t\000e\000s}{}% 159
\BOOKMARK [2][-]{subsection.19.1}{\376\377\000Q\000u\000a\000n\000t\000i\000f\000i\000e\000d\000\040\000D\000e\000c\000a\000y\000\040\000R\000a\000t\000e}{section.19}% 160
\BOOKMARK [2][-]{subsection.19.2}{\376\377\000Q\000u\000a\000n\000t\000i\000f\000i\000e\000d\000\040\000S\000p\000e\000c\000t\000r\000a\000l\000\040\000G\000a\000p}{section.19}% 161
\BOOKMARK [2][-]{subsection.19.3}{\376\377\000Q\000u\000a\000n\000t\000i\000f\000i\000e\000d\000\040\000N\000e\000a\000r\000-\000E\000x\000t\000r\000e\000m\000a\000l\000\040\000S\000c\000a\000l\000i\000n\000g}{section.19}% 162
\BOOKMARK [1][-]{section.20}{\376\377\000T\000h\000e\000\040\000C\000e\000n\000t\000e\000r\000p\000i\000e\000c\000e\000\040\000T\000h\000e\000o\000r\000e\000m\000:\000\040\000C\000o\000e\000r\000c\000i\000v\000i\000t\000y\000\040\000I\000m\000p\000l\000i\000e\000s\000\040\000S\000p\000e\000c\000t\000r\000a\000l\000\040\000G\000a\000p}{}% 163
\BOOKMARK [2][-]{subsection.20.1}{\376\377\000S\000t\000a\000t\000e\000m\000e\000n\000t\000\040\000o\000f\000\040\000t\000h\000e\000\040\000M\000a\000i\000n\000\040\000T\000h\000e\000o\000r\000e\000m}{section.20}% 164
\BOOKMARK [2][-]{subsection.20.2}{\376\377\000P\000r\000o\000o\000f\000\040\000o\000f\000\040\000t\000h\000e\000\040\000M\000a\000i\000n\000\040\000T\000h\000e\000o\000r\000e\000m}{section.20}% 165
\BOOKMARK [3][-]{subsubsection.20.2.1}{\376\377\000S\000t\000e\000p\000\040\0001\000:\000\040\000E\000n\000e\000r\000g\000y\000-\000R\000e\000s\000o\000l\000v\000e\000n\000t\000\040\000C\000o\000n\000n\000e\000c\000t\000i\000o\000n}{subsection.20.2}% 166
\BOOKMARK [3][-]{subsubsection.20.2.2}{\376\377\000S\000t\000e\000p\000\040\0002\000:\000\040\000R\000e\000s\000o\000l\000v\000e\000n\000t\000\040\000t\000o\000\040\000S\000p\000e\000c\000t\000r\000a\000l\000\040\000G\000a\000p\000\040\000v\000i\000a\000\040\000C\000o\000n\000t\000o\000u\000r\000\040\000D\000e\000f\000o\000r\000m\000a\000t\000i\000o\000n}{subsection.20.2}% 167
\BOOKMARK [3][-]{subsubsection.20.2.3}{\376\377\000S\000t\000e\000p\000\040\0003\000:\000\040\000E\000x\000p\000l\000i\000c\000i\000t\000\040\000C\000o\000m\000p\000u\000t\000a\000t\000i\000o\000n\000\040\000o\000f\000\040\000t\000h\000e\000\040\000C\000o\000e\000r\000c\000i\000v\000i\000t\000y\000-\000G\000a\000p\000\040\000C\000o\000n\000s\000t\000a\000n\000t}{subsection.20.2}% 168
\BOOKMARK [3][-]{subsubsection.20.2.4}{\376\377\000S\000t\000e\000p\000\040\0004\000:\000\040\000O\000p\000t\000i\000m\000a\000l\000\040\000C\000o\000n\000s\000t\000a\000n\000t\000\040\000v\000i\000a\000\040\000V\000a\000r\000i\000a\000t\000i\000o\000n\000a\000l\000\040\000A\000n\000a\000l\000y\000s\000i\000s}{subsection.20.2}% 169
\BOOKMARK [2][-]{subsection.20.3}{\376\377\000P\000h\000y\000s\000i\000c\000a\000l\000\040\000I\000n\000t\000e\000r\000p\000r\000e\000t\000a\000t\000i\000o\000n}{section.20}% 170
\BOOKMARK [2][-]{subsection.20.4}{\376\377\000A\000p\000p\000l\000i\000c\000a\000t\000i\000o\000n\000:\000\040\000G\000r\000a\000v\000i\000t\000a\000t\000i\000o\000n\000a\000l\000\040\000W\000a\000v\000e\000\040\000R\000i\000n\000g\000d\000o\000w\000n}{section.20}% 171
\BOOKMARK [1][-]{section.21}{\376\377\000N\000o\000v\000e\000l\000\040\000Q\000N\000M\000\040\000F\000r\000e\000q\000u\000e\000n\000c\000y\000\040\000I\000n\000e\000q\000u\000a\000l\000i\000t\000y}{}% 172
\BOOKMARK [2][-]{subsection.21.1}{\376\377\000S\000t\000a\000t\000e\000m\000e\000n\000t\000\040\000o\000f\000\040\000t\000h\000e\000\040\000Q\000N\000M\000\040\000I\000n\000e\000q\000u\000a\000l\000i\000t\000y}{section.21}% 173
\BOOKMARK [2][-]{subsection.21.2}{\376\377\000A\000n\000a\000l\000y\000s\000i\000s\000\040\000o\000f\000\040\000Q\000N\000M\000\040\000S\000p\000e\000c\000t\000r\000u\000m}{section.21}% 174
\BOOKMARK [3][-]{subsubsection.21.2.1}{\376\377\000S\000t\000a\000g\000e\000\040\0001\000:\000\040\000M\000o\000d\000e\000\040\000S\000t\000a\000b\000i\000l\000i\000t\000y\000\040\000I\000m\000p\000l\000i\000e\000s\000\040\000D\000e\000c\000a\000y}{subsection.21.2}% 175
\BOOKMARK [3][-]{subsubsection.21.2.2}{\376\377\000S\000t\000a\000g\000e\000\040\0002\000:\000\040\000L\000o\000w\000e\000r\000\040\000B\000o\000u\000n\000d\000\040\000f\000r\000o\000m\000\040\000T\000r\000a\000p\000p\000e\000d\000\040\000N\000u\000l\000l\000\040\000G\000e\000o\000d\000e\000s\000i\000c\000s}{subsection.21.2}% 176
\BOOKMARK [3][-]{subsubsection.21.2.3}{\376\377\000S\000t\000a\000g\000e\000\040\0003\000:\000\040\000C\000o\000n\000n\000e\000c\000t\000i\000o\000n\000\040\000t\000o\000\040\000S\000u\000r\000f\000a\000c\000e\000\040\000G\000r\000a\000v\000i\000t\000y}{subsection.21.2}% 177
\BOOKMARK [2][-]{subsection.21.3}{\376\377\000V\000e\000r\000i\000f\000i\000c\000a\000t\000i\000o\000n\000\040\000a\000n\000d\000\040\000A\000p\000p\000l\000i\000c\000a\000t\000i\000o\000n\000s}{section.21}% 178
\BOOKMARK [2][-]{subsection.21.4}{\376\377\000P\000h\000y\000s\000i\000c\000a\000l\000\040\000I\000n\000t\000e\000r\000p\000r\000e\000t\000a\000t\000i\000o\000n}{section.21}% 179
\BOOKMARK [1][-]{section.22}{\376\377\000T\000h\000e\000\040\000E\000x\000t\000r\000e\000m\000a\000l\000\040\000L\000i\000m\000i\000t\000:\000\040\000R\000e\000s\000o\000l\000u\000t\000i\000o\000n\000\040\000o\000f\000\040\000t\000h\000e\000\040\000A\000r\000e\000t\000a\000k\000i\000s\000\040\000I\000n\000s\000t\000a\000b\000i\000l\000i\000t\000y}{}% 180
\BOOKMARK [2][-]{subsection.22.1}{\376\377\000T\000h\000e\000\040\000N\000a\000t\000u\000r\000e\000\040\000o\000f\000\040\000E\000x\000t\000r\000e\000m\000a\000l\000\040\000I\000n\000s\000t\000a\000b\000i\000l\000i\000t\000y}{section.22}% 181
\BOOKMARK [2][-]{subsection.22.2}{\376\377\000R\000e\000s\000o\000l\000u\000t\000i\000o\000n\000\040\000v\000i\000a\000\040\000R\000e\000g\000u\000l\000a\000r\000i\000z\000a\000t\000i\000o\000n}{section.22}% 182
\BOOKMARK [2][-]{subsection.22.3}{\376\377\000P\000h\000y\000s\000i\000c\000a\000l\000\040\000I\000m\000p\000l\000i\000c\000a\000t\000i\000o\000n\000s}{section.22}% 183
\BOOKMARK [1][-]{section.23}{\376\377\000C\000o\000n\000c\000l\000u\000s\000i\000o\000n}{}% 184
\BOOKMARK [1][-]{section.24}{\376\377\000N\000o\000t\000a\000t\000i\000o\000n\000\040\000a\000n\000d\000\040\000C\000o\000n\000v\000e\000n\000t\000i\000o\000n\000s}{}% 185
\BOOKMARK [2][-]{subsection.24.1}{\376\377\000G\000e\000o\000m\000e\000t\000r\000i\000c\000\040\000U\000n\000i\000t\000s}{section.24}% 186
\BOOKMARK [2][-]{subsection.24.2}{\376\377\000S\000i\000g\000n\000\040\000C\000o\000n\000v\000e\000n\000t\000i\000o\000n\000s}{section.24}% 187
\BOOKMARK [2][-]{subsection.24.3}{\376\377\000K\000e\000r\000r\000\040\000C\000o\000o\000r\000d\000i\000n\000a\000t\000e\000s}{section.24}% 188
\BOOKMARK [2][-]{subsection.24.4}{\376\377\000K\000e\000y\000\040\000P\000a\000r\000a\000m\000e\000t\000e\000r\000s}{section.24}% 189
