This is pdfTeX, Version 3.141592653-2.6-1.40.29 (TeX Live 2026) (preloaded format=pdflatex 2026.3.1)  31 MAR 2026 21:52
entering extended mode
 restricted \write18 enabled.
 %&-line parsing enabled.
**main.tex
(./main.tex
LaTeX2e <2025-11-01>
L3 programming layer <2026-01-19>
(/usr/local/texlive/2026basic/texmf-dist/tex/latex/base/article.cls
Document Class: article 2025/01/22 v1.4n Standard LaTeX document class
(/usr/local/texlive/2026basic/texmf-dist/tex/latex/base/size12.clo
File: size12.clo 2025/01/22 v1.4n Standard LaTeX file (size option)
)
\c@part=\count275
\c@section=\count276
\c@subsection=\count277
\c@subsubsection=\count278
\c@paragraph=\count279
\c@subparagraph=\count280
\c@figure=\count281
\c@table=\count282
\abovecaptionskip=\skip49
\belowcaptionskip=\skip50
\bibindent=\dimen148
)
(./preamble_clean.tex
(/usr/local/texlive/2026basic/texmf-dist/tex/latex/amsmath/amsmath.sty
Package: amsmath 2025/07/09 v2.17z AMS math features
\@mathmargin=\skip51

For additional information on amsmath, use the `?' option.
(/usr/local/texlive/2026basic/texmf-dist/tex/latex/amsmath/amstext.sty
Package: amstext 2024/11/17 v2.01 AMS text

(/usr/local/texlive/2026basic/texmf-dist/tex/latex/amsmath/amsgen.sty
File: amsgen.sty 1999/11/30 v2.0 generic functions
\@emptytoks=\toks17
\ex@=\dimen149
))
(/usr/local/texlive/2026basic/texmf-dist/tex/latex/amsmath/amsbsy.sty
Package: amsbsy 1999/11/29 v1.2d Bold Symbols
\pmbraise@=\dimen150
)
(/usr/local/texlive/2026basic/texmf-dist/tex/latex/amsmath/amsopn.sty
Package: amsopn 2022/04/08 v2.04 operator names
)
\inf@bad=\count283
LaTeX Info: Redefining \frac on input line 233.
\uproot@=\count284
\leftroot@=\count285
LaTeX Info: Redefining \overline on input line 398.
LaTeX Info: Redefining \colon on input line 409.
\classnum@=\count286
\DOTSCASE@=\count287
LaTeX Info: Redefining \ldots on input line 495.
LaTeX Info: Redefining \dots on input line 498.
LaTeX Info: Redefining \cdots on input line 619.
\Mathstrutbox@=\box53
\strutbox@=\box54
LaTeX Info: Redefining \big on input line 721.
LaTeX Info: Redefining \Big on input line 722.
LaTeX Info: Redefining \bigg on input line 723.
LaTeX Info: Redefining \Bigg on input line 724.
\big@size=\dimen151
LaTeX Font Info:    Redeclaring font encoding OML on input line 742.
LaTeX Font Info:    Redeclaring font encoding OMS on input line 743.
\macc@depth=\count288
LaTeX Info: Redefining \bmod on input line 904.
LaTeX Info: Redefining \pmod on input line 909.
LaTeX Info: Redefining \smash on input line 939.
LaTeX Info: Redefining \relbar on input line 969.
LaTeX Info: Redefining \Relbar on input line 970.
\c@MaxMatrixCols=\count289
\dotsspace@=\muskip17
\c@parentequation=\count290
\dspbrk@lvl=\count291
\tag@help=\toks18
\row@=\count292
\column@=\count293
\maxfields@=\count294
\andhelp@=\toks19
\eqnshift@=\dimen152
\alignsep@=\dimen153
\tagshift@=\dimen154
\tagwidth@=\dimen155
\totwidth@=\dimen156
\lineht@=\dimen157
\@envbody=\toks20
\multlinegap=\skip52
\multlinetaggap=\skip53
\mathdisplay@stack=\toks21
LaTeX Info: Redefining \[ on input line 2950.
LaTeX Info: Redefining \] on input line 2951.
)
(/usr/local/texlive/2026basic/texmf-dist/tex/latex/amsfonts/amssymb.sty
Package: amssymb 2013/01/14 v3.01 AMS font symbols

(/usr/local/texlive/2026basic/texmf-dist/tex/latex/amsfonts/amsfonts.sty
Package: amsfonts 2013/01/14 v3.01 Basic AMSFonts support
\symAMSa=\mathgroup4
\symAMSb=\mathgroup5
LaTeX Font Info:    Redeclaring math symbol \hbar on input line 98.
LaTeX Font Info:    Overwriting math alphabet `\mathfrak' in version `bold'
(Font)                  U/euf/m/n --> U/euf/b/n on input line 106.
))
(/usr/local/texlive/2026basic/texmf-dist/tex/latex/amscls/amsthm.sty
Package: amsthm 2020/05/29 v2.20.6
\thm@style=\toks22
\thm@bodyfont=\toks23
\thm@headfont=\toks24
\thm@notefont=\toks25
\thm@headpunct=\toks26
\thm@preskip=\skip54
\thm@postskip=\skip55
\thm@headsep=\skip56
\dth@everypar=\toks27
)
(/usr/local/texlive/2026basic/texmf-dist/tex/latex/mathtools/mathtools.sty
Package: mathtools 2024/10/04 v1.31 mathematical typesetting tools

(/usr/local/texlive/2026basic/texmf-dist/tex/latex/graphics/keyval.sty
Package: keyval 2022/05/29 v1.15 key=value parser (DPC)
\KV@toks@=\toks28
)
(/usr/local/texlive/2026basic/texmf-dist/tex/latex/tools/calc.sty
Package: calc 2025/03/01 v4.3b Infix arithmetic (KKT,FJ)
\calc@Acount=\count295
\calc@Bcount=\count296
\calc@Adimen=\dimen158
\calc@Bdimen=\dimen159
\calc@Askip=\skip57
\calc@Bskip=\skip58
LaTeX Info: Redefining \setlength on input line 86.
LaTeX Info: Redefining \addtolength on input line 87.
\calc@Ccount=\count297
\calc@Cskip=\skip59
)
(/usr/local/texlive/2026basic/texmf-dist/tex/latex/mathtools/mhsetup.sty
Package: mhsetup 2021/03/18 v1.4 programming setup (MH)
)
\g_MT_multlinerow_int=\count298
\l_MT_multwidth_dim=\dimen160
\origjot=\skip60
\l_MT_shortvdotswithinadjustabove_dim=\dimen161
\l_MT_shortvdotswithinadjustbelow_dim=\dimen162
\l_MT_above_intertext_sep=\dimen163
\l_MT_below_intertext_sep=\dimen164
\l_MT_above_shortintertext_sep=\dimen165
\l_MT_below_shortintertext_sep=\dimen166
\xmathstrut@box=\box55
\xmathstrut@dim=\dimen167
)
(/usr/local/texlive/2026basic/texmf-dist/tex/latex/base/fontenc.sty
Package: fontenc 2025/07/18 v2.1d Standard LaTeX package
)
(/usr/local/texlive/2026basic/texmf-dist/tex/latex/hyperref/hyperref.sty
Package: hyperref 2026-01-29 v7.01p Hypertext links for LaTeX

(/usr/local/texlive/2026basic/texmf-dist/tex/generic/iftex/iftex.sty
Package: iftex 2024/12/12 v1.0g TeX engine tests
)
(/usr/local/texlive/2026basic/texmf-dist/tex/latex/kvsetkeys/kvsetkeys.sty
Package: kvsetkeys 2022-10-05 v1.19 Key value parser (HO)
)
(/usr/local/texlive/2026basic/texmf-dist/tex/generic/kvdefinekeys/kvdefinekeys.
sty
Package: kvdefinekeys 2019-12-19 v1.6 Define keys (HO)
)
(/usr/local/texlive/2026basic/texmf-dist/tex/generic/pdfescape/pdfescape.sty
Package: pdfescape 2019/12/09 v1.15 Implements pdfTeX's escape features (HO)

(/usr/local/texlive/2026basic/texmf-dist/tex/generic/ltxcmds/ltxcmds.sty
Package: ltxcmds 2023-12-04 v1.26 LaTeX kernel commands for general use (HO)
)
(/usr/local/texlive/2026basic/texmf-dist/tex/generic/pdftexcmds/pdftexcmds.sty
Package: pdftexcmds 2020-06-27 v0.33 Utility functions of pdfTeX for LuaTeX (HO
)

(/usr/local/texlive/2026basic/texmf-dist/tex/generic/infwarerr/infwarerr.sty
Package: infwarerr 2019/12/03 v1.5 Providing info/warning/error messages (HO)
)
Package pdftexcmds Info: \pdf@primitive is available.
Package pdftexcmds Info: \pdf@ifprimitive is available.
Package pdftexcmds Info: \pdfdraftmode found.
)) (/usr/local/texlive/2026basic/texmf-dist/tex/latex/hycolor/hycolor.sty
Package: hycolor 2020-01-27 v1.10 Color options for hyperref/bookmark (HO)
)
(/usr/local/texlive/2026basic/texmf-dist/tex/latex/hyperref/nameref.sty
Package: nameref 2026-01-29 v2.58 Cross-referencing by name of section

(/usr/local/texlive/2026basic/texmf-dist/tex/latex/refcount/refcount.sty
Package: refcount 2019/12/15 v3.6 Data extraction from label references (HO)
)
(/usr/local/texlive/2026basic/texmf-dist/tex/generic/gettitlestring/gettitlestr
ing.sty
Package: gettitlestring 2019/12/15 v1.6 Cleanup title references (HO)

(/usr/local/texlive/2026basic/texmf-dist/tex/latex/kvoptions/kvoptions.sty
Package: kvoptions 2022-06-15 v3.15 Key value format for package options (HO)
))
\c@section@level=\count299
)
(/usr/local/texlive/2026basic/texmf-dist/tex/latex/etoolbox/etoolbox.sty
Package: etoolbox 2025/10/02 v2.5m e-TeX tools for LaTeX (JAW)
\etb@tempcnta=\count300
)
(/usr/local/texlive/2026basic/texmf-dist/tex/generic/stringenc/stringenc.sty
Package: stringenc 2019/11/29 v1.12 Convert strings between diff. encodings (HO
)
)
\@linkdim=\dimen168
\Hy@linkcounter=\count301
\Hy@pagecounter=\count302

(/usr/local/texlive/2026basic/texmf-dist/tex/latex/hyperref/pd1enc.def
File: pd1enc.def 2026-01-29 v7.01p Hyperref: PDFDocEncoding definition (HO)
Now handling font encoding PD1 ...
... no UTF-8 mapping file for font encoding PD1
)
(/usr/local/texlive/2026basic/texmf-dist/tex/generic/intcalc/intcalc.sty
Package: intcalc 2019/12/15 v1.3 Expandable calculations with integers (HO)
)
\Hy@SavedSpaceFactor=\count303

(/usr/local/texlive/2026basic/texmf-dist/tex/latex/hyperref/puenc.def
File: puenc.def 2026-01-29 v7.01p Hyperref: PDF Unicode definition (HO)
Now handling font encoding PU ...
... no UTF-8 mapping file for font encoding PU
)
Package hyperref Info: Hyper figures OFF on input line 4201.
Package hyperref Info: Link nesting OFF on input line 4206.
Package hyperref Info: Hyper index ON on input line 4209.
Package hyperref Info: Plain pages OFF on input line 4216.
Package hyperref Info: Backreferencing OFF on input line 4221.
Package hyperref Info: Implicit mode ON; LaTeX internals redefined.
Package hyperref Info: Bookmarks ON on input line 4468.
\c@Hy@tempcnt=\count304

(/usr/local/texlive/2026basic/texmf-dist/tex/latex/url/url.sty
\Urlmuskip=\muskip18
Package: url 2013/09/16  ver 3.4  Verb mode for urls, etc.
)
LaTeX Info: Redefining \url on input line 4807.
\XeTeXLinkMargin=\dimen169

(/usr/local/texlive/2026basic/texmf-dist/tex/generic/bitset/bitset.sty
Package: bitset 2019/12/09 v1.3 Handle bit-vector datatype (HO)

(/usr/local/texlive/2026basic/texmf-dist/tex/generic/bigintcalc/bigintcalc.sty
Package: bigintcalc 2019/12/15 v1.5 Expandable calculations on big integers (HO
)
))
\Fld@menulength=\count305
\Field@Width=\dimen170
\Fld@charsize=\dimen171
Package hyperref Info: Hyper figures OFF on input line 6084.
Package hyperref Info: Link nesting OFF on input line 6089.
Package hyperref Info: Hyper index ON on input line 6092.
Package hyperref Info: backreferencing OFF on input line 6099.
Package hyperref Info: Link coloring OFF on input line 6104.
Package hyperref Info: Link coloring with OCG OFF on input line 6109.
Package hyperref Info: PDF/A mode OFF on input line 6114.
\Hy@abspage=\count306
\c@Item=\count307
\c@Hfootnote=\count308
)
Package hyperref Info: Driver (autodetected): hpdftex.
 (/usr/local/texlive/2026basic/texmf-dist/tex/latex/hyperref/hpdftex.def
File: hpdftex.def 2026-01-29 v7.01p Hyperref driver for pdfTeX
\Fld@listcount=\count309
\c@bookmark@seq@number=\count310

(/usr/local/texlive/2026basic/texmf-dist/tex/latex/rerunfilecheck/rerunfilechec
k.sty
Package: rerunfilecheck 2025-06-21 v1.11 Rerun checks for auxiliary files (HO)

(/usr/local/texlive/2026basic/texmf-dist/tex/generic/uniquecounter/uniquecounte
r.sty
Package: uniquecounter 2019/12/15 v1.4 Provide unlimited unique counter (HO)
)
Package uniquecounter Info: New unique counter `rerunfilecheck' on input line 2
84.
)
\Hy@SectionHShift=\skip61
)
(/usr/local/texlive/2026basic/texmf-dist/tex/latex/pgf/frontendlayer/tikz.sty
(/usr/local/texlive/2026basic/texmf-dist/tex/latex/pgf/basiclayer/pgf.sty
(/usr/local/texlive/2026basic/texmf-dist/tex/latex/pgf/utilities/pgfrcs.sty
(/usr/local/texlive/2026basic/texmf-dist/tex/generic/pgf/utilities/pgfutil-comm
on.tex
\pgfutil@everybye=\toks29
\pgfutil@tempdima=\dimen172
\pgfutil@tempdimb=\dimen173
)
(/usr/local/texlive/2026basic/texmf-dist/tex/generic/pgf/utilities/pgfutil-late
x.def
\pgfutil@abb=\box56
)
(/usr/local/texlive/2026basic/texmf-dist/tex/generic/pgf/utilities/pgfrcs.code.
tex (/usr/local/texlive/2026basic/texmf-dist/tex/generic/pgf/pgf.revision.tex)
Package: pgfrcs 2025-08-29 v3.1.11a (3.1.11a)
))
Package: pgf 2025-08-29 v3.1.11a (3.1.11a)
 (/usr/local/texlive/2026basic/texmf-dist/tex/latex/pgf/basiclayer/pgfcore.sty 
(/usr/local/texlive/2026basic/texmf-dist/tex/latex/graphics/graphicx.sty
Package: graphicx 2024/12/31 v1.2e Enhanced LaTeX Graphics (DPC,SPQR)

(/usr/local/texlive/2026basic/texmf-dist/tex/latex/graphics/graphics.sty
Package: graphics 2024/08/06 v1.4g Standard LaTeX Graphics (DPC,SPQR)

(/usr/local/texlive/2026basic/texmf-dist/tex/latex/graphics/trig.sty
Package: trig 2023/12/02 v1.11 sin cos tan (DPC)
)
(/usr/local/texlive/2026basic/texmf-dist/tex/latex/graphics-cfg/graphics.cfg
File: graphics.cfg 2016/06/04 v1.11 sample graphics configuration
)
Package graphics Info: Driver file: pdftex.def on input line 106.

(/usr/local/texlive/2026basic/texmf-dist/tex/latex/graphics-def/pdftex.def
File: pdftex.def 2025/09/29 v1.2d Graphics/color driver for pdftex
))
\Gin@req@height=\dimen174
\Gin@req@width=\dimen175
)
(/usr/local/texlive/2026basic/texmf-dist/tex/latex/pgf/systemlayer/pgfsys.sty
(/usr/local/texlive/2026basic/texmf-dist/tex/generic/pgf/systemlayer/pgfsys.cod
e.tex
Package: pgfsys 2025-08-29 v3.1.11a (3.1.11a)

(/usr/local/texlive/2026basic/texmf-dist/tex/generic/pgf/utilities/pgfkeys.code
.tex
\pgfkeys@pathtoks=\toks30
\pgfkeys@temptoks=\toks31

(/usr/local/texlive/2026basic/texmf-dist/tex/generic/pgf/utilities/pgfkeyslibra
ryfiltered.code.tex
\pgfkeys@tmptoks=\toks32
))
\pgf@x=\dimen176
\pgf@y=\dimen177
\pgf@xa=\dimen178
\pgf@ya=\dimen179
\pgf@xb=\dimen180
\pgf@yb=\dimen181
\pgf@xc=\dimen182
\pgf@yc=\dimen183
\pgf@xd=\dimen184
\pgf@yd=\dimen185
\w@pgf@writea=\write3
\r@pgf@reada=\read2
\c@pgf@counta=\count311
\c@pgf@countb=\count312
\c@pgf@countc=\count313
\c@pgf@countd=\count314
\t@pgf@toka=\toks33
\t@pgf@tokb=\toks34
\t@pgf@tokc=\toks35
\pgf@sys@id@count=\count315

(/usr/local/texlive/2026basic/texmf-dist/tex/generic/pgf/systemlayer/pgf.cfg
File: pgf.cfg 2025-08-29 v3.1.11a (3.1.11a)
)
Driver file for pgf: pgfsys-pdftex.def

(/usr/local/texlive/2026basic/texmf-dist/tex/generic/pgf/systemlayer/pgfsys-pdf
tex.def
File: pgfsys-pdftex.def 2025-08-29 v3.1.11a (3.1.11a)

(/usr/local/texlive/2026basic/texmf-dist/tex/generic/pgf/systemlayer/pgfsys-com
mon-pdf.def
File: pgfsys-common-pdf.def 2025-08-29 v3.1.11a (3.1.11a)
)))
(/usr/local/texlive/2026basic/texmf-dist/tex/generic/pgf/systemlayer/pgfsyssoft
path.code.tex
File: pgfsyssoftpath.code.tex 2025-08-29 v3.1.11a (3.1.11a)
\pgfsyssoftpath@smallbuffer@items=\count316
\pgfsyssoftpath@bigbuffer@items=\count317
)
(/usr/local/texlive/2026basic/texmf-dist/tex/generic/pgf/systemlayer/pgfsysprot
ocol.code.tex
File: pgfsysprotocol.code.tex 2025-08-29 v3.1.11a (3.1.11a)
))
(/usr/local/texlive/2026basic/texmf-dist/tex/latex/xcolor/xcolor.sty
Package: xcolor 2024/09/29 v3.02 LaTeX color extensions (UK)

(/usr/local/texlive/2026basic/texmf-dist/tex/latex/graphics-cfg/color.cfg
File: color.cfg 2016/01/02 v1.6 sample color configuration
)
Package xcolor Info: Driver file: pdftex.def on input line 274.

(/usr/local/texlive/2026basic/texmf-dist/tex/latex/graphics/mathcolor.ltx)
Package xcolor Info: Model `cmy' substituted by `cmy0' on input line 1349.
Package xcolor Info: Model `hsb' substituted by `rgb' on input line 1353.
Package xcolor Info: Model `RGB' extended on input line 1365.
Package xcolor Info: Model `HTML' substituted by `rgb' on input line 1367.
Package xcolor Info: Model `Hsb' substituted by `hsb' on input line 1368.
Package xcolor Info: Model `tHsb' substituted by `hsb' on input line 1369.
Package xcolor Info: Model `HSB' substituted by `hsb' on input line 1370.
Package xcolor Info: Model `Gray' substituted by `gray' on input line 1371.
Package xcolor Info: Model `wave' substituted by `hsb' on input line 1372.
)
(/usr/local/texlive/2026basic/texmf-dist/tex/generic/pgf/basiclayer/pgfcore.cod
e.tex
Package: pgfcore 2025-08-29 v3.1.11a (3.1.11a)

(/usr/local/texlive/2026basic/texmf-dist/tex/generic/pgf/math/pgfmath.code.tex
(/usr/local/texlive/2026basic/texmf-dist/tex/generic/pgf/math/pgfmathutil.code.
tex)
(/usr/local/texlive/2026basic/texmf-dist/tex/generic/pgf/math/pgfmathparser.cod
e.tex
\pgfmath@dimen=\dimen186
\pgfmath@count=\count318
\pgfmath@box=\box57
\pgfmath@toks=\toks36
\pgfmath@stack@operand=\toks37
\pgfmath@stack@operation=\toks38
)
(/usr/local/texlive/2026basic/texmf-dist/tex/generic/pgf/math/pgfmathfunctions.
code.tex)
(/usr/local/texlive/2026basic/texmf-dist/tex/generic/pgf/math/pgfmathfunctions.
basic.code.tex)
(/usr/local/texlive/2026basic/texmf-dist/tex/generic/pgf/math/pgfmathfunctions.
trigonometric.code.tex)
(/usr/local/texlive/2026basic/texmf-dist/tex/generic/pgf/math/pgfmathfunctions.
random.code.tex)
(/usr/local/texlive/2026basic/texmf-dist/tex/generic/pgf/math/pgfmathfunctions.
comparison.code.tex)
(/usr/local/texlive/2026basic/texmf-dist/tex/generic/pgf/math/pgfmathfunctions.
base.code.tex)
(/usr/local/texlive/2026basic/texmf-dist/tex/generic/pgf/math/pgfmathfunctions.
round.code.tex)
(/usr/local/texlive/2026basic/texmf-dist/tex/generic/pgf/math/pgfmathfunctions.
misc.code.tex)
(/usr/local/texlive/2026basic/texmf-dist/tex/generic/pgf/math/pgfmathfunctions.
integerarithmetics.code.tex)
(/usr/local/texlive/2026basic/texmf-dist/tex/generic/pgf/math/pgfmathcalc.code.
tex)
(/usr/local/texlive/2026basic/texmf-dist/tex/generic/pgf/math/pgfmathfloat.code
.tex
\c@pgfmathroundto@lastzeros=\count319
))
(/usr/local/texlive/2026basic/texmf-dist/tex/generic/pgf/math/pgfint.code.tex)
(/usr/local/texlive/2026basic/texmf-dist/tex/generic/pgf/basiclayer/pgfcorepoin
ts.code.tex
File: pgfcorepoints.code.tex 2025-08-29 v3.1.11a (3.1.11a)
\pgf@picminx=\dimen187
\pgf@picmaxx=\dimen188
\pgf@picminy=\dimen189
\pgf@picmaxy=\dimen190
\pgf@pathminx=\dimen191
\pgf@pathmaxx=\dimen192
\pgf@pathminy=\dimen193
\pgf@pathmaxy=\dimen194
\pgf@xx=\dimen195
\pgf@xy=\dimen196
\pgf@yx=\dimen197
\pgf@yy=\dimen198
\pgf@zx=\dimen199
\pgf@zy=\dimen256
)
(/usr/local/texlive/2026basic/texmf-dist/tex/generic/pgf/basiclayer/pgfcorepath
construct.code.tex
File: pgfcorepathconstruct.code.tex 2025-08-29 v3.1.11a (3.1.11a)
\pgf@path@lastx=\dimen257
\pgf@path@lasty=\dimen258
)
(/usr/local/texlive/2026basic/texmf-dist/tex/generic/pgf/basiclayer/pgfcorepath
usage.code.tex
File: pgfcorepathusage.code.tex 2025-08-29 v3.1.11a (3.1.11a)
\pgf@shorten@end@additional=\dimen259
\pgf@shorten@start@additional=\dimen260
)
(/usr/local/texlive/2026basic/texmf-dist/tex/generic/pgf/basiclayer/pgfcorescop
es.code.tex
File: pgfcorescopes.code.tex 2025-08-29 v3.1.11a (3.1.11a)
\pgfpic=\box58
\pgf@hbox=\box59
\pgf@layerbox@main=\box60
\pgf@picture@serial@count=\count320
)
(/usr/local/texlive/2026basic/texmf-dist/tex/generic/pgf/basiclayer/pgfcoregrap
hicstate.code.tex
File: pgfcoregraphicstate.code.tex 2025-08-29 v3.1.11a (3.1.11a)
\pgflinewidth=\dimen261
)
(/usr/local/texlive/2026basic/texmf-dist/tex/generic/pgf/basiclayer/pgfcoretran
sformations.code.tex
File: pgfcoretransformations.code.tex 2025-08-29 v3.1.11a (3.1.11a)
\pgf@pt@x=\dimen262
\pgf@pt@y=\dimen263
\pgf@pt@temp=\dimen264
)
(/usr/local/texlive/2026basic/texmf-dist/tex/generic/pgf/basiclayer/pgfcorequic
k.code.tex
File: pgfcorequick.code.tex 2025-08-29 v3.1.11a (3.1.11a)
)
(/usr/local/texlive/2026basic/texmf-dist/tex/generic/pgf/basiclayer/pgfcoreobje
cts.code.tex
File: pgfcoreobjects.code.tex 2025-08-29 v3.1.11a (3.1.11a)
)
(/usr/local/texlive/2026basic/texmf-dist/tex/generic/pgf/basiclayer/pgfcorepath
processing.code.tex
File: pgfcorepathprocessing.code.tex 2025-08-29 v3.1.11a (3.1.11a)
)
(/usr/local/texlive/2026basic/texmf-dist/tex/generic/pgf/basiclayer/pgfcorearro
ws.code.tex
File: pgfcorearrows.code.tex 2025-08-29 v3.1.11a (3.1.11a)
\pgfarrowsep=\dimen265
)
(/usr/local/texlive/2026basic/texmf-dist/tex/generic/pgf/basiclayer/pgfcoreshad
e.code.tex
File: pgfcoreshade.code.tex 2025-08-29 v3.1.11a (3.1.11a)
\pgf@max=\dimen266
\pgf@sys@shading@range@num=\count321
\pgf@shadingcount=\count322
)
(/usr/local/texlive/2026basic/texmf-dist/tex/generic/pgf/basiclayer/pgfcoreimag
e.code.tex
File: pgfcoreimage.code.tex 2025-08-29 v3.1.11a (3.1.11a)
)
(/usr/local/texlive/2026basic/texmf-dist/tex/generic/pgf/basiclayer/pgfcoreexte
rnal.code.tex
File: pgfcoreexternal.code.tex 2025-08-29 v3.1.11a (3.1.11a)
\pgfexternal@startupbox=\box61
)
(/usr/local/texlive/2026basic/texmf-dist/tex/generic/pgf/basiclayer/pgfcorelaye
rs.code.tex
File: pgfcorelayers.code.tex 2025-08-29 v3.1.11a (3.1.11a)
)
(/usr/local/texlive/2026basic/texmf-dist/tex/generic/pgf/basiclayer/pgfcoretran
sparency.code.tex
File: pgfcoretransparency.code.tex 2025-08-29 v3.1.11a (3.1.11a)
)
(/usr/local/texlive/2026basic/texmf-dist/tex/generic/pgf/basiclayer/pgfcorepatt
erns.code.tex
File: pgfcorepatterns.code.tex 2025-08-29 v3.1.11a (3.1.11a)
)
(/usr/local/texlive/2026basic/texmf-dist/tex/generic/pgf/basiclayer/pgfcorerdf.
code.tex
File: pgfcorerdf.code.tex 2025-08-29 v3.1.11a (3.1.11a)
)))
(/usr/local/texlive/2026basic/texmf-dist/tex/generic/pgf/modules/pgfmoduleshape
s.code.tex
File: pgfmoduleshapes.code.tex 2025-08-29 v3.1.11a (3.1.11a)
\pgfnodeparttextbox=\box62
)
(/usr/local/texlive/2026basic/texmf-dist/tex/generic/pgf/modules/pgfmoduleplot.
code.tex
File: pgfmoduleplot.code.tex 2025-08-29 v3.1.11a (3.1.11a)
)
(/usr/local/texlive/2026basic/texmf-dist/tex/latex/pgf/compatibility/pgfcomp-ve
rsion-0-65.sty
Package: pgfcomp-version-0-65 2025-08-29 v3.1.11a (3.1.11a)
\pgf@nodesepstart=\dimen267
\pgf@nodesepend=\dimen268
)
(/usr/local/texlive/2026basic/texmf-dist/tex/latex/pgf/compatibility/pgfcomp-ve
rsion-1-18.sty
Package: pgfcomp-version-1-18 2025-08-29 v3.1.11a (3.1.11a)
))
(/usr/local/texlive/2026basic/texmf-dist/tex/latex/pgf/utilities/pgffor.sty
(/usr/local/texlive/2026basic/texmf-dist/tex/latex/pgf/utilities/pgfkeys.sty
(/usr/local/texlive/2026basic/texmf-dist/tex/generic/pgf/utilities/pgfkeys.code
.tex)) (/usr/local/texlive/2026basic/texmf-dist/tex/latex/pgf/math/pgfmath.sty
(/usr/local/texlive/2026basic/texmf-dist/tex/generic/pgf/math/pgfmath.code.tex)
)
(/usr/local/texlive/2026basic/texmf-dist/tex/generic/pgf/utilities/pgffor.code.
tex
Package: pgffor 2025-08-29 v3.1.11a (3.1.11a)
\pgffor@iter=\dimen269
\pgffor@skip=\dimen270
\pgffor@stack=\toks39
\pgffor@toks=\toks40
))
(/usr/local/texlive/2026basic/texmf-dist/tex/generic/pgf/frontendlayer/tikz/tik
z.code.tex
Package: tikz 2025-08-29 v3.1.11a (3.1.11a)

(/usr/local/texlive/2026basic/texmf-dist/tex/generic/pgf/libraries/pgflibrarypl
othandlers.code.tex
File: pgflibraryplothandlers.code.tex 2025-08-29 v3.1.11a (3.1.11a)
\pgf@plot@mark@count=\count323
\pgfplotmarksize=\dimen271
)
\tikz@lastx=\dimen272
\tikz@lasty=\dimen273
\tikz@lastxsaved=\dimen274
\tikz@lastysaved=\dimen275
\tikz@lastmovetox=\dimen276
\tikz@lastmovetoy=\dimen277
\tikzleveldistance=\dimen278
\tikzsiblingdistance=\dimen279
\tikz@figbox=\box63
\tikz@figbox@bg=\box64
\tikz@tempbox=\box65
\tikz@tempbox@bg=\box66
\tikztreelevel=\count324
\tikznumberofchildren=\count325
\tikznumberofcurrentchild=\count326
\tikz@fig@count=\count327

(/usr/local/texlive/2026basic/texmf-dist/tex/generic/pgf/modules/pgfmodulematri
x.code.tex
File: pgfmodulematrix.code.tex 2025-08-29 v3.1.11a (3.1.11a)
\pgfmatrixcurrentrow=\count328
\pgfmatrixcurrentcolumn=\count329
\pgf@matrix@numberofcolumns=\count330
)
\tikz@expandcount=\count331

(/usr/local/texlive/2026basic/texmf-dist/tex/generic/pgf/frontendlayer/tikz/lib
raries/tikzlibrarytopaths.code.tex
File: tikzlibrarytopaths.code.tex 2025-08-29 v3.1.11a (3.1.11a)
)))
(/usr/local/texlive/2026basic/texmf-dist/tex/generic/pgf/frontendlayer/tikz/lib
raries/tikzlibrarypositioning.code.tex
File: tikzlibrarypositioning.code.tex 2025-08-29 v3.1.11a (3.1.11a)
)
(/usr/local/texlive/2026basic/texmf-dist/tex/latex/booktabs/booktabs.sty
Package: booktabs 2020/01/12 v1.61803398 Publication quality tables
\heavyrulewidth=\dimen280
\lightrulewidth=\dimen281
\cmidrulewidth=\dimen282
\belowrulesep=\dimen283
\belowbottomsep=\dimen284
\aboverulesep=\dimen285
\abovetopsep=\dimen286
\cmidrulesep=\dimen287
\cmidrulekern=\dimen288
\defaultaddspace=\dimen289
\@cmidla=\count332
\@cmidlb=\count333
\@aboverulesep=\dimen290
\@belowrulesep=\dimen291
\@thisruleclass=\count334
\@lastruleclass=\count335
\@thisrulewidth=\dimen292
)
(/usr/local/texlive/2026basic/texmf-dist/tex/latex/tools/longtable.sty
Package: longtable 2025-10-13 v4.24 Multi-page Table package (DPC)
\LTleft=\skip62
\LTright=\skip63
\LTpre=\skip64
\LTpost=\skip65
\LTchunksize=\count336
\LTcapwidth=\dimen293
\LT@head=\box67
\LT@firsthead=\box68
\LT@foot=\box69
\LT@lastfoot=\box70
\LT@gbox=\box71
\LT@cols=\count337
\LT@rows=\count338
\c@LT@tables=\count339
\c@LT@chunks=\count340
\LT@p@ftn=\toks41
)
(./enumitem.sty
Package: enumitem 2026/03/30 Minimal local fallback

(/usr/local/texlive/2026basic/texmf-dist/tex/latex/l3packages/xparse/xparse.sty
(/usr/local/texlive/2026basic/texmf-dist/tex/latex/l3kernel/expl3.sty
Package: expl3 2026-01-19 L3 programming layer (loader) 

(/usr/local/texlive/2026basic/texmf-dist/tex/latex/l3backend/l3backend-pdftex.d
ef
File: l3backend-pdftex.def 2025-10-09 L3 backend support: PDF output (pdfTeX)
\l__color_backend_stack_int=\count341
))
Package: xparse 2025-10-09 L3 Experimental document command parser
)) (/usr/local/texlive/2026basic/texmf-dist/tex/latex/caption/caption.sty
Package: caption 2023/08/05 v3.6o Customizing captions (AR)

(/usr/local/texlive/2026basic/texmf-dist/tex/latex/caption/caption3.sty
Package: caption3 2023/07/31 v2.4d caption3 kernel (AR)
\caption@tempdima=\dimen294
\captionmargin=\dimen295
\caption@leftmargin=\dimen296
\caption@rightmargin=\dimen297
\caption@width=\dimen298
\caption@indent=\dimen299
\caption@parindent=\dimen300
\caption@hangindent=\dimen301
Package caption Info: Standard document class detected.
)
\c@caption@flags=\count342
\c@continuedfloat=\count343
Package caption Info: hyperref package is loaded.
Package caption Info: longtable package is loaded.

(/usr/local/texlive/2026basic/texmf-dist/tex/latex/caption/ltcaption.sty
Package: ltcaption 2021/01/08 v1.4c longtable captions (AR)
))
(/usr/local/texlive/2026basic/texmf-dist/tex/latex/microtype/microtype.sty
Package: microtype 2026/03/01 v3.2d Micro-typographical refinements (RS)
\MT@toks=\toks42
\MT@tempbox=\box72
\MT@count=\count344
LaTeX Info: Redefining \noprotrusionifhmode on input line 1084.
LaTeX Info: Redefining \leftprotrusion on input line 1085.
\MT@prot@toks=\toks43
LaTeX Info: Redefining \rightprotrusion on input line 1104.
LaTeX Info: Redefining \textls on input line 1449.
\MT@outer@kern=\dimen302
LaTeX Info: Redefining \microtypecontext on input line 2053.
LaTeX Info: Redefining \textmicrotypecontext on input line 2070.
\MT@listname@count=\count345

(/usr/local/texlive/2026basic/texmf-dist/tex/latex/microtype/microtype-pdftex.d
ef
File: microtype-pdftex.def 2026/03/01 v3.2d Definitions specific to pdftex (RS)

LaTeX Info: Redefining \lsstyle on input line 944.
LaTeX Info: Redefining \lslig on input line 944.
\MT@outer@space=\skip66
)
Package microtype Info: Loading configuration file microtype.cfg.
 (/usr/local/texlive/2026basic/texmf-dist/tex/latex/microtype/microtype.cfg
File: microtype.cfg 2026/03/01 v3.2d microtype main configuration file (RS)
)
LaTeX Info: Redefining \microtypesetup on input line 3065.
) (./mdframed.sty
Package: mdframed 2026/03/30 Minimal local fallback
)
(/usr/local/texlive/2026basic/texmf-dist/tex/latex/lineno/lineno.sty
Package: lineno 2026/02/16 line numbers on paragraphs v5.7
\linenopenalty=\count346
\output=\toks44
\linenoprevgraf=\count347
\linenumbersep=\dimen303
\linenumberwidth=\dimen304
\c@linenumber=\count348
\c@pagewiselinenumber=\count349
\c@LN@truepage=\count350
\c@internallinenumber=\count351
\c@internallinenumbers=\count352
\quotelinenumbersep=\dimen305
\bframerule=\dimen306
\bframesep=\dimen307
\bframebox=\box73
\@LN@amsmath@ams@eqpen=\count353
)
(/usr/local/texlive/2026basic/texmf-dist/tex/latex/cite/cite.sty
LaTeX Info: Redefining \cite on input line 302.
LaTeX Info: Redefining \nocite on input line 332.
Package: cite 2015/02/27  v 5.5
)
\c@theorem=\count354
) (./main.aux)
\openout1 = `main.aux'.

LaTeX Font Info:    Checking defaults for OML/cmm/m/it on input line 10.
LaTeX Font Info:    ... okay on input line 10.
LaTeX Font Info:    Checking defaults for OMS/cmsy/m/n on input line 10.
LaTeX Font Info:    ... okay on input line 10.
LaTeX Font Info:    Checking defaults for OT1/cmr/m/n on input line 10.
LaTeX Font Info:    ... okay on input line 10.
LaTeX Font Info:    Checking defaults for T1/cmr/m/n on input line 10.
LaTeX Font Info:    ... okay on input line 10.
LaTeX Font Info:    Checking defaults for TS1/cmr/m/n on input line 10.
LaTeX Font Info:    ... okay on input line 10.
LaTeX Font Info:    Checking defaults for OMX/cmex/m/n on input line 10.
LaTeX Font Info:    ... okay on input line 10.
LaTeX Font Info:    Checking defaults for U/cmr/m/n on input line 10.
LaTeX Font Info:    ... okay on input line 10.
LaTeX Font Info:    Checking defaults for PD1/pdf/m/n on input line 10.
LaTeX Font Info:    ... okay on input line 10.
LaTeX Font Info:    Checking defaults for PU/pdf/m/n on input line 10.
LaTeX Font Info:    ... okay on input line 10.
Package hyperref Info: Link coloring OFF on input line 10.
\@outlinefile=\write4
\openout4 = `main.out'.

(/usr/local/texlive/2026basic/texmf-dist/tex/context/base/mkii/supp-pdf.mkii
[Loading MPS to PDF converter (version 2006.09.02).]
\scratchcounter=\count355
\scratchdimen=\dimen308
\scratchbox=\box74
\nofMPsegments=\count356
\nofMParguments=\count357
\everyMPshowfont=\toks45
\MPscratchCnt=\count358
\MPscratchDim=\dimen309
\MPnumerator=\count359
\makeMPintoPDFobject=\count360
\everyMPtoPDFconversion=\toks46
)
(/usr/local/texlive/2026basic/texmf-dist/tex/latex/epstopdf-pkg/epstopdf-base.s
ty
Package: epstopdf-base 2020-01-24 v2.11 Base part for package epstopdf
Package epstopdf-base Info: Redefining graphics rule for `.eps' on input line 4
85.

(/usr/local/texlive/2026basic/texmf-dist/tex/latex/latexconfig/epstopdf-sys.cfg
File: epstopdf-sys.cfg 2010/07/13 v1.3 Configuration of (r)epstopdf for TeX Liv
e
))
Package caption Info: Begin \AtBeginDocument code.
Package caption Info: End \AtBeginDocument code.
LaTeX Info: Redefining \microtypecontext on input line 10.
Package microtype Info: Applying patch `item' on input line 10.
Package microtype Info: Applying patch `toc' on input line 10.
Package microtype Info: Applying patch `eqnum' on input line 10.
Package microtype Info: Applying patch `footnote' on input line 10.
Package microtype Info: Applying patch `verbatim' on input line 10.
LaTeX Info: Redefining \microtypesetup on input line 10.
Package microtype Info: Generating PDF output.
Package microtype Info: Character protrusion enabled (level 2).
Package microtype Info: Using default protrusion set `alltext'.
Package microtype Info: No font expansion.
Package microtype Info: No adjustment of tracking.
Package microtype Info: No adjustment of interword spacing.
Package microtype Info: No adjustment of character kerning.
 (/usr/local/texlive/2026basic/texmf-dist/tex/latex/microtype/mt-cmr.cfg
File: mt-cmr.cfg 2013/05/19 v2.2 microtype config. file: Computer Modern Roman 
(RS)
)
(./title-abstract.tex
LaTeX Font Info:    Trying to load font information for U+msa on input line 28.


(/usr/local/texlive/2026basic/texmf-dist/tex/latex/amsfonts/umsa.fd
File: umsa.fd 2013/01/14 v3.01 AMS symbols A
)
(/usr/local/texlive/2026basic/texmf-dist/tex/latex/microtype/mt-msa.cfg
File: mt-msa.cfg 2006/02/04 v1.1 microtype config. file: AMS symbols (a) (RS)
)
LaTeX Font Info:    Trying to load font information for U+msb on input line 28.


(/usr/local/texlive/2026basic/texmf-dist/tex/latex/amsfonts/umsb.fd
File: umsb.fd 2013/01/14 v3.01 AMS symbols B
)
(/usr/local/texlive/2026basic/texmf-dist/tex/latex/microtype/mt-msb.cfg
File: mt-msb.cfg 2005/06/01 v1.0 microtype config. file: AMS symbols (b) (RS)
)
[1

{/usr/local/texlive/2026basic/texmf-var/fonts/map/pdftex/updmap/pdftex.map}]
Underfull \hbox (badness 1424) in paragraph at lines 40--41
\T1/cmr/bx/n/12 Keywords: \T1/cmr/m/n/12 Pen-rose in-equal-ity, an-gu-lar mo-me
n-tum, Kerr space-time,
 []

(./main.toc [2] [3] [4])
\tf@toc=\write5
\openout5 = `main.toc'.

) (./sec01-introduction.tex [5] [6]
Underfull \hbox (badness 1789) in paragraph at lines 44--45
[]\T1/cmr/bx/it/12 Auxiliary AM-Hawking mono-tonic-ity in-put: \T1/cmr/m/it/12 
Along the $\OML/cmm/m/it/12 p$\T1/cmr/m/it/12 -
 []


Underfull \hbox (badness 2221) in paragraph at lines 48--49
[]\T1/cmr/bx/it/12 Conformal mass com-par-i-son in-put: \T1/cmr/m/it/12 For the
 pos-i-tive AM-
 []

[7]
Underfull \hbox (badness 1052) in paragraph at lines 77--78
\T1/cmr/m/n/12 This does \T1/cmr/bx/n/12 not \T1/cmr/m/n/12 re-solve the fully 
gen-eral AM-Penrose con-jec-ture (non-
 []


Underfull \hbox (badness 1342) in paragraph at lines 80--83
\T1/cmr/m/n/12 AM-Lichnerowicz, angular-momentum-conservation, and sub-extremal
ity
 []

[8]
Underfull \hbox (badness 4913) in paragraph at lines 88--89
[]\T1/cmr/bx/n/12 AMO \T1/cmr/m/n/12 [[]1[]]: $\OML/cmm/m/it/12 p$\T1/cmr/m/n/1
2 -harmonic fo-li-a-tion to-gether with the stan-dard
 []

[9] [10] [11] [12] [13] [14] [15] [16]
Underfull \hbox (badness 3271) in paragraph at lines 283--284
[]\T1/cmr/bx/n/12 Gravitational wave events: \T1/cmr/m/n/12 In bi-nary black ho
le merg-ers
 []

[17] [18] [19] [20] [21] [22] [23] [24] [25] [26] [27]) (./sec02-kerr.tex
[28] [29]
Underfull \hbox (badness 1377) in paragraph at lines 69--70
[]\T1/cmr/bx/it/12 Extremal Kerr \T1/cmr/m/it/12 ($\OML/cmm/m/it/12 a \OT1/cmr/
m/n/12 = \OML/cmm/m/it/12 M$\T1/cmr/m/it/12 ): $\OML/cmm/m/it/12 A \OT1/cmr/m/n
/12 = 8\OML/cmm/m/it/12 ^^YM[]$\T1/cmr/m/it/12 , $\OML/cmm/m/it/12 J \OT1/cmr/m
/n/12 = \OML/cmm/m/it/12 M[]$\T1/cmr/m/it/12 , giv-ing
 []

[30] [31]) (./sec03-proof-outline.tex [32]
Underfull \hbox (badness 10000) in paragraph at lines 54--54
[]\T1/cmr/bx/n/10 Huisken--Ilmanen
 []


Underfull \hbox (badness 10000) in paragraph at lines 54--54
[]\T1/cmr/m/n/10 No (time-
 []


Underfull \hbox (badness 10000) in paragraph at lines 54--54
[]\T1/cmr/m/n/10 No (time-
 []


Underfull \hbox (badness 10000) in paragraph at lines 54--54
[]\T1/cmr/m/n/10 Curvature as-
 []


Underfull \hbox (badness 3323) in paragraph at lines 54--54
[]\T1/cmr/m/n/10 Boundary con-
 []


Underfull \hbox (badness 10000) in paragraph at lines 54--54
[]\T1/cmr/m/n/10 Weak so-lu-tion
 []


Underfull \hbox (badness 1137) in paragraph at lines 54--54
[]\T1/cmr/m/n/10 Horizons shrink to
 []


Underfull \hbox (badness 10000) in paragraph at lines 54--54
[]\T1/cmr/m/n/10 Monotonic
 []


Underfull \hbox (badness 10000) in paragraph at lines 54--54
[]\T1/cmr/m/n/10 AM-Hawking mass
 []


Underfull \hbox (badness 10000) in paragraph at lines 54--54
[]\T1/cmr/m/n/10 Multiple hori-
 []


Underfull \hbox (badness 10000) in paragraph at lines 54--54
[]\T1/cmr/m/n/10 Regularity re-
 []

[33] [34] [35]
Underfull \hbox (badness 10000) in paragraph at lines 221--221
[]\T1/cmr/bx/n/8 Inputs (Pre-req-ui-
 []


Underfull \hbox (badness 1019) in paragraph at lines 221--221
[]\T1/cmr/m/n/8 Thm []4.12[] (Jang
 []


Underfull \hbox (badness 10000) in paragraph at lines 221--221
[]\T1/cmr/m/n/8 Han--Khuri [[]29[]],
 []


Underfull \hbox (badness 10000) in paragraph at lines 221--221
[]$\OT1/cmr/m/n/8 (\OML/cmm/m/it/8 g; K\OT1/cmr/m/n/8 )$ \T1/cmr/m/n/8 ini-tial
 data,
 []


Underfull \hbox (badness 10000) in paragraph at lines 221--221
[]\T1/cmr/m/n/8 Thm []5.7[] (AM-
 []


Underfull \hbox (badness 1590) in paragraph at lines 221--221
[]\T1/cmr/m/n/8 Thm []4.12[], $\OML/cmm/m/it/8 R[] \OMS/cmsy/m/n/8 ^^U \OT1/cmr
/m/n/8 0$\T1/cmr/m/n/8 ,
 []


Underfull \hbox (badness 10000) in paragraph at lines 221--221
[]\T1/cmr/m/n/8 Thm []5.7[] + re-fined
 []


Underfull \hbox (badness 3396) in paragraph at lines 221--221
[]\T1/cmr/m/n/8 Lem []E.2[] (Mass
 []


Underfull \hbox (badness 10000) in paragraph at lines 221--221
\T1/cmr/m/n/8 com-par-i-son dis-
 []


Underfull \hbox (badness 10000) in paragraph at lines 221--221
[]\T1/cmr/m/n/8 Heuristic routes to-ward
 []


Underfull \hbox (badness 10000) in paragraph at lines 221--221
[]\T1/cmr/m/n/8 Thm []6.13[] ($\OML/cmm/m/it/8 J$\T1/cmr/m/n/8 -
 []


Underfull \hbox (badness 10000) in paragraph at lines 221--221
[]\T1/cmr/m/n/8 Lem []6.28[]
 []


Underfull \hbox (badness 10000) in paragraph at lines 221--221
\T1/cmr/m/n/8 ($\OML/cmm/m/it/8 p$\T1/cmr/m/n/8 -harmonic
 []


Underfull \hbox (badness 10000) in paragraph at lines 221--221
[]\T1/cmr/m/n/8 Thm []7.1[] (Sub-
 []


Underfull \hbox (badness 10000) in paragraph at lines 221--221
[]\T1/cmr/m/n/8 Stable MOTS (H4),
 []


Underfull \hbox (badness 1810) in paragraph at lines 221--221
[]\T1/cmr/m/n/8 Thm []6.25[] (Aux.
 []


Underfull \hbox (badness 10000) in paragraph at lines 221--221
\T1/cmr/m/n/8 AM-Hawking
 []


Underfull \hbox (badness 1009) in paragraph at lines 221--221
[]\T1/cmr/m/n/8 Prop []6.21[], Thm []6.13[],
 []


Underfull \hbox (badness 10000) in paragraph at lines 221--221
[]\T1/cmr/m/n/8 Auxiliary ro-tat-ing mono-
 []


Underfull \hbox (badness 3058) in paragraph at lines 221--221
[]\T1/cmr/m/n/8 Thm []1.2[] (Main
 []


Underfull \hbox (badness 3333) in paragraph at lines 221--221
\T1/cmr/m/n/8 mono-tonic-ity in-put +
 []


Underfull \hbox (badness 10000) in paragraph at lines 221--221
[]$\OML/cmm/m/it/8 M[] \OMS/cmsy/m/n/8 ^^U
 []


Underfull \hbox (badness 6608) in paragraph at lines 221--221
[]\T1/cmr/m/n/8 Thm []9.1[] (Con-
 []


Underfull \hbox (badness 4634) in paragraph at lines 221--221
\T1/cmr/m/n/8 di-tional equal-ity
 []


Underfull \hbox (badness 4048) in paragraph at lines 221--221
[]\T1/cmr/m/n/8 Mars [[]83[]], Bäckdahl--
 []

[36] [37] [38] [39] [40]
Underfull \hbox (badness 1622) in paragraph at lines 274--275
[]\T1/cmr/bx/n/12 AM-Lichnerowicz \T1/cmr/m/n/12 (Ÿ[]5[]): The angular-momentum
-modified Lich-
 []


Underfull \hbox (badness 10000) in paragraph at lines 305--305
[]\T1/cmr/m/n/10.95 Twist per-tur-ba-tion
 []


Underfull \hbox (badness 10000) in paragraph at lines 305--305
[]\T1/cmr/m/n/10.95 Thm []4.12[],
 []


Underfull \hbox (badness 10000) in paragraph at lines 305--305
[]\T1/cmr/m/n/10.95 Lem []5.8[],
 []


Underfull \hbox (badness 10000) in paragraph at lines 305--305
[]\T1/cmr/m/n/10.95 Thm []6.13[],
 []


Underfull \hbox (badness 1642) in paragraph at lines 305--305
[]\T1/cmr/m/n/10.95 Sub-extremality fac-
 []


Underfull \hbox (badness 10000) in paragraph at lines 305--305
[]\T1/cmr/m/n/10.95 Thm []6.25[],
 []


Underfull \hbox (badness 2556) in paragraph at lines 305--305
[]\T1/cmr/m/n/10.95 AM-Hawking mono-
 []


Underfull \hbox (badness 2717) in paragraph at lines 305--305
[]$\OML/cmm/m/it/10.95 p$\T1/cmr/m/n/10.95 -harmonic uni-form
 []

[41] [42] [43] [44]) (./sec04-jang.tex [45] [46]
Underfull \hbox (badness 1902) in paragraph at lines 80--81
[]\T1/cmr/m/n/12 This def-i-ni-tion fol-lows Andersson--Mars--Simon [[]6[]] and
 Andersson--
 []

[47] [48] [49] [50] [51] [52] [53] [54] [55] [56] [57] [58] [59] [60]
Underfull \hbox (badness 10000) in paragraph at lines 482--482
[]\T1/cmr/bx/n/12 Mathematical
 []


Underfull \hbox (badness 10000) in paragraph at lines 484--484
[]\T1/cmr/m/n/12 Twist po-ten-tial
 []


Underfull \hbox (badness 10000) in paragraph at lines 486--486
[]\T1/cmr/m/n/12 Gradient nor-mal-
 []


Underfull \hbox (badness 10000) in paragraph at lines 486--486
[]\T1/cmr/m/n/12 Log blow-up of
 []


Underfull \hbox (badness 10000) in paragraph at lines 486--487
[]$[] \OT1/cmr/m/n/12 =
 []

[61] [62] [63] [64] [65] [66] [67] [68]
Underfull \hbox (badness 1325) in paragraph at lines 721--723
[][]\T1/cmr/bx/n/12 Lemma 4.15 \T1/cmr/m/n/12 (Per-tur-ba-tion Sta-bil-ity for 
Blow-Up Asymp-totics)\T1/cmr/bx/n/12 . []\T1/cmr/m/it/12 Let
 []

[69] [70] [71] [72] [73] [74] [75]
Underfull \hbox (badness 1910) in paragraph at lines 907--908
[]\T1/cmr/m/n/12 The blow-up asymp-totics $\OMS/cmsy/m/n/12 jr\OML/cmm/m/it/12 
f\OMS/cmsy/m/n/12 j ^^X \OML/cmm/m/it/12 C[]=s$ \T1/cmr/m/n/12 (from Han--Khuri
 [[]29[],
 []

) (./sec05-lichnerowicz.tex [76]
Underfull \hbox (badness 1102) in paragraph at lines 32--33
[][]\T1/cmr/bx/n/12 Definition 5.3 \T1/cmr/m/n/12 (AM-Lich-nerow-icz Op-er-a-to
r)\T1/cmr/bx/n/12 . []\T1/cmr/m/n/12 The angular-momentum-
 []

[77] [78] [79] [80] [81] [82] [83]
Underfull \hbox (badness 4096) in paragraph at lines 229--230
[]\T1/cmr/m/n/12 Part (ii): Un-der the cylin-dri-cal de-cay hy-poth-e-sis recor
ded in
 []

[84]) (./sec06-amo.tex [85] [86] [87] [88] [89]
Underfull \hbox (badness 4752) in paragraph at lines 167--167
[]\T1/cmr/bx/n/12 Summary: An-gu-lar Mo-men-tum Con-ser-va-tion (The-o-
 []

[90] [91] [92] [93] [94]
Underfull \hbox (badness 1946) in paragraph at lines 292--293
[][]\T1/cmr/bx/n/12 Theorem 6.13 \T1/cmr/m/n/12 (An-gu-lar Mo-men-tum Con-ser-v
a-tion----Topo-log-i-cal)\T1/cmr/bx/n/12 . []\T1/cmr/m/it/12 Let
 []

[95] [96] [97] [98] [99]
Underfull \hbox (badness 10000) in paragraph at lines 486--486
[]\T1/cmr/m/n/12 Non-negative in-te-
 []


Underfull \hbox (badness 3058) in paragraph at lines 486--486
[]\T1/cmr/m/n/12 Thm []5.7[]: AM-Lich.
 []


Underfull \hbox (badness 1184) in paragraph at lines 486--486
[]\T1/cmr/m/n/12 Vacuum in ex-te-
 []


Underfull \hbox (badness 10000) in paragraph at lines 486--486
[]$\OML/cmm/m/it/12 J$\T1/cmr/m/n/12 -conservation
 []


Underfull \hbox (badness 10000) in paragraph at lines 486--486
[]\T1/cmr/m/n/12 Hypothesis (H2) of
 []


Underfull \hbox (badness 10000) in paragraph at lines 486--486
[]\T1/cmr/m/n/12 Integration well-
 []


Underfull \hbox (badness 4634) in paragraph at lines 486--486
[]\T1/cmr/m/n/12 Rem []6.4[]: $\OML/cmm/m/it/12 C[]$ \T1/cmr/m/n/12 by
 []


Underfull \hbox (badness 10000) in paragraph at lines 486--486
[]\T1/cmr/m/n/12 Stokes for $\OML/cmm/m/it/12 J$\T1/cmr/m/n/12 -
 []


Underfull \hbox (badness 1946) in paragraph at lines 486--486
[]\T1/cmr/m/n/12 Lem []6.6[]: level sets
 []

[100] [101]
Underfull \hbox (badness 1281) in paragraph at lines 508--510
[]\T1/cmr/bx/n/12 (ii) \T1/cmr/m/n/12 By Lemma []6.9[], along the AMO fo-li-a-t
ion we have $\OML/cmm/m/it/12 W\OT1/cmr/m/n/12 (\OML/cmm/m/it/12 t\OT1/cmr/m/n/
12 ) =
 []

[102] [103] [104] [105]
Underfull \hbox (badness 1424) in paragraph at lines 630--631
[]\T1/cmr/bx/n/12 Subsequential com-pact-ness on reg-u-lar slabs: \T1/cmr/m/n/1
2 sup-plied by
 []

[106] [107] [108]
Underfull \hbox (badness 10000) in paragraph at lines 711--712
[][]\T1/cmr/m/n/12 By
 []

[109] [110] [111]) (./sec07-subextremality.tex [112] [113] [114] [115] [116]
[117]) (./sec08-synthesis.tex [118] [119]
Underfull \hbox (badness 2359) in paragraph at lines 41--42
[]\T1/cmr/bx/n/12 Conformal mass com-par-i-son: \T1/cmr/m/n/12 Pro-vides the fi
-nal in-equal-ity
 []

[120] [121] [122] [123] [124] [125] [126] [127] [128]) (./sec09-rigidity.tex
[129]) (./sec10-extensions.tex
Underfull \hbox (badness 1762) in paragraph at lines 23--24
[]\T1/cmr/m/n/12 Charged Pen-rose In-equal-ity (Ÿ[]10.1[]):
 []


Underfull \hbox (badness 10000) in paragraph at lines 26--26
[]\T1/cmr/bx/n/12 CONJECTURED /
 []


Underfull \hbox (badness 1320) in paragraph at lines 28--29
[]\T1/cmr/m/n/12 Kerr-Newman (ro-tat-ing + charged):
 []

[130] [131] [132] [133] [134]
Underfull \hbox (badness 10000) in paragraph at lines 146--147
[][]\T1/cmr/bx/n/12 Proposition 10.7 \T1/cmr/m/n/12 (Reiss-ner-Nord-ström Sat-u
-ra-tion)\T1/cmr/bx/n/12 . []\T1/cmr/m/it/12 The Reissner-
 []

[135]
Underfull \hbox (badness 10000) in paragraph at lines 213--214
[]\T1/cmr/m/n/12 We ex-plain how the Jang--
 []

[136] [137] [138] [139]
Underfull \hbox (badness 2005) in paragraph at lines 368--369
\T1/cmr/m/n/12 Our con-tri-bu-tion is to iso-late a plau-si-ble Jang--AMO route
 to the
 []

[140] [141]
Underfull \hbox (badness 3179) in paragraph at lines 412--412
[]\T1/cmr/bx/n/14.4 Additional Corol-lar-ies and Im-me-di-ate Con-se-
 []

[142] [143] [144] [145]
Underfull \hbox (badness 4479) in paragraph at lines 574--574
[]\T1/cmr/bx/n/12 Combined Mass-Area-Charge-Angular Mo-men-tum In-
 []

[146] [147] [148] [149] [150] [151] [152] [153]
Underfull \hbox (badness 4168) in paragraph at lines 858--858
[]\T1/cmr/bx/n/10.95 Mass Def-i-ni-
 []


Underfull \hbox (badness 10000) in paragraph at lines 858--858
[]\T1/cmr/m/n/10.95 AM-Hawking
 []


Underfull \hbox (badness 5274) in paragraph at lines 858--858
[]\T1/cmr/m/n/10.95 Monotonic un-der AMO
 []


Underfull \hbox (badness 1776) in paragraph at lines 858--858
[]\T1/cmr/m/n/10.95 Quasi-local; in-cor-po-rates
 []


Underfull \hbox (badness 1490) in paragraph at lines 858--858
\T1/cmr/m/n/10.95 tion; pos-i-tive for mean-
 []

[154] [155] [156]) (./sec13-conclusion.tex [157] [158] [159] [160] [161]
[162] [163] [164] [165]) (./sec11-numerical.tex [166]
Underfull \hbox (badness 4713) in paragraph at lines 16--17
[]\T1/cmr/m/n/12 They have \T1/cmr/bx/n/12 no pro-ba-tive value \T1/cmr/m/n/12 
for the infinite-dimensional
 []

[167]
Package microtype Info: Loading generic protrusion settings for font family
(microtype)             `cmtt' (encoding: T1).
(microtype)             For optimal results, create family-specific settings.
(microtype)             See the microtype manual for details.
 [168] [169]
Underfull \hbox (badness 2293) in paragraph at lines 125--127
[][]\T1/cmr/bx/n/12 Example A.3 \T1/cmr/m/n/12 (Near-Ex-tremal Case: $\OML/cmm/
m/it/12 a \OT1/cmr/m/n/12 = 0\OML/cmm/m/it/12 :\OT1/cmr/m/n/12 999\OML/cmm/m/it
/12 M$\T1/cmr/m/n/12 )\T1/cmr/bx/n/12 . []\T1/cmr/m/n/12 For a near-
 []

[170] [171]) (./sec12-technical.tex [172]
Underfull \hbox (badness 1189) in paragraph at lines 9--10
\T1/cmr/m/n/12 o-rem []5.7[]) is an-a-lyzed us-ing the Bray--Khuri di-ver-gence
 iden-tity
 []

[173] [174] [175] [176] [177] [178]) (./app01-amo-estimates.tex [179] [180])
(./app02-schauder.tex [181] [182] [183] [184]) (./app03-supersolution.tex
[185] [186] [187] [188] [189] [190] [191] [192] [193]
Underfull \hbox (badness 4254) in paragraph at lines 272--273
[]\T1/cmr/bx/n/12 Pedagogical value: \T1/cmr/m/n/12 The two ap-proaches il-lus-
trate dif-fer-ent
 []

) (./app04-subext-improvement.tex [194]) (./app05-mars-simon.tex [195]
LaTeX Font Info:    Trying to load font information for U+euf on input line 11.


(/usr/local/texlive/2026basic/texmf-dist/tex/latex/amsfonts/ueuf.fd
File: ueuf.fd 2013/01/14 v3.01 Euler Fraktur
)
(/usr/local/texlive/2026basic/texmf-dist/tex/latex/microtype/mt-euf.cfg
File: mt-euf.cfg 2006/07/03 v1.1 microtype config. file: AMS Euler Fraktur (RS)

)
Underfull \hbox (badness 3701) in paragraph at lines 29--31
[][]\T1/cmr/bx/n/12 Definition G.3 \T1/cmr/m/n/12 (Ax-isym-met-ric Vac-uum Ini-
tial Data)\T1/cmr/bx/n/12 . []\T1/cmr/m/n/12 Ini-tial data
 []

[196]
Underfull \hbox (badness 2961) in paragraph at lines 80--81
[][]\T1/cmr/bx/n/12 Definition G.8 \T1/cmr/m/n/12 (Si-mon Ten-sor----Co-or-di-n
ate-In-de-pen-dent Form)\T1/cmr/bx/n/12 . []\T1/cmr/m/n/12 For
 []

[197] [198]
Overfull \hbox (10.47734pt too wide) in paragraph at lines 142--144
[][]\T1/cmr/m/it/12 Remark \T1/cmr/m/n/12 G.12 (Sum-mary of Well-De-fined-ness)
\T1/cmr/m/it/12 . []\T1/cmr/m/n/12 For \T1/cmr/bx/n/12 stationary-axisymmetric
 []

[199] [200]) (./app06-function-spaces.tex [201]
Underfull \hbox (badness 10000) in paragraph at lines 25--25
[]\T1/cmr/bx/n/8 External Re-
 []


Underfull \hbox (badness 10000) in paragraph at lines 25--25
[]\T1/cmr/m/n/8 Lockhart--
 []


Underfull \hbox (badness 3189) in paragraph at lines 25--25
[]\T1/cmr/m/n/8 Mars--Simon [[]37[],
 []

[202] [203] [204] [205] [206]) (./acknowledgments.tex [207])
(./bibliography.tex [208] [209] [210] [211] [212] [213] [214]
Underfull \hbox (badness 2005) in paragraph at lines 331--332
[]\T1/cmr/m/n/12 Joseph Her-sch, \T1/cmr/m/it/12 Qua-tre pro-priétés isopérimét
riques de mem-branes
 []

[215]) [216] (./main.aux)
 ***********
LaTeX2e <2025-11-01>
L3 programming layer <2026-01-19>
 ***********
Package rerunfilecheck Info: File `main.out' has not changed.
(rerunfilecheck)             Checksum: 39F12BDDCEC46A77052B57BA77CBD7EE;18874.
 ) 
Here is how much of TeX's memory you used:
 27184 strings out of 469006
 494330 string characters out of 5454814
 915863 words of memory out of 5000000
 54235 multiletter control sequences out of 15000+600000
 662674 words of font info for 131 fonts, out of 8000000 for 9000
 319 hyphenation exceptions out of 8191
 107i,17n,110p,1361b,957s stack positions out of 10000i,1000n,20000p,200000b,200000s

pdfTeX warning: \pdfdraftmode enabled, not changing output pdf

PDF statistics:
 2798 PDF objects out of 2984 (max. 8388607)
 1149 named destinations out of 1200 (max. 500000)
 20493 words of extra memory for PDF output out of 20736 (max. 10000000)

