\BOOKMARK [1][-]{section.1}{\376\377\000I\000n\000t\000r\000o\000d\000u\000c\000t\000i\000o\000n}{}% 1
\BOOKMARK [2][-]{subsection.1.1}{\376\377\000B\000a\000c\000k\000g\000r\000o\000u\000n\000d}{section.1}% 2
\BOOKMARK [2][-]{subsection.1.2}{\376\377\000M\000a\000i\000n\000\040\000R\000e\000s\000u\000l\000t}{section.1}% 3
\BOOKMARK [2][-]{subsection.1.3}{\376\377\000R\000e\000l\000a\000t\000i\000o\000n\000\040\000t\000o\000\040\000P\000r\000i\000o\000r\000\040\000W\000o\000r\000k}{section.1}% 4
\BOOKMARK [2][-]{subsection.1.4}{\376\377\000O\000r\000g\000a\000n\000i\000z\000a\000t\000i\000o\000n}{section.1}% 5
\BOOKMARK [1][-]{section.2}{\376\377\000V\000e\000r\000i\000f\000i\000c\000a\000t\000i\000o\000n\000\040\000f\000o\000r\000\040\000K\000e\000r\000r\000\040\000S\000p\000a\000c\000e\000t\000i\000m\000e}{}% 6
\BOOKMARK [1][-]{section.3}{\376\377\000P\000r\000o\000o\000f\000\040\000S\000t\000r\000a\000t\000e\000g\000y}{}% 7
\BOOKMARK [2][-]{subsection.3.1}{\376\377\000O\000u\000t\000l\000i\000n\000e}{section.3}% 8
\BOOKMARK [2][-]{subsection.3.2}{\376\377\000T\000e\000c\000h\000n\000i\000c\000a\000l\000\040\000R\000e\000s\000u\000l\000t\000s}{section.3}% 9
\BOOKMARK [2][-]{subsection.3.3}{\376\377\000B\000o\000u\000n\000d\000e\000d\000\040\000G\000e\000o\000m\000e\000t\000r\000y}{section.3}% 10
\BOOKMARK [1][-]{section.4}{\376\377\000S\000t\000a\000g\000e\000\040\0001\000:\000\040\000A\000x\000i\000s\000y\000m\000m\000e\000t\000r\000i\000c\000\040\000J\000a\000n\000g\000\040\000E\000q\000u\000a\000t\000i\000o\000n}{}% 11
\BOOKMARK [2][-]{subsection.4.1}{\376\377\000F\000u\000n\000c\000t\000i\000o\000n\000\040\000S\000p\000a\000c\000e\000s}{section.4}% 12
\BOOKMARK [2][-]{subsection.4.2}{\376\377\000T\000h\000e\000\040\000G\000e\000n\000e\000r\000a\000l\000i\000z\000e\000d\000\040\000J\000a\000n\000g\000\040\000E\000q\000u\000a\000t\000i\000o\000n}{section.4}% 13
\BOOKMARK [2][-]{subsection.4.3}{\376\377\000A\000x\000i\000s\000y\000m\000m\000e\000t\000r\000i\000c\000\040\000S\000e\000t\000t\000i\000n\000g}{section.4}% 14
\BOOKMARK [1][-]{section.5}{\376\377\000S\000t\000a\000g\000e\000\040\0002\000:\000\040\000A\000M\000-\000L\000i\000c\000h\000n\000e\000r\000o\000w\000i\000c\000z\000\040\000E\000q\000u\000a\000t\000i\000o\000n}{}% 15
\BOOKMARK [2][-]{subsection.5.1}{\376\377\000T\000h\000e\000\040\000C\000o\000n\000f\000o\000r\000m\000a\000l\000\040\000E\000q\000u\000a\000t\000i\000o\000n}{section.5}% 16
\BOOKMARK [1][-]{section.6}{\376\377\000S\000t\000a\000g\000e\000\040\0003\000:\000\040\000A\000M\000O\000\040\000F\000l\000o\000w\000\040\000w\000i\000t\000h\000\040\000A\000n\000g\000u\000l\000a\000r\000\040\000M\000o\000m\000e\000n\000t\000u\000m}{}% 17
\BOOKMARK [2][-]{subsection.6.1}{\376\377\000T\000h\000e\000\040\000p\000-\000H\000a\000r\000m\000o\000n\000i\000c\000\040\000P\000o\000t\000e\000n\000t\000i\000a\000l}{section.6}% 18
\BOOKMARK [2][-]{subsection.6.2}{\376\377\000T\000h\000e\000\040\000A\000M\000-\000A\000M\000O\000\040\000F\000u\000n\000c\000t\000i\000o\000n\000a\000l}{section.6}% 19
\BOOKMARK [2][-]{subsection.6.3}{\376\377\000A\000n\000g\000u\000l\000a\000r\000\040\000M\000o\000m\000e\000n\000t\000u\000m\000\040\000C\000o\000n\000s\000e\000r\000v\000a\000t\000i\000o\000n}{section.6}% 20
\BOOKMARK [2][-]{subsection.6.4}{\376\377\000M\000o\000n\000o\000t\000o\000n\000i\000c\000i\000t\000y}{section.6}% 21
\BOOKMARK [1][-]{section.7}{\376\377\000S\000t\000a\000g\000e\000\040\0004\000:\000\040\000S\000u\000b\000-\000E\000x\000t\000r\000e\000m\000a\000l\000i\000t\000y}{}% 22
\BOOKMARK [1][-]{section.8}{\376\377\000S\000y\000n\000t\000h\000e\000s\000i\000s\000:\000\040\000C\000o\000m\000p\000l\000e\000t\000e\000\040\000P\000r\000o\000o\000f}{}% 23
\BOOKMARK [1][-]{section.9}{\376\377\000R\000i\000g\000i\000d\000i\000t\000y}{}% 24
\BOOKMARK [1][-]{section.10}{\376\377\000E\000x\000t\000e\000n\000s\000i\000o\000n\000s\000\040\000a\000n\000d\000\040\000O\000p\000e\000n\000\040\000P\000r\000o\000b\000l\000e\000m\000s}{}% 25
\BOOKMARK [2][-]{subsection.10.1}{\376\377\000T\000h\000e\000\040\000C\000h\000a\000r\000g\000e\000d\000\040\000P\000e\000n\000r\000o\000s\000e\000\040\000I\000n\000e\000q\000u\000a\000l\000i\000t\000y\000\040\000\050\000N\000o\000n\000-\000R\000o\000t\000a\000t\000i\000n\000g\000\040\000C\000a\000s\000e\000\051}{section.10}% 26
\BOOKMARK [2][-]{subsection.10.2}{\376\377\000A\000d\000d\000i\000t\000i\000o\000n\000a\000l\000\040\000C\000o\000r\000o\000l\000l\000a\000r\000i\000e\000s\000\040\000a\000n\000d\000\040\000I\000m\000m\000e\000d\000i\000a\000t\000e\000\040\000C\000o\000n\000s\000e\000q\000u\000e\000n\000c\000e\000s}{section.10}% 27
\BOOKMARK [2][-]{subsection.10.3}{\376\377\000T\000h\000e\000\040\000F\000u\000l\000l\000\040\000K\000e\000r\000r\000-\000N\000e\000w\000m\000a\000n\000\040\000I\000n\000e\000q\000u\000a\000l\000i\000t\000y\000\040\000\050\000C\000o\000n\000j\000e\000c\000t\000u\000r\000e\000\051}{section.10}% 28
\BOOKMARK [2][-]{subsection.10.4}{\376\377\000N\000u\000m\000e\000r\000i\000c\000a\000l\000\040\000E\000v\000i\000d\000e\000n\000c\000e\000\040\000a\000n\000d\000\040\000V\000e\000r\000i\000f\000i\000c\000a\000t\000i\000o\000n}{section.10}% 29
\BOOKMARK [2][-]{subsection.10.5}{\376\377\000M\000u\000l\000t\000i\000p\000l\000e\000\040\000H\000o\000r\000i\000z\000o\000n\000s}{section.10}% 30
\BOOKMARK [2][-]{subsection.10.6}{\376\377\000N\000o\000n\000-\000A\000x\000i\000s\000y\000m\000m\000e\000t\000r\000i\000c\000\040\000D\000a\000t\000a}{section.10}% 31
\BOOKMARK [2][-]{subsection.10.7}{\376\377\000D\000y\000n\000a\000m\000i\000c\000a\000l\000\040\000H\000o\000r\000i\000z\000o\000n\000s}{section.10}% 32
\BOOKMARK [2][-]{subsection.10.8}{\376\377\000C\000o\000s\000m\000i\000c\000\040\000C\000e\000n\000s\000o\000r\000s\000h\000i\000p\000\040\000I\000n\000e\000q\000u\000a\000l\000i\000t\000i\000e\000s\000\040\000f\000o\000r\000\040\000G\000e\000n\000e\000r\000a\000l\000\040\000B\000l\000a\000c\000k\000\040\000H\000o\000l\000e\000s}{section.10}% 33
\BOOKMARK [1][-]{section.11}{\376\377\000C\000o\000n\000c\000l\000u\000s\000i\000o\000n}{}% 34
\BOOKMARK [2][-]{subsection.11.1}{\376\377\000O\000p\000e\000n\000\040\000P\000r\000o\000b\000l\000e\000m\000s}{section.11}% 35
\BOOKMARK [2][-]{subsection.11.2}{\376\377\000R\000e\000l\000a\000t\000i\000o\000n\000\040\000t\000o\000\040\000C\000o\000s\000m\000i\000c\000\040\000C\000e\000n\000s\000o\000r\000s\000h\000i\000p}{section.11}% 36
\BOOKMARK [2][-]{subsection.11.3}{\376\377\000T\000e\000c\000h\000n\000i\000c\000a\000l\000\040\000R\000e\000m\000a\000r\000k\000s}{section.11}% 37
\BOOKMARK [1][-]{appendix.A}{\376\377\000N\000u\000m\000e\000r\000i\000c\000a\000l\000\040\000I\000l\000l\000u\000s\000t\000r\000a\000t\000i\000o\000n\000s}{}% 38
\BOOKMARK [2][-]{subsection.A.1}{\376\377\000T\000e\000s\000t\000\040\000S\000u\000m\000m\000a\000r\000y}{appendix.A}% 39
\BOOKMARK [2][-]{subsection.A.2}{\376\377\000K\000e\000r\000r\000\040\000F\000a\000m\000i\000l\000y\000\040\000V\000e\000r\000i\000f\000i\000c\000a\000t\000i\000o\000n}{appendix.A}% 40
\BOOKMARK [2][-]{subsection.A.3}{\376\377\000W\000o\000r\000k\000e\000d\000\040\000E\000x\000a\000m\000p\000l\000e\000:\000\040\000E\000x\000p\000l\000i\000c\000i\000t\000\040\000V\000e\000r\000i\000f\000i\000c\000a\000t\000i\000o\000n\000\040\000f\000o\000r\000\040\000K\000e\000r\000r}{appendix.A}% 41
\BOOKMARK [2][-]{subsection.A.4}{\376\377\000P\000e\000r\000t\000u\000r\000b\000e\000d\000\040\000K\000e\000r\000r\000:\000\040\000T\000e\000s\000t\000i\000n\000g\000\040\000t\000h\000e\000\040\000S\000t\000r\000i\000c\000t\000\040\000I\000n\000e\000q\000u\000a\000l\000i\000t\000y}{appendix.A}% 42
\BOOKMARK [1][-]{appendix.B}{\376\377\000T\000e\000c\000h\000n\000i\000c\000a\000l\000\040\000F\000o\000u\000n\000d\000a\000t\000i\000o\000n\000s}{}% 43
\BOOKMARK [2][-]{subsection.B.1}{\376\377\000C\000r\000i\000t\000i\000c\000a\000l\000\040\000E\000s\000t\000i\000m\000a\000t\000e\000s}{appendix.B}% 44
\BOOKMARK [2][-]{subsection.B.2}{\376\377\000B\000o\000u\000n\000d\000a\000r\000y\000\040\000T\000e\000r\000m\000s\000\040\000o\000n\000\040\000C\000y\000l\000i\000n\000d\000r\000i\000c\000a\000l\000\040\000E\000n\000d\000s}{appendix.B}% 45
\BOOKMARK [1][-]{appendix.C}{\376\377\000K\000e\000y\000\040\000A\000M\000O\000\040\000E\000s\000t\000i\000m\000a\000t\000e\000s\000\040\000f\000o\000r\000\040\000H\000a\000w\000k\000i\000n\000g\000\040\000M\000a\000s\000s\000\040\000M\000o\000n\000o\000t\000o\000n\000i\000c\000i\000t\000y}{}% 46
\BOOKMARK [2][-]{subsection.C.1}{\376\377\000T\000h\000e\000\040\000p\000-\000H\000a\000r\000m\000o\000n\000i\000c\000\040\000F\000o\000l\000i\000a\000t\000i\000o\000n}{appendix.C}% 47
\BOOKMARK [2][-]{subsection.C.2}{\376\377\000F\000i\000r\000s\000t\000\040\000V\000a\000r\000i\000a\000t\000i\000o\000n\000\040\000F\000o\000r\000m\000u\000l\000a\000s}{appendix.C}% 48
\BOOKMARK [2][-]{subsection.C.3}{\376\377\000T\000h\000e\000\040\000K\000e\000y\000\040\000H\000a\000w\000k\000i\000n\000g\000\040\000M\000a\000s\000s\000\040\000B\000o\000u\000n\000d}{appendix.C}% 49
\BOOKMARK [2][-]{subsection.C.4}{\376\377\000A\000p\000p\000l\000i\000c\000a\000t\000i\000o\000n\000\040\000t\000o\000\040\000A\000M\000-\000H\000a\000w\000k\000i\000n\000g\000\040\000M\000a\000s\000s}{appendix.C}% 50
\BOOKMARK [1][-]{appendix.D}{\376\377\000S\000c\000h\000a\000u\000d\000e\000r\000\040\000E\000s\000t\000i\000m\000a\000t\000e\000s\000\040\000f\000o\000r\000\040\000t\000h\000e\000\040\000A\000x\000i\000s\000y\000m\000m\000e\000t\000r\000i\000c\000\040\000J\000a\000n\000g\000\040\000E\000q\000u\000a\000t\000i\000o\000n\000\040\000w\000i\000t\000h\000\040\000T\000w\000i\000s\000t}{}% 51
\BOOKMARK [2][-]{subsection.D.1}{\376\377\000T\000h\000e\000\040\000A\000x\000i\000s\000y\000m\000m\000e\000t\000r\000i\000c\000\040\000J\000a\000n\000g\000\040\000O\000p\000e\000r\000a\000t\000o\000r\000\040\000S\000t\000r\000u\000c\000t\000u\000r\000e}{appendix.D}% 52
\BOOKMARK [2][-]{subsection.D.2}{\376\377\000S\000c\000h\000a\000u\000d\000e\000r\000\040\000E\000s\000t\000i\000m\000a\000t\000e\000s\000\040\000i\000n\000\040\000t\000h\000e\000\040\000B\000u\000l\000k}{appendix.D}% 53
\BOOKMARK [2][-]{subsection.D.3}{\376\377\000G\000l\000o\000b\000a\000l\000\040\000E\000x\000i\000s\000t\000e\000n\000c\000e\000\040\000v\000i\000a\000\040\000C\000o\000n\000t\000i\000n\000u\000i\000t\000y\000\040\000M\000e\000t\000h\000o\000d}{appendix.D}% 54
\BOOKMARK [2][-]{subsection.D.4}{\376\377\000C\000r\000i\000t\000i\000c\000a\000l\000\040\000V\000e\000r\000i\000f\000i\000c\000a\000t\000i\000o\000n\000:\000\040\000I\000n\000d\000e\000p\000e\000n\000d\000e\000n\000c\000e\000\040\000o\000f\000\040\000B\000l\000o\000w\000-\000U\000p\000\040\000C\000o\000e\000f\000f\000i\000c\000i\000e\000n\000t}{appendix.D}% 55
\BOOKMARK [1][-]{appendix.E}{\376\377\000T\000h\000e\000\040\000S\000u\000p\000e\000r\000-\000S\000o\000l\000u\000t\000i\000o\000n\000\040\000C\000o\000n\000d\000i\000t\000i\000o\000n\000\040\000a\000n\000d\000\040\000M\000a\000s\000s\000\040\000I\000n\000e\000q\000u\000a\000l\000i\000t\000i\000e\000s}{}% 56
\BOOKMARK [2][-]{subsection.E.1}{\376\377\000T\000h\000e\000\040\000M\000a\000s\000s\000\040\000C\000h\000a\000i\000n\000\040\000W\000i\000t\000h\000o\000u\000t\000\040\000p\000h\000i\000\040\000<\000=\000\040\0001}{appendix.E}% 57
\BOOKMARK [2][-]{subsection.E.2}{\376\377\000A\000l\000t\000e\000r\000n\000a\000t\000i\000v\000e\000\040\000A\000p\000p\000r\000o\000a\000c\000h\000:\000\040\000D\000i\000r\000e\000c\000t\000\040\000C\000o\000n\000f\000o\000r\000m\000a\000l\000\040\000M\000a\000s\000s\000\040\000A\000r\000g\000u\000m\000e\000n\000t}{appendix.E}% 58
\BOOKMARK [2][-]{subsection.E.3}{\376\377\000W\000h\000y\000\040\000t\000h\000e\000\040\000M\000o\000n\000o\000t\000o\000n\000i\000c\000i\000t\000y\000\040\000R\000e\000q\000u\000i\000r\000e\000s\000\040\000O\000n\000l\000y\000\040\000R\000\040\000>\000=\000\040\0000}{appendix.E}% 59
\BOOKMARK [1][-]{appendix.F}{\376\377\000S\000u\000b\000-\000E\000x\000t\000r\000e\000m\000a\000l\000i\000t\000y\000\040\000F\000a\000c\000t\000o\000r\000\040\000I\000m\000p\000r\000o\000v\000e\000m\000e\000n\000t\000\040\000A\000l\000o\000n\000g\000\040\000t\000h\000e\000\040\000F\000l\000o\000w}{}% 60
\BOOKMARK [1][-]{appendix.G}{\376\377\000M\000a\000r\000s\040\023\000S\000i\000m\000o\000n\000\040\000T\000e\000n\000s\000o\000r\000\040\000a\000n\000d\000\040\000K\000e\000r\000r\000\040\000C\000h\000a\000r\000a\000c\000t\000e\000r\000i\000z\000a\000t\000i\000o\000n}{}% 61
\BOOKMARK [2][-]{subsection.G.1}{\376\377\000T\000h\000e\000\040\000K\000i\000l\000l\000i\000n\000g\000\040\000I\000n\000i\000t\000i\000a\000l\000\040\000D\000a\000t\000a\000\040\000\050\000K\000I\000D\000\051\000\040\000E\000q\000u\000a\000t\000i\000o\000n\000s}{appendix.G}% 62
\BOOKMARK [2][-]{subsection.G.2}{\376\377\000T\000h\000e\000\040\000S\000i\000m\000o\000n\040\023\000M\000a\000r\000s\000\040\000C\000h\000a\000r\000a\000c\000t\000e\000r\000i\000z\000a\000t\000i\000o\000n\000\040\000o\000f\000\040\000K\000e\000r\000r}{appendix.G}% 63
\BOOKMARK [2][-]{subsection.G.3}{\376\377\000T\000h\000e\000\040\000S\000i\000m\000o\000n\000\040\000T\000e\000n\000s\000o\000r\000:\000\040\000I\000n\000t\000r\000i\000n\000s\000i\000c\000\040\000D\000e\000f\000i\000n\000i\000t\000i\000o\000n}{appendix.G}% 64
\BOOKMARK [2][-]{subsection.G.4}{\376\377\000T\000h\000e\000\040\000K\000e\000r\000r\000\040\000D\000e\000v\000i\000a\000t\000i\000o\000n\000\040\000T\000e\000n\000s\000o\000r\000:\000\040\000R\000i\000g\000o\000r\000o\000u\000s\000\040\000D\000e\000f\000i\000n\000i\000t\000i\000o\000n}{appendix.G}% 65
\BOOKMARK [2][-]{subsection.G.5}{\376\377\000K\000e\000y\000\040\000P\000r\000o\000p\000e\000r\000t\000i\000e\000s\000\040\000o\000f\000\040\000t\000h\000e\000\040\000K\000e\000r\000r\000\040\000D\000e\000v\000i\000a\000t\000i\000o\000n\000\040\000T\000e\000n\000s\000o\000r}{appendix.G}% 66
\BOOKMARK [2][-]{subsection.G.6}{\376\377\000W\000h\000y\000\040\000T\000h\000i\000s\000\040\000R\000e\000s\000o\000l\000v\000e\000s\000\040\000t\000h\000e\000\040\000C\000o\000o\000r\000d\000i\000n\000a\000t\000e\000-\000D\000e\000p\000e\000n\000d\000e\000n\000c\000e\000\040\000I\000s\000s\000u\000e}{appendix.G}% 67
\BOOKMARK [2][-]{subsection.G.7}{\376\377\000C\000o\000m\000p\000a\000r\000i\000s\000o\000n\000\040\000w\000i\000t\000h\000\040\000s\000i\000g\000m\000a\000\040\000T\000T}{appendix.G}% 68
\BOOKMARK [1][-]{appendix.H}{\376\377\000F\000u\000n\000c\000t\000i\000o\000n\000\040\000S\000p\000a\000c\000e\000\040\000C\000o\000m\000p\000a\000t\000i\000b\000i\000l\000i\000t\000y\000\040\000V\000e\000r\000i\000f\000i\000c\000a\000t\000i\000o\000n}{}% 69
\BOOKMARK [2][-]{subsection.H.1}{\376\377\000S\000u\000m\000m\000a\000r\000y\000\040\000o\000f\000\040\000F\000u\000n\000c\000t\000i\000o\000n\000\040\000S\000p\000a\000c\000e\000\040\000R\000e\000q\000u\000i\000r\000e\000m\000e\000n\000t\000s}{appendix.H}% 70
\BOOKMARK [2][-]{subsection.H.2}{\376\377\000H\000a\000n\040\023\000K\000h\000u\000r\000i\000\040\000J\000a\000n\000g\000\040\000E\000x\000i\000s\000t\000e\000n\000c\000e\000\040\000T\000h\000e\000o\000r\000e\000m}{appendix.H}% 71
\BOOKMARK [2][-]{subsection.H.3}{\376\377\000D\000a\000i\000n\040\023\000R\000e\000i\000r\000i\000s\000\040\000A\000r\000e\000a\000-\000A\000n\000g\000u\000l\000a\000r\000\040\000M\000o\000m\000e\000n\000t\000u\000m\000\040\000I\000n\000e\000q\000u\000a\000l\000i\000t\000y}{appendix.H}% 72
\BOOKMARK [2][-]{subsection.H.4}{\376\377\000A\000M\000O\000\040\000p\000-\000H\000a\000r\000m\000o\000n\000i\000c\000\040\000F\000l\000o\000w}{appendix.H}% 73
\BOOKMARK [2][-]{subsection.H.5}{\376\377\000L\000o\000c\000k\000h\000a\000r\000t\040\023\000M\000c\000O\000w\000e\000n\000\040\000F\000r\000e\000d\000h\000o\000l\000m\000\040\000T\000h\000e\000o\000r\000y}{appendix.H}% 74
\BOOKMARK [2][-]{subsection.H.6}{\376\377\000M\000a\000r\000s\040\023\000S\000i\000m\000o\000n\000\040\000K\000e\000r\000r\000\040\000C\000h\000a\000r\000a\000c\000t\000e\000r\000i\000z\000a\000t\000i\000o\000n}{appendix.H}% 75
\BOOKMARK [2][-]{subsection.H.7}{\376\377\000S\000u\000m\000m\000a\000r\000y\000\040\000o\000f\000\040\000C\000o\000m\000p\000a\000t\000i\000b\000i\000l\000i\000t\000y}{appendix.H}% 76
