\BOOKMARK [1][-]{section.1}{\376\377\137\025\212\000}{}% 1
\BOOKMARK [2][-]{subsection.1.1}{\376\377\170\024\172\166\200\314\146\157\116\016\122\250\147\072}{section.1}% 2
\BOOKMARK [2][-]{subsection.1.2}{\376\377\170\024\172\166\217\333\134\125\145\366\225\364\176\277}{section.1}% 3
\BOOKMARK [2][-]{subsection.1.3}{\376\377\225\356\230\230\133\232\116\111\060\001\166\356\150\007\213\373\200\005\116\016\121\231\117\134\217\271\165\114}{section.1}% 4
\BOOKMARK [2][-]{subsection.1.4}{\376\377\213\301\143\156\174\173\127\213\116\016\226\005\213\373\143\320\221\222}{section.1}% 5
\BOOKMARK [2][-]{subsection.1.5}{\376\377\147\054\142\245\124\112\176\323\147\204}{section.1}% 6
\BOOKMARK [2][-]{subsection.1.6}{\376\377\121\150\134\100\176\323\147\204\140\073\210\150}{section.1}% 7
\BOOKMARK [2][-]{subsection.1.7}{\376\377\226\005\213\373\215\357\137\204\136\372\213\256}{section.1}% 8
\BOOKMARK [2][-]{subsection.1.8}{\376\377\215\363\213\373\123\237\122\031\116\016\147\000\134\017\121\110\117\356\121\163\174\373}{section.1}% 9
\BOOKMARK [1][-]{section.2}{\376\377\137\072\123\026\133\146\116\140\127\372\170\100\164\006\213\272}{}% 10
\BOOKMARK [2][-]{subsection.2.1}{\376\377\232\154\134\024\123\357\131\053\121\263\173\126\217\307\172\013}{section.2}% 11
\BOOKMARK [2][-]{subsection.2.2}{\376\377\220\350\122\006\123\357\211\302\155\113\232\154\134\024\123\357\131\053\121\263\173\126\217\307\172\013\377\010\000P\000O\000M\000D\000P\377\011}{section.2}% 12
\BOOKMARK [2][-]{subsection.2.3}{\376\377\173\126\165\145\150\257\136\246\145\271\154\325}{section.2}% 13
\BOOKMARK [2][-]{subsection.2.4}{\376\377\120\074\121\375\145\160\117\060\213\241}{section.2}% 14
\BOOKMARK [2][-]{subsection.2.5}{\376\377\136\177\116\111\117\030\122\277\117\060\213\241\377\010\000G\000A\000E\377\011}{section.2}% 15
\BOOKMARK [2][-]{subsection.2.6}{\376\377\117\341\116\373\127\337\145\271\154\325}{section.2}% 16
\BOOKMARK [2][-]{subsection.2.7}{\376\377\221\315\211\201\140\047\221\307\150\067\116\016\000O\000f\000f\000-\000P\000o\000l\000i\000c\000y\133\146\116\140}{section.2}% 17
\BOOKMARK [2][-]{subsection.2.8}{\376\377\201\352\161\066\150\257\136\246\116\016\000F\000i\000s\000h\000e\000r\117\341\140\157\167\351\226\065}{section.2}% 18
\BOOKMARK [1][-]{section.3}{\376\377\131\047\152\041\127\213\150\070\137\303\147\266\147\204\377\032\000T\000r\000a\000n\000s\000f\000o\000r\000m\000e\000r\060\001\154\350\141\017\122\233\147\072\122\066\116\016\136\217\122\027\152\041\127\213}{}% 19
\BOOKMARK [2][-]{subsection.3.1}{\376\377\000T\000r\000a\000n\000s\000f\000o\000r\000m\000e\000r\176\337\116\000\232\250\136\162\116\016\131\032\152\041\140\001\136\372\152\041\127\372\170\100}{section.3}% 20
\BOOKMARK [3][-]{subsubsection.3.1.1}{\376\377\201\352\154\350\141\017\122\233\147\072\122\066\166\204\145\160\133\146\123\237\164\006}{subsection.3.1}% 21
\BOOKMARK [3][-]{subsubsection.3.1.2}{\376\377\117\115\177\156\177\026\170\001\377\032\116\316\153\143\137\046\121\375\145\160\122\060\145\313\217\154\135\114\121\145\377\010\000R\000o\000P\000E\377\011\116\016\000A\000L\000i\000B\000i}{subsection.3.1}% 22
\BOOKMARK [3][-]{subsubsection.3.1.3}{\376\377\122\006\176\304\147\345\213\342\154\350\141\017\122\233\377\010\000G\000Q\000A\377\011\060\001\131\032\147\345\213\342\154\350\141\017\122\233\377\010\000M\000Q\000A\377\011\116\016\000D\000e\000e\000p\000S\000e\000e\000k\131\032\131\064\157\134\127\050\154\350\141\017\122\233\377\010\000M\000L\000A\377\011}{subsection.3.1}% 23
\BOOKMARK [3][-]{subsubsection.3.1.4}{\376\377\134\102\137\122\116\000\123\026\123\330\117\123\377\032\000L\000a\000y\000e\000r\000N\000o\000r\000m\060\001\000P\000r\000e\000-\000L\000N\060\001\000R\000M\000S\000N\000o\000r\000m\116\016\000D\000e\000e\000p\000N\000o\000r\000m}{subsection.3.1}% 24
\BOOKMARK [3][-]{subsubsection.3.1.5}{\376\377\122\115\231\210\177\121\176\334\377\010\000F\000F\000N\377\011\166\204\213\276\213\241\123\237\164\006}{subsection.3.1}% 25
\BOOKMARK [3][-]{subsubsection.3.1.6}{\376\377\116\244\123\311\154\350\141\017\122\233\147\072\122\066\116\016\147\141\116\366\117\341\140\157\154\350\121\145}{subsection.3.1}% 26
\BOOKMARK [3][-]{subsubsection.3.1.7}{\376\377\152\041\140\001\133\371\237\120\142\200\147\057\377\032\116\316\210\150\171\072\172\172\225\364\122\060\213\255\176\303\166\356\150\007}{subsection.3.1}% 27
\BOOKMARK [3][-]{subsubsection.3.1.8}{\376\377\000T\000r\000a\000n\000s\000f\000o\000r\000m\000e\000r\131\202\117\125\142\020\116\072\176\337\116\000\131\032\152\041\140\001\127\372\170\100\147\266\147\204}{subsection.3.1}% 28
\BOOKMARK [2][-]{subsection.3.2}{\376\377\225\177\116\012\116\013\145\207\060\001\177\023\133\130\116\016\122\115\154\277\174\373\176\337\173\227\154\325}{section.3}% 29
\BOOKMARK [3][-]{subsubsection.3.2.1}{\376\377\000K\000V\000\040\000C\000a\000c\000h\000e\166\204\145\160\133\146\123\237\164\006\060\001\121\205\133\130\122\006\147\220\116\016\135\345\172\013\117\030\123\026}{subsection.3.2}% 30
\BOOKMARK [3][-]{subsubsection.3.2.2}{\376\377\000S\000t\000r\000e\000a\000m\000i\000n\000g\000L\000L\000M\060\001\000S\000n\000a\000p\000K\000V\116\016\220\011\142\351\140\047\000K\000V\232\161\220\020}{subsection.3.2}% 31
\BOOKMARK [3][-]{subsubsection.3.2.3}{\376\377\000I\000n\000f\000i\000n\000i\000-\000a\000t\000t\000e\000n\000t\000i\000o\000n\377\032\123\213\177\051\213\260\137\306\116\016\145\340\226\120\116\012\116\013\145\207}{subsection.3.2}% 32
\BOOKMARK [3][-]{subsubsection.3.2.4}{\376\377\226\220\137\017\154\350\141\017\122\233\166\204\176\337\116\000\145\160\133\146\150\106\147\266\377\032\116\316\176\277\140\047\000R\000N\000N\122\060\162\266\140\001\172\172\225\364\152\041\127\213}{subsection.3.2}% 33
\BOOKMARK [3][-]{subsubsection.3.2.5}{\376\377\000M\000a\000m\000b\000a\116\016\220\011\142\351\140\047\162\266\140\001\172\172\225\364\152\041\127\213\377\010\000S\0006\377\011\377\032\133\214\145\164\145\160\133\146\143\250\133\374}{subsection.3.2}% 34
\BOOKMARK [3][-]{subsubsection.3.2.6}{\376\377\153\213\135\356\154\350\141\017\122\233\377\032\000R\000e\000a\000l\000F\000o\000r\000m\000e\000r\166\204\000l\000o\000g\000i\000t\176\247\215\363\217\336}{subsection.3.2}% 35
\BOOKMARK [3][-]{subsubsection.3.2.7}{\376\377\137\256\217\157\135\356\122\006\154\350\141\017\122\233\377\010\000D\000i\000f\000f\000e\000r\000e\000n\000t\000i\000a\000l\000\040\000A\000t\000t\000e\000n\000t\000i\000o\000n\377\011\377\032\155\210\123\273\154\350\141\017\122\233\126\152\130\360}{subsection.3.2}% 36
\BOOKMARK [3][-]{subsubsection.3.2.8}{\376\377\000R\000e\000t\000N\000e\000t\377\032\117\335\165\131\147\072\122\066\060\001\131\032\134\072\136\246\210\160\121\317\116\016\213\255\176\303\000-\143\250\164\006\123\314\203\003\137\017}{subsection.3.2}% 37
\BOOKMARK [3][-]{subsubsection.3.2.9}{\376\377\000G\000o\000o\000g\000l\000e\000\040\000T\000i\000t\000a\000n\000s\377\032\225\177\147\037\213\260\137\306\117\134\116\072\155\113\213\325\145\366\123\357\133\146\116\140\152\041\127\127}{subsection.3.2}% 38
\BOOKMARK [3][-]{subsubsection.3.2.10}{\376\377\000T\000u\000r\000b\000o\000Q\000u\000a\000n\000t\377\032\147\201\226\120\123\213\177\051\116\013\166\204\145\340\120\117\121\205\171\357\117\060\213\241}{subsection.3.2}% 39
\BOOKMARK [3][-]{subsubsection.3.2.11}{\376\377\121\166\116\326\121\163\225\056\174\373\176\337\173\227\154\325\377\032\000F\000l\000a\000s\000h\000A\000t\000t\000e\000n\000t\000i\000o\000n\060\001\000M\000a\000m\000b\000a\116\016\000P\000a\000g\000e\000d\000A\000t\000t\000e\000n\000t\000i\000o\000n}{subsection.3.2}% 40
\BOOKMARK [3][-]{subsubsection.3.2.12}{\376\377\176\277\140\047\154\350\141\017\122\233\377\032\150\070\121\375\145\160\217\321\117\074\116\016\121\163\200\124\213\260\137\306\166\204\176\337\116\000}{subsection.3.2}% 41
\BOOKMARK [3][-]{subsubsection.3.2.13}{\376\377\000R\000W\000K\000V\377\032\176\257\176\277\140\047\131\015\147\102\136\246\166\204\123\357\142\151\134\125\213\355\212\000\152\041\127\213}{subsection.3.2}% 42
\BOOKMARK [3][-]{subsubsection.3.2.14}{\376\377\172\000\165\217\154\350\141\017\122\233\116\016\156\321\122\250\172\227\123\343\377\032\134\100\220\350\000-\121\150\134\100\155\367\124\010\173\126\165\145}{subsection.3.2}% 43
\BOOKMARK [3][-]{subsubsection.3.2.15}{\376\377\143\250\164\006\220\037\136\246\116\016\142\020\147\054\377\032\142\225\147\072\211\343\170\001\060\001\000M\000o\000E\176\306\174\222\123\026\116\016\116\023\165\050\202\257\162\107}{subsection.3.2}% 44
\BOOKMARK [3][-]{subsubsection.3.2.16}{\376\377\225\177\213\260\137\306\143\021\142\030\166\204\116\044\147\141\142\200\147\057\215\357\176\277\176\374\217\360}{subsection.3.2}% 45
\BOOKMARK [1][-]{section.4}{\376\377\137\072\123\026\133\146\116\140\173\227\154\325}{}% 46
\BOOKMARK [2][-]{subsection.4.1}{\376\377\000P\000P\000O\173\227\154\325}{section.4}% 47
\BOOKMARK [3][-]{subsubsection.4.1.1}{\376\377\173\227\154\325\122\250\147\072}{subsection.4.1}% 48
\BOOKMARK [3][-]{subsubsection.4.1.2}{\376\377\145\160\133\146\143\250\133\374}{subsection.4.1}% 49
\BOOKMARK [3][-]{subsubsection.4.1.3}{\376\377\133\214\145\164\166\356\150\007\121\375\145\160}{subsection.4.1}% 50
\BOOKMARK [3][-]{subsubsection.4.1.4}{\376\377\173\227\154\325\155\101\172\013}{subsection.4.1}% 51
\BOOKMARK [3][-]{subsubsection.4.1.5}{\376\377\000P\000P\000O\166\204\123\330\117\123\116\016\145\071\217\333}{subsection.4.1}% 52
\BOOKMARK [3][-]{subsubsection.4.1.6}{\376\377\000P\000P\000O\127\050\000L\000L\000M\116\055\166\204\162\171\153\212\200\003\206\121}{subsection.4.1}% 53
\BOOKMARK [2][-]{subsection.4.2}{\376\377\000G\000R\000P\000O\173\227\154\325}{section.4}% 54
\BOOKMARK [3][-]{subsubsection.4.2.1}{\376\377\173\227\154\325\122\250\147\072}{subsection.4.2}% 55
\BOOKMARK [3][-]{subsubsection.4.2.2}{\376\377\145\160\133\146\143\250\133\374}{subsection.4.2}% 56
\BOOKMARK [3][-]{subsubsection.4.2.3}{\376\377\116\016\000P\000P\000O\166\204\133\371\153\324}{subsection.4.2}% 57
\BOOKMARK [3][-]{subsubsection.4.2.4}{\376\377\173\227\154\325\155\101\172\013}{subsection.4.2}% 58
\BOOKMARK [3][-]{subsubsection.4.2.5}{\376\377\000G\000R\000P\000O\166\204\164\006\213\272\122\006\147\220}{subsection.4.2}% 59
\BOOKMARK [3][-]{subsubsection.4.2.6}{\376\377\000G\000R\000P\000O\123\330\117\123}{subsection.4.2}% 60
\BOOKMARK [2][-]{subsection.4.3}{\376\377\166\364\143\245\120\117\131\175\117\030\123\026\377\010\000D\000P\000O\377\011}{section.4}% 61
\BOOKMARK [3][-]{subsubsection.4.3.1}{\376\377\150\070\137\303\140\035\140\363}{subsection.4.3}% 62
\BOOKMARK [3][-]{subsubsection.4.3.2}{\376\377\000D\000P\000O\166\356\150\007\121\375\145\160}{subsection.4.3}% 63
\BOOKMARK [3][-]{subsubsection.4.3.3}{\376\377\000D\000P\000O\000\040\000v\000s\000\040\000R\000L\000H\000F}{subsection.4.3}% 64
\BOOKMARK [2][-]{subsection.4.4}{\376\377\127\372\116\216\000A\000I\123\315\231\210\166\204\137\072\123\026\133\146\116\140\377\010\000R\000L\000A\000I\000F\377\011}{section.4}% 65
\BOOKMARK [3][-]{subsubsection.4.4.1}{\376\377\150\070\137\303\150\106\147\266}{subsection.4.4}% 66
\BOOKMARK [3][-]{subsubsection.4.4.2}{\376\377\213\304\122\044\152\041\127\213\213\276\213\241}{subsection.4.4}% 67
\BOOKMARK [3][-]{subsubsection.4.4.3}{\376\377\000R\000L\000A\000I\000F\166\204\123\330\117\123}{subsection.4.4}% 68
\BOOKMARK [2][-]{subsection.4.5}{\376\377\131\126\122\261\121\375\145\160\213\276\213\241}{section.4}% 69
\BOOKMARK [3][-]{subsubsection.4.5.1}{\376\377\123\357\232\214\213\301\131\126\122\261}{subsection.4.5}% 70
\BOOKMARK [3][-]{subsubsection.4.5.2}{\376\377\150\074\137\017\131\126\122\261}{subsection.4.5}% 71
\BOOKMARK [3][-]{subsubsection.4.5.3}{\376\377\225\177\136\246\140\351\177\132}{subsection.4.5}% 72
\BOOKMARK [3][-]{subsubsection.4.5.4}{\376\377\131\015\124\010\131\126\122\261}{subsection.4.5}% 73
\BOOKMARK [3][-]{subsubsection.4.5.5}{\376\377\217\307\172\013\131\126\122\261\116\016\176\323\147\234\131\126\122\261\166\204\145\160\133\146\122\006\147\220}{subsection.4.5}% 74
\BOOKMARK [3][-]{subsubsection.4.5.6}{\376\377\131\126\122\261\130\121\137\142\377\010\000R\000e\000w\000a\000r\000d\000\040\000S\000h\000a\000p\000i\000n\000g\377\011}{subsection.4.5}% 75
\BOOKMARK [2][-]{subsection.4.6}{\376\377\116\343\210\150\150\110\117\213\377\032\000D\000e\000e\000p\000S\000e\000e\000k\000-\000R\0001\176\257\000R\000L\213\255\176\303\203\003\137\017}{section.4}% 76
\BOOKMARK [3][-]{subsubsection.4.6.1}{\376\377\230\171\166\356\151\202\217\360}{subsection.4.6}% 77
\BOOKMARK [3][-]{subsubsection.4.6.2}{\376\377\213\255\176\303\155\101\172\013}{subsection.4.6}% 78
\BOOKMARK [3][-]{subsubsection.4.6.3}{\376\377\000D\000e\000e\000p\000S\000e\000e\000k\000-\000R\0001\000-\000Z\000e\000r\000o\155\210\207\215\133\236\232\214}{subsection.4.6}% 79
\BOOKMARK [3][-]{subsubsection.4.6.4}{\376\377\140\047\200\375\210\150\163\260}{subsection.4.6}% 80
\BOOKMARK [3][-]{subsubsection.4.6.5}{\376\377\204\270\231\217\122\060\134\017\152\041\127\213}{subsection.4.6}% 81
\BOOKMARK [2][-]{subsection.4.7}{\376\377\116\343\210\150\150\110\117\213\377\032\000O\000p\000e\000n\000A\000I\000\040\000o\0001\143\250\164\006\145\366\213\241\173\227\142\151\134\125}{section.4}% 82
\BOOKMARK [3][-]{subsubsection.4.7.1}{\376\377\133\230\145\271\142\253\227\062\117\341\140\157}{subsection.4.7}% 83
\BOOKMARK [3][-]{subsubsection.4.7.2}{\376\377\142\200\147\057\143\250\155\113}{subsection.4.7}% 84
\BOOKMARK [3][-]{subsubsection.4.7.3}{\376\377\143\250\164\006\145\366\213\241\173\227\142\151\134\125}{subsection.4.7}% 85
\BOOKMARK [3][-]{subsubsection.4.7.4}{\376\377\000o\0001\116\016\000D\000e\000e\000p\000S\000e\000e\000k\000-\000R\0001\166\204\133\371\153\324}{subsection.4.7}% 86
\BOOKMARK [2][-]{subsection.4.8}{\376\377\155\361\136\246\143\250\164\006\203\003\137\017\377\032\000S\000y\000s\000t\000e\000m\000\040\0002\140\035\176\364\060\001\217\307\172\013\131\126\122\261\116\016\150\021\144\034\175\042}{section.4}% 87
\BOOKMARK [3][-]{subsubsection.4.8.1}{\376\377\000S\000y\000s\000t\000e\000m\000\040\0001\116\016\000S\000y\000s\000t\000e\000m\000\040\0002\377\032\166\364\211\311\116\016\155\361\140\035\166\204\116\214\121\103\176\323\147\204}{subsection.4.8}% 88
\BOOKMARK [3][-]{subsubsection.4.8.2}{\376\377\155\113\213\325\145\366\213\241\173\227\142\151\134\125\377\032\143\250\164\006\117\134\116\072\173\054\116\011\142\151\134\125\217\164}{subsection.4.8}% 89
\BOOKMARK [3][-]{subsubsection.4.8.3}{\376\377\217\307\172\013\131\126\122\261\152\041\127\213\377\010\000P\000R\000M\377\011\377\032\153\145\232\244\176\247\166\321\167\143\117\341\123\367}{subsection.4.8}% 90
\BOOKMARK [3][-]{subsubsection.4.8.4}{\376\377\204\231\162\171\123\141\155\033\150\021\144\034\175\042\377\010\000M\000C\000T\000S\377\011\377\032\176\323\147\204\123\026\143\250\164\006\143\242\175\042}{subsection.4.8}% 91
\BOOKMARK [1][-]{section.5}{\376\377\121\166\116\326\116\073\211\201\170\024\172\166\145\271\154\325\116\016\122\115\154\277\174\373\176\337\173\227\154\325}{}% 92
\BOOKMARK [2][-]{subsection.5.1}{\376\377\000C\000o\000n\000s\000t\000i\000t\000u\000t\000i\000o\000n\000a\000l\000\040\000A\000I\377\010\000A\000n\000t\000h\000r\000o\000p\000i\000c\377\011}{section.5}% 93
\BOOKMARK [3][-]{subsubsection.5.1.1}{\376\377\150\070\137\303\140\035\140\363}{subsection.5.1}% 94
\BOOKMARK [3][-]{subsubsection.5.1.2}{\376\377\133\252\154\325\123\237\122\031\171\072\117\213}{subsection.5.1}% 95
\BOOKMARK [3][-]{subsubsection.5.1.3}{\376\377\117\030\122\277\116\016\134\100\226\120}{subsection.5.1}% 96
\BOOKMARK [2][-]{subsection.5.2}{\376\377\201\352\123\132\137\010\116\016\217\355\116\343\145\071\217\333}{section.5}% 97
\BOOKMARK [3][-]{subsubsection.5.2.1}{\376\377\127\372\147\054\155\101\172\013}{subsection.5.2}% 98
\BOOKMARK [3][-]{subsubsection.5.2.2}{\376\377\116\343\210\150\135\345\117\134}{subsection.5.2}% 99
\BOOKMARK [2][-]{subsection.5.3}{\376\377\000G\000o\000o\000g\000l\000e\143\250\164\006\170\024\172\166}{section.5}% 100
\BOOKMARK [3][-]{subsubsection.5.3.1}{\376\377\000C\000h\000a\000i\000n\000-\000o\000f\000-\000T\000h\000o\000u\000g\000h\000t\000\040\000P\000r\000o\000m\000p\000t\000i\000n\000g}{subsection.5.3}% 101
\BOOKMARK [3][-]{subsubsection.5.3.2}{\376\377\000S\000e\000l\000f\000-\000C\000o\000n\000s\000i\000s\000t\000e\000n\000c\000y}{subsection.5.3}% 102
\BOOKMARK [2][-]{subsection.5.4}{\376\377\000S\000T\000a\000R\377\032\201\352\145\131\143\250\164\006\126\150\377\010\000S\000e\000l\000f\000-\000T\000a\000u\000g\000h\000t\000\040\000R\000e\000a\000s\000o\000n\000e\000r\377\011}{section.5}% 103
\BOOKMARK [3][-]{subsubsection.5.4.1}{\376\377\150\070\137\303\145\271\154\325}{subsection.5.4}% 104
\BOOKMARK [3][-]{subsubsection.5.4.2}{\376\377\000R\000a\000t\000i\000o\000n\000a\000l\000i\000z\000a\000t\000i\000o\000n\166\204\117\134\165\050}{subsection.5.4}% 105
\BOOKMARK [2][-]{subsection.5.5}{\376\377\000Q\000u\000i\000e\000t\000-\000S\000T\000a\000R\000:\000\040\227\131\236\330\140\035\200\003}{section.5}% 106
\BOOKMARK [3][-]{subsubsection.5.5.1}{\376\377\150\070\137\303\122\033\145\260}{subsection.5.5}% 107
\BOOKMARK [3][-]{subsubsection.5.5.2}{\376\377\213\255\176\303\166\356\150\007}{subsection.5.5}% 108
\BOOKMARK [2][-]{subsection.5.6}{\376\377\000R\000e\000S\000T\377\032\137\072\123\026\201\352\142\021\213\255\176\303}{section.5}% 109
\BOOKMARK [3][-]{subsubsection.5.6.1}{\376\377\150\070\137\303\145\271\154\325}{subsection.5.6}% 110
\BOOKMARK [3][-]{subsubsection.5.6.2}{\376\377\116\016\121\166\116\326\145\271\154\325\166\204\121\163\174\373}{subsection.5.6}% 111
\BOOKMARK [3][-]{subsubsection.5.6.3}{\376\377\164\006\213\272\122\006\147\220}{subsection.5.6}% 112
\BOOKMARK [2][-]{subsection.5.7}{\376\377\000R\000e\000S\000T\000-\000E\000M\377\032\147\037\147\033\147\000\131\047\123\026\201\352\142\021\213\255\176\303}{section.5}% 113
\BOOKMARK [3][-]{subsubsection.5.7.1}{\376\377\000E\000M\150\106\147\266}{subsection.5.7}% 114
\BOOKMARK [3][-]{subsubsection.5.7.2}{\376\377\116\016\000R\000L\000H\000F\166\204\200\124\174\373}{subsection.5.7}% 115
\BOOKMARK [2][-]{subsection.5.8}{\376\377\000E\000x\000p\000e\000r\000t\000\040\000I\000t\000e\000r\000a\000t\000i\000o\000n\000\040\000\050\000E\000x\000I\000t\000\051}{section.5}% 116
\BOOKMARK [3][-]{subsubsection.5.8.1}{\376\377\173\227\154\325\140\035\140\363}{subsection.5.8}% 117
\BOOKMARK [3][-]{subsubsection.5.8.2}{\376\377\127\050\000L\000L\000M\116\055\166\204\136\224\165\050}{subsection.5.8}% 118
\BOOKMARK [3][-]{subsubsection.5.8.3}{\376\377\144\034\175\042\173\126\165\145}{subsection.5.8}% 119
\BOOKMARK [2][-]{subsection.5.9}{\376\377\201\352\131\126\122\261\213\355\212\000\152\041\127\213\377\010\000S\000e\000l\000f\000-\000R\000e\000w\000a\000r\000d\000i\000n\000g\000\040\000L\000a\000n\000g\000u\000a\000g\000e\000\040\000M\000o\000d\000e\000l\000s\377\011}{section.5}% 120
\BOOKMARK [3][-]{subsubsection.5.9.1}{\376\377\150\070\137\303\122\033\145\260}{subsection.5.9}% 121
\BOOKMARK [3][-]{subsubsection.5.9.2}{\376\377\201\352\213\304\000P\000r\000o\000m\000p\000t\213\276\213\241}{subsection.5.9}% 122
\BOOKMARK [3][-]{subsubsection.5.9.3}{\376\377\217\355\116\343\213\255\176\303}{subsection.5.9}% 123
\BOOKMARK [2][-]{subsection.5.10}{\376\377\000R\000E\000I\000N\000F\000O\000R\000C\000E\123\312\121\166\123\330\117\123}{section.5}% 124
\BOOKMARK [3][-]{subsubsection.5.10.1}{\376\377\127\372\170\100\000R\000E\000I\000N\000F\000O\000R\000C\000E}{subsection.5.10}% 125
\BOOKMARK [3][-]{subsubsection.5.10.2}{\376\377\000R\000L\000O\000O\000\040\000\050\000R\000E\000I\000N\000F\000O\000R\000C\000E\000\040\000L\000e\000a\000v\000e\000-\000O\000n\000e\000-\000O\000u\000t\000\051}{subsection.5.10}% 126
\BOOKMARK [3][-]{subsubsection.5.10.3}{\376\377\116\016\000G\000R\000P\000O\166\204\121\163\174\373}{subsection.5.10}% 127
\BOOKMARK [2][-]{subsection.5.11}{\376\377\000R\000A\000F\000T\377\032\131\126\122\261\143\222\136\217\137\256\214\003}{section.5}% 128
\BOOKMARK [3][-]{subsubsection.5.11.1}{\376\377\173\227\154\325\155\101\172\013}{subsection.5.11}% 129
\BOOKMARK [3][-]{subsubsection.5.11.2}{\376\377\116\016\142\322\176\335\221\307\150\067\166\204\123\072\122\053}{subsection.5.11}% 130
\BOOKMARK [2][-]{subsection.5.12}{\376\377\142\322\176\335\221\307\150\067\137\256\214\003\377\010\000R\000S\000F\377\011}{section.5}% 131
\BOOKMARK [3][-]{subsubsection.5.12.1}{\376\377\145\271\154\325\176\306\202\202}{subsection.5.12}% 132
\BOOKMARK [3][-]{subsubsection.5.12.2}{\376\377\127\050\145\160\133\146\143\250\164\006\116\055\166\204\136\224\165\050}{subsection.5.12}% 133
\BOOKMARK [2][-]{subsection.5.13}{\376\377\000V\000-\000S\000T\000a\000R\377\032\232\214\213\301\126\150\130\236\137\072\166\204\201\352\142\021\213\255\176\303}{section.5}% 134
\BOOKMARK [3][-]{subsubsection.5.13.1}{\376\377\145\271\154\325\145\071\217\333}{subsection.5.13}% 135
\BOOKMARK [3][-]{subsubsection.5.13.2}{\376\377\232\214\213\301\126\150\213\255\176\303}{subsection.5.13}% 136
\BOOKMARK [3][-]{subsubsection.5.13.3}{\376\377\200\124\124\010\213\255\176\303}{subsection.5.13}% 137
\BOOKMARK [2][-]{subsection.5.14}{\376\377\217\307\172\013\131\126\122\261\152\041\127\213\377\010\000P\000R\000M\377\011\116\016\176\323\147\234\131\126\122\261\152\041\127\213\377\010\000O\000R\000M\377\011}{section.5}% 138
\BOOKMARK [3][-]{subsubsection.5.14.1}{\376\377\000L\000e\000t\000'\000s\000\040\000V\000e\000r\000i\000f\000y\000\040\000S\000t\000e\000p\000\040\000b\000y\000\040\000S\000t\000e\000p}{subsection.5.14}% 139
\BOOKMARK [3][-]{subsubsection.5.14.2}{\376\377\000M\000a\000t\000h\000-\000S\000h\000e\000p\000h\000e\000r\000d}{subsection.5.14}% 140
\BOOKMARK [3][-]{subsubsection.5.14.3}{\376\377\000P\000R\000M\000\040\000v\000s\000\040\000O\000R\000M\133\371\153\324}{subsection.5.14}% 141
\BOOKMARK [2][-]{subsection.5.15}{\376\377\000P\000R\000I\000M\000E\377\032\226\220\137\017\217\307\172\013\131\126\122\261}{section.5}% 142
\BOOKMARK [3][-]{subsubsection.5.15.1}{\376\377\150\070\137\303\140\035\140\363}{subsection.5.15}% 143
\BOOKMARK [3][-]{subsubsection.5.15.2}{\376\377\133\236\163\260\145\271\154\325}{subsection.5.15}% 144
\BOOKMARK [2][-]{subsection.5.16}{\376\377\000O\000n\000l\000i\000n\000e\000\040\000D\000P\000O\116\016\217\355\116\343\120\117\131\175\117\030\123\026}{section.5}% 145
\BOOKMARK [3][-]{subsubsection.5.16.1}{\376\377\000O\000n\000l\000i\000n\000e\000\040\000D\000P\000O}{subsection.5.16}% 146
\BOOKMARK [3][-]{subsubsection.5.16.2}{\376\377\000I\000P\000O\000\040\000\050\000I\000d\000e\000n\000t\000i\000t\000y\000\040\000P\000r\000e\000f\000e\000r\000e\000n\000c\000e\000\040\000O\000p\000t\000i\000m\000i\000z\000a\000t\000i\000o\000n\000\051}{subsection.5.16}% 147
\BOOKMARK [2][-]{subsection.5.17}{\376\377\000W\000i\000z\000a\000r\000d\000M\000a\000t\000h\116\016\000W\000i\000z\000a\000r\000d\000C\000o\000d\000e\000r\174\373\122\027}{section.5}% 148
\BOOKMARK [3][-]{subsubsection.5.17.1}{\376\377\000E\000v\000o\000l\000-\000I\000n\000s\000t\000r\000u\000c\000t\145\271\154\325}{subsection.5.17}% 149
\BOOKMARK [3][-]{subsubsection.5.17.2}{\376\377\000R\000L\000E\000I\000F\000\040\000\050\000R\000L\000\040\000f\000r\000o\000m\000\040\000E\000v\000o\000l\000-\000I\000n\000s\000t\000r\000u\000c\000t\000\040\000F\000e\000e\000d\000b\000a\000c\000k\000\051}{subsection.5.17}% 150
\BOOKMARK [2][-]{subsection.5.18}{\376\377\000Q\000w\000e\000n\174\373\122\027\145\160\133\146\116\016\116\343\170\001\152\041\127\213}{section.5}% 151
\BOOKMARK [3][-]{subsubsection.5.18.1}{\376\377\000Q\000w\000e\000n\0002\000.\0005\000-\000M\000a\000t\000h}{subsection.5.18}% 152
\BOOKMARK [3][-]{subsubsection.5.18.2}{\376\377\213\255\176\303\155\101\172\013}{subsection.5.18}% 153
\BOOKMARK [2][-]{subsection.5.19}{\376\377\000M\000a\000r\000c\000o\000-\000o\0001\116\016\000M\000C\000T\000S\130\236\137\072\143\250\164\006}{section.5}% 154
\BOOKMARK [3][-]{subsubsection.5.19.1}{\376\377\000M\000C\000T\000S\127\050\000L\000L\000M\116\055\166\204\136\224\165\050}{subsection.5.19}% 155
\BOOKMARK [3][-]{subsubsection.5.19.2}{\376\377\116\016\121\166\116\326\145\271\154\325\176\323\124\010}{subsection.5.19}% 156
\BOOKMARK [2][-]{subsection.5.20}{\376\377\000K\000i\000m\000i\000\040\000k\0001\000.\0005\116\016\225\177\116\012\116\013\145\207\000R\000L}{section.5}% 157
\BOOKMARK [3][-]{subsubsection.5.20.1}{\376\377\225\177\116\012\116\013\145\207\137\072\123\026\133\146\116\140}{subsection.5.20}% 158
\BOOKMARK [3][-]{subsubsection.5.20.2}{\376\377\142\200\147\057\162\171\160\271}{subsection.5.20}% 159
\BOOKMARK [2][-]{subsection.5.21}{\376\377\116\073\211\201\000R\000L\213\255\176\303\145\271\154\325\176\374\124\010\133\371\153\324}{section.5}% 160
\BOOKMARK [2][-]{subsection.5.22}{\376\377\121\166\116\326\120\117\131\175\117\030\123\026\116\016\116\343\170\001\143\250\164\006\145\271\154\325}{section.5}% 161
\BOOKMARK [3][-]{subsubsection.5.22.1}{\376\377\000S\000P\000I\000N\000:\000\040\000S\000e\000l\000f\000-\000P\000l\000a\000y\000\040\000F\000i\000n\000e\000-\000T\000u\000n\000i\000n\000g}{subsection.5.22}% 162
\BOOKMARK [3][-]{subsubsection.5.22.2}{\376\377\000I\000t\000e\000r\000a\000t\000i\000v\000e\000\040\000D\000P\000O}{subsection.5.22}% 163
\BOOKMARK [3][-]{subsubsection.5.22.3}{\376\377\000K\000T\000O\000:\000\040\000K\000a\000h\000n\000e\000m\000a\000n\000-\000T\000v\000e\000r\000s\000k\000y\000\040\000O\000p\000t\000i\000m\000i\000z\000a\000t\000i\000o\000n}{subsection.5.22}% 164
\BOOKMARK [3][-]{subsubsection.5.22.4}{\376\377\000O\000R\000P\000O\000:\000\040\000O\000d\000d\000s\000\040\000R\000a\000t\000i\000o\000\040\000P\000r\000e\000f\000e\000r\000e\000n\000c\000e\000\040\000O\000p\000t\000i\000m\000i\000z\000a\000t\000i\000o\000n}{subsection.5.22}% 165
\BOOKMARK [3][-]{subsubsection.5.22.5}{\376\377\000S\000i\000m\000P\000O\000:\000\040\000S\000i\000m\000p\000l\000e\000\040\000P\000r\000e\000f\000e\000r\000e\000n\000c\000e\000\040\000O\000p\000t\000i\000m\000i\000z\000a\000t\000i\000o\000n}{subsection.5.22}% 166
\BOOKMARK [3][-]{subsubsection.5.22.6}{\376\377\000C\000o\000d\000e\000\040\000G\000e\000n\000e\000r\000a\000t\000i\000o\000n\000:\000\040\000A\000l\000p\000h\000a\000C\000o\000d\000e\116\016\172\336\215\133\177\026\172\013}{subsection.5.22}% 167
\BOOKMARK [3][-]{subsubsection.5.22.7}{\376\377\135\345\121\167\117\177\165\050\116\016\146\172\200\375\117\123\137\072\123\026\133\146\116\140}{subsection.5.22}% 168
\BOOKMARK [3][-]{subsubsection.5.22.8}{\376\377\000O\000p\000e\000n\000R\000:\000\040\137\000\156\220\143\250\164\006\150\106\147\266}{subsection.5.22}% 169
\BOOKMARK [3][-]{subsubsection.5.22.9}{\376\377\000r\000S\000t\000a\000r\000:\000\040\201\352\123\132\137\010\143\250\164\006}{subsection.5.22}% 170
\BOOKMARK [3][-]{subsubsection.5.22.10}{\376\377\143\250\164\006\145\366\213\241\173\227\142\151\134\125\377\010\000i\000n\000f\000e\000r\000e\000n\000c\000e\000-\000t\000i\000m\000e\000\040\000s\000c\000a\000l\000i\000n\000g\377\011}{subsection.5.22}% 171
\BOOKMARK [1][-]{section.6}{\376\377\217\320\210\114\145\366\123\237\122\033\173\227\154\325\143\320\150\110}{}% 172
\BOOKMARK [2][-]{subsection.6.1}{\376\377\116\300\116\110\150\067\166\204\121\205\133\271\142\115\221\115\123\353\040\034\123\237\122\033\173\227\154\325\040\035}{section.6}% 173
\BOOKMARK [2][-]{subsection.6.2}{\376\377\116\316\152\041\127\213\116\055\137\303\117\030\123\026\217\154\124\021\217\320\210\114\145\366\116\055\137\303\117\030\123\026}{section.6}% 174
\BOOKMARK [2][-]{subsection.6.3}{\376\377\000P\000A\000C\000E\377\032\147\103\226\120\141\037\167\345\176\246\147\137\142\147\210\114\117\030\123\026}{section.6}% 175
\BOOKMARK [3][-]{subsubsection.6.3.1}{\376\377\225\356\230\230\133\232\116\111}{subsection.6.3}% 176
\BOOKMARK [3][-]{subsubsection.6.3.2}{\376\377\173\126\165\145\176\323\147\204}{subsection.6.3}% 177
\BOOKMARK [3][-]{subsubsection.6.3.3}{\376\377\173\227\154\325\211\304\122\031}{subsection.6.3}% 178
\BOOKMARK [3][-]{subsubsection.6.3.4}{\376\377\232\330\145\110\140\047\147\145\156\220}{subsection.6.3}% 179
\BOOKMARK [3][-]{subsubsection.6.3.5}{\376\377\117\052\116\343\170\001}{subsection.6.3}% 180
\BOOKMARK [3][-]{subsubsection.6.3.6}{\376\377\123\357\204\075\127\060\133\236\163\260\215\357\137\204}{subsection.6.3}% 181
\BOOKMARK [3][-]{subsubsection.6.3.7}{\376\377\116\072\116\300\116\110\133\203\147\011\221\315\131\047\116\367\120\074}{subsection.6.3}% 182
\BOOKMARK [3][-]{subsubsection.6.3.8}{\376\377\123\357\232\214\213\301\120\107\213\276\116\016\133\236\232\214\123\117\213\256}{subsection.6.3}% 183
\BOOKMARK [2][-]{subsection.6.4}{\376\377\000T\000R\000A\000C\000E\377\032\217\150\217\371\124\016\140\224\141\037\167\345\166\204\116\012\116\013\145\207\177\026\217\221}{section.6}% 184
\BOOKMARK [3][-]{subsubsection.6.4.1}{\376\377\225\356\230\230\133\232\116\111}{subsection.6.4}% 185
\BOOKMARK [3][-]{subsubsection.6.4.2}{\376\377\213\255\176\303\147\072\122\066}{subsection.6.4}% 186
\BOOKMARK [3][-]{subsubsection.6.4.3}{\376\377\173\227\154\325\211\304\122\031}{subsection.6.4}% 187
\BOOKMARK [3][-]{subsubsection.6.4.4}{\376\377\232\330\145\110\140\047\147\145\156\220}{subsection.6.4}% 188
\BOOKMARK [3][-]{subsubsection.6.4.5}{\376\377\117\052\116\343\170\001}{subsection.6.4}% 189
\BOOKMARK [3][-]{subsubsection.6.4.6}{\376\377\123\357\204\075\127\060\133\236\163\260\215\357\137\204}{subsection.6.4}% 190
\BOOKMARK [3][-]{subsubsection.6.4.7}{\376\377\116\072\116\300\116\110\133\203\147\011\221\315\131\047\116\367\120\074}{subsection.6.4}% 191
\BOOKMARK [3][-]{subsubsection.6.4.8}{\376\377\123\357\232\214\213\301\120\107\213\276\116\016\133\236\232\214\123\117\213\256}{subsection.6.4}% 192
\BOOKMARK [2][-]{subsection.6.5}{\376\377\000C\000R\000A\000F\000T\377\032\135\345\116\366\126\376\176\246\147\137\116\013\166\204\131\032\146\172\200\375\117\123\123\117\117\134}{section.6}% 193
\BOOKMARK [3][-]{subsubsection.6.5.1}{\376\377\225\356\230\230\133\232\116\111}{subsection.6.5}% 194
\BOOKMARK [3][-]{subsubsection.6.5.2}{\376\377\131\126\122\261\213\276\213\241}{subsection.6.5}% 195
\BOOKMARK [3][-]{subsubsection.6.5.3}{\376\377\173\227\154\325\211\304\122\031}{subsection.6.5}% 196
\BOOKMARK [3][-]{subsubsection.6.5.4}{\376\377\232\330\145\110\140\047\147\145\156\220}{subsection.6.5}% 197
\BOOKMARK [3][-]{subsubsection.6.5.5}{\376\377\117\052\116\343\170\001}{subsection.6.5}% 198
\BOOKMARK [3][-]{subsubsection.6.5.6}{\376\377\123\357\204\075\127\060\133\236\163\260\215\357\137\204}{subsection.6.5}% 199
\BOOKMARK [3][-]{subsubsection.6.5.7}{\376\377\116\072\116\300\116\110\133\203\147\011\221\315\131\047\116\367\120\074}{subsection.6.5}% 200
\BOOKMARK [3][-]{subsubsection.6.5.8}{\376\377\123\357\232\214\213\301\120\107\213\276\116\016\133\236\232\214\123\117\213\256}{subsection.6.5}% 201
\BOOKMARK [2][-]{subsection.6.6}{\376\377\116\072\116\300\116\110\123\352\117\335\165\131\217\331\116\011\230\171}{section.6}% 202
\BOOKMARK [2][-]{subsection.6.7}{\376\377\116\011\230\171\232\330\116\367\120\074\123\237\122\033\173\227\154\325\143\320\150\110\116\113\225\364\166\204\121\163\174\373}{section.6}% 203
\BOOKMARK [2][-]{subsection.6.8}{\376\377\164\006\213\272\124\175\230\230\116\016\142\020\172\313\147\141\116\366}{section.6}% 204
\BOOKMARK [3][-]{subsubsection.6.8.1}{\376\377\000P\000A\000C\000E\166\204\213\276\213\241\124\175\230\230}{subsection.6.8}% 205
\BOOKMARK [3][-]{subsubsection.6.8.2}{\376\377\000T\000R\000A\000C\000E\166\204\213\276\213\241\124\175\230\230}{subsection.6.8}% 206
\BOOKMARK [3][-]{subsubsection.6.8.3}{\376\377\000C\000R\000A\000F\000T\166\204\213\276\213\241\124\175\230\230}{subsection.6.8}% 207
\BOOKMARK [2][-]{subsection.6.9}{\376\377\133\236\232\214\176\337\213\241\211\304\203\003}{section.6}% 208
\BOOKMARK [3][-]{subsubsection.6.9.1}{\376\377\145\160\143\156\122\007\122\006\116\016\154\304\157\017\143\247\122\066}{subsection.6.9}% 209
\BOOKMARK [3][-]{subsubsection.6.9.2}{\376\377\176\337\213\241\142\245\124\112\147\000\117\116\150\007\121\306}{subsection.6.9}% 210
\BOOKMARK [3][-]{subsubsection.6.9.3}{\376\377\174\373\176\337\142\020\147\054\116\016\131\061\215\045\122\006\174\173\137\305\230\173\124\014\153\145\142\245\124\112}{subsection.6.9}% 211
\BOOKMARK [3][-]{subsubsection.6.9.4}{\376\377\116\316\171\273\176\277\122\060\127\050\176\277\166\204\143\250\217\333\230\172\136\217}{subsection.6.9}% 212
\BOOKMARK [2][-]{subsection.6.10}{\376\377\131\015\147\102\136\246\116\016\174\373\176\337\137\000\225\000}{section.6}% 213
\BOOKMARK [2][-]{subsection.6.11}{\376\377\000B\000e\000n\000c\000h\000m\000a\000r\000k\213\276\213\241}{section.6}% 214
\BOOKMARK [2][-]{subsection.6.12}{\376\377\155\210\207\215\133\236\232\214\213\276\213\241}{section.6}% 215
\BOOKMARK [2][-]{subsection.6.13}{\376\377\147\000\134\017\123\357\142\225\172\077\133\236\232\214\123\005}{section.6}% 216
\BOOKMARK [2][-]{subsection.6.14}{\376\377\213\301\117\052\150\007\121\306\116\016\131\061\215\045\117\341\123\367}{section.6}% 217
\BOOKMARK [2][-]{subsection.6.15}{\376\377\133\236\232\214\215\357\176\277\136\372\213\256}{section.6}% 218
\BOOKMARK [1][-]{section.7}{\376\377\133\236\163\260\176\306\202\202\116\016\213\255\176\303\142\200\135\347}{}% 219
\BOOKMARK [2][-]{subsection.7.1}{\376\377\145\160\143\156\121\306\131\007}{section.7}% 220
\BOOKMARK [3][-]{subsubsection.7.1.1}{\376\377\145\160\133\146\145\160\143\156\147\145\156\220}{subsection.7.1}% 221
\BOOKMARK [3][-]{subsubsection.7.1.2}{\376\377\116\343\170\001\145\160\143\156\147\145\156\220}{subsection.7.1}% 222
\BOOKMARK [3][-]{subsubsection.7.1.3}{\376\377\145\160\143\156\215\050\221\317\143\247\122\066}{subsection.7.1}% 223
\BOOKMARK [3][-]{subsubsection.7.1.4}{\376\377\145\160\143\156\130\236\137\072}{subsection.7.1}% 224
\BOOKMARK [2][-]{subsection.7.2}{\376\377\221\307\150\067\173\126\165\145}{section.7}% 225
\BOOKMARK [3][-]{subsubsection.7.2.1}{\376\377\156\051\136\246\221\307\150\067}{subsection.7.2}% 226
\BOOKMARK [3][-]{subsubsection.7.2.2}{\376\377\000T\000o\000p\000-\000p\221\307\150\067\377\010\000N\000u\000c\000l\000e\000u\000s\000\040\000S\000a\000m\000p\000l\000i\000n\000g\377\011}{subsection.7.2}% 227
\BOOKMARK [3][-]{subsubsection.7.2.3}{\376\377\000T\000o\000p\000-\000k\221\307\150\067}{subsection.7.2}% 228
\BOOKMARK [3][-]{subsubsection.7.2.4}{\376\377\000B\000e\000s\000t\000-\000o\000f\000-\000N\377\010\000R\000e\000j\000e\000c\000t\000i\000o\000n\000\040\000S\000a\000m\000p\000l\000i\000n\000g\377\011}{subsection.7.2}% 229
\BOOKMARK [3][-]{subsubsection.7.2.5}{\376\377\147\137\144\034\175\042\123\330\117\123}{subsection.7.2}% 230
\BOOKMARK [2][-]{subsection.7.3}{\376\377\213\255\176\303\172\063\133\232\140\047}{section.7}% 231
\BOOKMARK [3][-]{subsubsection.7.3.1}{\376\377\150\257\136\246\173\241\164\006}{subsection.7.3}% 232
\BOOKMARK [3][-]{subsubsection.7.3.2}{\376\377\133\146\116\140\163\207\214\003\136\246}{subsection.7.3}% 233
\BOOKMARK [3][-]{subsubsection.7.3.3}{\376\377\131\126\122\261\137\122\116\000\123\026}{subsection.7.3}% 234
\BOOKMARK [3][-]{subsubsection.7.3.4}{\376\377\000K\000L\145\143\136\246\143\247\122\066}{subsection.7.3}% 235
\BOOKMARK [2][-]{subsection.7.4}{\376\377\122\006\136\003\137\017\213\255\176\303}{section.7}% 236
\BOOKMARK [3][-]{subsubsection.7.4.1}{\376\377\145\160\143\156\136\166\210\114}{subsection.7.4}% 237
\BOOKMARK [3][-]{subsubsection.7.4.2}{\376\377\137\040\221\317\136\166\210\114\377\010\000T\000e\000n\000s\000o\000r\000\040\000P\000a\000r\000a\000l\000l\000e\000l\000i\000s\000m\377\011}{subsection.7.4}% 238
\BOOKMARK [3][-]{subsubsection.7.4.3}{\376\377\155\101\154\064\176\277\136\166\210\114\377\010\000P\000i\000p\000e\000l\000i\000n\000e\000\040\000P\000a\000r\000a\000l\000l\000e\000l\000i\000s\000m\377\011}{subsection.7.4}% 239
\BOOKMARK [3][-]{subsubsection.7.4.4}{\376\377\221\307\150\067\116\016\213\255\176\303\122\006\171\273}{subsection.7.4}% 240
\BOOKMARK [2][-]{subsection.7.5}{\376\377\121\205\133\130\117\030\123\026}{section.7}% 241
\BOOKMARK [3][-]{subsubsection.7.5.1}{\376\377\150\257\136\246\150\300\147\345\160\271\377\010\000G\000r\000a\000d\000i\000e\000n\000t\000\040\000C\000h\000e\000c\000k\000p\000o\000i\000n\000t\000i\000n\000g\377\011}{subsection.7.5}% 242
\BOOKMARK [3][-]{subsubsection.7.5.2}{\376\377\155\367\124\010\174\276\136\246\213\255\176\303}{subsection.7.5}% 243
\BOOKMARK [3][-]{subsubsection.7.5.3}{\376\377\000Z\000e\000R\000O\117\030\123\026}{subsection.7.5}% 244
\BOOKMARK [3][-]{subsubsection.7.5.4}{\376\377\000L\000o\000R\000A\000/\000Q\000L\000o\000R\000A}{subsection.7.5}% 245
\BOOKMARK [2][-]{subsection.7.6}{\376\377\215\205\123\302\145\160\221\115\177\156\143\007\123\127}{section.7}% 246
\BOOKMARK [3][-]{subsubsection.7.6.1}{\376\377\000G\000R\000P\000O\143\250\203\120\221\115\177\156}{subsection.7.6}% 247
\BOOKMARK [3][-]{subsubsection.7.6.2}{\376\377\000P\000P\000O\143\250\203\120\221\115\177\156}{subsection.7.6}% 248
\BOOKMARK [2][-]{subsection.7.7}{\376\377\166\321\143\247\116\016\214\003\213\325}{section.7}% 249
\BOOKMARK [3][-]{subsubsection.7.7.1}{\376\377\121\163\225\056\143\007\150\007\166\321\143\247}{subsection.7.7}% 250
\BOOKMARK [3][-]{subsubsection.7.7.2}{\376\377\137\002\136\070\150\300\155\113}{subsection.7.7}% 251
\BOOKMARK [3][-]{subsubsection.7.7.3}{\376\377\214\003\213\325\142\200\135\347}{subsection.7.7}% 252
\BOOKMARK [2][-]{subsection.7.8}{\376\377\136\070\211\301\131\061\215\045\152\041\137\017\116\016\176\317\232\214\145\131\213\255}{section.7}% 253
\BOOKMARK [3][-]{subsubsection.7.8.1}{\376\377\136\070\211\301\225\356\230\230\116\016\211\343\121\263}{subsection.7.8}% 254
\BOOKMARK [3][-]{subsubsection.7.8.2}{\376\377\211\304\152\041\123\026\116\055\166\204\143\021\142\030}{subsection.7.8}% 255
\BOOKMARK [1][-]{section.8}{\376\377\146\172\200\375\117\123\174\373\176\337}{}% 256
\BOOKMARK [2][-]{subsection.8.1}{\376\377\143\247\122\066\134\102\377\010\000h\000a\000r\000n\000e\000s\000s\377\011\166\204\137\142\137\017\123\026\133\232\116\111}{section.8}% 257
\BOOKMARK [2][-]{subsection.8.2}{\376\377\143\247\122\066\134\102\377\010\000h\000a\000r\000n\000e\000s\000s\377\011\166\204\164\006\213\272\155\361\123\026\377\032\176\246\147\137\000P\000O\000M\000D\000P\116\016\134\102\176\247\143\247\122\066}{section.8}% 258
\BOOKMARK [2][-]{subsection.8.3}{\376\377\143\247\122\066\134\102\377\010\000h\000a\000r\000n\000e\000s\000s\377\011\116\055\166\204\135\345\121\167\214\003\165\050\060\001\133\241\142\171\116\016\133\211\121\150\217\271\165\114}{section.8}% 259
\BOOKMARK [2][-]{subsection.8.4}{\376\377\000O\000p\000e\000n\000C\000l\000a\000w\116\023\172\340\377\032\116\316\000G\000a\000t\000e\000w\000a\000y\143\247\122\066\140\073\176\277\122\060\123\357\201\352\142\130\173\241\146\172\200\375\117\123\144\315\117\134\227\142}{section.8}% 260
\BOOKMARK [3][-]{subsubsection.8.4.1}{\376\377\174\373\176\337\133\232\117\115\377\032\133\203\116\015\146\057\000b\000o\000t\377\014\200\014\146\057\000c\000o\000n\000t\000r\000o\000l\000\040\000f\000a\000b\000r\000i\000c}{subsection.8.4}% 261
\BOOKMARK [3][-]{subsubsection.8.4.2}{\376\377\143\247\122\066\136\163\227\142\377\032\000G\000a\000t\000e\000w\000a\000y\146\057\145\164\116\052\174\373\176\337\166\204\116\055\147\242\171\136\176\317}{subsection.8.4}% 262
\BOOKMARK [3][-]{subsubsection.8.4.3}{\376\377\117\032\213\335\116\016\215\357\165\061\136\163\227\142\377\032\000O\000p\000e\000n\000C\000l\000a\000w\167\037\153\143\120\132\133\371\116\206\116\300\116\110}{subsection.8.4}% 263
\BOOKMARK [3][-]{subsubsection.8.4.4}{\376\377\142\147\210\114\136\163\227\142\377\032\000b\000r\000o\000w\000s\000e\000r\060\001\000n\000o\000d\000e\116\016\000s\000y\000s\000t\000e\000m\000.\000r\000u\000n\166\204\176\337\116\000\142\275\214\141}{subsection.8.4}% 264
\BOOKMARK [3][-]{subsubsection.8.4.5}{\376\377\201\352\122\250\123\026\136\163\227\142\377\032\000c\000r\000o\000n\060\001\000h\000e\000a\000r\000t\000b\000e\000a\000t\060\001\000w\000e\000b\000h\000o\000o\000k\116\016\000h\000o\000o\000k\000s\116\015\146\057\226\104\134\136\122\237\200\375}{subsection.8.4}% 265
\BOOKMARK [3][-]{subsubsection.8.4.6}{\376\377\131\032\146\172\200\375\117\123\377\032\133\203\135\362\176\317\116\015\146\057\123\125\116\343\164\006\377\014\117\106\217\330\116\015\146\057\147\000\176\310\137\142\140\001}{subsection.8.4}% 266
\BOOKMARK [3][-]{subsubsection.8.4.7}{\376\377\133\211\121\150\152\041\127\213\377\032\133\203\166\204\142\020\161\237\136\246\232\330\116\216\137\210\131\032\137\000\156\220\000a\000g\000e\000n\000t\230\171\166\356}{subsection.8.4}% 267
\BOOKMARK [3][-]{subsubsection.8.4.8}{\376\377\116\072\116\300\116\110\133\203\131\175\377\032\126\333\116\052\135\345\172\013\117\030\160\271}{subsection.8.4}% 268
\BOOKMARK [3][-]{subsubsection.8.4.9}{\376\377\116\073\211\201\116\015\215\263\377\032\131\015\147\102\136\246\060\001\117\341\116\373\217\271\165\114\116\016\123\117\117\134\137\142\140\001\116\315\137\205\123\107\176\247}{subsection.8.4}% 269
\BOOKMARK [3][-]{subsubsection.8.4.10}{\376\377\131\202\117\125\133\232\122\066\000O\000p\000e\000n\000C\000l\000a\000w\377\032\147\000\147\011\147\140\147\106\166\204\121\155\116\052\145\313\224\256}{subsection.8.4}% 270
\BOOKMARK [3][-]{subsubsection.8.4.11}{\376\377\131\202\117\125\142\212\133\203\176\347\176\355\137\000\123\321\142\020\167\037\153\143\166\204\131\032\146\172\200\375\117\123\174\373\176\337}{subsection.8.4}% 271
\BOOKMARK [3][-]{subsubsection.8.4.12}{\376\377\131\202\117\125\142\212\133\203\176\347\176\355\137\000\123\321\142\020\121\150\201\352\122\250\174\373\176\337}{subsection.8.4}% 272
\BOOKMARK [3][-]{subsubsection.8.4.13}{\376\377\176\323\213\272\377\032\000O\000p\000e\000n\000C\000l\000a\000w\147\000\147\011\116\367\120\074\166\204\116\015\146\057\147\320\116\052\122\237\200\375\377\014\200\014\146\057\116\000\171\315\147\266\147\204\123\326\124\021}{subsection.8.4}% 273
\BOOKMARK [2][-]{subsection.8.5}{\376\377\000C\000l\000a\000u\000d\000e\000\040\000C\000o\000d\000e\156\220\170\001\137\353\161\147\377\032\213\276\213\241\060\001\135\345\117\134\147\072\122\066\116\016\142\151\134\125\215\357\137\204}{section.8}% 274
\BOOKMARK [3][-]{subsubsection.8.5.1}{\376\377\140\073\117\123\176\323\147\204\377\032\133\203\122\060\136\225\165\061\124\352\116\233\134\102\176\304\142\020}{subsection.8.5}% 275
\BOOKMARK [3][-]{subsubsection.8.5.2}{\376\377\133\203\146\057\131\202\117\125\135\345\117\134\166\204\377\032\116\316\124\057\122\250\122\060\123\125\217\156\142\147\210\114}{subsection.8.5}% 276
\BOOKMARK [3][-]{subsubsection.8.5.3}{\376\377\174\373\176\337\213\276\213\241\155\361\122\126\377\032\143\247\122\066\136\163\227\142\060\001\162\266\140\001\136\163\227\142\060\001\142\147\210\114\136\163\227\142\116\016\142\151\134\125\136\163\227\142}{subsection.8.5}% 277
\BOOKMARK [3][-]{subsubsection.8.5.4}{\376\377\116\072\116\300\116\110\217\331\171\315\213\276\213\241\131\175}{subsection.8.5}% 278
\BOOKMARK [3][-]{subsubsection.8.5.5}{\376\377\116\316\156\220\170\001\142\275\214\141\121\372\166\204\116\003\147\141\213\276\213\241\123\237\122\031}{subsection.8.5}% 279
\BOOKMARK [3][-]{subsubsection.8.5.6}{\376\377\116\073\211\201\116\015\215\263\377\032\116\015\146\057\122\237\200\375\116\015\131\037\377\014\200\014\146\057\131\015\147\102\136\246\217\333\121\145\116\206\145\260\166\204\134\102\176\247}{subsection.8.5}% 280
\BOOKMARK [3][-]{subsubsection.8.5.7}{\376\377\131\202\117\125\133\232\122\066\377\032\124\175\116\344\060\001\135\345\121\167\060\001\000A\000g\000e\000n\000t\060\001\000H\000o\000o\000k\060\001\000M\000C\000P\116\016\213\260\137\306}{subsection.8.5}% 281
\BOOKMARK [3][-]{subsubsection.8.5.8}{\376\377\131\202\117\125\176\347\176\355\137\000\123\321\142\020\167\037\153\143\166\204\131\032\146\172\200\375\117\123\174\373\176\337}{subsection.8.5}% 282
\BOOKMARK [3][-]{subsubsection.8.5.9}{\376\377\131\202\117\125\142\212\133\203\176\347\176\355\137\000\123\321\142\020\121\150\201\352\122\250\174\373\176\337}{subsection.8.5}% 283
\BOOKMARK [3][-]{subsubsection.8.5.10}{\376\377\116\316\000C\000l\000a\000u\000d\000e\000\040\000C\000o\000d\000e\122\060\117\001\116\032\176\247\201\352\154\273\136\163\123\360\166\204\220\022\217\333\204\335\126\376}{subsection.8.5}% 284
\BOOKMARK [3][-]{subsubsection.8.5.11}{\376\377\133\203\217\330\200\375\140\016\150\067\145\071\217\333}{subsection.8.5}% 285
\BOOKMARK [2][-]{subsection.8.6}{\376\377\000C\000l\000a\000u\000d\000e\000\040\000C\000o\000d\000e\116\016\000O\000p\000e\000n\000C\000l\000a\000w\166\204\176\323\147\204\133\371\161\147}{section.8}% 286
\BOOKMARK [2][-]{subsection.8.7}{\376\377\000C\000l\000a\000u\000d\000e\000\040\000C\000o\000d\000e\060\001\000O\000p\000e\000n\000C\000l\000a\000w\116\016\000C\000h\000a\000t\000G\000P\000T\000\040\000a\000g\000e\000n\000t\166\204\116\011\145\271\133\371\161\147}{section.8}% 287
\BOOKMARK [2][-]{subsection.8.8}{\376\377\146\172\200\375\117\123\116\016\135\345\121\167\117\177\165\050}{section.8}% 288
\BOOKMARK [3][-]{subsubsection.8.8.1}{\376\377\135\345\121\167\130\236\137\072\143\250\164\006}{subsection.8.8}% 289
\BOOKMARK [3][-]{subsubsection.8.8.2}{\376\377\131\032\146\172\200\375\117\123\143\250\164\006}{subsection.8.8}% 290
\BOOKMARK [1][-]{section.9}{\376\377\122\115\154\277\225\355\156\220\152\041\127\213\116\016\135\345\172\013\133\236\215\365}{}% 291
\BOOKMARK [2][-]{subsection.9.1}{\376\377\215\104\145\231\147\145\156\220\116\016\213\301\143\156\122\006\134\102}{section.9}% 292
\BOOKMARK [2][-]{subsection.9.2}{\376\377\000O\000p\000e\000n\000A\000I\000\040\000G\000P\000T\000-\0005\174\373\122\027\142\200\147\057\122\006\147\220}{section.9}% 293
\BOOKMARK [3][-]{subsubsection.9.2.1}{\376\377\000G\000P\000T\000-\0005\213\255\176\303\000P\000i\000p\000e\000l\000i\000n\000e\143\250\155\113}{subsection.9.2}% 294
\BOOKMARK [3][-]{subsubsection.9.2.2}{\376\377\000G\000P\000T\000-\0005\140\047\200\375\230\204\155\113\000S\000c\000a\000l\000i\000n\000g\142\200\147\057}{subsection.9.2}% 295
\BOOKMARK [2][-]{subsection.9.3}{\376\377\000O\000p\000e\000n\000A\000I\000\040\000o\174\373\122\027\143\250\164\006\152\041\127\213\142\200\147\057\122\006\147\220}{section.9}% 296
\BOOKMARK [3][-]{subsubsection.9.3.1}{\376\377\000o\174\373\122\027\166\204\000R\000L\213\255\176\303\203\003\137\017}{subsection.9.3}% 297
\BOOKMARK [3][-]{subsubsection.9.3.2}{\376\377\000o\0003\000/\000o\0004\000-\000m\000i\000n\000i\166\204\142\200\147\057\172\201\170\064}{subsection.9.3}% 298
\BOOKMARK [3][-]{subsubsection.9.3.3}{\376\377\000o\174\373\122\027\166\204\217\307\172\013\131\126\122\261\152\041\127\213\377\010\000P\000R\000M\377\011\155\361\136\246\122\006\147\220}{subsection.9.3}% 299
\BOOKMARK [3][-]{subsubsection.9.3.4}{\376\377\000o\174\373\122\027\166\204\140\035\176\364\224\376\226\220\205\317\173\126\165\145\122\006\147\220}{subsection.9.3}% 300
\BOOKMARK [3][-]{subsubsection.9.3.5}{\376\377\000D\000e\000l\000i\000b\000e\000r\000a\000t\000i\000v\000e\000\040\000A\000l\000i\000g\000n\000m\000e\000n\000t\377\032\000o\174\373\122\027\166\204\221\315\211\201\133\211\121\150\213\255\176\303\145\271\154\325}{subsection.9.3}% 301
\BOOKMARK [3][-]{subsubsection.9.3.6}{\376\377\000o\0001\000\040\000S\000y\000s\000t\000e\000m\000\040\000C\000a\000r\000d\155\361\136\246\142\200\147\057\122\006\147\220}{subsection.9.3}% 302
\BOOKMARK [3][-]{subsubsection.9.3.7}{\376\377\000O\000p\000e\000n\000A\000I\000\040\000"\000L\000e\000t\000'\000s\000\040\000V\000e\000r\000i\000f\000y\000\040\000S\000t\000e\000p\000\040\000b\000y\000\040\000S\000t\000e\000p\000"\213\272\145\207\377\032\000P\000R\000M\166\204\131\140\127\372\135\345\117\134}{subsection.9.3}% 303
\BOOKMARK [3][-]{subsubsection.9.3.8}{\376\377\000A\000n\000t\000h\000r\000o\000p\000i\000c\000\040\000C\000o\000n\000s\000t\000i\000t\000u\000t\000i\000o\000n\000a\000l\000\040\000A\000I\377\032\000R\000L\000A\000I\000F\166\204\137\000\122\033\140\047\135\345\117\134}{subsection.9.3}% 304
\BOOKMARK [2][-]{subsection.9.4}{\376\377\000G\000o\000o\000g\000l\000e\000\040\000G\000e\000m\000i\000n\000i\000\040\0003\000.\0000\000\040\000P\000r\000o\142\200\147\057\155\361\136\246\122\126\147\220}{section.9}% 305
\BOOKMARK [3][-]{subsubsection.9.4.1}{\376\377\000G\000e\000m\000i\000n\000i\000\040\0003\000.\0000\000\040\000P\000r\000o\147\266\147\204\162\171\160\271}{subsection.9.4}% 306
\BOOKMARK [3][-]{subsubsection.9.4.2}{\376\377\000G\000e\000m\000i\000n\000i\000\040\0003\000.\0000\000\040\000P\000r\000o\213\255\176\303\142\200\147\057\143\250\155\113}{subsection.9.4}% 307
\BOOKMARK [3][-]{subsubsection.9.4.3}{\376\377\000G\000e\000m\000i\000n\000i\000\040\0003\000.\0000\000\040\000D\000e\000e\000p\000\040\000T\000h\000i\000n\000k\152\041\137\017\122\006\147\220}{subsection.9.4}% 308
\BOOKMARK [3][-]{subsubsection.9.4.4}{\376\377\000G\000e\000m\000i\000n\000i\142\200\147\057\142\245\124\112\000\050\000a\000r\000X\000i\000v\000:\0002\0003\0001\0002\000.\0001\0001\0008\0000\0005\000\051\150\070\137\303\121\205\133\271\122\006\147\220}{subsection.9.4}% 309
\BOOKMARK [2][-]{subsection.9.5}{\376\377\143\250\164\006\145\366\213\241\173\227\142\151\134\125\166\204\142\200\147\057\155\361\136\246\122\006\147\220}{section.9}% 310
\BOOKMARK [3][-]{subsubsection.9.5.1}{\376\377\143\250\164\006\145\366\213\241\173\227\142\151\134\125\166\204\164\006\213\272\127\372\170\100}{subsection.9.5}% 311
\BOOKMARK [3][-]{subsubsection.9.5.2}{\376\377\143\250\164\006\145\366\213\241\173\227\166\204\116\015\124\014\173\126\165\145}{subsection.9.5}% 312
\BOOKMARK [3][-]{subsubsection.9.5.3}{\376\377\140\035\176\364\224\376\225\177\136\246\116\016\140\047\200\375\166\204\121\163\174\373}{subsection.9.5}% 313
\BOOKMARK [3][-]{subsubsection.9.5.4}{\376\377\143\250\164\006\145\366\213\241\173\227\142\151\134\125\166\204\134\100\226\120\140\047}{subsection.9.5}% 314
\BOOKMARK [2][-]{subsection.9.6}{\376\377\135\345\121\167\117\177\165\050\000R\000L\213\255\176\303\166\204\142\200\147\057\176\306\202\202}{section.9}% 315
\BOOKMARK [3][-]{subsubsection.9.6.1}{\376\377\135\345\121\167\117\177\165\050\166\204\000R\000L\137\142\137\017\123\026}{subsection.9.6}% 316
\BOOKMARK [3][-]{subsubsection.9.6.2}{\376\377\131\126\122\261\121\375\145\160\213\276\213\241}{subsection.9.6}% 317
\BOOKMARK [3][-]{subsubsection.9.6.3}{\376\377\213\255\176\303\145\160\143\156\147\204\136\372}{subsection.9.6}% 318
\BOOKMARK [2][-]{subsection.9.7}{\376\377\131\032\152\041\140\001\140\035\176\364\224\376\166\204\142\200\147\057\172\201\170\064}{section.9}% 319
\BOOKMARK [3][-]{subsubsection.9.7.1}{\376\377\117\040\176\337\131\032\152\041\140\001\131\004\164\006}{subsection.9.7}% 320
\BOOKMARK [3][-]{subsubsection.9.7.2}{\376\377\126\376\120\317\207\215\121\145\140\035\176\364\224\376}{subsection.9.7}% 321
\BOOKMARK [2][-]{subsection.9.8}{\376\377\225\355\156\220\152\041\127\213\133\211\121\150\213\255\176\303\166\204\155\361\134\102\142\200\147\057}{section.9}% 322
\BOOKMARK [3][-]{subsubsection.9.8.1}{\376\377\176\242\226\037\155\113\213\325\116\016\217\355\116\343\145\071\217\333}{subsection.9.8}% 323
\BOOKMARK [3][-]{subsubsection.9.8.2}{\376\377\133\211\121\150\140\047\116\016\200\375\122\233\166\204\147\103\210\141}{subsection.9.8}% 324
\BOOKMARK [2][-]{subsection.9.9}{\376\377\225\355\156\220\152\041\127\213\213\255\176\303\166\204\121\163\225\056\142\200\147\057\211\201\160\271}{section.9}% 325
\BOOKMARK [3][-]{subsubsection.9.9.1}{\376\377\121\163\225\056\211\201\160\271\0001\377\032\131\047\211\304\152\041\232\330\215\050\221\317\145\160\143\156}{subsection.9.9}% 326
\BOOKMARK [3][-]{subsubsection.9.9.2}{\376\377\121\163\225\056\211\201\160\271\0002\377\032\174\276\176\306\123\026\166\204\000R\000L\131\126\122\261\213\276\213\241}{subsection.9.9}% 327
\BOOKMARK [3][-]{subsubsection.9.9.3}{\376\377\121\163\225\056\211\201\160\271\0003\377\032\213\255\176\303\172\063\133\232\140\047\135\345\172\013}{subsection.9.9}% 328
\BOOKMARK [3][-]{subsubsection.9.9.4}{\376\377\121\163\225\056\211\201\160\271\0004\377\032\143\250\164\006\145\366\213\241\173\227\166\204\147\000\117\030\122\006\221\115}{subsection.9.9}% 329
\BOOKMARK [3][-]{subsubsection.9.9.5}{\376\377\121\163\225\056\211\201\160\271\0005\377\032\131\032\152\041\140\001\133\371\237\120}{subsection.9.9}% 330
\BOOKMARK [2][-]{subsection.9.10}{\376\377\133\371\137\000\156\220\171\076\123\072\166\204\124\057\171\072}{section.9}% 331
\BOOKMARK [2][-]{subsection.9.11}{\376\377\121\163\225\056\213\272\145\207\116\016\142\200\147\057\215\104\156\220\154\107\140\073}{section.9}% 332
\BOOKMARK [3][-]{subsubsection.9.11.1}{\376\377\000O\000p\000e\000n\000A\000I\150\070\137\303\213\272\145\207}{subsection.9.11}% 333
\BOOKMARK [3][-]{subsubsection.9.11.2}{\376\377\000A\000n\000t\000h\000r\000o\000p\000i\000c\150\070\137\303\213\272\145\207}{subsection.9.11}% 334
\BOOKMARK [3][-]{subsubsection.9.11.3}{\376\377\000G\000o\000o\000g\000l\000e\000\040\000D\000e\000e\000p\000M\000i\000n\000d\150\070\137\303\213\272\145\207}{subsection.9.11}% 335
\BOOKMARK [3][-]{subsubsection.9.11.4}{\376\377\142\200\147\057\123\132\133\242\124\214\000S\000y\000s\000t\000e\000m\000\040\000C\000a\000r\000d}{subsection.9.11}% 336
\BOOKMARK [2][-]{subsection.9.12}{\376\377\142\200\147\057\147\057\213\355\133\371\161\147\210\150}{section.9}% 337
\BOOKMARK [2][-]{subsection.9.13}{\376\377\116\072\116\300\116\110\116\000\176\277\121\154\123\370\166\204\117\030\122\277\215\212\147\145\215\212\120\317\217\157\116\366\135\345\172\013\117\030\122\277}{section.9}% 338
\BOOKMARK [2][-]{subsection.9.14}{\376\377\176\337\116\000\166\204\217\157\116\366\135\345\172\013\225\355\163\257\377\032\116\316\227\000\154\102\122\060\116\012\176\277\124\016\166\204\133\146\116\140}{section.9}% 339
\BOOKMARK [2][-]{subsection.9.15}{\376\377\116\011\133\266\121\154\123\370\166\204\135\345\172\013\133\236\215\365\133\371\161\147}{section.9}% 340
\BOOKMARK [2][-]{subsection.9.16}{\376\377\000O\000p\000e\000n\000A\000I\377\032\213\304\155\113\232\161\122\250\123\321\136\003\060\001\230\316\226\151\122\006\176\247\116\016\123\327\143\247\142\147\210\114\163\257\130\203}{section.9}% 341
\BOOKMARK [3][-]{subsubsection.9.16.1}{\376\377\176\317\232\214\116\000\377\032\121\110\133\232\116\111\123\321\136\003\225\350\151\333\377\014\121\215\214\010\122\237\200\375\116\012\176\277}{subsection.9.16}% 342
\BOOKMARK [3][-]{subsubsection.9.16.2}{\376\377\176\317\232\214\116\214\377\032\146\172\200\375\117\123\200\375\122\233\137\305\230\173\217\320\210\114\127\050\123\327\143\247\163\257\130\203\116\055}{subsection.9.16}% 343
\BOOKMARK [3][-]{subsubsection.9.16.3}{\376\377\176\317\232\214\116\011\377\032\174\373\176\337\123\141\147\054\215\050\116\012\146\057\135\345\172\013\143\245\123\343\145\207\150\143}{subsection.9.16}% 344
\BOOKMARK [3][-]{subsubsection.9.16.4}{\376\377\176\317\232\214\126\333\377\032\116\316\060\012\000A\000\040\000p\000r\000a\000c\000t\000i\000c\000a\000l\000\040\000g\000u\000i\000d\000e\000\040\000t\000o\000\040\000b\000u\000i\000l\000d\000i\000n\000g\000\040\000a\000g\000e\000n\000t\000s\060\013\143\320\160\274\166\204\204\075\127\060\145\271\154\325\213\272}{subsection.9.16}% 345
\BOOKMARK [2][-]{subsection.9.17}{\376\377\000A\000n\000t\000h\000r\000o\000p\000i\000c\377\032\173\200\123\125\123\357\176\304\124\010\147\266\147\204\060\001\135\345\121\167\131\121\176\246\116\016\116\012\116\013\145\207\135\345\172\013}{section.9}% 346
\BOOKMARK [3][-]{subsubsection.9.17.1}{\376\377\176\317\232\214\116\000\377\032\121\110\165\050\173\200\123\125\123\357\176\304\124\010\152\041\137\017\377\014\116\015\211\201\121\110\116\012\131\015\147\102\150\106\147\266}{subsection.9.17}% 347
\BOOKMARK [3][-]{subsubsection.9.17.2}{\376\377\176\317\232\214\116\214\377\032\135\345\121\167\213\276\213\241\147\054\216\253\134\061\146\057\217\157\116\366\143\245\123\343\213\276\213\241}{subsection.9.17}% 348
\BOOKMARK [3][-]{subsubsection.9.17.3}{\376\377\176\317\232\214\116\011\377\032\116\012\116\013\145\207\135\345\172\013\153\324\143\320\171\072\213\315\142\200\135\347\146\364\221\315\211\201}{subsection.9.17}% 349
\BOOKMARK [2][-]{subsection.9.18}{\376\377\000G\000o\000o\000g\000l\000e\000\040\000D\000e\000e\000p\000M\000i\000n\000d\377\032\201\352\122\250\213\304\155\113\126\150\060\001\206\132\142\337\142\147\210\114\163\257\130\203\116\016\215\043\116\373\122\006\134\102}{section.9}% 350
\BOOKMARK [3][-]{subsubsection.9.18.1}{\376\377\176\317\232\214\116\000\377\032\142\212\146\172\200\375\117\123\142\147\210\114\145\076\217\333\206\132\142\337\163\257\130\203\377\014\200\014\116\015\146\057\166\364\143\245\170\260\167\037\133\236\116\026\165\114}{subsection.9.18}% 351
\BOOKMARK [3][-]{subsubsection.9.18.2}{\376\377\176\317\232\214\116\214\377\032\201\352\122\250\213\304\155\113\126\150\146\057\142\212\170\024\172\166\123\330\142\020\135\345\172\013\166\204\150\145\150\201}{subsection.9.18}% 352
\BOOKMARK [3][-]{subsubsection.9.18.3}{\376\377\176\317\232\214\116\011\377\032\133\211\121\150\136\224\213\345\146\057\122\006\134\102\166\204\377\014\200\014\116\015\146\057\123\125\160\271\166\204}{subsection.9.18}% 353
\BOOKMARK [3][-]{subsubsection.9.18.4}{\376\377\176\317\232\214\126\333\377\032\165\050\040\034\000A\000g\000e\000n\000t\000i\000c\000\040\000D\000e\000s\000i\000g\000n\000\040\000P\000a\000t\000t\000e\000r\000n\000s\040\035\142\212\147\266\147\204\220\011\142\351\152\041\137\017\123\026}{subsection.9.18}% 354
\BOOKMARK [2][-]{subsection.9.19}{\376\377\123\357\166\364\143\245\120\037\222\164\166\204\116\000\176\277\217\157\116\366\137\000\123\321\176\317\232\214}{section.9}% 355
\BOOKMARK [2][-]{subsection.9.20}{\376\377\133\371\142\021\116\354\133\236\226\105\137\000\123\321\166\204\136\372\213\256}{section.9}% 356
\BOOKMARK [1][-]{section.10}{\376\377\147\052\147\145\170\024\172\166\145\271\124\021}{}% 357
\BOOKMARK [2][-]{subsection.10.1}{\376\377\217\307\123\273\116\000\136\164\377\010\0002\0000\0002\0005\136\164\0004\147\010\0007\145\345\201\363\0002\0000\0002\0006\136\164\0004\147\010\0007\145\345\377\011\166\204\121\163\225\056\213\272\145\207\146\364\145\260}{section.10}% 358
\BOOKMARK [3][-]{subsubsection.10.1.1}{\376\377\217\331\116\000\136\164\147\000\150\070\137\303\166\204\116\224\116\052\122\044\145\255}{subsection.10.1}% 359
\BOOKMARK [3][-]{subsubsection.10.1.2}{\376\377\217\331\116\233\213\272\145\207\133\371\147\054\116\146\121\166\117\131\172\340\202\202\166\204\166\364\143\245\137\161\124\315}{subsection.10.1}% 360
\BOOKMARK [2][-]{subsection.10.2}{\376\377\117\030\121\110\176\247\122\044\145\255\150\007\121\306}{section.10}% 361
\BOOKMARK [2][-]{subsection.10.3}{\376\377\173\227\154\325\145\071\217\333}{section.10}% 362
\BOOKMARK [3][-]{subsubsection.10.3.1}{\376\377\146\364\232\330\145\110\166\204\000R\000L\173\227\154\325}{subsection.10.3}% 363
\BOOKMARK [3][-]{subsubsection.10.3.2}{\376\377\146\364\131\175\166\204\131\126\122\261\213\276\213\241}{subsection.10.3}% 364
\BOOKMARK [3][-]{subsubsection.10.3.3}{\376\377\155\367\124\010\145\271\154\325}{subsection.10.3}% 365
\BOOKMARK [2][-]{subsection.10.4}{\376\377\143\250\164\006\145\366\213\241\173\227\142\151\134\125}{section.10}% 366
\BOOKMARK [3][-]{subsubsection.10.4.1}{\376\377\232\330\145\110\144\034\175\042\173\227\154\325}{subsection.10.4}% 367
\BOOKMARK [3][-]{subsubsection.10.4.2}{\376\377\122\250\140\001\213\241\173\227\122\006\221\115}{subsection.10.4}% 368
\BOOKMARK [3][-]{subsubsection.10.4.3}{\376\377\143\250\164\006\117\030\123\026\145\271\154\325}{subsection.10.4}% 369
\BOOKMARK [2][-]{subsection.10.5}{\376\377\131\032\152\041\140\001\143\250\164\006}{section.10}% 370
\BOOKMARK [3][-]{subsubsection.10.5.1}{\376\377\211\306\211\311\143\250\164\006}{subsection.10.5}% 371
\BOOKMARK [3][-]{subsubsection.10.5.2}{\376\377\215\350\152\041\140\001\143\250\164\006}{subsection.10.5}% 372
\BOOKMARK [2][-]{subsection.10.6}{\376\377\164\006\213\272\170\024\172\166}{section.10}% 373
\BOOKMARK [3][-]{subsubsection.10.6.1}{\376\377\143\250\164\006\200\375\122\233\166\204\147\054\215\050}{subsection.10.6}% 374
\BOOKMARK [3][-]{subsubsection.10.6.2}{\376\377\134\072\136\246\133\232\137\213\377\010\000S\000c\000a\000l\000i\000n\000g\000\040\000L\000a\000w\000s\377\011}{subsection.10.6}% 375
\BOOKMARK [3][-]{subsubsection.10.6.3}{\376\377\154\333\123\026\164\006\213\272}{subsection.10.6}% 376
\BOOKMARK [3][-]{subsubsection.10.6.4}{\376\377\124\016\000T\000r\000a\000n\000s\000f\000o\000r\000m\000e\000r\172\201\170\064\377\032\176\323\147\204\122\044\145\255\116\016\142\200\147\057\230\204\155\113}{subsection.10.6}% 377
\BOOKMARK [3][-]{subsubsection.10.6.5}{\376\377\146\364\157\300\217\333\166\204\127\372\170\100\213\276\145\275\120\107\213\364\377\032\126\333\171\315\215\205\215\212\163\260\147\011\171\136\176\317\232\250\136\162\166\204\145\271\124\021}{subsection.10.6}% 378
\BOOKMARK [2][-]{subsection.10.7}{\376\377\133\211\121\150\116\016\133\371\237\120}{section.10}% 379
\BOOKMARK [3][-]{subsubsection.10.7.1}{\376\377\133\211\121\150\143\250\164\006}{subsection.10.7}% 380
\BOOKMARK [3][-]{subsubsection.10.7.2}{\376\377\133\371\237\120\143\021\142\030}{subsection.10.7}% 381
\BOOKMARK [2][-]{subsection.10.8}{\376\377\137\000\145\076\225\356\230\230}{section.10}% 382
\BOOKMARK [2][-]{subsection.10.9}{\376\377\000B\000i\000t\000N\000e\000t\377\032\0001\153\324\162\171\131\047\213\355\212\000\152\041\127\213}{section.10}% 383
\BOOKMARK [3][-]{subsubsection.10.9.1}{\376\377\000B\000i\000t\000N\000e\000t\142\200\147\057\151\202\217\360}{subsection.10.9}% 384
\BOOKMARK [3][-]{subsubsection.10.9.2}{\376\377\213\255\176\303\116\016\143\250\164\006\155\101\172\013}{subsection.10.9}% 385
\BOOKMARK [3][-]{subsubsection.10.9.3}{\376\377\140\047\200\375\133\371\153\324\122\006\147\220}{subsection.10.9}% 386
\BOOKMARK [3][-]{subsubsection.10.9.4}{\376\377\116\016\117\040\176\337\221\317\123\026\145\271\154\325\133\371\153\324}{subsection.10.9}% 387
\BOOKMARK [3][-]{subsubsection.10.9.5}{\376\377\170\154\116\366\117\030\123\026\116\016\147\052\147\145\134\125\147\033}{subsection.10.9}% 388
\BOOKMARK [3][-]{subsubsection.10.9.6}{\376\377\133\230\145\271\152\041\127\213\215\104\156\220}{subsection.10.9}% 389
\BOOKMARK [3][-]{subsubsection.10.9.7}{\376\377\134\017\176\323}{subsection.10.9}% 390
\BOOKMARK [1][-]{section.11}{\376\377\140\073\176\323}{}% 391
\BOOKMARK [2][-]{subsection.11.1}{\376\377\150\070\137\303\176\323\213\272}{section.11}% 392
\BOOKMARK [2][-]{subsection.11.2}{\376\377\147\054\142\245\124\112\166\204\116\073\211\201\215\041\163\056}{section.11}% 393
\BOOKMARK [2][-]{subsection.11.3}{\376\377\133\236\215\365\136\372\213\256}{section.11}% 394
\BOOKMARK [2][-]{subsection.11.4}{\376\377\0009\0000\131\051\204\075\127\060\156\005\123\125}{section.11}% 395
\BOOKMARK [2][-]{subsection.11.5}{\376\377\147\052\147\145\116\011\136\164\166\204\142\147\210\114\215\357\176\277\126\376}{section.11}% 396
\BOOKMARK [2][-]{subsection.11.6}{\376\377\147\052\147\145\123\321\134\125\215\213\122\277\116\016\170\024\172\166\215\357\176\277\126\376}{section.11}% 397
