\BOOKMARK [1][-]{section.1}{1.\040Introduction}{}% 1
\BOOKMARK [2][-]{subsection.1.1}{1.1.\040Main\040Result\040and\040Assumptions}{section.1}% 2
\BOOKMARK [2][-]{subsection.1.2}{1.2.\040Context,\040Significance,\040and\040Novelty}{section.1}% 3
\BOOKMARK [2][-]{subsection.1.3}{1.3.\040Examples\040and\040Scope}{section.1}% 4
\BOOKMARK [2][-]{subsection.1.4}{1.4.\040Methodology\040Overview\040and\040Structure}{section.1}% 5
\BOOKMARK [1][-]{section.2}{2.\040Preliminaries\040and\040Analytic\040Tools}{}% 6
\BOOKMARK [2][-]{subsection.2.1}{2.1.\040Geometric\040and\040Analytic\040Assumptions}{section.2}% 7
\BOOKMARK [2][-]{subsection.2.2}{2.2.\040Random\040Walk\040and\040the\040Analytic\040Framework}{section.2}% 8
\BOOKMARK [2][-]{subsection.2.3}{2.3.\040Heat\040Kernel\040Toolbox}{section.2}% 9
\BOOKMARK [3][-]{subsubsection.2.3.1}{2.3.1\040Maximal\040Inequality\040and\040Gaussian\040Bounds}{subsection.2.3}% 10
\BOOKMARK [3][-]{subsubsection.2.3.2}{2.3.2\040Heat\040Kernel\040Asymptotics\040\(LCLT\)\040and\040Homogenisation}{subsection.2.3}% 11
\BOOKMARK [3][-]{subsubsection.2.3.3}{2.3.3\040Dirichlet\040Problem\040and\040Intrinsic\040Ultracontractivity}{subsection.2.3}% 12
\BOOKMARK [1][-]{section.3}{3.\040Interior\205Boundary\040Decomposition\040and\040Volume\040Estimates}{}% 13
\BOOKMARK [1][-]{section.4}{4.\040Lower\040Bound\040Analysis}{}% 14
\BOOKMARK [1][-]{section.5}{5.\040Upper\040Bound\040Analysis}{}% 15
\BOOKMARK [1][-]{section.6}{6.\040Proof\040of\040the\040Main\040Theorem\040and\040Further\040Discussion}{}% 16
\BOOKMARK [2][-]{subsection.6.1}{6.1.\040Discussion\040on\040Assumptions\040and\040Scope}{section.6}% 17
\BOOKMARK [1][-]{section*.13}{References}{}% 18
\BOOKMARK [1][-]{appendix.A}{A.\040Appendix:\040Comparison\040with\040Other\040Growth\040Regimes}{}% 19
\BOOKMARK [1][-]{appendix.B}{B.\040Appendix:\040Additional\040pi-identities\040from\040alternative\040periodic\040walks}{}% 20
\BOOKMARK [2][-]{subsection.B.1}{B.1.\040King\040walk\040\(8\040neighbours\)}{appendix.B}% 21
\BOOKMARK [2][-]{subsection.B.2}{B.2.\040Triangular\040walk\040\(6\040neighbours\)}{appendix.B}% 22
\BOOKMARK [2][-]{subsection.B.3}{B.3.\040Knight\040walk\040\(8\040L-moves\)}{appendix.B}% 23
\BOOKMARK [2][-]{subsection.B.4}{B.4.\040Numerical\040verification}{appendix.B}% 24
