\BOOKMARK [1][]{Outline1}{\376\377\173\054\116\000\220\350\122\006\377\032\131\047\152\041\127\213\127\372\170\100\116\016\213\304\155\113}{}% 1
\BOOKMARK [2][]{Outline1.1}{\376\377\131\047\152\041\127\213\123\321\134\125\151\202\211\310}{Outline1}% 2
\BOOKMARK [2][]{Outline1.2}{\376\377\116\073\155\101\000A\000I\131\047\152\041\127\213\213\346\211\343}{Outline1}% 3
\BOOKMARK [2][]{Outline1.3}{\376\377\131\047\152\041\127\213\166\204\150\070\137\303\225\356\230\230\116\016\150\071\147\054\123\237\126\340}{Outline1}% 4
\BOOKMARK [1][]{Outline2}{\376\377\173\054\116\214\220\350\122\006\377\032\152\041\127\213\155\361\121\145\211\343\147\220}{}% 5
\BOOKMARK [2][]{Outline2.4}{\376\377\116\073\155\101\152\041\127\213\171\321\170\024\162\171\160\271\122\006\147\220}{Outline2}% 6
\BOOKMARK [2][]{Outline2.5}{\376\377\131\032\152\041\140\001\200\375\122\233\133\371\153\324}{Outline2}% 7
\BOOKMARK [2][]{Outline2.6}{\376\377\000P\000r\000o\000m\000p\000t\000\040\000E\000n\000g\000i\000n\000e\000e\000r\000i\000n\000g\170\024\172\166\217\333\134\125}{Outline2}% 8
\BOOKMARK [1][]{Outline3}{\376\377\173\054\116\011\220\350\122\006\377\032\000A\000I\177\026\172\013\135\345\121\167}{}% 9
\BOOKMARK [2][]{Outline3.7}{\376\377\000A\000g\000e\000n\000t\135\345\117\134\155\101\127\372\170\100}{Outline3}% 10
\BOOKMARK [2][]{Outline3.8}{\376\377\000A\000I\177\026\172\013\135\345\121\167\133\236\142\030}{Outline3}% 11
\BOOKMARK [1][]{Outline4}{\376\377\173\054\126\333\220\350\122\006\377\032\171\321\170\024\136\224\165\050\133\236\215\365}{}% 12
\BOOKMARK [2][]{Outline4.9}{\376\377\171\321\170\024\127\072\146\157\136\224\165\050}{Outline4}% 13
\BOOKMARK [2][]{Outline4.10}{\376\377\133\236\165\050\142\200\135\347\116\016\147\000\117\163\133\236\215\365}{Outline4}% 14
\BOOKMARK [1][]{Outline5}{\376\377\173\054\116\224\220\350\122\006\377\032\232\330\176\247\142\200\135\347}{}% 15
\BOOKMARK [2][]{Outline5.11}{\376\377\232\330\176\247\142\200\135\347\116\016\122\115\154\277\213\335\230\230}{Outline5}% 16
\BOOKMARK [2][]{Outline5.12}{\376\377\000A\000P\000I\167\001\224\261\116\016\145\160\143\156\133\211\121\150}{Outline5}% 17
\BOOKMARK [1][]{Outline6}{\376\377\173\054\121\155\220\350\122\006\377\032\230\316\226\151\116\016\211\304\203\003}{}% 18
\BOOKMARK [2][]{Outline6.13}{\376\377\000A\000I\213\272\145\207\150\300\155\113\116\016\133\146\147\057\213\332\117\341}{Outline6}% 19
\BOOKMARK [2][]{Outline6.14}{\376\377\121\115\215\071\000/\137\000\156\220\000A\000I\176\330\126\376\135\345\121\167}{Outline6}% 20
\BOOKMARK [2][]{Outline6.15}{\376\377\171\321\170\024\000L\000L\000M\136\224\165\050\377\032\230\316\226\151\116\016\147\000\117\163\133\236\215\365}{Outline6}% 21
\BOOKMARK [2][]{Outline6.16}{\376\377\171\321\170\024\127\072\146\157\000P\000r\000o\000m\000p\000t\152\041\147\177}{Outline6}% 22
\BOOKMARK [2][]{Outline6.17}{\376\377\170\024\172\166\232\214\213\301\166\204\232\330\176\247\000P\000r\000o\000m\000p\000t\142\200\147\057}{Outline6}% 23
\BOOKMARK [1][]{Outline7}{\376\377\226\104\137\125}{}% 24
\BOOKMARK [1][]{Outline8}{\376\377\173\054\116\003\220\350\122\006\377\032\140\073\176\323\116\016\134\125\147\033}{}% 25
\BOOKMARK [2][]{Outline8.18}{\376\377\140\073\176\323\116\016\134\125\147\033}{Outline8}% 26
