\BOOKMARK [0][-]{chapter*.1}{\376\377\136\217\212\000}{}% 1
\BOOKMARK [0][-]{chapter*.2}{\376\377\122\115\212\000}{}% 2
\BOOKMARK [0][-]{chapter.4}{\376\377\213\244\167\345\127\372\170\100\213\276\145\275\377\032\221\315\145\260\133\232\116\111\131\047\152\041\127\213\166\204\142\030\165\145\147\054\215\050}{}% 3
\BOOKMARK [1][-]{section.5}{\376\377\116\000\116\052\210\253\137\375\211\306\166\204\142\030\165\145\122\044\145\255}{chapter.4}% 4
\BOOKMARK [1][-]{section.6}{\376\377\147\054\116\146\166\204\150\070\137\303\164\006\213\272\377\032\000"\213\244\167\345\127\372\170\100\213\276\145\275\000"\150\106\147\266}{chapter.4}% 5
\BOOKMARK [2][-]{subsection.7}{\376\377\116\072\116\300\116\110\146\057\000"\127\372\170\100\213\276\145\275\000"\200\014\227\136\000"\135\345\121\167\000"\377\037}{section.6}% 6
\BOOKMARK [2][-]{subsection.10}{\376\377\213\244\167\345\127\372\170\100\213\276\145\275\166\204\000"\116\011\134\102\147\266\147\204\000"\152\041\127\213}{section.6}% 7
\BOOKMARK [2][-]{subsection.11}{\376\377\213\244\167\345\127\372\170\100\213\276\145\275\166\204\126\333\131\047\142\030\165\145\134\136\140\047}{section.6}% 8
\BOOKMARK [1][-]{section.14}{\376\377\0002\0000\0002\0005\136\164\0001\0002\147\010\377\032\213\244\167\345\127\372\170\100\213\276\145\275\172\336\116\211\166\204\167\037\133\236\140\001\122\277}{chapter.4}% 9
\BOOKMARK [2][-]{subsection.15}{\376\377\177\216\126\375\377\032\174\373\176\337\140\047\147\204\136\372\213\244\167\345\127\372\170\100\213\276\145\275\116\073\133\374\147\103}{section.14}% 10
\BOOKMARK [2][-]{subsection.16}{\376\377\116\055\126\375\377\032\200\375\122\233\137\353\220\037\217\375\215\166\377\014\117\106\142\030\165\145\133\232\117\115\134\032\227\000\143\320\123\107}{section.14}% 11
\BOOKMARK [2][-]{subsection.17}{\376\377\200\375\122\233\135\356\215\335\166\204\221\317\123\026\213\304\117\060}{section.14}% 12
\BOOKMARK [1][-]{section.20}{\376\377\210\253\137\375\211\306\166\204\142\030\165\145\230\316\226\151\377\032\213\244\167\345\127\372\170\100\213\276\145\275\117\235\215\126}{chapter.4}% 13
\BOOKMARK [2][-]{subsection.21}{\376\377\000"\156\051\154\064\161\156\227\122\206\331\000"\377\032\156\020\217\333\140\047\117\235\215\126\166\204\137\142\142\020}{section.20}% 14
\BOOKMARK [2][-]{subsection.22}{\376\377\145\255\117\233\127\072\146\157\143\250\157\024\377\032\131\202\147\234\146\016\131\051\000A\000P\000I\210\253\122\007\145\255}{section.20}% 15
\BOOKMARK [2][-]{subsection.23}{\376\377\210\253\116\045\221\315\117\116\117\060\166\204\132\001\200\301\377\032\000V\000P\000N\220\032\220\123\166\204\201\006\137\061\140\047}{section.20}% 16
\BOOKMARK [2][-]{subsection.24}{\376\377\215\321\122\006\166\204\136\173\211\311\377\032\116\072\116\300\116\110\155\113\213\325\122\006\145\160\143\251\166\326\116\206\167\037\133\236\135\356\215\335}{section.20}% 17
\BOOKMARK [2][-]{subsection.27}{\376\377\171\321\170\024\165\037\116\247\122\233\377\032\147\000\210\253\117\116\117\060\166\204\142\030\165\145\135\356\215\335}{section.20}% 18
\BOOKMARK [2][-]{subsection.28}{\376\377\146\364\226\220\205\075\166\204\230\316\226\151\377\032\213\244\167\345\156\027\220\017}{section.20}% 19
\BOOKMARK [1][-]{section.29}{\376\377\142\030\165\145\136\372\213\256\377\032\147\204\136\372\126\375\133\266\213\244\167\345\127\372\170\100\213\276\145\275}{chapter.4}% 20
\BOOKMARK [2][-]{subsection.30}{\376\377\173\054\116\000\377\014\142\030\165\145\123\107\176\247\377\032\116\316\000"\116\247\116\032\123\321\134\125\000"\122\060\000"\126\375\133\266\127\372\170\100\213\276\145\275\000"}{section.29}% 21
\BOOKMARK [2][-]{subsection.31}{\376\377\173\054\116\214\377\014\173\227\122\233\172\201\170\064\377\032\116\076\126\375\117\123\122\066\145\073\121\113\202\257\162\107\164\366\230\210}{section.29}% 22
\BOOKMARK [2][-]{subsection.32}{\376\377\173\054\116\011\377\014\152\041\127\213\172\201\170\064\377\032\126\375\133\266\127\372\170\100\131\047\152\041\127\213\135\345\172\013}{section.29}% 23
\BOOKMARK [2][-]{subsection.33}{\376\377\173\054\126\333\377\014\200\375\122\233\146\156\123\312\377\032\213\251\213\244\167\345\127\372\170\100\213\276\145\275\140\340\123\312\121\150\154\021}{section.29}% 24
\BOOKMARK [2][-]{subsection.34}{\376\377\173\054\116\224\377\014\133\211\121\150\117\335\226\234\377\032\147\204\136\372\213\244\167\345\133\211\121\150\117\123\174\373}{section.29}% 25
\BOOKMARK [1][-]{section.35}{\376\377\147\054\172\340\176\323\213\272}{chapter.4}% 26
\BOOKMARK [0][-]{chapter.36}{\376\377\213\244\167\345\145\110\163\207\227\151\124\175\377\032\131\047\152\041\127\213\133\371\126\375\133\266\150\070\137\303\200\375\122\233\166\204\221\315\130\121}{}% 27
\BOOKMARK [1][-]{section.37}{\376\377\171\321\170\024\165\037\116\247\122\233\377\032\167\345\213\306\165\037\116\247\166\204\203\003\137\017\227\151\124\175}{chapter.36}% 28
\BOOKMARK [2][-]{subsection.38}{\376\377\153\143\127\050\123\321\165\037\166\204\123\330\227\151\377\032\116\316\217\205\122\251\135\345\121\167\122\060\150\070\137\303\165\037\116\247\122\233}{section.37}% 29
\BOOKMARK [2][-]{subsection.39}{\376\377\210\253\137\375\211\306\166\204\142\030\165\145\137\161\124\315\377\032\171\321\170\024\172\336\116\211\122\233\166\204\143\007\145\160\176\247\122\006\123\026}{section.37}% 30
\BOOKMARK [2][-]{subsection.42}{\376\377\146\364\155\361\134\102\166\204\225\356\230\230\377\032\171\321\170\024\213\244\167\345\116\073\147\103}{section.37}% 31
\BOOKMARK [2][-]{subsection.43}{\376\377\145\077\173\126\136\372\213\256\377\032\171\321\170\024\213\244\167\345\127\372\170\100\213\276\145\275\201\352\116\073\123\026}{section.37}% 32
\BOOKMARK [1][-]{section.44}{\376\377\000A\000I\000\040\000f\000o\000r\000\040\000S\000c\000i\000e\000n\000c\000e\377\032\131\047\152\041\127\213\232\161\122\250\166\204\171\321\133\146\123\321\163\260\203\003\137\017\227\151\124\175}{chapter.36}% 33
\BOOKMARK [2][-]{subsection.45}{\376\377\000A\000l\000p\000h\000a\000F\000o\000l\000d\377\032\127\372\116\216\000T\000r\000a\000n\000s\000f\000o\000r\000m\000e\000r\166\204\206\313\166\175\215\050\131\047\152\041\127\213}{section.44}% 34
\BOOKMARK [2][-]{subsection.46}{\376\377\000G\000N\000o\000M\000E\377\032\147\120\145\231\123\321\163\260\166\204\000A\000I\227\151\124\175}{section.44}% 35
\BOOKMARK [2][-]{subsection.47}{\376\377\000A\000I\203\157\162\151\170\024\123\321\173\241\176\277}{section.44}% 36
\BOOKMARK [2][-]{subsection.48}{\376\377\201\352\122\250\123\026\133\236\232\214\133\244\377\010\000A\000u\000t\000o\000n\000o\000m\000o\000u\000s\000\040\000L\000a\000b\377\011}{section.44}% 37
\BOOKMARK [1][-]{section.49}{\376\377\140\305\142\245\122\006\147\220\377\032\117\341\140\157\142\030\200\375\122\233\166\204\116\343\226\105\215\303\217\301}{chapter.36}% 38
\BOOKMARK [2][-]{subsection.50}{\376\377\131\047\152\041\127\213\131\202\117\125\145\071\123\330\140\305\142\245\122\006\147\220}{section.49}% 39
\BOOKMARK [2][-]{subsection.51}{\376\377\142\200\147\057\133\236\163\260\377\032\131\047\152\041\127\213\215\113\200\375\166\204\140\305\142\245\131\004\164\006\173\241\176\277}{section.49}% 40
\BOOKMARK [2][-]{subsection.52}{\376\377\177\216\126\375\140\305\142\245\165\114\166\204\000A\000I\145\164\124\010\377\032\116\000\116\052\150\110\117\213\170\024\172\166}{section.49}% 41
\BOOKMARK [2][-]{subsection.53}{\376\377\140\305\142\245\200\375\122\233\135\356\215\335\166\204\142\030\165\145\124\016\147\234}{section.49}% 42
\BOOKMARK [2][-]{subsection.54}{\376\377\145\077\173\126\136\372\213\256\377\032\140\305\142\245\213\244\167\345\127\372\170\100\213\276\145\275\136\372\213\276}{section.49}% 43
\BOOKMARK [1][-]{section.55}{\376\377\121\263\173\126\145\057\143\001\377\032\116\316\217\205\122\251\122\006\147\220\122\060\213\244\167\345\117\031\117\064}{chapter.36}% 44
\BOOKMARK [2][-]{subsection.56}{\376\377\131\047\152\041\127\213\131\202\117\125\145\071\123\330\121\263\173\126\217\307\172\013}{section.55}% 45
\BOOKMARK [2][-]{subsection.59}{\376\377\142\030\165\145\121\263\173\126\116\055\166\204\000A\000I\136\224\165\050}{section.55}% 46
\BOOKMARK [2][-]{subsection.60}{\376\377\121\263\173\126\000A\000I\166\204\230\316\226\151\116\016\217\271\165\114}{section.55}% 47
\BOOKMARK [1][-]{section.61}{\376\377\116\272\142\115\127\371\121\173\377\032\145\131\200\262\203\003\137\017\166\204\150\071\147\054\221\315\147\204}{chapter.36}% 48
\BOOKMARK [2][-]{subsection.62}{\376\377\000A\000I\145\366\116\343\227\000\211\201\116\300\116\110\150\067\166\204\116\272\142\115}{section.61}% 49
\BOOKMARK [2][-]{subsection.63}{\376\377\145\131\200\262\117\123\174\373\166\204\174\373\176\337\140\047\214\003\145\164}{section.61}% 50
\BOOKMARK [2][-]{subsection.64}{\376\377\145\131\200\262\121\154\136\163\166\204\145\260\143\021\142\030\116\016\145\260\147\072\220\107}{section.61}% 51
\BOOKMARK [1][-]{section.65}{\376\377\176\317\155\116\145\110\163\207\377\032\121\150\211\201\175\040\165\037\116\247\163\207\166\204\000A\000I\227\151\124\175}{chapter.36}% 52
\BOOKMARK [2][-]{subsection.66}{\376\377\131\047\152\041\127\213\133\371\176\317\155\116\130\236\225\177\166\204\117\040\133\374\147\072\122\066}{section.65}% 53
\BOOKMARK [2][-]{subsection.67}{\376\377\116\247\116\032\221\315\147\204\166\204\155\361\134\102\220\073\217\221}{section.65}% 54
\BOOKMARK [2][-]{subsection.68}{\376\377\134\061\116\032\176\323\147\204\166\204\155\361\122\073\123\330\123\026}{section.65}% 55
\BOOKMARK [1][-]{section.69}{\376\377\126\375\133\266\133\211\121\150\200\375\122\233\377\032\213\244\167\345\127\372\170\100\213\276\145\275\166\204\133\211\121\150\176\364\136\246}{chapter.36}% 56
\BOOKMARK [2][-]{subsection.70}{\376\377\000A\000I\133\371\126\375\133\266\133\211\121\150\200\375\122\233\166\204\131\032\176\364\137\161\124\315}{section.69}% 57
\BOOKMARK [2][-]{subsection.71}{\376\377\200\375\122\233\135\356\215\335\166\204\142\030\165\145\124\016\147\234}{section.69}% 58
\BOOKMARK [1][-]{section.72}{\376\377\230\206\127\337\225\364\166\204\123\117\124\014\145\110\136\224\377\032\213\244\167\345\127\372\170\100\213\276\145\275\166\204\174\373\176\337\140\047\137\161\124\315}{chapter.36}% 59
\BOOKMARK [2][-]{subsection.73}{\376\377\153\143\124\021\123\117\124\014\147\072\122\066}{section.72}% 60
\BOOKMARK [2][-]{subsection.74}{\376\377\230\316\226\151\117\040\133\374\147\072\122\066}{section.72}% 61
\BOOKMARK [1][-]{section.75}{\376\377\147\054\172\340\176\323\213\272}{chapter.36}% 62
\BOOKMARK [0][-]{chapter.76}{\376\377\146\227\142\030\122\115\154\277\377\032\213\244\167\345\127\372\170\100\213\276\145\275\166\204\121\150\164\003\123\132\137\010}{}% 63
\BOOKMARK [1][-]{section.77}{\376\377\210\253\137\375\211\306\166\204\142\030\127\072\377\032\140\305\142\245\165\114\166\204\000A\000I\227\151\124\175}{chapter.76}% 64
\BOOKMARK [2][-]{subsection.78}{\376\377\177\216\126\375\140\305\142\245\165\114\000A\000I\145\164\124\010\166\204\142\030\165\145\147\266\147\204}{section.77}% 65
\BOOKMARK [2][-]{subsection.79}{\376\377\000A\000I\000M\120\041\213\256\377\032\140\305\142\245\000A\000I\145\164\124\010\166\204\204\335\126\376}{section.77}% 66
\BOOKMARK [2][-]{subsection.80}{\376\377\140\305\142\245\000A\000I\166\204\121\167\117\123\136\224\165\050\127\072\146\157}{section.77}% 67
\BOOKMARK [2][-]{subsection.81}{\376\377\140\305\142\245\000A\000I\166\204\142\030\165\145\137\161\124\315}{section.77}% 68
\BOOKMARK [1][-]{section.82}{\376\377\121\233\116\213\000A\000I\377\032\167\037\153\143\166\204\142\200\147\057\236\321\155\036}{chapter.76}% 69
\BOOKMARK [2][-]{subsection.83}{\376\377\121\154\137\000\117\341\140\157\116\016\200\375\122\233\143\250\145\255}{section.82}% 70
\BOOKMARK [2][-]{subsection.84}{\376\377\121\233\116\213\000A\000I\136\224\165\050\230\206\127\337\143\250\145\255}{section.82}% 71
\BOOKMARK [2][-]{subsection.85}{\376\377\200\375\122\233\135\356\215\335\166\204\142\030\165\145\124\016\147\234}{section.82}% 72
\BOOKMARK [1][-]{section.86}{\376\377\171\321\170\024\116\023\165\050\152\041\127\213\377\032\226\220\205\317\166\204\122\115\154\277}{chapter.76}% 73
\BOOKMARK [2][-]{subsection.87}{\376\377\125\106\116\032\152\041\127\213\116\016\116\023\165\050\152\041\127\213\166\204\200\375\122\233\236\077\154\237}{section.86}% 74
\BOOKMARK [2][-]{subsection.88}{\376\377\150\110\117\213\377\032\165\037\124\175\171\321\133\146\230\206\127\337\166\204\000A\000I\117\030\122\277}{section.86}% 75
\BOOKMARK [2][-]{subsection.89}{\376\377\000O\000p\000e\000n\000A\000I\166\204\171\321\170\024\142\030\165\145\136\003\134\100}{section.86}% 76
\BOOKMARK [2][-]{subsection.90}{\376\377\133\371\142\021\126\375\171\321\170\024\166\204\142\030\165\145\124\057\171\072}{section.86}% 77
\BOOKMARK [1][-]{section.91}{\376\377\116\055\126\375\166\204\167\037\133\236\117\115\177\156\116\016\142\030\165\145\220\011\142\351}{chapter.76}% 78
\BOOKMARK [2][-]{subsection.92}{\376\377\200\375\122\233\213\304\117\060\377\032\133\242\211\302\117\106\116\015\140\262\211\302}{section.91}% 79
\BOOKMARK [2][-]{subsection.95}{\376\377\116\055\126\375\166\204\153\324\217\203\117\030\122\277}{section.91}% 80
\BOOKMARK [2][-]{subsection.96}{\376\377\142\030\165\145\220\011\142\351\377\032\227\136\133\371\171\360\172\336\116\211}{section.91}% 81
\BOOKMARK [1][-]{section.97}{\376\377\172\227\123\343\147\037\122\044\145\255\116\016\210\114\122\250\175\047\217\353\140\047}{chapter.76}% 82
\BOOKMARK [2][-]{subsection.98}{\376\377\172\227\123\343\147\037\166\204\145\366\225\364\117\060\213\241}{section.97}% 83
\BOOKMARK [2][-]{subsection.99}{\376\377\210\114\122\250\175\047\217\353\140\047}{section.97}% 84
\BOOKMARK [1][-]{section.100}{\376\377\147\054\172\340\176\323\213\272}{chapter.76}% 85
\BOOKMARK [0][-]{chapter.101}{\376\377\230\316\226\151\126\376\214\061\377\032\213\244\167\345\127\372\170\100\213\276\145\275\166\204\133\211\121\150\132\001\200\301}{}% 86
\BOOKMARK [1][-]{section.102}{\376\377\123\237\122\033\150\106\147\266\377\032\000"\116\011\176\364\136\246\000-\126\333\214\141\226\120\000"\230\316\226\151\213\304\117\060\152\041\127\213}{chapter.101}% 87
\BOOKMARK [1][-]{section.103}{\376\377\173\054\000I\214\141\226\120\377\032\117\233\136\224\224\376\145\255\210\302\040\024\040\024\147\000\232\330\117\030\121\110\176\247\230\316\226\151}{chapter.101}% 88
\BOOKMARK [2][-]{subsection.104}{\376\377\230\316\226\151\133\232\117\115}{section.103}% 89
\BOOKMARK [2][-]{subsection.105}{\376\377\230\316\226\151\147\145\156\220\116\016\157\024\217\333}{section.103}% 90
\BOOKMARK [2][-]{subsection.106}{\376\377\137\161\124\315\213\304\117\060}{section.103}% 91
\BOOKMARK [2][-]{subsection.107}{\376\377\117\233\136\224\224\376\230\316\226\151\166\204\131\032\176\364\122\006\147\220}{section.103}% 92
\BOOKMARK [2][-]{subsection.110}{\376\377\136\224\133\371\173\126\165\145}{section.103}% 93
\BOOKMARK [1][-]{section.111}{\376\377\000A\000I\215\113\200\375\166\204\177\121\176\334\145\073\121\373\377\032\145\073\226\062\136\163\210\141\166\204\230\240\211\206}{chapter.101}% 94
\BOOKMARK [2][-]{subsection.112}{\376\377\230\316\226\151\133\232\117\115}{section.111}% 95
\BOOKMARK [2][-]{subsection.113}{\376\377\0002\0000\0002\0005\136\164\0001\0002\147\010\166\204\147\000\145\260\140\001\122\277}{section.111}% 96
\BOOKMARK [2][-]{subsection.114}{\376\377\000A\000I\215\113\200\375\145\073\121\373\166\204\121\167\117\123\127\072\146\157}{section.111}% 97
\BOOKMARK [2][-]{subsection.115}{\376\377\145\073\226\062\136\163\210\141\166\204\123\330\123\026}{section.111}% 98
\BOOKMARK [2][-]{subsection.116}{\376\377\136\224\133\371\173\126\165\145}{section.111}% 99
\BOOKMARK [1][-]{section.117}{\376\377\121\233\116\213\000A\000I\377\032\142\200\147\057\203\267\123\326\116\016\220\006\124\021\135\345\172\013}{chapter.101}% 100
\BOOKMARK [2][-]{subsection.118}{\376\377\000A\000I\232\161\122\250\166\204\142\200\147\057\140\305\142\245\143\026\143\230}{section.117}% 101
\BOOKMARK [2][-]{subsection.119}{\376\377\000A\000I\217\205\122\251\220\006\124\021\135\345\172\013}{section.117}% 102
\BOOKMARK [2][-]{subsection.120}{\376\377\165\065\133\120\142\030\000A\000I\174\373\176\337\116\016\131\047\152\041\127\213}{section.117}% 103
\BOOKMARK [2][-]{subsection.121}{\376\377\121\233\116\213\143\250\157\024\116\016\116\377\167\037\000A\000I}{section.117}% 104
\BOOKMARK [2][-]{subsection.122}{\376\377\153\146\126\150\174\373\176\337\137\061\160\271\122\006\147\220}{section.117}% 105
\BOOKMARK [1][-]{section.123}{\376\377\213\244\167\345\142\030\145\260\137\142\140\001\377\032\000A\000I\215\113\200\375\166\204\117\341\140\157\117\134\142\030}{chapter.101}% 106
\BOOKMARK [2][-]{subsection.124}{\376\377\230\316\226\151\133\232\117\115}{section.123}% 107
\BOOKMARK [2][-]{subsection.125}{\376\377\000A\000I\131\202\117\125\145\071\123\330\213\244\167\345\142\030}{section.123}% 108
\BOOKMARK [2][-]{subsection.126}{\376\377\121\167\117\123\132\001\200\301\127\072\146\157}{section.123}% 109
\BOOKMARK [2][-]{subsection.127}{\376\377\155\361\136\246\117\052\220\040\166\204\123\107\176\247}{section.123}% 110
\BOOKMARK [2][-]{subsection.128}{\376\377\136\224\133\371\173\126\165\145}{section.123}% 111
\BOOKMARK [1][-]{section.129}{\376\377\117\341\140\157\200\132\124\010\116\016\000"\232\154\215\133\121\113\145\110\136\224\000"\230\316\226\151}{chapter.101}% 112
\BOOKMARK [2][-]{subsection.130}{\376\377\230\316\226\151\133\232\117\115}{section.129}% 113
\BOOKMARK [2][-]{subsection.131}{\376\377\116\300\116\110\146\057\000"\232\154\215\133\121\113\145\110\136\224\000"\377\037}{section.129}% 114
\BOOKMARK [2][-]{subsection.132}{\376\377\121\167\117\123\230\316\226\151\127\072\146\157}{section.129}% 115
\BOOKMARK [2][-]{subsection.133}{\376\377\136\224\133\371\173\126\165\145}{section.129}% 116
\BOOKMARK [1][-]{section.134}{\376\377\131\047\152\041\127\213\201\352\216\253\166\204\133\211\121\150\157\017\155\036}{chapter.101}% 117
\BOOKMARK [2][-]{subsection.135}{\376\377\143\320\171\072\213\315\154\350\121\145\145\073\121\373}{section.134}% 118
\BOOKMARK [2][-]{subsection.136}{\376\377\215\212\162\361\145\073\121\373}{section.134}% 119
\BOOKMARK [2][-]{subsection.137}{\376\377\173\126\165\145\140\047\153\072\232\227}{section.134}% 120
\BOOKMARK [2][-]{subsection.138}{\376\377\136\173\211\311\225\356\230\230}{section.134}% 121
\BOOKMARK [1][-]{section.139}{\376\377\230\316\226\151\117\030\121\110\176\247\143\222\136\217\116\016\136\224\133\371\215\357\176\277\126\376}{chapter.101}% 122
\BOOKMARK [1][-]{section.142}{\376\377\147\054\172\340\176\323\213\272}{chapter.101}% 123
\BOOKMARK [0][-]{chapter.143}{\376\377\170\064\134\100\116\113\220\123\377\032\213\244\167\345\127\372\170\100\213\276\145\275\136\372\213\276\166\204\121\167\117\123\215\357\137\204}{}% 124
\BOOKMARK [1][-]{section.144}{\376\377\230\166\134\102\213\276\213\241\377\032\126\375\133\266\213\244\167\345\127\372\170\100\213\276\145\275\136\372\213\276\230\206\133\374\117\123\122\066}{chapter.143}% 125
\BOOKMARK [2][-]{subsection.145}{\376\377\116\072\116\300\116\110\227\000\211\201\147\000\232\330\134\102\176\247\123\117\214\003\147\072\122\066\377\037}{section.144}% 126
\BOOKMARK [2][-]{subsection.146}{\376\377\136\372\213\256\166\204\176\304\176\307\147\266\147\204}{section.144}% 127
\BOOKMARK [2][-]{subsection.147}{\376\377\217\320\117\134\147\072\122\066}{section.144}% 128
\BOOKMARK [1][-]{section.148}{\376\377\142\225\215\104\211\304\152\041\116\016\215\104\221\321\147\145\156\220}{chapter.143}% 129
\BOOKMARK [2][-]{subsection.149}{\376\377\142\225\215\104\211\304\152\041\155\113\173\227}{section.148}% 130
\BOOKMARK [2][-]{subsection.150}{\376\377\215\104\221\321\147\145\156\220\213\276\213\241}{section.148}% 131
\BOOKMARK [2][-]{subsection.153}{\376\377\215\104\221\321\173\241\164\006\147\072\122\066}{section.148}% 132
\BOOKMARK [1][-]{section.154}{\376\377\173\227\122\233\127\372\170\100\213\276\145\275\136\372\213\276\145\271\150\110}{chapter.143}% 133
\BOOKMARK [2][-]{subsection.155}{\376\377\126\375\133\266\146\172\173\227\116\055\137\303\136\003\134\100}{section.154}% 134
\BOOKMARK [2][-]{subsection.156}{\376\377\173\227\122\233\177\121\176\334\136\372\213\276}{section.154}% 135
\BOOKMARK [2][-]{subsection.157}{\376\377\200\375\156\220\221\115\131\127\145\271\150\110}{section.154}% 136
\BOOKMARK [1][-]{section.158}{\376\377\202\257\162\107\145\073\121\163\215\357\176\277\126\376}{chapter.143}% 137
\BOOKMARK [2][-]{subsection.159}{\376\377\163\260\162\266\116\016\135\356\215\335}{section.158}% 138
\BOOKMARK [2][-]{subsection.162}{\376\377\155\361\136\246\142\200\147\057\211\343\147\220\377\032\121\110\217\333\122\066\172\013\166\204\162\151\164\006\147\201\226\120}{section.158}% 139
\BOOKMARK [2][-]{subsection.167}{\376\377\155\361\136\246\142\200\147\057\211\343\147\220\377\032\000A\000I\202\257\162\107\147\266\147\204}{section.158}% 140
\BOOKMARK [2][-]{subsection.172}{\376\377\145\073\121\163\173\126\165\145}{section.158}% 141
\BOOKMARK [2][-]{subsection.173}{\376\377\217\157\116\366\165\037\140\001\136\372\213\276}{section.158}% 142
\BOOKMARK [1][-]{section.174}{\376\377\152\041\127\213\170\024\123\321\215\357\176\277}{chapter.143}% 143
\BOOKMARK [2][-]{subsection.175}{\376\377\126\375\133\266\127\372\170\100\131\047\152\041\127\213\135\345\172\013}{section.174}% 144
\BOOKMARK [2][-]{subsection.176}{\376\377\210\114\116\032\127\202\166\364\152\041\127\213}{section.174}% 145
\BOOKMARK [2][-]{subsection.177}{\376\377\137\000\156\220\142\030\165\145}{section.174}% 146
\BOOKMARK [1][-]{section.178}{\376\377\133\211\121\150\226\062\142\244\117\123\174\373}{chapter.143}% 147
\BOOKMARK [2][-]{subsection.179}{\376\377\126\333\134\102\133\211\121\150\177\121\121\163\147\266\147\204}{section.178}% 148
\BOOKMARK [2][-]{subsection.180}{\376\377\176\242\226\037\155\113\213\325\117\123\174\373}{section.178}% 149
\BOOKMARK [2][-]{subsection.181}{\376\377\122\006\176\247\226\062\142\244\173\126\165\145}{section.178}% 150
\BOOKMARK [1][-]{section.184}{\376\377\145\160\143\156\215\104\156\220\136\372\213\276}{chapter.143}% 151
\BOOKMARK [2][-]{subsection.185}{\376\377\126\375\133\266\176\247\116\055\145\207\213\355\145\231\136\223}{section.184}% 152
\BOOKMARK [2][-]{subsection.186}{\376\377\145\160\143\156\133\211\121\150\116\016\226\220\171\301\117\335\142\244}{section.184}% 153
\BOOKMARK [1][-]{section.187}{\376\377\145\366\225\364\210\150\116\016\221\314\172\013\170\221}{chapter.143}% 154
\BOOKMARK [1][-]{section.190}{\376\377\147\054\172\340\176\323\213\272}{chapter.143}% 155
\BOOKMARK [0][-]{chapter.191}{\376\377\122\066\136\246\142\244\202\052\377\032\116\272\142\115\150\257\226\037\060\001\154\273\164\006\117\123\174\373\116\016\126\375\226\105\123\132\137\010}{}% 156
\BOOKMARK [1][-]{section.192}{\376\377\116\272\142\115\164\366\230\210\377\032\210\253\116\045\221\315\117\116\117\060\166\204\123\161\147\072}{chapter.191}% 157
\BOOKMARK [2][-]{subsection.193}{\376\377\167\037\133\236\116\272\142\115\177\072\123\343\117\060\173\227}{section.192}% 158
\BOOKMARK [2][-]{subsection.194}{\376\377\116\272\142\115\155\101\131\061\166\204\226\220\140\047\142\020\147\054}{section.192}% 159
\BOOKMARK [1][-]{section.195}{\376\377\116\272\142\115\127\371\121\173\377\032\122\006\174\173\145\275\173\126\060\001\221\315\160\271\172\201\170\064}{chapter.191}% 160
\BOOKMARK [2][-]{subsection.196}{\376\377\116\224\174\173\121\163\225\056\116\272\142\115\127\371\121\173\145\271\150\110}{section.195}% 161
\BOOKMARK [2][-]{subsection.197}{\376\377\205\252\221\154\172\336\116\211\122\233\145\271\150\110}{section.195}% 162
\BOOKMARK [1][-]{section.200}{\376\377\154\273\164\006\117\123\174\373\377\032\116\316\210\253\122\250\136\224\133\371\122\060\116\073\122\250\213\276\213\241}{chapter.191}% 163
\BOOKMARK [2][-]{subsection.201}{\376\377\150\070\137\303\225\356\230\230\377\032\214\001\147\145\173\241\060\001\140\016\116\110\173\241\060\001\173\241\116\300\116\110}{section.200}% 164
\BOOKMARK [2][-]{subsection.202}{\376\377\154\273\164\006\147\266\147\204\213\276\213\241}{section.200}% 165
\BOOKMARK [2][-]{subsection.203}{\376\377\154\325\211\304\117\123\174\373\133\214\125\204}{section.200}% 166
\BOOKMARK [2][-]{subsection.206}{\376\377\117\341\140\157\133\211\121\150\173\241\164\006\117\030\123\026}{section.200}% 167
\BOOKMARK [1][-]{section.207}{\376\377\126\375\226\105\123\132\137\010\377\032\172\336\116\211\116\055\133\373\154\102\124\010\117\134\172\172\225\364}{chapter.191}% 168
\BOOKMARK [1][-]{section.208}{\376\377\145\160\143\156\116\073\147\103\116\016\145\160\133\127\217\271\165\206\377\032\142\200\147\057\133\236\163\260\145\271\150\110}{chapter.191}% 169
\BOOKMARK [2][-]{subsection.209}{\376\377\145\160\143\156\116\073\147\103\166\204\142\200\147\057\121\205\155\265}{section.208}% 170
\BOOKMARK [2][-]{subsection.210}{\376\377\155\361\136\246\142\200\147\057\213\346\211\343\377\032\200\124\220\246\133\146\116\140\147\266\147\204}{section.208}% 171
\BOOKMARK [2][-]{subsection.217}{\376\377\155\361\136\246\142\200\147\057\213\346\211\343\377\032\124\014\140\001\122\240\133\306}{section.208}% 172
\BOOKMARK [2][-]{subsection.219}{\376\377\155\361\136\246\142\200\147\057\213\346\211\343\377\032\123\357\117\341\142\147\210\114\163\257\130\203\377\010\000T\000E\000E\377\011}{section.208}% 173
\BOOKMARK [2][-]{subsection.220}{\376\377\145\160\143\156\215\350\130\203\155\101\122\250\142\200\147\057\173\241\143\247\145\271\150\110}{section.208}% 174
\BOOKMARK [2][-]{subsection.222}{\376\377\126\375\226\105\150\074\134\100\155\361\136\246\122\006\147\220}{section.208}% 175
\BOOKMARK [2][-]{subsection.223}{\376\377\116\055\177\216\123\132\137\010\166\204\121\167\117\123\173\126\165\145}{section.208}% 176
\BOOKMARK [2][-]{subsection.224}{\376\377\116\055\153\047\124\010\117\134\173\126\165\145}{section.208}% 177
\BOOKMARK [2][-]{subsection.225}{\376\377\121\150\164\003\123\127\145\271\173\126\165\145}{section.208}% 178
\BOOKMARK [2][-]{subsection.226}{\376\377\126\375\226\105\213\335\213\355\147\103\136\372\213\276}{section.208}% 179
\BOOKMARK [1][-]{section.227}{\376\377\136\224\140\045\121\306\131\007\377\032\147\000\127\117\140\305\121\265\230\204\150\110}{chapter.191}% 180
\BOOKMARK [2][-]{subsection.228}{\376\377\140\305\146\157\143\250\157\024}{section.227}% 181
\BOOKMARK [1][-]{section.229}{\376\377\147\054\172\340\176\323\213\272}{chapter.191}% 182
\BOOKMARK [0][-]{chapter.230}{\376\377\210\114\122\250\176\262\230\206\377\032\123\357\144\315\117\134\166\204\145\077\173\126\136\372\213\256\156\005\123\125}{}% 183
\BOOKMARK [1][-]{section.231}{\376\377\142\030\165\145\133\232\117\115\170\156\213\244}{chapter.230}% 184
\BOOKMARK [1][-]{section.232}{\376\377\230\166\134\102\213\276\213\241\210\114\122\250\230\171}{chapter.230}% 185
\BOOKMARK [1][-]{section.233}{\376\377\173\227\122\233\127\372\170\100\213\276\145\275\210\114\122\250\230\171}{chapter.230}% 186
\BOOKMARK [1][-]{section.234}{\376\377\202\257\162\107\145\073\121\163\210\114\122\250\230\171}{chapter.230}% 187
\BOOKMARK [1][-]{section.235}{\376\377\152\041\127\213\170\024\123\321\210\114\122\250\230\171}{chapter.230}% 188
\BOOKMARK [1][-]{section.236}{\376\377\116\272\142\115\127\371\121\173\210\114\122\250\230\171}{chapter.230}% 189
\BOOKMARK [1][-]{section.237}{\376\377\133\211\121\150\226\062\142\244\210\114\122\250\230\171}{chapter.230}% 190
\BOOKMARK [1][-]{section.238}{\376\377\154\273\164\006\117\123\174\373\210\114\122\250\230\171}{chapter.230}% 191
\BOOKMARK [1][-]{section.239}{\376\377\126\375\226\105\124\010\117\134\210\114\122\250\230\171}{chapter.230}% 192
\BOOKMARK [1][-]{section.240}{\376\377\140\073\117\123\145\366\225\364\210\150}{chapter.230}% 193
\BOOKMARK [1][-]{section.243}{\376\377\215\104\156\220\227\000\154\102\154\107\140\073}{chapter.230}% 194
\BOOKMARK [1][-]{section.246}{\376\377\230\316\226\151\116\016\136\224\140\045}{chapter.230}% 195
\BOOKMARK [1][-]{section.247}{\376\377\176\323\213\355}{chapter.230}% 196
\BOOKMARK [0][-]{chapter.248}{\376\377\171\321\170\024\131\107\160\271\377\032\131\047\152\041\127\213\232\161\122\250\166\204\230\240\211\206\140\047\171\321\133\146\123\321\163\260\116\016\142\200\147\057\227\151\124\175}{}% 197
\BOOKMARK [1][-]{section.249}{\376\377\203\003\137\017\227\151\124\175\377\032\116\316\120\107\213\364\232\161\122\250\122\060\000A\000I\165\037\142\020\137\017\171\321\133\146}{chapter.248}% 198
\BOOKMARK [2][-]{subsection.250}{\376\377\171\321\133\146\170\024\172\166\166\204\116\224\153\041\203\003\137\017\217\154\171\373}{section.249}% 199
\BOOKMARK [2][-]{subsection.251}{\376\377\116\072\116\300\116\110\131\047\152\041\127\213\200\375\131\037\232\161\122\250\171\321\133\146\123\321\163\260\377\037}{section.249}% 200
\BOOKMARK [1][-]{section.252}{\376\377\165\037\124\175\171\321\133\146\377\032\116\316\164\006\211\343\165\037\124\175\122\060\213\276\213\241\165\037\124\175}{chapter.248}% 201
\BOOKMARK [2][-]{subsection.253}{\376\377\000A\000l\000p\000h\000a\000F\000o\000l\000d\227\151\124\175\377\032\0005\0000\136\164\226\276\230\230\166\204\170\064\211\343}{section.252}% 202
\BOOKMARK [2][-]{subsection.254}{\376\377\116\316\176\323\147\204\230\204\155\113\122\060\122\237\200\375\213\276\213\241\377\032\206\313\166\175\215\050\135\345\172\013\166\204\000A\000I\227\151\124\175}{section.252}% 203
\BOOKMARK [2][-]{subsection.255}{\376\377\203\157\162\151\123\321\163\260\377\032\116\316\000"\131\047\155\167\143\136\224\210\000"\122\060\000"\174\276\121\306\213\276\213\241\000"}{section.252}% 204
\BOOKMARK [1][-]{section.256}{\376\377\147\120\145\231\171\321\133\146\377\032\131\047\152\041\127\213\142\200\147\057\232\161\122\250\166\204\145\260\147\120\145\231\000"\133\322\153\146\176\252\131\047\162\006\123\321\000"}{chapter.248}% 205
\BOOKMARK [2][-]{subsection.257}{\376\377\000G\000N\000o\000M\000E\377\032\131\047\152\041\127\213\145\366\116\343\166\204\147\120\145\231\123\321\163\260\203\003\137\017}{section.256}% 206
\BOOKMARK [2][-]{subsection.258}{\376\377\225\002\165\065\154\140\116\016\145\260\200\375\156\220\147\120\145\231}{section.256}% 207
\BOOKMARK [1][-]{section.259}{\376\377\200\375\156\220\116\016\162\151\164\006\377\032\145\073\121\113\176\310\147\201\143\021\142\030}{chapter.248}% 208
\BOOKMARK [2][-]{subsection.260}{\376\377\123\327\143\247\150\070\200\132\123\330\377\032\000A\000I\122\240\220\037\000"\116\272\220\040\131\052\226\063\000"}{section.259}% 209
\BOOKMARK [1][-]{section.261}{\376\377\145\160\133\146\116\016\127\372\170\100\171\321\133\146\377\032\147\072\126\150\213\301\146\016\166\204\172\201\170\064}{chapter.248}% 210
\BOOKMARK [2][-]{subsection.262}{\376\377\000A\000I\145\160\133\146\200\375\122\233\166\204\215\350\215\212\137\017\217\333\153\145}{section.261}% 211
\BOOKMARK [1][-]{section.263}{\376\377\177\216\126\375\166\204\000"\000A\000I\000\040\000f\000o\000r\000\040\000S\000c\000i\000e\000n\000c\000e\000"\126\375\133\266\142\030\165\145}{chapter.248}% 212
\BOOKMARK [2][-]{subsection.264}{\376\377\142\030\165\145\136\003\134\100\121\150\146\157}{section.263}% 213
\BOOKMARK [2][-]{subsection.265}{\376\377\133\371\116\055\126\375\171\321\170\024\200\375\122\233\166\204\142\030\165\145\123\213\122\066}{section.263}% 214
\BOOKMARK [1][-]{section.266}{\376\377\116\055\126\375\166\204\136\224\133\371\377\032\136\372\213\276\000"\126\375\133\266\171\321\133\146\213\244\167\345\137\025\144\316\000"}{chapter.248}% 215
\BOOKMARK [1][-]{section.267}{\376\377\147\054\172\340\176\323\213\272}{chapter.248}% 216
\BOOKMARK [0][-]{chapter.268}{\376\377\116\272\142\115\137\072\127\372\377\032\131\047\152\041\127\213\145\366\116\343\166\204\000"\116\272\142\115\133\211\121\150\000"\142\030\165\145}{}% 217
\BOOKMARK [1][-]{section.269}{\376\377\123\237\122\033\164\006\213\272\377\032\116\272\142\115\133\211\121\150\040\024\040\024\126\375\133\266\133\211\121\150\166\204\173\054\121\155\176\364\136\246}{chapter.268}% 218
\BOOKMARK [2][-]{subsection.270}{\376\377\116\072\116\300\116\110\227\000\211\201\000"\116\272\142\115\133\211\121\150\000"\217\331\116\052\151\202\137\365\377\037}{section.269}% 219
\BOOKMARK [2][-]{subsection.271}{\376\377\116\272\142\115\215\104\116\247\215\037\120\072\210\150\377\032\116\000\116\052\122\033\145\260\166\204\213\304\117\060\150\106\147\266}{section.269}% 220
\BOOKMARK [1][-]{section.273}{\376\377\116\272\142\115\155\101\131\061\166\204\000"\153\173\116\241\207\272\145\313\000"\377\032\116\000\116\052\210\253\137\375\211\306\166\204\123\161\147\072}{chapter.268}% 221
\BOOKMARK [2][-]{subsection.274}{\376\377\155\101\131\061\147\072\122\066\166\204\155\361\134\102\122\006\147\220}{section.273}% 222
\BOOKMARK [2][-]{subsection.275}{\376\377\155\101\131\061\123\237\126\340\166\204\174\373\176\337\140\047\213\312\145\255}{section.273}% 223
\BOOKMARK [2][-]{subsection.276}{\376\377\116\272\142\115\155\101\131\061\166\204\221\317\123\026\117\060\173\227}{section.273}% 224
\BOOKMARK [1][-]{section.279}{\376\377\123\237\122\033\150\106\147\266\377\032\000"\170\301\124\070\000-\225\032\133\232\000-\165\037\140\001\000"\116\011\117\115\116\000\117\123\116\272\142\115\142\030\165\145}{chapter.268}% 225
\BOOKMARK [2][-]{subsection.280}{\376\377\170\301\124\070\173\126\165\145\377\032\122\033\220\040\116\026\165\114\176\247\124\070\137\025\122\233}{section.279}% 226
\BOOKMARK [2][-]{subsection.281}{\376\377\225\032\133\232\173\126\165\145\377\032\122\033\220\040\116\015\123\357\146\377\116\343\166\204\165\131\133\130\116\367\120\074}{section.279}% 227
\BOOKMARK [2][-]{subsection.282}{\376\377\122\033\145\260\147\072\122\066\377\032\000"\116\272\142\115\147\037\147\103\154\140\000"\122\066\136\246}{section.279}% 228
\BOOKMARK [2][-]{subsection.283}{\376\377\165\037\140\001\173\126\165\145\377\032\147\204\136\372\116\272\142\115\176\101\203\143\166\204\165\037\140\001\174\373\176\337}{section.279}% 229
\BOOKMARK [1][-]{section.284}{\376\377\226\062\153\142\142\200\147\057\131\026\155\101\377\032\116\316\000"\210\253\122\250\226\062\133\210\000"\122\060\000"\116\073\122\250\130\121\220\040\000"}{chapter.268}% 230
\BOOKMARK [2][-]{subsection.285}{\376\377\142\200\147\057\131\026\155\101\166\204\137\142\140\001\116\016\156\040\220\123\122\006\147\220}{section.284}% 231
\BOOKMARK [2][-]{subsection.286}{\376\377\123\237\122\033\150\106\147\266\377\032\142\200\147\057\131\026\155\101\230\316\226\151\166\204\122\006\176\247\173\241\143\247}{section.284}% 232
\BOOKMARK [2][-]{subsection.287}{\376\377\226\062\153\142\116\272\142\115\131\026\155\101\166\204\000"\147\324\140\047\173\126\165\145\000"}{section.284}% 233
\BOOKMARK [2][-]{subsection.288}{\376\377\116\316\150\071\147\054\116\012\121\317\177\023\142\200\147\057\131\026\155\101\377\032\142\123\220\040\000"\116\055\145\207\131\047\201\021\000"}{section.284}% 234
\BOOKMARK [2][-]{subsection.289}{\376\377\171\273\137\000\124\016\166\204\000"\217\157\217\336\143\245\000"\173\126\165\145}{section.284}% 235
\BOOKMARK [1][-]{section.290}{\376\377\122\006\174\173\145\275\173\126\377\032\116\015\124\014\174\173\127\213\116\272\142\115\166\204\135\356\137\002\123\026\173\126\165\145}{chapter.268}% 236
\BOOKMARK [2][-]{subsection.291}{\376\377\230\166\134\026\230\206\121\233\116\272\142\115\377\010\176\246\0005\0000\116\272\377\011}{section.290}% 237
\BOOKMARK [2][-]{subsection.292}{\376\377\215\104\155\361\116\023\133\266\116\272\142\115\377\010\176\246\0005\0000\0000\116\272\377\011}{section.290}% 238
\BOOKMARK [2][-]{subsection.293}{\376\377\227\122\136\164\124\016\131\007\116\272\142\115\377\010\123\132\130\353\165\037\060\001\123\132\130\353\124\016\377\011}{section.290}% 239
\BOOKMARK [1][-]{section.294}{\376\377\176\304\176\307\117\335\226\234\116\016\213\304\117\060\147\072\122\066}{chapter.268}% 240
\BOOKMARK [2][-]{subsection.295}{\376\377\136\372\172\313\000"\126\375\133\266\000A\000I\116\272\142\115\133\211\121\150\131\324\124\130\117\032\000"}{section.294}% 241
\BOOKMARK [2][-]{subsection.296}{\376\377\136\372\172\313\116\272\142\115\133\211\121\150\213\304\117\060\143\007\150\007\117\123\174\373}{section.294}% 242
\BOOKMARK [1][-]{section.299}{\376\377\147\054\172\340\134\017\176\323}{chapter.268}% 243
\BOOKMARK [0][-]{chapter.300}{\376\377\215\104\147\054\215\113\200\375\377\032\131\047\152\041\127\213\145\366\116\343\166\204\126\375\133\266\142\225\215\104\142\030\165\145}{}% 244
\BOOKMARK [1][-]{section.301}{\376\377\123\237\122\033\164\006\213\272\377\032\213\244\167\345\215\104\147\054\040\024\040\024\000A\000I\145\366\116\343\166\204\145\260\215\104\147\054\137\142\140\001}{chapter.300}% 245
\BOOKMARK [2][-]{subsection.302}{\376\377\116\300\116\110\146\057\213\244\167\345\215\104\147\054\377\037}{section.301}% 246
\BOOKMARK [2][-]{subsection.303}{\376\377\213\244\167\345\215\104\147\054\166\204\116\130\145\160\145\110\136\224}{section.301}% 247
\BOOKMARK [1][-]{section.304}{\376\377\121\150\164\003\000A\000I\142\225\215\104\150\074\134\100\377\032\116\000\127\072\154\241\147\011\170\135\160\337\166\204\121\233\131\007\172\336\215\133}{chapter.300}% 248
\BOOKMARK [2][-]{subsection.305}{\376\377\116\073\211\201\126\375\133\266\000A\000I\142\225\215\104\211\304\152\041\153\324\217\203}{section.304}% 249
\BOOKMARK [2][-]{subsection.308}{\376\377\131\064\220\350\000A\000I\117\001\116\032\207\215\215\104\211\304\152\041}{section.304}% 250
\BOOKMARK [1][-]{section.311}{\376\377\123\237\122\033\150\106\147\266\377\032\145\077\136\234\142\225\215\104\166\204\000"\116\011\163\257\152\041\127\213\000"}{chapter.300}% 251
\BOOKMARK [1][-]{section.312}{\376\377\122\033\145\260\147\072\122\066\377\032\000A\000I\126\375\133\266\116\073\147\103\127\372\221\321}{chapter.300}% 252
\BOOKMARK [2][-]{subsection.313}{\376\377\116\072\116\300\116\110\227\000\211\201\000A\000I\126\375\133\266\116\073\147\103\127\372\221\321\377\037}{section.312}% 253
\BOOKMARK [2][-]{subsection.314}{\376\377\000A\000I\126\375\133\266\116\073\147\103\127\372\221\321\213\276\213\241\145\271\150\110}{section.312}% 254
\BOOKMARK [2][-]{subsection.315}{\376\377\127\372\221\321\217\320\117\134\166\204\121\163\225\056\123\237\122\031}{section.312}% 255
\BOOKMARK [1][-]{section.316}{\376\377\117\001\116\032\142\225\215\104\142\030\165\145\377\032\116\316\000"\215\337\230\316\142\225\215\104\000"\122\060\000"\116\367\120\074\122\033\220\040\000"}{chapter.300}% 256
\BOOKMARK [2][-]{subsection.317}{\376\377\117\001\116\032\000A\000I\142\225\215\104\166\204\136\070\211\301\213\357\123\072}{section.316}% 257
\BOOKMARK [2][-]{subsection.318}{\376\377\117\001\116\032\000A\000I\142\225\215\104\166\204\153\143\170\156\131\377\122\277}{section.316}% 258
\BOOKMARK [2][-]{subsection.319}{\376\377\116\015\124\014\174\173\127\213\117\001\116\032\166\204\142\225\215\104\173\126\165\145}{section.316}% 259
\BOOKMARK [1][-]{section.322}{\376\377\142\225\215\104\133\211\121\150\377\032\226\062\153\142\215\104\147\054\131\026\155\101\116\016\117\116\145\110\221\115\177\156}{chapter.300}% 260
\BOOKMARK [2][-]{subsection.323}{\376\377\000A\000I\142\225\215\104\227\142\116\064\166\204\133\211\121\150\230\316\226\151}{section.322}% 261
\BOOKMARK [2][-]{subsection.324}{\376\377\123\237\122\033\150\106\147\266\377\032\142\225\215\104\133\211\121\150\217\271\226\105\164\006\213\272}{section.322}% 262
\BOOKMARK [2][-]{subsection.325}{\376\377\226\062\153\142\215\104\147\054\131\026\155\101\166\204\121\167\117\123\143\252\145\275}{section.322}% 263
\BOOKMARK [1][-]{section.326}{\376\377\127\060\145\271\145\077\136\234\142\225\215\104\143\007\137\025}{chapter.300}% 264
\BOOKMARK [2][-]{subsection.327}{\376\377\127\060\145\271\145\077\136\234\000A\000I\142\225\215\104\166\204\136\070\211\301\225\356\230\230}{section.326}% 265
\BOOKMARK [2][-]{subsection.328}{\376\377\127\060\145\271\145\077\136\234\000A\000I\142\225\215\104\166\204\153\143\170\156\145\271\137\017}{section.326}% 266
\BOOKMARK [1][-]{section.329}{\376\377\142\225\215\104\145\110\163\207\213\304\117\060\150\106\147\266}{chapter.300}% 267
\BOOKMARK [2][-]{subsection.330}{\376\377\000A\000I\142\225\215\104\166\204\213\304\117\060\226\276\230\230}{section.329}% 268
\BOOKMARK [2][-]{subsection.331}{\376\377\123\237\122\033\150\106\147\266\377\032\000A\000I\142\225\215\104\000"\116\011\176\364\213\304\117\060\000"\152\041\127\213}{section.329}% 269
\BOOKMARK [1][-]{section.332}{\376\377\210\114\122\250\215\357\176\277\126\376}{chapter.300}% 270
\BOOKMARK [1][-]{section.335}{\376\377\147\054\172\340\134\017\176\323}{chapter.300}% 271
\BOOKMARK [0][-]{chapter.336}{\376\377\142\200\147\057\122\115\154\277\377\032\116\013\116\000\116\343\000A\000I\166\204\142\030\165\145\122\066\232\330\160\271}{}% 272
\BOOKMARK [1][-]{section.337}{\376\377\123\237\122\033\164\006\213\272\377\032\213\244\167\345\200\375\122\233\226\066\150\257\040\024\040\024\000A\000I\157\024\217\333\166\204\137\305\161\066\215\357\137\204}{chapter.336}% 273
\BOOKMARK [2][-]{subsection.338}{\376\377\116\316\000"\236\146\236\111\133\146\202\014\000"\122\060\000"\155\361\136\246\140\035\200\003\000"\377\032\000A\000I\200\375\122\233\166\204\157\024\217\333}{section.337}% 274
\BOOKMARK [1][-]{section.339}{\376\377\143\250\164\006\152\041\127\213\377\032\000A\000I\166\204\000"\141\142\140\035\200\003\000"\227\151\124\175}{chapter.336}% 275
\BOOKMARK [2][-]{subsection.340}{\376\377\000o\0001\000/\000o\0003\166\204\203\003\137\017\141\017\116\111}{section.339}% 276
\BOOKMARK [2][-]{subsection.341}{\376\377\143\250\164\006\152\041\127\213\133\371\126\375\133\266\133\211\121\150\166\204\137\161\124\315}{section.339}% 277
\BOOKMARK [2][-]{subsection.342}{\376\377\116\055\126\375\143\250\164\006\152\041\127\213\123\321\134\125\173\126\165\145}{section.339}% 278
\BOOKMARK [1][-]{section.343}{\376\377\000A\000I\000\040\000A\000g\000e\000n\000t\377\032\116\316\126\336\173\124\225\356\230\230\122\060\133\214\142\020\116\373\122\241}{chapter.336}% 279
\BOOKMARK [2][-]{subsection.344}{\376\377\0002\0000\0002\0005\377\032\146\172\200\375\117\123\121\103\136\164\166\204\123\206\123\362\133\232\117\115}{section.343}% 280
\BOOKMARK [2][-]{subsection.345}{\376\377\217\157\116\366\210\114\116\032\166\204\230\240\211\206\140\047\123\330\227\151}{section.343}% 281
\BOOKMARK [2][-]{subsection.346}{\376\377\116\316\217\157\116\366\122\060\123\103\210\114\166\176\116\032\377\032\000A\000g\000e\000n\000t\166\204\142\151\145\143\145\110\136\224}{section.343}% 282
\BOOKMARK [2][-]{subsection.347}{\376\377\000A\000g\000e\000n\000t\146\057\116\300\116\110\377\037\116\072\116\300\116\110\221\315\211\201\377\037}{section.343}% 283
\BOOKMARK [2][-]{subsection.348}{\376\377\000A\000g\000e\000n\000t\166\204\150\070\137\303\147\266\147\204\116\016\200\375\122\233\134\102\153\041}{section.343}% 284
\BOOKMARK [2][-]{subsection.349}{\376\377\000A\000g\000e\000n\000t\133\371\126\375\133\266\133\211\121\150\166\204\230\240\211\206\140\047\137\161\124\315}{section.343}% 285
\BOOKMARK [2][-]{subsection.350}{\376\377\116\055\126\375\000A\000g\000e\000n\000t\123\321\134\125\166\204\142\030\165\145\147\072\220\107}{section.343}% 286
\BOOKMARK [2][-]{subsection.351}{\376\377\116\316\146\172\200\375\117\123\122\060\147\072\126\150\116\272\377\032\000A\000I\217\333\121\145\162\151\164\006\116\026\165\114\166\204\157\024\217\333\215\357\137\204}{section.343}% 287
\BOOKMARK [1][-]{section.352}{\376\377\121\167\216\253\146\172\200\375\377\032\000A\000I\217\333\121\145\162\151\164\006\116\026\165\114}{chapter.336}% 288
\BOOKMARK [2][-]{subsection.353}{\376\377\116\300\116\110\146\057\121\167\216\253\146\172\200\375\377\037}{section.352}% 289
\BOOKMARK [2][-]{subsection.354}{\376\377\121\167\216\253\146\172\200\375\166\204\142\030\165\145\141\017\116\111}{section.352}% 290
\BOOKMARK [2][-]{subsection.355}{\376\377\116\055\126\375\121\167\216\253\146\172\200\375\123\321\134\125\173\126\165\145}{section.352}% 291
\BOOKMARK [1][-]{section.356}{\376\377\116\026\165\114\152\041\127\213\377\032\164\006\211\343\162\151\164\006\211\304\137\213\166\204\000A\000I}{chapter.336}% 292
\BOOKMARK [2][-]{subsection.357}{\376\377\116\300\116\110\146\057\116\026\165\114\152\041\127\213\377\037}{section.356}% 293
\BOOKMARK [2][-]{subsection.358}{\376\377\116\026\165\114\152\041\127\213\166\204\142\030\165\145\141\017\116\111}{section.356}% 294
\BOOKMARK [1][-]{section.359}{\376\377\142\200\147\057\157\024\217\333\166\204\133\211\121\150\124\053\116\111}{chapter.336}% 295
\BOOKMARK [2][-]{subsection.360}{\376\377\123\237\122\033\150\106\147\266\377\032\200\375\122\233\000-\230\316\226\151\123\117\124\014\157\024\217\333\152\041\127\213}{section.359}% 296
\BOOKMARK [2][-]{subsection.361}{\376\377\133\371\142\227\173\126\165\145\377\032\116\345\121\110\217\333\000A\000I\226\062\137\241\121\110\217\333\000A\000I}{section.359}% 297
\BOOKMARK [1][-]{section.362}{\376\377\116\055\126\375\127\050\116\013\116\000\116\343\000A\000I\166\204\142\030\165\145\133\232\117\115}{chapter.336}% 298
\BOOKMARK [2][-]{subsection.363}{\376\377\147\072\117\032\116\016\143\021\142\030\213\304\117\060}{section.362}% 299
\BOOKMARK [2][-]{subsection.366}{\376\377\227\136\133\371\171\360\172\201\170\064\173\126\165\145}{section.362}% 300
\BOOKMARK [1][-]{section.367}{\376\377\147\054\172\340\134\017\176\323}{chapter.336}% 301
\BOOKMARK [0][-]{chapter.368}{\376\377\133\211\121\150\145\260\165\206\127\337\377\032\131\047\152\041\127\213\145\366\116\343\166\204\227\136\117\040\176\337\133\211\121\150\143\021\142\030}{}% 302
\BOOKMARK [1][-]{section.369}{\376\377\123\237\122\033\164\006\213\272\377\032\000A\000I\174\373\176\337\140\047\230\316\226\151\040\024\040\024\215\350\230\206\127\337\166\204\123\161\147\072\117\040\133\374}{chapter.368}% 303
\BOOKMARK [2][-]{subsection.370}{\376\377\116\300\116\110\146\057\000A\000I\174\373\176\337\140\047\230\316\226\151\377\037}{section.369}% 304
\BOOKMARK [2][-]{subsection.371}{\376\377\000A\000I\174\373\176\337\140\047\230\316\226\151\166\204\117\040\133\374\215\357\137\204}{section.369}% 305
\BOOKMARK [1][-]{section.372}{\376\377\221\321\207\215\133\211\121\150\377\032\000A\000I\123\357\200\375\137\025\123\321\166\204\116\013\116\000\127\072\221\321\207\215\123\161\147\072}{chapter.368}% 306
\BOOKMARK [2][-]{subsection.373}{\376\377\131\047\152\041\127\213\133\371\221\321\207\215\174\373\176\337\166\204\156\027\220\017}{section.372}% 307
\BOOKMARK [2][-]{subsection.374}{\376\377\000A\000I\137\025\123\321\221\321\207\215\230\316\226\151\166\204\147\072\122\066}{section.372}% 308
\BOOKMARK [2][-]{subsection.375}{\376\377\123\237\122\033\150\106\147\266\377\032\000A\000I\221\321\207\215\230\316\226\151\166\204\000"\116\011\220\123\226\062\176\277\000"}{section.372}% 309
\BOOKMARK [1][-]{section.376}{\376\377\121\163\225\056\127\372\170\100\213\276\145\275\377\032\000A\000I\215\113\200\375\116\016\000A\000I\201\006\137\061\140\047\136\166\133\130}{chapter.368}% 310
\BOOKMARK [2][-]{subsection.377}{\376\377\121\163\225\056\127\372\170\100\213\276\145\275\166\204\000A\000I\123\026\215\213\122\277}{section.376}% 311
\BOOKMARK [2][-]{subsection.378}{\376\377\000A\000I\123\026\136\046\147\145\166\204\145\260\127\213\201\006\137\061\140\047}{section.376}% 312
\BOOKMARK [2][-]{subsection.379}{\376\377\123\237\122\033\150\106\147\266\377\032\121\163\225\056\127\372\170\100\213\276\145\275\000"\000A\000I\227\347\140\047\000"\213\304\117\060}{section.376}% 313
\BOOKMARK [1][-]{section.380}{\376\377\145\160\133\127\236\077\154\237\116\016\171\076\117\032\121\154\136\163\377\032\000A\000I\176\242\122\051\166\204\122\006\221\115\153\143\116\111}{chapter.368}% 314
\BOOKMARK [2][-]{subsection.381}{\376\377\000A\000I\123\357\200\375\122\240\122\147\171\076\117\032\116\015\136\163\173\111}{section.380}% 315
\BOOKMARK [2][-]{subsection.382}{\376\377\000A\000I\121\154\136\163\140\047\166\204\145\077\173\126\150\106\147\266}{section.380}% 316
\BOOKMARK [1][-]{section.385}{\376\377\000A\000G\000I\230\204\213\146\377\032\116\072\123\357\200\375\166\204\131\107\160\271\120\132\121\306\131\007}{chapter.368}% 317
\BOOKMARK [2][-]{subsection.386}{\376\377\000A\000G\000I\166\204\133\232\116\111\116\016\145\366\225\364\210\150\116\211\213\256}{section.385}% 318
\BOOKMARK [2][-]{subsection.387}{\376\377\000A\000G\000I\123\357\200\375\136\046\147\145\166\204\230\240\211\206\140\047\137\161\124\315}{section.385}% 319
\BOOKMARK [2][-]{subsection.388}{\376\377\123\237\122\033\150\106\147\266\377\032\000A\000G\000I\122\006\176\247\124\315\136\224\147\072\122\066}{section.385}% 320
\BOOKMARK [1][-]{section.391}{\376\377\116\055\126\375\166\204\227\136\117\040\176\337\133\211\121\150\154\273\164\006\117\123\174\373}{chapter.368}% 321
\BOOKMARK [2][-]{subsection.392}{\376\377\154\273\164\006\150\106\147\266\213\276\213\241}{section.391}% 322
\BOOKMARK [2][-]{subsection.393}{\376\377\210\114\122\250\117\030\121\110\176\247}{section.391}% 323
\BOOKMARK [1][-]{section.396}{\376\377\147\054\172\340\134\017\176\323}{chapter.368}% 324
\BOOKMARK [0][-]{chapter*.397}{\376\377\124\016\213\260}{}% 325
\BOOKMARK [0][-]{appendix*.398}{\376\377\131\047\152\041\127\213\200\375\122\233\116\016\230\316\226\151\213\304\117\060\150\106\147\266}{}% 326
\BOOKMARK [1][-]{section.399}{\376\377\213\304\117\060\150\106\147\266\213\276\213\241\123\237\122\031}{appendix*.398}% 327
\BOOKMARK [1][-]{section.400}{\376\377\200\375\122\233\213\304\117\060\117\123\174\373}{appendix*.398}% 328
\BOOKMARK [2][-]{subsection.401}{\376\377\127\372\170\100\200\375\122\233\213\304\117\060}{section.400}% 329
\BOOKMARK [2][-]{subsection.404}{\376\377\232\330\176\247\200\375\122\233\213\304\117\060}{section.400}% 330
\BOOKMARK [1][-]{section.405}{\376\377\230\316\226\151\213\304\117\060\117\123\174\373}{appendix*.398}% 331
\BOOKMARK [2][-]{subsection.406}{\376\377\230\316\226\151\122\006\174\173\122\006\176\247}{section.405}% 332
\BOOKMARK [2][-]{subsection.409}{\376\377\230\316\226\151\221\317\123\026\213\304\117\060\145\271\154\325}{section.405}% 333
\BOOKMARK [1][-]{section.410}{\376\377\213\304\117\060\155\101\172\013}{appendix*.398}% 334
\BOOKMARK [0][-]{appendix*.411}{\376\377\147\057\213\355\210\150}{}% 335
\BOOKMARK [0][-]{appendix*.412}{\376\377\116\073\211\201\000A\000I\152\041\127\213\123\302\145\160\116\016\140\047\200\375\153\324\217\203}{}% 336
\BOOKMARK [1][-]{section.413}{\376\377\127\372\170\100\152\041\127\213\153\324\217\203\377\010\0002\0000\0002\0005\136\164\377\011}{appendix*.412}% 337
\BOOKMARK [1][-]{section.416}{\376\377\200\375\122\233\127\372\121\306\155\113\213\325\142\020\176\351}{appendix*.412}% 338
\BOOKMARK [2][-]{subsection.417}{\376\377\213\355\212\000\164\006\211\343\116\016\143\250\164\006}{section.416}% 339
\BOOKMARK [1][-]{section.420}{\376\377\173\227\122\233\227\000\154\102\117\060\173\227}{appendix*.412}% 340
\BOOKMARK [0][-]{appendix*.423}{\376\377\173\227\154\325\142\322\153\142\136\224\133\371\142\200\147\057\145\271\150\110}{}% 341
\BOOKMARK [1][-]{section.424}{\376\377\225\356\230\230\133\232\116\111\116\016\200\314\146\157}{appendix*.423}% 342
\BOOKMARK [1][-]{section.425}{\376\377\142\200\147\057\136\224\133\371\145\271\150\110}{appendix*.423}% 343
\BOOKMARK [2][-]{subsection.426}{\376\377\152\041\127\213\201\352\116\073\170\024\123\321\200\375\122\233\136\372\213\276}{section.425}% 344
\BOOKMARK [2][-]{subsection.427}{\376\377\137\000\156\220\165\037\140\001\226\062\137\241\117\123\174\373}{section.425}% 345
\BOOKMARK [2][-]{subsection.428}{\376\377\136\224\140\045\124\315\136\224\147\072\122\066}{section.425}% 346
\BOOKMARK [1][-]{section.429}{\376\377\121\163\225\056\143\007\150\007\116\016\213\304\117\060}{appendix*.423}% 347
\BOOKMARK [1][-]{section.430}{\376\377\142\020\147\054\117\060\173\227}{appendix*.423}% 348
\BOOKMARK [0][-]{appendix*.431}{\376\377\150\070\137\303\173\227\154\325\142\200\147\057\213\346\211\343}{}% 349
\BOOKMARK [1][-]{section.432}{\376\377\000T\000r\000a\000n\000s\000f\000o\000r\000m\000e\000r\147\266\147\204\155\361\136\246\211\343\147\220}{appendix*.431}% 350
\BOOKMARK [2][-]{subsection.433}{\376\377\201\352\154\350\141\017\122\233\147\072\122\066\145\160\133\146\123\237\164\006}{section.432}% 351
\BOOKMARK [2][-]{subsection.437}{\376\377\117\115\177\156\177\026\170\001\145\271\150\110}{section.432}% 352
\BOOKMARK [2][-]{subsection.443}{\376\377\000F\000l\000a\000s\000h\000\040\000A\000t\000t\000e\000n\000t\000i\000o\000n\173\227\154\325}{section.432}% 353
\BOOKMARK [1][-]{section.444}{\376\377\155\367\124\010\116\023\133\266\152\041\127\213\377\010\000M\000o\000E\377\011\142\200\147\057\213\346\211\343}{appendix*.431}% 354
\BOOKMARK [2][-]{subsection.445}{\376\377\127\372\170\100\000M\000o\000E\147\266\147\204}{section.444}% 355
\BOOKMARK [2][-]{subsection.448}{\376\377\215\037\217\175\127\107\210\141\143\137\131\061}{section.444}% 356
\BOOKMARK [2][-]{subsection.450}{\376\377\000D\000e\000e\000p\000S\000e\000e\000k\000-\000V\0003\000\040\000M\000o\000E\122\033\145\260}{section.444}% 357
\BOOKMARK [1][-]{section.452}{\376\377\133\371\237\120\173\227\154\325\142\200\147\057\213\346\211\343}{appendix*.431}% 358
\BOOKMARK [2][-]{subsection.453}{\376\377\000R\000L\000H\000F\173\227\154\325\155\101\172\013}{section.452}% 359
\BOOKMARK [2][-]{subsection.458}{\376\377\000D\000P\000O\377\032\173\200\123\026\166\204\133\371\237\120\145\271\154\325}{section.452}% 360
\BOOKMARK [2][-]{subsection.460}{Constitutional\040AI}{section.452}% 361
\BOOKMARK [1][-]{section.461}{\376\377\143\250\164\006\117\030\123\026\142\200\147\057}{appendix*.431}% 362
\BOOKMARK [2][-]{subsection.462}{\376\377\143\250\155\113\211\343\170\001\377\010\000S\000p\000e\000c\000u\000l\000a\000t\000i\000v\000e\000\040\000D\000e\000c\000o\000d\000i\000n\000g\377\011}{section.461}% 363
\BOOKMARK [2][-]{subsection.463}{\376\377\000K\000V\000\040\000C\000a\000c\000h\000e\117\030\123\026}{section.461}% 364
\BOOKMARK [2][-]{subsection.464}{\376\377\221\317\123\026\142\200\147\057}{section.461}% 365
\BOOKMARK [1][-]{section.467}{\376\377\133\211\121\150\133\371\237\120\142\200\147\057\133\236\163\260}{appendix*.431}% 366
\BOOKMARK [2][-]{subsection.468}{\376\377\215\212\162\361\226\062\137\241\173\227\154\325}{section.467}% 367
\BOOKMARK [2][-]{subsection.469}{\376\377\217\223\121\372\133\241\213\241\174\373\176\337}{section.467}% 368
\BOOKMARK [1][-]{section.470}{\376\377\122\006\136\003\137\017\213\255\176\303\142\200\147\057}{appendix*.431}% 369
\BOOKMARK [2][-]{subsection.471}{\376\377\0003\000D\136\166\210\114\173\126\165\145}{section.470}% 370
\BOOKMARK [2][-]{subsection.472}{\376\377\000Z\000e\000R\000O\117\030\123\026\126\150}{section.470}% 371
