\BOOKMARK [0][-]{chapter.2}{\376\377\000T\000h\000e\000\040\000P\000h\000y\000s\000i\000c\000s\000\040\000G\000u\000a\000r\000d\000-\000R\000a\000i\000l\000\040\000\050\000A\000d\000j\000o\000i\000n\000t\000\040\000I\000n\000t\000e\000r\000p\000o\000l\000a\000t\000i\000o\000n\000\051}{}% 1
\BOOKMARK [1][-]{section.2.1}{\376\377\000M\000a\000s\000s\000\040\000G\000a\000p\000\040\000v\000i\000a\000\040\000A\000d\000j\000o\000i\000n\000t\000\040\000I\000n\000t\000e\000r\000p\000o\000l\000a\000t\000i\000o\000n}{chapter.2}% 2
\BOOKMARK [2][-]{subsection.2.1.1}{\376\377\000T\000h\000e\000\040\000I\000n\000t\000e\000r\000p\000o\000l\000a\000t\000i\000n\000g\000\040\000A\000c\000t\000i\000o\000n}{section.2.1}% 3
\BOOKMARK [2][-]{subsection.2.1.2}{\376\377\000E\000n\000d\000p\000o\000i\000n\000t\000\040\000A\000n\000a\000l\000y\000s\000i\000s\000:\000\040\000S\000t\000r\000o\000n\000g\000\040\000C\000o\000u\000p\000l\000i\000n\000g\000\040\000F\000o\000u\000n\000d\000a\000t\000i\000o\000n\000\040\000\050\000C\000h\000a\000p\000t\000e\000r\000\040\000I\000\051}{section.2.1}% 4
\BOOKMARK [2][-]{subsection.2.1.3}{\376\377\000A\000n\000a\000l\000y\000t\000i\000c\000i\000t\000y\000\040\000a\000n\000d\000\040\000A\000b\000s\000e\000n\000c\000e\000\040\000o\000f\000\040\000P\000h\000a\000s\000e\000\040\000T\000r\000a\000n\000s\000i\000t\000i\000o\000n\000s}{section.2.1}% 5
\BOOKMARK [2][-]{subsection.2.1.4}{\376\377\000R\000i\000g\000o\000r\000o\000u\000s\000\040\000I\000n\000t\000e\000r\000m\000e\000d\000i\000a\000t\000e\000\040\000A\000n\000a\000l\000y\000t\000i\000c\000i\000t\000y\000\040\000v\000i\000a\000\040\000P\000i\000r\000o\000g\000o\000v\000-\000S\000i\000n\000a\000i\000\040\000T\000h\000e\000o\000r\000y}{section.2.1}% 6
\BOOKMARK [1][-]{section.2.2}{\376\377\000C\000o\000n\000c\000l\000u\000s\000i\000o\000n\000:\000\040\000V\000e\000r\000i\000f\000i\000c\000a\000t\000i\000o\000n\000\040\000o\000f\000\040\000O\000b\000j\000e\000c\000t\000i\000v\000e\000s}{chapter.2}% 7
\BOOKMARK [0][-]{appendix.A}{\376\377\000T\000h\000e\000\040\000L\000a\000t\000t\000i\000c\000e\000\040\000I\000n\000d\000e\000x\000\040\000T\000h\000e\000o\000r\000e\000m\000\040\000\050\000T\000o\000p\000o\000l\000o\000g\000i\000c\000a\000l\000\040\000S\000t\000a\000b\000i\000l\000i\000t\000y\000\051}{}% 8
\BOOKMARK [1][-]{section.A.1}{\376\377\000C\000o\000n\000t\000e\000x\000t\000:\000\040\000T\000o\000p\000o\000l\000o\000g\000i\000c\000a\000l\000\040\000P\000r\000o\000t\000e\000c\000t\000i\000o\000n\000\040\000o\000f\000\040\000t\000h\000e\000\040\000G\000a\000p}{appendix.A}% 9
\BOOKMARK [1][-]{section.A.2}{\376\377\000T\000h\000e\000\040\000O\000v\000e\000r\000l\000a\000p\000\040\000D\000i\000r\000a\000c\000\040\000O\000p\000e\000r\000a\000t\000o\000r}{appendix.A}% 10
\BOOKMARK [1][-]{section.A.3}{\376\377\000R\000i\000g\000o\000r\000o\000u\000s\000\040\000D\000e\000r\000i\000v\000a\000t\000i\000o\000n\000\040\000o\000f\000\040\000t\000h\000e\000\040\000I\000n\000d\000e\000x\000\040\000T\000h\000e\000o\000r\000e\000m}{appendix.A}% 11
\BOOKMARK [1][-]{section.A.4}{\376\377\000L\000o\000c\000a\000l\000i\000t\000y\000\040\000a\000n\000d\000\040\000t\000h\000e\000\040\000T\000o\000p\000o\000l\000o\000g\000i\000c\000a\000l\000\040\000D\000e\000n\000s\000i\000t\000y}{appendix.A}% 12
\BOOKMARK [1][-]{section.A.5}{\376\377\000A\000p\000p\000l\000i\000c\000a\000t\000i\000o\000n\000\040\000t\000o\000\040\000M\000a\000s\000s\000\040\000G\000a\000p\000\040\000S\000t\000a\000b\000i\000l\000i\000t\000y}{appendix.A}% 13
\BOOKMARK [1][-]{section.A.6}{\376\377\000C\000o\000n\000c\000l\000u\000s\000i\000o\000n\000\040\000o\000f\000\040\000F\000i\000x\000\040\0009}{appendix.A}% 14
\BOOKMARK [0][-]{appendix.B}{\376\377\000G\000a\000p\000\040\000R\000e\000s\000o\000l\000u\000t\000i\000o\000n\000\040\000v\000i\000a\000\040\000A\000d\000j\000o\000i\000n\000t\000\040\000Q\000C\000D}{}% 15
\BOOKMARK [1][-]{section.B.1}{\376\377\000O\000v\000e\000r\000v\000i\000e\000w\000\040\000o\000f\000\040\000t\000h\000e\000\040\000R\000e\000s\000o\000l\000u\000t\000i\000o\000n}{appendix.B}% 16
\BOOKMARK [2][-]{subsection.B.1.1}{\376\377\000L\000a\000t\000t\000i\000c\000e\000\040\000F\000o\000r\000m\000u\000l\000a\000t\000i\000o\000n\000:\000\040\000R\000e\000f\000l\000e\000c\000t\000i\000o\000n\000\040\000P\000o\000s\000i\000t\000i\000v\000i\000t\000y}{section.B.1}% 17
\BOOKMARK [2][-]{subsection.B.1.2}{\376\377\000T\000h\000e\000o\000r\000e\000m\000\040\0001\000:\000\040\000E\000x\000a\000c\000t\000\040\000C\000e\000n\000t\000e\000r\000\040\000S\000y\000m\000m\000e\000t\000r\000y}{section.B.1}% 18
\BOOKMARK [2][-]{subsection.B.1.3}{\376\377\000T\000h\000e\000o\000r\000e\000m\000\040\0002\000:\000\040\000P\000o\000s\000i\000t\000i\000v\000i\000t\000y\000\040\000a\000n\000d\000\040\000A\000n\000a\000l\000y\000t\000i\000c\000i\000t\000y}{section.B.1}% 19
\BOOKMARK [2][-]{subsection.B.1.4}{\376\377\000A\000d\000d\000r\000e\000s\000s\000i\000n\000g\000\040\000t\000h\000e\000\040\000"\000L\000i\000q\000u\000i\000d\000-\000G\000a\000s\000"\000\040\000O\000b\000j\000e\000c\000t\000i\000o\000n}{section.B.1}% 20
\BOOKMARK [2][-]{subsection.B.1.5}{\376\377\000T\000h\000e\000o\000r\000e\000m\000\040\0003\000:\000\040\000T\000h\000e\000\040\000M\000a\000s\000s\000\040\000G\000a\000p}{section.B.1}% 21
\BOOKMARK [2][-]{subsection.B.1.6}{\376\377\000C\000o\000n\000c\000l\000u\000s\000i\000o\000n\000:\000\040\000U\000n\000c\000o\000n\000d\000i\000t\000i\000o\000n\000a\000l\000\040\000P\000o\000s\000i\000t\000i\000v\000i\000t\000y}{section.B.1}% 22
\BOOKMARK [0][-]{appendix.C}{\376\377\000A\000d\000j\000o\000i\000n\000t\000\040\000I\000n\000t\000e\000r\000p\000o\000l\000a\000t\000i\000o\000n\000:\000\040\000L\000e\000e\000-\000Y\000a\000n\000g\000\040\000a\000n\000d\000\040\000C\000e\000n\000t\000e\000r\000\040\000S\000y\000m\000m\000e\000t\000r\000y}{}% 23
\BOOKMARK [1][-]{section.C.1}{\376\377\000L\000e\000e\000-\000Y\000a\000n\000g\000\040\000Z\000e\000r\000o\000s\000:\000\040\000I\000n\000f\000i\000n\000i\000t\000e\000-\000V\000o\000l\000u\000m\000e\000\040\000A\000n\000a\000l\000y\000s\000i\000s}{appendix.C}% 24
\BOOKMARK [1][-]{section.C.2}{\376\377\000C\000e\000n\000t\000e\000r\000\040\000S\000y\000m\000m\000e\000t\000r\000y\000\040\000P\000r\000o\000t\000e\000c\000t\000i\000o\000n}{appendix.C}% 25
\BOOKMARK [0][-]{appendix.D}{\376\377\000R\000i\000g\000o\000r\000o\000u\000s\000\040\000C\000o\000n\000t\000r\000o\000l\000\040\000o\000f\000\040\000A\000d\000j\000o\000i\000n\000t\000\040\000F\000e\000r\000m\000i\000o\000n\000\040\000D\000e\000t\000e\000r\000m\000i\000n\000a\000n\000t\000\040\000N\000o\000n\000-\000L\000o\000c\000a\000l\000i\000t\000y}{}% 26
\BOOKMARK [1][-]{section.D.1}{\376\377\000T\000h\000e\000\040\000N\000o\000n\000-\000L\000o\000c\000a\000l\000i\000t\000y\000\040\000P\000r\000o\000b\000l\000e\000m}{appendix.D}% 27
\BOOKMARK [1][-]{section.D.2}{\376\377\000S\000t\000e\000p\000\040\0001\000:\000\040\000M\000a\000t\000t\000h\000e\000w\000s\000-\000S\000a\000l\000a\000m\000-\000S\000e\000i\000l\000e\000r\000\040\000P\000o\000l\000y\000m\000e\000r\000\040\000E\000x\000p\000a\000n\000s\000i\000o\000n}{appendix.D}% 28
\BOOKMARK [1][-]{section.D.3}{\376\377\000S\000t\000e\000p\000\040\0002\000:\000\040\000E\000f\000f\000e\000c\000t\000i\000v\000e\000\040\000R\000a\000n\000g\000e\000\040\000C\000o\000n\000t\000r\000o\000l}{appendix.D}% 29
\BOOKMARK [1][-]{section.D.4}{\376\377\000S\000t\000e\000p\000\040\0003\000:\000\040\000C\000l\000u\000s\000t\000e\000r\000\040\000E\000x\000p\000a\000n\000s\000i\000o\000n\000\040\000C\000o\000n\000v\000e\000r\000g\000e\000n\000c\000e}{appendix.D}% 30
\BOOKMARK [1][-]{section.D.5}{\376\377\000S\000t\000e\000p\000\040\0004\000:\000\040\000V\000a\000f\000a\000-\000W\000i\000t\000t\000e\000n\000\040\000E\000i\000g\000e\000n\000v\000a\000l\000u\000e\000\040\000P\000r\000o\000t\000e\000c\000t\000i\000o\000n}{appendix.D}% 31
\BOOKMARK [1][-]{section.D.6}{\376\377\000S\000t\000e\000p\000\040\0005\000:\000\040\000C\000o\000m\000p\000a\000t\000i\000b\000i\000l\000i\000t\000y\000\040\000w\000i\000t\000h\000\040\000P\000i\000r\000o\000g\000o\000v\000-\000S\000i\000n\000a\000i\000\040\000T\000h\000e\000o\000r\000y}{appendix.D}% 32
\BOOKMARK [1][-]{section.D.7}{\376\377\000M\000a\000i\000n\000\040\000R\000e\000s\000u\000l\000t}{appendix.D}% 33
\BOOKMARK [1][-]{section.D.8}{\376\377\000E\000x\000p\000l\000i\000c\000i\000t\000\040\000C\000o\000n\000s\000t\000a\000n\000t\000s\000\040\000a\000n\000d\000\040\000E\000s\000t\000i\000m\000a\000t\000e\000s}{appendix.D}% 34
\BOOKMARK [1][-]{section.D.9}{\376\377\000R\000e\000s\000o\000l\000u\000t\000i\000o\000n\000\040\000o\000f\000\040\000t\000h\000e\000\040\000A\000d\000j\000o\000i\000n\000t\000\040\000I\000n\000t\000e\000r\000p\000o\000l\000a\000t\000i\000o\000n}{appendix.D}% 35
\BOOKMARK [0][-]{appendix.E}{\376\377\000R\000i\000g\000o\000r\000o\000u\000s\000\040\000C\000o\000n\000v\000e\000x\000i\000t\000y\000\040\000a\000n\000d\000\040\000G\000e\000n\000e\000r\000a\000l\000i\000z\000e\000d\000\040\000D\000o\000b\000r\000u\000s\000h\000i\000n\000\040\000U\000n\000i\000q\000u\000e\000n\000e\000s\000s}{}% 36
\BOOKMARK [1][-]{section.E.1}{\376\377\000O\000v\000e\000r\000v\000i\000e\000w}{appendix.E}% 37
\BOOKMARK [1][-]{section.E.2}{\376\377\000G\000e\000n\000e\000r\000a\000l\000i\000z\000e\000d\000\040\000D\000o\000b\000r\000u\000s\000h\000i\000n\000\040\000U\000n\000i\000q\000u\000e\000n\000e\000s\000s}{appendix.E}% 38
\BOOKMARK [1][-]{section.E.3}{\376\377\000S\000t\000r\000i\000c\000t\000\040\000C\000o\000n\000v\000e\000x\000i\000t\000y\000\040\000o\000f\000\040\000t\000h\000e\000\040\000E\000f\000f\000e\000c\000t\000i\000v\000e\000\040\000P\000o\000t\000e\000n\000t\000i\000a\000l}{appendix.E}% 39
\BOOKMARK [1][-]{section.E.4}{\376\377\000R\000a\000d\000i\000u\000s\000\040\000o\000f\000\040\000V\000a\000l\000i\000d\000i\000t\000y\000\040\000a\000n\000d\000\040\000V\000a\000l\000i\000d\000i\000t\000y\000\040\000o\000f\000\040\000t\000h\000e\000\040\000A\000p\000p\000r\000o\000x\000i\000m\000a\000t\000i\000o\000n}{appendix.E}% 40
\BOOKMARK [0][-]{appendix.F}{\376\377\000D\000e\000r\000i\000v\000a\000t\000i\000o\000n\000\040\000A\000N\000:\000\040\000T\000h\000e\000\040\000V\000a\000f\000a\000-\000W\000i\000t\000t\000e\000n\000\040\000B\000o\000u\000n\000d\000\040\000\050\000T\000o\000p\000o\000l\000o\000g\000i\000c\000a\000l\000\040\000S\000t\000a\000b\000i\000l\000i\000t\000y\000\051}{}% 41
\BOOKMARK [1][-]{section.F.1}{\376\377\000C\000o\000n\000t\000e\000x\000t}{appendix.F}% 42
\BOOKMARK [1][-]{section.F.2}{\376\377\000T\000h\000e\000o\000r\000e\000m\000\040\000A\000N\000.\0001\000\040\000\050\000V\000a\000f\000a\000-\000W\000i\000t\000t\000e\000n\000\040\000P\000o\000s\000i\000t\000i\000v\000i\000t\000y\000\051}{appendix.F}% 43
\BOOKMARK [1][-]{section.F.3}{\376\377\000P\000r\000o\000o\000f\000\040\000D\000e\000r\000i\000v\000a\000t\000i\000o\000n}{appendix.F}% 44
\BOOKMARK [2][-]{subsection.F.3.1}{\376\377\000S\000t\000e\000p\000\040\0001\000:\000\040\000M\000e\000a\000s\000u\000r\000e\000\040\000T\000r\000a\000n\000s\000f\000o\000r\000m\000a\000t\000i\000o\000n}{section.F.3}% 45
\BOOKMARK [2][-]{subsection.F.3.2}{\376\377\000S\000t\000e\000p\000\040\0002\000:\000\040\000R\000e\000f\000l\000e\000c\000t\000i\000o\000n\000\040\000P\000o\000s\000i\000t\000i\000v\000i\000t\000y}{section.F.3}% 46
\BOOKMARK [2][-]{subsection.F.3.3}{\376\377\000S\000t\000e\000p\000\040\0003\000:\000\040\000C\000a\000u\000c\000h\000y\000-\000S\000c\000h\000w\000a\000r\000z\000\040\000I\000n\000e\000q\000u\000a\000l\000i\000t\000y}{section.F.3}% 47
\BOOKMARK [2][-]{subsection.F.3.4}{\376\377\000S\000t\000e\000p\000\040\0004\000:\000\040\000E\000n\000e\000r\000g\000y\000\040\000B\000o\000u\000n\000d}{section.F.3}% 48
\BOOKMARK [0][-]{appendix.G}{\376\377\000F\000i\000x\000\040\0008\000:\000\040\000T\000h\000e\000\040\000N\000o\000n\000-\000P\000e\000r\000t\000u\000r\000b\000a\000t\000i\000v\000e\000\040\000D\000e\000c\000o\000u\000p\000l\000i\000n\000g\000\040\000T\000h\000e\000o\000r\000e\000m}{}% 49
\BOOKMARK [1][-]{section.G.1}{\376\377\000C\000o\000n\000t\000e\000x\000t}{appendix.G}% 50
\BOOKMARK [1][-]{section.G.2}{\376\377\000T\000h\000e\000o\000r\000e\000m\000\040\000N\000.\0001\000\040\000\050\000N\000o\000r\000m\000\040\000R\000e\000s\000o\000l\000v\000e\000n\000t\000\040\000C\000o\000n\000v\000e\000r\000g\000e\000n\000c\000e\000\051}{appendix.G}% 51
\BOOKMARK [1][-]{section.G.3}{\376\377\000P\000r\000o\000o\000f\000\040\000D\000e\000r\000i\000v\000a\000t\000i\000o\000n}{appendix.G}% 52
\BOOKMARK [2][-]{subsection.G.3.1}{\376\377\0001\000.\000\040\000F\000e\000s\000h\000b\000a\000c\000h\000-\000S\000c\000h\000u\000r\000\040\000M\000a\000p}{section.G.3}% 53
\BOOKMARK [2][-]{subsection.G.3.2}{\376\377\0002\000.\000\040\000K\000i\000n\000e\000t\000i\000c\000\040\000G\000a\000p}{section.G.3}% 54
\BOOKMARK [2][-]{subsection.G.3.3}{\376\377\0003\000.\000\040\000I\000n\000t\000e\000r\000a\000c\000t\000i\000o\000n\000\040\000B\000o\000u\000n\000d}{section.G.3}% 55
\BOOKMARK [2][-]{subsection.G.3.4}{\376\377\0004\000.\000\040\000S\000p\000e\000c\000t\000r\000a\000l\000\040\000S\000t\000a\000b\000i\000l\000i\000t\000y}{section.G.3}% 56
\BOOKMARK [0][-]{appendix.H}{\376\377\000F\000i\000x\000\040\0003\0006\000:\000\040\000L\000i\000e\000b\000-\000T\000h\000i\000r\000r\000i\000n\000g\000\040\000S\000t\000a\000b\000i\000l\000i\000t\000y\000\040\000f\000o\000r\000\040\000L\000a\000t\000t\000i\000c\000e\000\040\000F\000e\000r\000m\000i\000o\000n\000s}{}% 57
\BOOKMARK [1][-]{section.H.1}{\376\377\000T\000h\000e\000\040\000S\000t\000a\000b\000i\000l\000i\000t\000y\000\040\000P\000r\000o\000b\000l\000e\000m}{appendix.H}% 58
\BOOKMARK [1][-]{section.H.2}{\376\377\000L\000a\000t\000t\000i\000c\000e\000\040\000L\000i\000e\000b\000-\000T\000h\000i\000r\000r\000i\000n\000g\000\040\000I\000n\000e\000q\000u\000a\000l\000i\000t\000y}{appendix.H}% 59
\BOOKMARK [1][-]{section.H.3}{\376\377\000A\000b\000s\000e\000n\000c\000e\000\040\000o\000f\000\040\000F\000e\000r\000m\000i\000o\000n\000i\000c\000\040\000C\000o\000n\000d\000e\000n\000s\000a\000t\000i\000o\000n\000\040\000I\000n\000s\000t\000a\000b\000i\000l\000i\000t\000y}{appendix.H}% 60
