\BOOKMARK [0][-]{chapter.1}{\376\377\000T\000h\000e\000\040\000T\000h\000e\000r\000m\000o\000d\000y\000n\000a\000m\000i\000c\000\040\000E\000n\000g\000i\000n\000e}{}% 1
\BOOKMARK [1][-]{section.1.1}{\376\377\000R\000o\000a\000d\000m\000a\000p\000\040\000f\000o\000r\000\040\000I\000n\000t\000e\000r\000m\000e\000d\000i\000a\000t\000e\000\040\000R\000e\000g\000i\000m\000e\000\040\000P\000r\000o\000o\000f\000:\000\040\000C\000o\000m\000p\000u\000t\000e\000r\000-\000A\000s\000s\000i\000s\000t\000e\000d\000\040\000V\000e\000r\000i\000f\000i\000c\000a\000t\000i\000o\000n}{chapter.1}% 2
\BOOKMARK [2][-]{subsection.1.1.1}{\376\377\000O\000b\000j\000e\000c\000t\000i\000v\000e\000:\000\040\000T\000h\000e\000\040\000C\000r\000o\000s\000s\000o\000v\000e\000r\000\040\000C\000o\000n\000t\000r\000a\000c\000t\000i\000o\000n}{section.1.1}% 3
\BOOKMARK [2][-]{subsection.1.1.2}{\376\377\000P\000h\000a\000s\000e\000\040\0001\000:\000\040\000M\000a\000t\000h\000e\000m\000a\000t\000i\000c\000a\000l\000\040\000S\000p\000e\000c\000i\000f\000i\000c\000a\000t\000i\000o\000n\000\040\000\046\000\040\000R\000e\000d\000u\000c\000t\000i\000o\000n}{section.1.1}% 4
\BOOKMARK [2][-]{subsection.1.1.3}{\376\377\000P\000h\000a\000s\000e\000\040\0002\000:\000\040\000T\000h\000e\000\040\000C\000o\000m\000p\000u\000t\000a\000t\000i\000o\000n\000a\000l\000\040\000E\000n\000g\000i\000n\000e}{section.1.1}% 5
\BOOKMARK [2][-]{subsection.1.1.4}{\376\377\000P\000h\000a\000s\000e\000\040\0003\000:\000\040\000E\000x\000e\000c\000u\000t\000i\000o\000n\000\040\000\050\000T\000h\000e\000\040\000V\000e\000r\000i\000f\000i\000c\000a\000t\000i\000o\000n\000\040\000L\000o\000o\000p\000\051}{section.1.1}% 6
\BOOKMARK [2][-]{subsection.1.1.5}{\376\377\000P\000h\000a\000s\000e\000\040\0004\000:\000\040\000T\000h\000e\000\040\000C\000o\000m\000p\000u\000t\000a\000t\000i\000o\000n\000a\000l\000\040\000C\000e\000r\000t\000i\000f\000i\000c\000a\000t\000e}{section.1.1}% 7
\BOOKMARK [0][-]{appendix.A}{\376\377\000A\000p\000p\000e\000n\000d\000i\000x\000\040\000K\000:\000\040\000T\000h\000e\000\040\000I\000n\000t\000e\000r\000v\000a\000l\000\040\000A\000r\000i\000t\000h\000m\000e\000t\000i\000c\000\040\000B\000r\000i\000d\000g\000e}{}% 8
\BOOKMARK [1][-]{section.A.1}{\376\377\000R\000i\000g\000o\000r\000o\000u\000s\000\040\000V\000e\000r\000i\000f\000i\000c\000a\000t\000i\000o\000n\000\040\000o\000f\000\040\000t\000h\000e\000\040\000I\000n\000t\000e\000r\000m\000e\000d\000i\000a\000t\000e\000\040\000R\000e\000g\000i\000m\000e}{appendix.A}% 9
\BOOKMARK [2][-]{subsection.A.1.1}{\376\377\000T\000h\000e\000\040\000B\000a\000n\000a\000c\000h\000\040\000S\000p\000a\000c\000e\000\040\000o\000f\000\040\000E\000f\000f\000e\000c\000t\000i\000v\000e\000\040\000A\000c\000t\000i\000o\000n\000s}{section.A.1}% 10
\BOOKMARK [2][-]{subsection.A.1.2}{\376\377\000T\000h\000e\000o\000r\000e\000m\000\040\000K\000.\0001\000\040\000\050\000C\000r\000o\000s\000s\000o\000v\000e\000r\000\040\000C\000o\000n\000t\000r\000a\000c\000t\000i\000o\000n\000\051}{section.A.1}% 11
\BOOKMARK [0][-]{appendix.B}{\376\377\000A\000p\000p\000e\000n\000d\000i\000x\000:\000\040\000N\000o\000r\000m\000\040\000R\000e\000s\000o\000l\000v\000e\000n\000t\000\040\000C\000o\000n\000v\000e\000r\000g\000e\000n\000c\000e}{}% 12
\BOOKMARK [1][-]{section.B.1}{\376\377\000C\000o\000n\000t\000i\000n\000u\000u\000m\000\040\000S\000t\000a\000b\000i\000l\000i\000t\000y\000\040\000v\000i\000a\000\040\000S\000y\000m\000a\000n\000z\000i\000k\000\040\000R\000a\000t\000e\000\040\000C\000o\000n\000t\000r\000o\000l}{appendix.B}% 13
\BOOKMARK [2][-]{subsection.B.1.1}{\376\377\000T\000h\000e\000o\000r\000e\000m\000\040\0002\0000\000.\0004\000\040\000\050\000S\000y\000m\000a\000n\000z\000i\000k\000\040\000R\000a\000t\000e\000\040\000S\000t\000a\000b\000i\000l\000i\000t\000y\000\051}{section.B.1}% 14
\BOOKMARK [0][-]{appendix.C}{\376\377\000D\000e\000r\000i\000v\000a\000t\000i\000o\000n\000\040\000A\000B\000:\000\040\000C\000l\000u\000s\000t\000e\000r\000\040\000E\000x\000p\000a\000n\000s\000i\000o\000n\000\040\000o\000f\000\040\000t\000h\000e\000\040\000L\000o\000g\000a\000r\000i\000t\000h\000m}{}% 15
\BOOKMARK [1][-]{section.C.1}{\376\377\000E\000x\000i\000s\000t\000e\000n\000c\000e\000\040\000o\000f\000\040\000t\000h\000e\000\040\000T\000h\000e\000r\000m\000o\000d\000y\000n\000a\000m\000i\000c\000\040\000L\000i\000m\000i\000t}{appendix.C}% 16
\BOOKMARK [1][-]{section.C.2}{\376\377\000T\000h\000e\000\040\000M\000a\000y\000e\000r\000\040\000E\000x\000p\000a\000n\000s\000i\000o\000n}{appendix.C}% 17
\BOOKMARK [1][-]{section.C.3}{\376\377\000T\000h\000e\000\040\000L\000o\000g\000a\000r\000i\000t\000h\000m\000\040\000a\000n\000d\000\040\000C\000o\000n\000n\000e\000c\000t\000e\000d\000\040\000C\000l\000u\000s\000t\000e\000r\000s}{appendix.C}% 18
\BOOKMARK [2][-]{subsection.C.3.1}{\376\377\000C\000o\000n\000v\000e\000r\000g\000e\000n\000c\000e\000\040\000v\000i\000a\000\040\000K\000o\000t\000e\000c\000k\000\375\000-\000P\000r\000e\000i\000s\000s}{section.C.3}% 19
\BOOKMARK [0][-]{appendix.D}{\376\377\000D\000e\000r\000i\000v\000a\000t\000i\000o\000n\000\040\000A\000D\000:\000\040\000D\000u\000h\000a\000m\000e\000l\000'\000s\000\040\000E\000x\000p\000a\000n\000s\000i\000o\000n}{}% 20
\BOOKMARK [1][-]{section.D.1}{\376\377\000S\000e\000m\000i\000g\000r\000o\000u\000p\000\040\000P\000e\000r\000t\000u\000r\000b\000a\000t\000i\000o\000n\000\040\000T\000h\000e\000o\000r\000y}{appendix.D}% 21
\BOOKMARK [1][-]{section.D.2}{\376\377\000T\000h\000e\000\040\000E\000x\000p\000a\000n\000s\000i\000o\000n}{appendix.D}% 22
\BOOKMARK [1][-]{section.D.3}{\376\377\000A\000p\000p\000l\000i\000c\000a\000t\000i\000o\000n\000\040\000t\000o\000\040\000S\000p\000e\000c\000t\000r\000a\000l\000\040\000G\000a\000p\000s}{appendix.D}% 23
\BOOKMARK [1][-]{section.D.4}{\376\377\000C\000o\000n\000c\000l\000u\000s\000i\000o\000n}{appendix.D}% 24
