This is pdfTeX, Version 3.141592653-2.6-1.40.25 (MiKTeX 24.1) (preloaded format=pdflatex 2026.1.13)  21 JAN 2026 11:50
entering extended mode
 restricted \write18 enabled.
 %&-line parsing enabled.
**./rigorous-adscft.tex
(rigorous-adscft.tex
LaTeX2e <2023-11-01> patch level 1
L3 programming layer <2024-01-04>
(C:\Users\david\AppData\Local\Programs\MiKTeX\tex/latex/base\article.cls
Document Class: article 2023/05/17 v1.4n Standard LaTeX document class
(C:\Users\david\AppData\Local\Programs\MiKTeX\tex/latex/base\size12.clo
File: size12.clo 2023/05/17 v1.4n Standard LaTeX file (size option)
)
\c@part=\count187
\c@section=\count188
\c@subsection=\count189
\c@subsubsection=\count190
\c@paragraph=\count191
\c@subparagraph=\count192
\c@figure=\count193
\c@table=\count194
\abovecaptionskip=\skip48
\belowcaptionskip=\skip49
\bibindent=\dimen140
)
(C:\Users\david\AppData\Local\Programs\MiKTeX\tex/latex/base\inputenc.sty
Package: inputenc 2021/02/14 v1.3d Input encoding file
\inpenc@prehook=\toks17
\inpenc@posthook=\toks18
)
(C:\Users\david\AppData\Local\Programs\MiKTeX\tex/latex/base\fontenc.sty
Package: fontenc 2021/04/29 v2.0v Standard LaTeX package
)
(C:\Users\david\AppData\Local\Programs\MiKTeX\tex/latex/amsmath\amsmath.sty
Package: amsmath 2023/05/13 v2.17o AMS math features
\@mathmargin=\skip50

For additional information on amsmath, use the `?' option.
(C:\Users\david\AppData\Local\Programs\MiKTeX\tex/latex/amsmath\amstext.sty
Package: amstext 2021/08/26 v2.01 AMS text

(C:\Users\david\AppData\Local\Programs\MiKTeX\tex/latex/amsmath\amsgen.sty
File: amsgen.sty 1999/11/30 v2.0 generic functions
\@emptytoks=\toks19
\ex@=\dimen141
))
(C:\Users\david\AppData\Local\Programs\MiKTeX\tex/latex/amsmath\amsbsy.sty
Package: amsbsy 1999/11/29 v1.2d Bold Symbols
\pmbraise@=\dimen142
)
(C:\Users\david\AppData\Local\Programs\MiKTeX\tex/latex/amsmath\amsopn.sty
Package: amsopn 2022/04/08 v2.04 operator names
)
\inf@bad=\count195
LaTeX Info: Redefining \frac on input line 234.
\uproot@=\count196
\leftroot@=\count197
LaTeX Info: Redefining \overline on input line 399.
LaTeX Info: Redefining \colon on input line 410.
\classnum@=\count198
\DOTSCASE@=\count199
LaTeX Info: Redefining \ldots on input line 496.
LaTeX Info: Redefining \dots on input line 499.
LaTeX Info: Redefining \cdots on input line 620.
\Mathstrutbox@=\box51
\strutbox@=\box52
LaTeX Info: Redefining \big on input line 722.
LaTeX Info: Redefining \Big on input line 723.
LaTeX Info: Redefining \bigg on input line 724.
LaTeX Info: Redefining \Bigg on input line 725.
\big@size=\dimen143
LaTeX Font Info:    Redeclaring font encoding OML on input line 743.
LaTeX Font Info:    Redeclaring font encoding OMS on input line 744.
\macc@depth=\count266
LaTeX Info: Redefining \bmod on input line 905.
LaTeX Info: Redefining \pmod on input line 910.
LaTeX Info: Redefining \smash on input line 940.
LaTeX Info: Redefining \relbar on input line 970.
LaTeX Info: Redefining \Relbar on input line 971.
\c@MaxMatrixCols=\count267
\dotsspace@=\muskip16
\c@parentequation=\count268
\dspbrk@lvl=\count269
\tag@help=\toks20
\row@=\count270
\column@=\count271
\maxfields@=\count272
\andhelp@=\toks21
\eqnshift@=\dimen144
\alignsep@=\dimen145
\tagshift@=\dimen146
\tagwidth@=\dimen147
\totwidth@=\dimen148
\lineht@=\dimen149
\@envbody=\toks22
\multlinegap=\skip51
\multlinetaggap=\skip52
\mathdisplay@stack=\toks23
LaTeX Info: Redefining \[ on input line 2953.
LaTeX Info: Redefining \] on input line 2954.
)
(C:\Users\david\AppData\Local\Programs\MiKTeX\tex/latex/amsfonts\amssymb.sty
Package: amssymb 2013/01/14 v3.01 AMS font symbols

(C:\Users\david\AppData\Local\Programs\MiKTeX\tex/latex/amsfonts\amsfonts.sty
Package: amsfonts 2013/01/14 v3.01 Basic AMSFonts support
\symAMSa=\mathgroup4
\symAMSb=\mathgroup5
LaTeX Font Info:    Redeclaring math symbol \hbar on input line 98.
LaTeX Font Info:    Overwriting math alphabet `\mathfrak' in version `bold'
(Font)                  U/euf/m/n --> U/euf/b/n on input line 106.
)) (C:\Users\david\AppData\Local\Programs\MiKTeX\tex/latex/amscls\amsthm.sty
Package: amsthm 2020/05/29 v2.20.6
\thm@style=\toks24
\thm@bodyfont=\toks25
\thm@headfont=\toks26
\thm@notefont=\toks27
\thm@headpunct=\toks28
\thm@preskip=\skip53
\thm@postskip=\skip54
\thm@headsep=\skip55
\dth@everypar=\toks29
)
(C:\Users\david\AppData\Local\Programs\MiKTeX\tex/latex/stmaryrd\stmaryrd.sty
Package: stmaryrd 1994/03/03 St Mary's Road symbol package
\symstmry=\mathgroup6
LaTeX Font Info:    Overwriting symbol font `stmry' in version `bold'
(Font)                  U/stmry/m/n --> U/stmry/b/n on input line 89.
)
(C:\Users\david\AppData\Local\Programs\MiKTeX\tex/latex/physics\physics.sty
Package: physics 

(C:\Users\david\AppData\Local\Programs\MiKTeX\tex/latex/l3packages/xparse\xpars
e.sty
(C:\Users\david\AppData\Local\Programs\MiKTeX\tex/latex/l3kernel\expl3.sty
Package: expl3 2024-01-04 L3 programming layer (loader) 

(C:\Users\david\AppData\Local\Programs\MiKTeX\tex/latex/l3backend\l3backend-pdf
tex.def
File: l3backend-pdftex.def 2024-01-04 L3 backend support: PDF output (pdfTeX)
\l__color_backend_stack_int=\count273
\l__pdf_internal_box=\box53
))
Package: xparse 2023-10-10 L3 Experimental document command parser
))
(C:\Users\david\AppData\Local\Programs\MiKTeX\tex/latex/graphics\graphicx.sty
Package: graphicx 2021/09/16 v1.2d Enhanced LaTeX Graphics (DPC,SPQR)

(C:\Users\david\AppData\Local\Programs\MiKTeX\tex/latex/graphics\keyval.sty
Package: keyval 2022/05/29 v1.15 key=value parser (DPC)
\KV@toks@=\toks30
)
(C:\Users\david\AppData\Local\Programs\MiKTeX\tex/latex/graphics\graphics.sty
Package: graphics 2022/03/10 v1.4e Standard LaTeX Graphics (DPC,SPQR)

(C:\Users\david\AppData\Local\Programs\MiKTeX\tex/latex/graphics\trig.sty
Package: trig 2021/08/11 v1.11 sin cos tan (DPC)
)
(C:\Users\david\AppData\Local\Programs\MiKTeX\tex/latex/graphics-cfg\graphics.c
fg
File: graphics.cfg 2016/06/04 v1.11 sample graphics configuration
)
Package graphics Info: Driver file: pdftex.def on input line 107.

(C:\Users\david\AppData\Local\Programs\MiKTeX\tex/latex/graphics-def\pdftex.def
File: pdftex.def 2022/09/22 v1.2b Graphics/color driver for pdftex
))
\Gin@req@height=\dimen150
\Gin@req@width=\dimen151
)
(C:\Users\david\AppData\Local\Programs\MiKTeX\tex/latex/hyperref\hyperref.sty
Package: hyperref 2023-11-26 v7.01g Hypertext links for LaTeX

(C:\Users\david\AppData\Local\Programs\MiKTeX\tex/generic/iftex\iftex.sty
Package: iftex 2022/02/03 v1.0f TeX engine tests
)
(C:\Users\david\AppData\Local\Programs\MiKTeX\tex/generic/infwarerr\infwarerr.s
ty
Package: infwarerr 2019/12/03 v1.5 Providing info/warning/error messages (HO)
)
(C:\Users\david\AppData\Local\Programs\MiKTeX\tex/latex/kvsetkeys\kvsetkeys.sty
Package: kvsetkeys 2022-10-05 v1.19 Key value parser (HO)
)
(C:\Users\david\AppData\Local\Programs\MiKTeX\tex/generic/kvdefinekeys\kvdefine
keys.sty
Package: kvdefinekeys 2019-12-19 v1.6 Define keys (HO)
)
(C:\Users\david\AppData\Local\Programs\MiKTeX\tex/generic/pdfescape\pdfescape.s
ty
Package: pdfescape 2019/12/09 v1.15 Implements pdfTeX's escape features (HO)

(C:\Users\david\AppData\Local\Programs\MiKTeX\tex/generic/ltxcmds\ltxcmds.sty
Package: ltxcmds 2023-12-04 v1.26 LaTeX kernel commands for general use (HO)
)
(C:\Users\david\AppData\Local\Programs\MiKTeX\tex/generic/pdftexcmds\pdftexcmds
.sty
Package: pdftexcmds 2020-06-27 v0.33 Utility functions of pdfTeX for LuaTeX (HO
)
Package pdftexcmds Info: \pdf@primitive is available.
Package pdftexcmds Info: \pdf@ifprimitive is available.
Package pdftexcmds Info: \pdfdraftmode found.
))
(C:\Users\david\AppData\Local\Programs\MiKTeX\tex/latex/hycolor\hycolor.sty
Package: hycolor 2020-01-27 v1.10 Color options for hyperref/bookmark (HO)
)
(C:\Users\david\AppData\Local\Programs\MiKTeX\tex/latex/letltxmacro\letltxmacro
.sty
Package: letltxmacro 2019/12/03 v1.6 Let assignment for LaTeX macros (HO)
)
(C:\Users\david\AppData\Local\Programs\MiKTeX\tex/latex/auxhook\auxhook.sty
Package: auxhook 2019-12-17 v1.6 Hooks for auxiliary files (HO)
)
(C:\Users\david\AppData\Local\Programs\MiKTeX\tex/latex/hyperref\nameref.sty
Package: nameref 2023-11-26 v2.56 Cross-referencing by name of section

(C:\Users\david\AppData\Local\Programs\MiKTeX\tex/latex/refcount\refcount.sty
Package: refcount 2019/12/15 v3.6 Data extraction from label references (HO)
)
(C:\Users\david\AppData\Local\Programs\MiKTeX\tex/generic/gettitlestring\gettit
lestring.sty
Package: gettitlestring 2019/12/15 v1.6 Cleanup title references (HO)

(C:\Users\david\AppData\Local\Programs\MiKTeX\tex/latex/kvoptions\kvoptions.sty
Package: kvoptions 2022-06-15 v3.15 Key value format for package options (HO)
))
\c@section@level=\count274
)
(C:\Users\david\AppData\Local\Programs\MiKTeX\tex/latex/etoolbox\etoolbox.sty
Package: etoolbox 2020/10/05 v2.5k e-TeX tools for LaTeX (JAW)
\etb@tempcnta=\count275
)
\@linkdim=\dimen152
\Hy@linkcounter=\count276
\Hy@pagecounter=\count277

(C:\Users\david\AppData\Local\Programs\MiKTeX\tex/latex/hyperref\pd1enc.def
File: pd1enc.def 2023-11-26 v7.01g Hyperref: PDFDocEncoding definition (HO)
Now handling font encoding PD1 ...
... no UTF-8 mapping file for font encoding PD1
)
(C:\Users\david\AppData\Local\Programs\MiKTeX\tex/generic/intcalc\intcalc.sty
Package: intcalc 2019/12/15 v1.3 Expandable calculations with integers (HO)
)
\Hy@SavedSpaceFactor=\count278

(C:\Users\david\AppData\Local\Programs\MiKTeX\tex/latex/hyperref\puenc.def
File: puenc.def 2023-11-26 v7.01g Hyperref: PDF Unicode definition (HO)
Now handling font encoding PU ...
... no UTF-8 mapping file for font encoding PU
)
Package hyperref Info: Hyper figures OFF on input line 4181.
Package hyperref Info: Link nesting OFF on input line 4186.
Package hyperref Info: Hyper index ON on input line 4189.
Package hyperref Info: Plain pages OFF on input line 4196.
Package hyperref Info: Backreferencing OFF on input line 4201.
Package hyperref Info: Implicit mode ON; LaTeX internals redefined.
Package hyperref Info: Bookmarks ON on input line 4448.
\c@Hy@tempcnt=\count279

(C:\Users\david\AppData\Local\Programs\MiKTeX\tex/latex/url\url.sty
\Urlmuskip=\muskip17
Package: url 2013/09/16  ver 3.4  Verb mode for urls, etc.
)
LaTeX Info: Redefining \url on input line 4786.
\XeTeXLinkMargin=\dimen153

(C:\Users\david\AppData\Local\Programs\MiKTeX\tex/generic/bitset\bitset.sty
Package: bitset 2019/12/09 v1.3 Handle bit-vector datatype (HO)

(C:\Users\david\AppData\Local\Programs\MiKTeX\tex/generic/bigintcalc\bigintcalc
.sty
Package: bigintcalc 2019/12/15 v1.5 Expandable calculations on big integers (HO
)
))
\Fld@menulength=\count280
\Field@Width=\dimen154
\Fld@charsize=\dimen155
Package hyperref Info: Hyper figures OFF on input line 6065.
Package hyperref Info: Link nesting OFF on input line 6070.
Package hyperref Info: Hyper index ON on input line 6073.
Package hyperref Info: backreferencing OFF on input line 6080.
Package hyperref Info: Link coloring OFF on input line 6085.
Package hyperref Info: Link coloring with OCG OFF on input line 6090.
Package hyperref Info: PDF/A mode OFF on input line 6095.

(C:\Users\david\AppData\Local\Programs\MiKTeX\tex/latex/base\atbegshi-ltx.sty
Package: atbegshi-ltx 2021/01/10 v1.0c Emulation of the original atbegshi
package with kernel methods
)
\Hy@abspage=\count281
\c@Item=\count282
\c@Hfootnote=\count283
)
Package hyperref Info: Driver (autodetected): hpdftex.
(C:\Users\david\AppData\Local\Programs\MiKTeX\tex/latex/hyperref\hpdftex.def
File: hpdftex.def 2023-11-26 v7.01g Hyperref driver for pdfTeX

(C:\Users\david\AppData\Local\Programs\MiKTeX\tex/latex/base\atveryend-ltx.sty
Package: atveryend-ltx 2020/08/19 v1.0a Emulation of the original atveryend pac
kage
with kernel methods
)
\Fld@listcount=\count284
\c@bookmark@seq@number=\count285

(C:\Users\david\AppData\Local\Programs\MiKTeX\tex/latex/rerunfilecheck\rerunfil
echeck.sty
Package: rerunfilecheck 2025-06-21 v1.11 Rerun checks for auxiliary files (HO)

(C:\Users\david\AppData\Local\Programs\MiKTeX\tex/generic/uniquecounter\uniquec
ounter.sty
Package: uniquecounter 2019/12/15 v1.4 Provide unlimited unique counter (HO)
)
Package uniquecounter Info: New unique counter `rerunfilecheck' on input line 2
84.
)
\Hy@SectionHShift=\skip56
)
(C:\Users\david\AppData\Local\Programs\MiKTeX\tex/latex/geometry\geometry.sty
Package: geometry 2020/01/02 v5.9 Page Geometry

(C:\Users\david\AppData\Local\Programs\MiKTeX\tex/generic/iftex\ifvtex.sty
Package: ifvtex 2019/10/25 v1.7 ifvtex legacy package. Use iftex instead.
)
\Gm@cnth=\count286
\Gm@cntv=\count287
\c@Gm@tempcnt=\count288
\Gm@bindingoffset=\dimen156
\Gm@wd@mp=\dimen157
\Gm@odd@mp=\dimen158
\Gm@even@mp=\dimen159
\Gm@layoutwidth=\dimen160
\Gm@layoutheight=\dimen161
\Gm@layouthoffset=\dimen162
\Gm@layoutvoffset=\dimen163
\Gm@dimlist=\toks31

(C:\Users\david\AppData\Local\Programs\MiKTeX\tex/latex/geometry\geometry.cfg))
(C:\Users\david\AppData\Local\Programs\MiKTeX\tex/latex/cite\cite.sty
LaTeX Info: Redefining \cite on input line 302.
LaTeX Info: Redefining \nocite on input line 332.
Package: cite 2015/02/27  v 5.5
)
(C:\Users\david\AppData\Local\Programs\MiKTeX\tex/latex/enumitem\enumitem.sty
Package: enumitem 2025/02/06 v3.11 Customized lists
\labelindent=\skip57
\enit@outerparindent=\dimen164
\enit@toks=\toks32
\enit@inbox=\box54
\enit@count@id=\count289
\enitdp@description=\count290
)
(C:\Users\david\AppData\Local\Programs\MiKTeX\tex/latex/pgf/frontendlayer\tikz.
sty
(C:\Users\david\AppData\Local\Programs\MiKTeX\tex/latex/pgf/basiclayer\pgf.sty
(C:\Users\david\AppData\Local\Programs\MiKTeX\tex/latex/pgf/utilities\pgfrcs.st
y
(C:\Users\david\AppData\Local\Programs\MiKTeX\tex/generic/pgf/utilities\pgfutil
-common.tex
\pgfutil@everybye=\toks33
\pgfutil@tempdima=\dimen165
\pgfutil@tempdimb=\dimen166
)
(C:\Users\david\AppData\Local\Programs\MiKTeX\tex/generic/pgf/utilities\pgfutil
-latex.def
\pgfutil@abb=\box55
)
(C:\Users\david\AppData\Local\Programs\MiKTeX\tex/generic/pgf/utilities\pgfrcs.
code.tex
(C:\Users\david\AppData\Local\Programs\MiKTeX\tex/generic/pgf\pgf.revision.tex)
Package: pgfrcs 2023-01-15 v3.1.10 (3.1.10)
))
Package: pgf 2023-01-15 v3.1.10 (3.1.10)

(C:\Users\david\AppData\Local\Programs\MiKTeX\tex/latex/pgf/basiclayer\pgfcore.
sty
(C:\Users\david\AppData\Local\Programs\MiKTeX\tex/latex/pgf/systemlayer\pgfsys.
sty
(C:\Users\david\AppData\Local\Programs\MiKTeX\tex/generic/pgf/systemlayer\pgfsy
s.code.tex
Package: pgfsys 2023-01-15 v3.1.10 (3.1.10)

(C:\Users\david\AppData\Local\Programs\MiKTeX\tex/generic/pgf/utilities\pgfkeys
.code.tex
\pgfkeys@pathtoks=\toks34
\pgfkeys@temptoks=\toks35

(C:\Users\david\AppData\Local\Programs\MiKTeX\tex/generic/pgf/utilities\pgfkeys
libraryfiltered.code.tex
\pgfkeys@tmptoks=\toks36
))
\pgf@x=\dimen167
\pgf@y=\dimen168
\pgf@xa=\dimen169
\pgf@ya=\dimen170
\pgf@xb=\dimen171
\pgf@yb=\dimen172
\pgf@xc=\dimen173
\pgf@yc=\dimen174
\pgf@xd=\dimen175
\pgf@yd=\dimen176
\w@pgf@writea=\write3
\r@pgf@reada=\read2
\c@pgf@counta=\count291
\c@pgf@countb=\count292
\c@pgf@countc=\count293
\c@pgf@countd=\count294
\t@pgf@toka=\toks37
\t@pgf@tokb=\toks38
\t@pgf@tokc=\toks39
\pgf@sys@id@count=\count295

(C:\Users\david\AppData\Local\Programs\MiKTeX\tex/generic/pgf/systemlayer\pgf.c
fg
File: pgf.cfg 2023-01-15 v3.1.10 (3.1.10)
)
Driver file for pgf: pgfsys-pdftex.def

(C:\Users\david\AppData\Local\Programs\MiKTeX\tex/generic/pgf/systemlayer\pgfsy
s-pdftex.def
File: pgfsys-pdftex.def 2023-01-15 v3.1.10 (3.1.10)

(C:\Users\david\AppData\Local\Programs\MiKTeX\tex/generic/pgf/systemlayer\pgfsy
s-common-pdf.def
File: pgfsys-common-pdf.def 2023-01-15 v3.1.10 (3.1.10)
)))
(C:\Users\david\AppData\Local\Programs\MiKTeX\tex/generic/pgf/systemlayer\pgfsy
ssoftpath.code.tex
File: pgfsyssoftpath.code.tex 2023-01-15 v3.1.10 (3.1.10)
\pgfsyssoftpath@smallbuffer@items=\count296
\pgfsyssoftpath@bigbuffer@items=\count297
)
(C:\Users\david\AppData\Local\Programs\MiKTeX\tex/generic/pgf/systemlayer\pgfsy
sprotocol.code.tex
File: pgfsysprotocol.code.tex 2023-01-15 v3.1.10 (3.1.10)
))
(C:\Users\david\AppData\Local\Programs\MiKTeX\tex/latex/xcolor\xcolor.sty
Package: xcolor 2023/11/15 v3.01 LaTeX color extensions (UK)

(C:\Users\david\AppData\Local\Programs\MiKTeX\tex/latex/graphics-cfg\color.cfg
File: color.cfg 2016/01/02 v1.6 sample color configuration
)
Package xcolor Info: Driver file: pdftex.def on input line 274.
(C:\Users\david\AppData\Local\Programs\MiKTeX\tex/latex/graphics\mathcolor.ltx)
Package xcolor Info: Model `cmy' substituted by `cmy0' on input line 1350.
Package xcolor Info: Model `hsb' substituted by `rgb' on input line 1354.
Package xcolor Info: Model `RGB' extended on input line 1366.
Package xcolor Info: Model `HTML' substituted by `rgb' on input line 1368.
Package xcolor Info: Model `Hsb' substituted by `hsb' on input line 1369.
Package xcolor Info: Model `tHsb' substituted by `hsb' on input line 1370.
Package xcolor Info: Model `HSB' substituted by `hsb' on input line 1371.
Package xcolor Info: Model `Gray' substituted by `gray' on input line 1372.
Package xcolor Info: Model `wave' substituted by `hsb' on input line 1373.
)
(C:\Users\david\AppData\Local\Programs\MiKTeX\tex/generic/pgf/basiclayer\pgfcor
e.code.tex
Package: pgfcore 2023-01-15 v3.1.10 (3.1.10)

(C:\Users\david\AppData\Local\Programs\MiKTeX\tex/generic/pgf/math\pgfmath.code
.tex
(C:\Users\david\AppData\Local\Programs\MiKTeX\tex/generic/pgf/math\pgfmathutil.
code.tex)
(C:\Users\david\AppData\Local\Programs\MiKTeX\tex/generic/pgf/math\pgfmathparse
r.code.tex
\pgfmath@dimen=\dimen177
\pgfmath@count=\count298
\pgfmath@box=\box56
\pgfmath@toks=\toks40
\pgfmath@stack@operand=\toks41
\pgfmath@stack@operation=\toks42
)
(C:\Users\david\AppData\Local\Programs\MiKTeX\tex/generic/pgf/math\pgfmathfunct
ions.code.tex)
(C:\Users\david\AppData\Local\Programs\MiKTeX\tex/generic/pgf/math\pgfmathfunct
ions.basic.code.tex)
(C:\Users\david\AppData\Local\Programs\MiKTeX\tex/generic/pgf/math\pgfmathfunct
ions.trigonometric.code.tex)
(C:\Users\david\AppData\Local\Programs\MiKTeX\tex/generic/pgf/math\pgfmathfunct
ions.random.code.tex)
(C:\Users\david\AppData\Local\Programs\MiKTeX\tex/generic/pgf/math\pgfmathfunct
ions.comparison.code.tex)
(C:\Users\david\AppData\Local\Programs\MiKTeX\tex/generic/pgf/math\pgfmathfunct
ions.base.code.tex)
(C:\Users\david\AppData\Local\Programs\MiKTeX\tex/generic/pgf/math\pgfmathfunct
ions.round.code.tex)
(C:\Users\david\AppData\Local\Programs\MiKTeX\tex/generic/pgf/math\pgfmathfunct
ions.misc.code.tex)
(C:\Users\david\AppData\Local\Programs\MiKTeX\tex/generic/pgf/math\pgfmathfunct
ions.integerarithmetics.code.tex)
(C:\Users\david\AppData\Local\Programs\MiKTeX\tex/generic/pgf/math\pgfmathcalc.
code.tex)
(C:\Users\david\AppData\Local\Programs\MiKTeX\tex/generic/pgf/math\pgfmathfloat
.code.tex
\c@pgfmathroundto@lastzeros=\count299
))
(C:\Users\david\AppData\Local\Programs\MiKTeX\tex/generic/pgf/math\pgfint.code.
tex)
(C:\Users\david\AppData\Local\Programs\MiKTeX\tex/generic/pgf/basiclayer\pgfcor
epoints.code.tex
File: pgfcorepoints.code.tex 2023-01-15 v3.1.10 (3.1.10)
\pgf@picminx=\dimen178
\pgf@picmaxx=\dimen179
\pgf@picminy=\dimen180
\pgf@picmaxy=\dimen181
\pgf@pathminx=\dimen182
\pgf@pathmaxx=\dimen183
\pgf@pathminy=\dimen184
\pgf@pathmaxy=\dimen185
\pgf@xx=\dimen186
\pgf@xy=\dimen187
\pgf@yx=\dimen188
\pgf@yy=\dimen189
\pgf@zx=\dimen190
\pgf@zy=\dimen191
)
(C:\Users\david\AppData\Local\Programs\MiKTeX\tex/generic/pgf/basiclayer\pgfcor
epathconstruct.code.tex
File: pgfcorepathconstruct.code.tex 2023-01-15 v3.1.10 (3.1.10)
\pgf@path@lastx=\dimen192
\pgf@path@lasty=\dimen193
)
(C:\Users\david\AppData\Local\Programs\MiKTeX\tex/generic/pgf/basiclayer\pgfcor
epathusage.code.tex
File: pgfcorepathusage.code.tex 2023-01-15 v3.1.10 (3.1.10)
\pgf@shorten@end@additional=\dimen194
\pgf@shorten@start@additional=\dimen195
)
(C:\Users\david\AppData\Local\Programs\MiKTeX\tex/generic/pgf/basiclayer\pgfcor
escopes.code.tex
File: pgfcorescopes.code.tex 2023-01-15 v3.1.10 (3.1.10)
\pgfpic=\box57
\pgf@hbox=\box58
\pgf@layerbox@main=\box59
\pgf@picture@serial@count=\count300
)
(C:\Users\david\AppData\Local\Programs\MiKTeX\tex/generic/pgf/basiclayer\pgfcor
egraphicstate.code.tex
File: pgfcoregraphicstate.code.tex 2023-01-15 v3.1.10 (3.1.10)
\pgflinewidth=\dimen196
)
(C:\Users\david\AppData\Local\Programs\MiKTeX\tex/generic/pgf/basiclayer\pgfcor
etransformations.code.tex
File: pgfcoretransformations.code.tex 2023-01-15 v3.1.10 (3.1.10)
\pgf@pt@x=\dimen197
\pgf@pt@y=\dimen198
\pgf@pt@temp=\dimen199
)
(C:\Users\david\AppData\Local\Programs\MiKTeX\tex/generic/pgf/basiclayer\pgfcor
equick.code.tex
File: pgfcorequick.code.tex 2023-01-15 v3.1.10 (3.1.10)
)
(C:\Users\david\AppData\Local\Programs\MiKTeX\tex/generic/pgf/basiclayer\pgfcor
eobjects.code.tex
File: pgfcoreobjects.code.tex 2023-01-15 v3.1.10 (3.1.10)
)
(C:\Users\david\AppData\Local\Programs\MiKTeX\tex/generic/pgf/basiclayer\pgfcor
epathprocessing.code.tex
File: pgfcorepathprocessing.code.tex 2023-01-15 v3.1.10 (3.1.10)
)
(C:\Users\david\AppData\Local\Programs\MiKTeX\tex/generic/pgf/basiclayer\pgfcor
earrows.code.tex
File: pgfcorearrows.code.tex 2023-01-15 v3.1.10 (3.1.10)
\pgfarrowsep=\dimen256
)
(C:\Users\david\AppData\Local\Programs\MiKTeX\tex/generic/pgf/basiclayer\pgfcor
eshade.code.tex
File: pgfcoreshade.code.tex 2023-01-15 v3.1.10 (3.1.10)
\pgf@max=\dimen257
\pgf@sys@shading@range@num=\count301
\pgf@shadingcount=\count302
)
(C:\Users\david\AppData\Local\Programs\MiKTeX\tex/generic/pgf/basiclayer\pgfcor
eimage.code.tex
File: pgfcoreimage.code.tex 2023-01-15 v3.1.10 (3.1.10)
)
(C:\Users\david\AppData\Local\Programs\MiKTeX\tex/generic/pgf/basiclayer\pgfcor
eexternal.code.tex
File: pgfcoreexternal.code.tex 2023-01-15 v3.1.10 (3.1.10)
\pgfexternal@startupbox=\box60
)
(C:\Users\david\AppData\Local\Programs\MiKTeX\tex/generic/pgf/basiclayer\pgfcor
elayers.code.tex
File: pgfcorelayers.code.tex 2023-01-15 v3.1.10 (3.1.10)
)
(C:\Users\david\AppData\Local\Programs\MiKTeX\tex/generic/pgf/basiclayer\pgfcor
etransparency.code.tex
File: pgfcoretransparency.code.tex 2023-01-15 v3.1.10 (3.1.10)
)
(C:\Users\david\AppData\Local\Programs\MiKTeX\tex/generic/pgf/basiclayer\pgfcor
epatterns.code.tex
File: pgfcorepatterns.code.tex 2023-01-15 v3.1.10 (3.1.10)
)
(C:\Users\david\AppData\Local\Programs\MiKTeX\tex/generic/pgf/basiclayer\pgfcor
erdf.code.tex
File: pgfcorerdf.code.tex 2023-01-15 v3.1.10 (3.1.10)
)))
(C:\Users\david\AppData\Local\Programs\MiKTeX\tex/generic/pgf/modules\pgfmodule
shapes.code.tex
File: pgfmoduleshapes.code.tex 2023-01-15 v3.1.10 (3.1.10)
\pgfnodeparttextbox=\box61
)
(C:\Users\david\AppData\Local\Programs\MiKTeX\tex/generic/pgf/modules\pgfmodule
plot.code.tex
File: pgfmoduleplot.code.tex 2023-01-15 v3.1.10 (3.1.10)
)
(C:\Users\david\AppData\Local\Programs\MiKTeX\tex/latex/pgf/compatibility\pgfco
mp-version-0-65.sty
Package: pgfcomp-version-0-65 2023-01-15 v3.1.10 (3.1.10)
\pgf@nodesepstart=\dimen258
\pgf@nodesepend=\dimen259
)
(C:\Users\david\AppData\Local\Programs\MiKTeX\tex/latex/pgf/compatibility\pgfco
mp-version-1-18.sty
Package: pgfcomp-version-1-18 2023-01-15 v3.1.10 (3.1.10)
))
(C:\Users\david\AppData\Local\Programs\MiKTeX\tex/latex/pgf/utilities\pgffor.st
y
(C:\Users\david\AppData\Local\Programs\MiKTeX\tex/latex/pgf/utilities\pgfkeys.s
ty
(C:\Users\david\AppData\Local\Programs\MiKTeX\tex/generic/pgf/utilities\pgfkeys
.code.tex))
(C:\Users\david\AppData\Local\Programs\MiKTeX\tex/latex/pgf/math\pgfmath.sty
(C:\Users\david\AppData\Local\Programs\MiKTeX\tex/generic/pgf/math\pgfmath.code
.tex))
(C:\Users\david\AppData\Local\Programs\MiKTeX\tex/generic/pgf/utilities\pgffor.
code.tex
Package: pgffor 2023-01-15 v3.1.10 (3.1.10)
\pgffor@iter=\dimen260
\pgffor@skip=\dimen261
\pgffor@stack=\toks43
\pgffor@toks=\toks44
))
(C:\Users\david\AppData\Local\Programs\MiKTeX\tex/generic/pgf/frontendlayer/tik
z\tikz.code.tex
Package: tikz 2023-01-15 v3.1.10 (3.1.10)

(C:\Users\david\AppData\Local\Programs\MiKTeX\tex/generic/pgf/libraries\pgflibr
aryplothandlers.code.tex
File: pgflibraryplothandlers.code.tex 2023-01-15 v3.1.10 (3.1.10)
\pgf@plot@mark@count=\count303
\pgfplotmarksize=\dimen262
)
\tikz@lastx=\dimen263
\tikz@lasty=\dimen264
\tikz@lastxsaved=\dimen265
\tikz@lastysaved=\dimen266
\tikz@lastmovetox=\dimen267
\tikz@lastmovetoy=\dimen268
\tikzleveldistance=\dimen269
\tikzsiblingdistance=\dimen270
\tikz@figbox=\box62
\tikz@figbox@bg=\box63
\tikz@tempbox=\box64
\tikz@tempbox@bg=\box65
\tikztreelevel=\count304
\tikznumberofchildren=\count305
\tikznumberofcurrentchild=\count306
\tikz@fig@count=\count307

(C:\Users\david\AppData\Local\Programs\MiKTeX\tex/generic/pgf/modules\pgfmodule
matrix.code.tex
File: pgfmodulematrix.code.tex 2023-01-15 v3.1.10 (3.1.10)
\pgfmatrixcurrentrow=\count308
\pgfmatrixcurrentcolumn=\count309
\pgf@matrix@numberofcolumns=\count310
)
\tikz@expandcount=\count311

(C:\Users\david\AppData\Local\Programs\MiKTeX\tex/generic/pgf/frontendlayer/tik
z/libraries\tikzlibrarytopaths.code.tex
File: tikzlibrarytopaths.code.tex 2023-01-15 v3.1.10 (3.1.10)
)))
(C:\Users\david\AppData\Local\Programs\MiKTeX\tex/latex/tikz-cd\tikz-cd.sty
Package: tikz-cd 2021/05/04 v1.0 Commutative diagrams with TikZ

(C:\Users\david\AppData\Local\Programs\MiKTeX\tex/latex/tikz-cd\tikzlibrarycd.c
ode.tex
(C:\Users\david\AppData\Local\Programs\MiKTeX\tex/generic/pgf/frontendlayer/tik
z/libraries\tikzlibrarymatrix.code.tex
File: tikzlibrarymatrix.code.tex 2023-01-15 v3.1.10 (3.1.10)
)
(C:\Users\david\AppData\Local\Programs\MiKTeX\tex/generic/pgf/frontendlayer/tik
z/libraries\tikzlibraryquotes.code.tex
File: tikzlibraryquotes.code.tex 2023-01-15 v3.1.10 (3.1.10)
)
(C:\Users\david\AppData\Local\Programs\MiKTeX\tex/generic/pgf/libraries\pgflibr
aryarrows.meta.code.tex
File: pgflibraryarrows.meta.code.tex 2023-01-15 v3.1.10 (3.1.10)
\pgfarrowinset=\dimen271
\pgfarrowlength=\dimen272
\pgfarrowwidth=\dimen273
\pgfarrowlinewidth=\dimen274
)))
(C:\Users\david\AppData\Local\Programs\MiKTeX\tex/latex/tools\longtable.sty
Package: longtable 2023-11-01 v4.19 Multi-page Table package (DPC)
\LTleft=\skip58
\LTright=\skip59
\LTpre=\skip60
\LTpost=\skip61
\LTchunksize=\count312
\LTcapwidth=\dimen275
\LT@head=\box66
\LT@firsthead=\box67
\LT@foot=\box68
\LT@lastfoot=\box69
\LT@gbox=\box70
\LT@cols=\count313
\LT@rows=\count314
\c@LT@tables=\count315
\c@LT@chunks=\count316
\LT@p@ftn=\toks45
)
(C:\Users\david\AppData\Local\Programs\MiKTeX\tex/latex/ulem\ulem.sty
\UL@box=\box71
\UL@hyphenbox=\box72
\UL@skip=\skip62
\UL@hook=\toks46
\UL@height=\dimen276
\UL@pe=\count317
\UL@pixel=\dimen277
\ULC@box=\box73
Package: ulem 2019/11/18
\ULdepth=\dimen278
)
(C:\Users\david\AppData\Local\Programs\MiKTeX\tex/generic/pgf/frontendlayer/tik
z/libraries\tikzlibrarydecorations.pathmorphing.code.tex
(C:\Users\david\AppData\Local\Programs\MiKTeX\tex/generic/pgf/frontendlayer/tik
z/libraries\tikzlibrarydecorations.code.tex
(C:\Users\david\AppData\Local\Programs\MiKTeX\tex/generic/pgf/modules\pgfmodule
decorations.code.tex
\pgfdecoratedcompleteddistance=\dimen279
\pgfdecoratedremainingdistance=\dimen280
\pgfdecoratedinputsegmentcompleteddistance=\dimen281
\pgfdecoratedinputsegmentremainingdistance=\dimen282
\pgf@decorate@distancetomove=\dimen283
\pgf@decorate@repeatstate=\count318
\pgfdecorationsegmentamplitude=\dimen284
\pgfdecorationsegmentlength=\dimen285
)
\tikz@lib@dec@box=\box74
)
(C:\Users\david\AppData\Local\Programs\MiKTeX\tex/generic/pgf/libraries/decorat
ions\pgflibrarydecorations.pathmorphing.code.tex))
(C:\Users\david\AppData\Local\Programs\MiKTeX\tex/generic/pgf/frontendlayer/tik
z/libraries\tikzlibrarypatterns.code.tex
File: tikzlibrarypatterns.code.tex 2023-01-15 v3.1.10 (3.1.10)

(C:\Users\david\AppData\Local\Programs\MiKTeX\tex/generic/pgf/libraries\pgflibr
arypatterns.code.tex
File: pgflibrarypatterns.code.tex 2023-01-15 v3.1.10 (3.1.10)
))
(C:\Users\david\AppData\Local\Programs\MiKTeX\tex/generic/pgf/frontendlayer/tik
z/libraries\tikzlibraryshapes.code.tex
File: tikzlibraryshapes.code.tex 2023-01-15 v3.1.10 (3.1.10)

(C:\Users\david\AppData\Local\Programs\MiKTeX\tex/generic/pgf/frontendlayer/tik
z/libraries\tikzlibraryshapes.geometric.code.tex
File: tikzlibraryshapes.geometric.code.tex 2023-01-15 v3.1.10 (3.1.10)

(C:\Users\david\AppData\Local\Programs\MiKTeX\tex/generic/pgf/libraries/shapes\
pgflibraryshapes.geometric.code.tex
File: pgflibraryshapes.geometric.code.tex 2023-01-15 v3.1.10 (3.1.10)
))
(C:\Users\david\AppData\Local\Programs\MiKTeX\tex/generic/pgf/frontendlayer/tik
z/libraries\tikzlibraryshapes.misc.code.tex
File: tikzlibraryshapes.misc.code.tex 2023-01-15 v3.1.10 (3.1.10)

(C:\Users\david\AppData\Local\Programs\MiKTeX\tex/generic/pgf/libraries/shapes\
pgflibraryshapes.misc.code.tex
File: pgflibraryshapes.misc.code.tex 2023-01-15 v3.1.10 (3.1.10)
))
(C:\Users\david\AppData\Local\Programs\MiKTeX\tex/generic/pgf/frontendlayer/tik
z/libraries\tikzlibraryshapes.symbols.code.tex
File: tikzlibraryshapes.symbols.code.tex 2023-01-15 v3.1.10 (3.1.10)

(C:\Users\david\AppData\Local\Programs\MiKTeX\tex/generic/pgf/libraries/shapes\
pgflibraryshapes.symbols.code.tex
File: pgflibraryshapes.symbols.code.tex 2023-01-15 v3.1.10 (3.1.10)
))
(C:\Users\david\AppData\Local\Programs\MiKTeX\tex/generic/pgf/frontendlayer/tik
z/libraries\tikzlibraryshapes.arrows.code.tex
File: tikzlibraryshapes.arrows.code.tex 2023-01-15 v3.1.10 (3.1.10)

(C:\Users\david\AppData\Local\Programs\MiKTeX\tex/generic/pgf/libraries/shapes\
pgflibraryshapes.arrows.code.tex
File: pgflibraryshapes.arrows.code.tex 2023-01-15 v3.1.10 (3.1.10)
))
(C:\Users\david\AppData\Local\Programs\MiKTeX\tex/generic/pgf/frontendlayer/tik
z/libraries\tikzlibraryshapes.callouts.code.tex
(C:\Users\david\AppData\Local\Programs\MiKTeX\tex/generic/pgf/libraries/shapes\
pgflibraryshapes.callouts.code.tex))
(C:\Users\david\AppData\Local\Programs\MiKTeX\tex/generic/pgf/frontendlayer/tik
z/libraries\tikzlibraryshapes.multipart.code.tex
File: tikzlibraryshapes.multipart.code.tex 2023-01-15 v3.1.10 (3.1.10)

(C:\Users\david\AppData\Local\Programs\MiKTeX\tex/generic/pgf/libraries/shapes\
pgflibraryshapes.multipart.code.tex
File: pgflibraryshapes.multipart.code.tex 2023-01-15 v3.1.10 (3.1.10)
\pgfnodepartlowerbox=\box75
\pgfnodeparttwobox=\box76
\pgfnodepartthreebox=\box77
\pgfnodepartfourbox=\box78
\pgfnodeparttwentybox=\box79
\pgfnodepartnineteenbox=\box80
\pgfnodeparteighteenbox=\box81
\pgfnodepartseventeenbox=\box82
\pgfnodepartsixteenbox=\box83
\pgfnodepartfifteenbox=\box84
\pgfnodepartfourteenbox=\box85
\pgfnodepartthirteenbox=\box86
\pgfnodeparttwelvebox=\box87
\pgfnodepartelevenbox=\box88
\pgfnodeparttenbox=\box89
\pgfnodepartninebox=\box90
\pgfnodeparteightbox=\box91
\pgfnodepartsevenbox=\box92
\pgfnodepartsixbox=\box93
\pgfnodepartfivebox=\box94
)))
(C:\Users\david\AppData\Local\Programs\MiKTeX\tex/generic/pgf/frontendlayer/tik
z/libraries\tikzlibrarypositioning.code.tex
File: tikzlibrarypositioning.code.tex 2023-01-15 v3.1.10 (3.1.10)
)
\c@theorem=\count319

(C:\Users\david\AppData\Local\Programs\MiKTeX\tex/latex/tcolorbox\tcolorbox.sty
Package: tcolorbox 2024/01/10 version 6.2.0 text color boxes
(C:\Users\david\AppData\Local\Programs\MiKTeX\tex/latex/tools\verbatim.sty
Package: verbatim 2023-11-06 v1.5v LaTeX2e package for verbatim enhancements
\every@verbatim=\toks47
\verbatim@line=\toks48
\verbatim@in@stream=\read3
)
(C:\Users\david\AppData\Local\Programs\MiKTeX\tex/latex/environ\environ.sty
Package: environ 2014/05/04 v0.3 A new way to define environments

(C:\Users\david\AppData\Local\Programs\MiKTeX\tex/latex/trimspaces\trimspaces.s
ty
Package: trimspaces 2009/09/17 v1.1 Trim spaces around a token list
))
\tcb@titlebox=\box95
\tcb@upperbox=\box96
\tcb@lowerbox=\box97
\tcb@phantombox=\box98
\c@tcbbreakpart=\count320
\c@tcblayer=\count321
\c@tcolorbox@number=\count322
\l__tcobox_tmpa_box=\box99
\l__tcobox_tmpa_dim=\dimen286
\tcb@temp=\box100
\tcb@temp=\box101
\tcb@temp=\box102
\tcb@temp=\box103
)
(C:\Users\david\AppData\Local\Programs\MiKTeX\tex/latex/tcolorbox\tcbtheorems.c
ode.tex
Library (tcolorbox): 'tcbtheorems.code.tex' version '6.2.0'
)
(C:\Users\david\AppData\Local\Programs\MiKTeX\tex/latex/tcolorbox\tcbskins.code
.tex
Library (tcolorbox): 'tcbskins.code.tex' version '6.2.0'

(C:\Users\david\AppData\Local\Programs\MiKTeX\tex/latex/tikzfill\tikzfill.image
.sty
Package: tikzfill.image 2023/08/08 v1.0.1 Image filling library for TikZ

(C:\Users\david\AppData\Local\Programs\MiKTeX\tex/latex/tikzfill\tikzfill-commo
n.sty
Package: tikzfill-common 2023/08/08 v1.0.1 Auxiliary code for tikzfill
)
(C:\Users\david\AppData\Local\Programs\MiKTeX\tex/latex/tikzfill\tikzlibraryfil
l.image.code.tex
File: tikzlibraryfill.image.code.tex 2023/08/08 v1.0.1 Image filling library
\l__tikzfill_img_box=\box104
))
(C:\Users\david\AppData\Local\Programs\MiKTeX\tex/latex/tcolorbox\tcbskinsjigsa
w.code.tex
Library (tcolorbox): 'tcbskinsjigsaw.code.tex' version '6.2.0'
))
(C:\Users\david\AppData\Local\Programs\MiKTeX\tex/latex/tcolorbox\tcbbreakable.
code.tex
Library (tcolorbox): 'tcbbreakable.code.tex' version '6.2.0'
(C:\Users\david\AppData\Local\Programs\MiKTeX\tex/latex/pdfcol\pdfcol.sty
Package: pdfcol 2022-09-21 v1.7 Handle new color stacks for pdfTeX (HO)
)
Package pdfcol Info: New color stack `tcb@breakable' = 1 on input line 23.
\tcb@testbox=\box105
\tcb@totalupperbox=\box106
\tcb@totallowerbox=\box107
)
(rigorous-adscft.aux

LaTeX Warning: Label `sec:novel-math' multiply defined.

)
\openout1 = `rigorous-adscft.aux'.

LaTeX Font Info:    Checking defaults for OML/cmm/m/it on input line 98.
LaTeX Font Info:    ... okay on input line 98.
LaTeX Font Info:    Checking defaults for OMS/cmsy/m/n on input line 98.
LaTeX Font Info:    ... okay on input line 98.
LaTeX Font Info:    Checking defaults for OT1/cmr/m/n on input line 98.
LaTeX Font Info:    ... okay on input line 98.
LaTeX Font Info:    Checking defaults for T1/cmr/m/n on input line 98.
LaTeX Font Info:    ... okay on input line 98.
LaTeX Font Info:    Checking defaults for TS1/cmr/m/n on input line 98.
LaTeX Font Info:    ... okay on input line 98.
LaTeX Font Info:    Checking defaults for OMX/cmex/m/n on input line 98.
LaTeX Font Info:    ... okay on input line 98.
LaTeX Font Info:    Checking defaults for U/cmr/m/n on input line 98.
LaTeX Font Info:    ... okay on input line 98.
LaTeX Font Info:    Checking defaults for PD1/pdf/m/n on input line 98.
LaTeX Font Info:    ... okay on input line 98.
LaTeX Font Info:    Checking defaults for PU/pdf/m/n on input line 98.
LaTeX Font Info:    ... okay on input line 98.

(C:\Users\david\AppData\Local\Programs\MiKTeX\tex/context/base/mkii\supp-pdf.mk
ii
[Loading MPS to PDF converter (version 2006.09.02).]
\scratchcounter=\count323
\scratchdimen=\dimen287
\scratchbox=\box108
\nofMPsegments=\count324
\nofMParguments=\count325
\everyMPshowfont=\toks49
\MPscratchCnt=\count326
\MPscratchDim=\dimen288
\MPnumerator=\count327
\makeMPintoPDFobject=\count328
\everyMPtoPDFconversion=\toks50
)
(C:\Users\david\AppData\Local\Programs\MiKTeX\tex/latex/epstopdf-pkg\epstopdf-b
ase.sty
Package: epstopdf-base 2020-01-24 v2.11 Base part for package epstopdf
Package epstopdf-base Info: Redefining graphics rule for `.eps' on input line 4
85.

(C:\Users\david\AppData\Local\Programs\MiKTeX\tex/latex/00miktex\epstopdf-sys.c
fg
File: epstopdf-sys.cfg 2021/03/18 v2.0 Configuration of epstopdf for MiKTeX
))
Package hyperref Info: Link coloring OFF on input line 98.
 (rigorous-adscft.out) (rigorous-adscft.out)
\@outlinefile=\write4
\openout4 = `rigorous-adscft.out'.


*geometry* driver: auto-detecting
*geometry* detected driver: pdftex
*geometry* verbose mode - [ preamble ] result:
* driver: pdftex
* paper: a4paper
* layout: <same size as paper>
* layoutoffset:(h,v)=(0.0pt,0.0pt)
* modes: 
* h-part:(L,W,R)=(72.26999pt, 452.9679pt, 72.26999pt)
* v-part:(T,H,B)=(72.26999pt, 700.50687pt, 72.26999pt)
* \paperwidth=597.50787pt
* \paperheight=845.04684pt
* \textwidth=452.9679pt
* \textheight=700.50687pt
* \oddsidemargin=0.0pt
* \evensidemargin=0.0pt
* \topmargin=-37.0pt
* \headheight=12.0pt
* \headsep=25.0pt
* \topskip=12.0pt
* \footskip=30.0pt
* \marginparwidth=35.0pt
* \marginparsep=10.0pt
* \columnsep=10.0pt
* \skip\footins=10.8pt plus 4.0pt minus 2.0pt
* \hoffset=0.0pt
* \voffset=0.0pt
* \mag=1000
* \@twocolumnfalse
* \@twosidefalse
* \@mparswitchfalse
* \@reversemarginfalse
* (1in=72.27pt=25.4mm, 1cm=28.453pt)

LaTeX Font Info:    Trying to load font information for U+msa on input line 101
.
(C:\Users\david\AppData\Local\Programs\MiKTeX\tex/latex/amsfonts\umsa.fd
File: umsa.fd 2013/01/14 v3.01 AMS symbols A
)
LaTeX Font Info:    Trying to load font information for U+msb on input line 101
.

(C:\Users\david\AppData\Local\Programs\MiKTeX\tex/latex/amsfonts\umsb.fd
File: umsb.fd 2013/01/14 v3.01 AMS symbols B
)
LaTeX Font Info:    Trying to load font information for U+stmry on input line 1
01.

(C:\Users\david\AppData\Local\Programs\MiKTeX\tex/latex/stmaryrd\ustmry.fd)
Overfull \hbox (2.2064pt too wide) in paragraph at lines 109--110
\T1/cmr/m/n/10.95 les-tial and Car-rol-lian holog-ra-phy for asymp-tot-i-cally 
flat space-times, and background-
 []


Overfull \hbox (6.50241pt too wide) in paragraph at lines 111--113
[]\T1/cmr/bx/n/10.95 The AdS/CFT The-o-rem \T1/cmr/m/n/10.95 (The-o-rem []5.1[]
): We for-mu-late a \T1/cmr/m/it/10.95 con-di-tional \T1/cmr/m/n/10.95 AdS/CFT
 []

[1

{C:/Users/david/AppData/Local/MiKTeX/fonts/map/pdftex/pdftex.map}]
Overfull \hbox (2.14214pt too wide) in paragraph at lines 115--116
[]\T1/cmr/m/it/10.95 Maximal chaos\T1/cmr/m/n/10.95 : The ther-mal four-point O
TOC $\OML/cmm/m/it/10.95 F\OT1/cmr/m/n/10.95 (\OML/cmm/m/it/10.95 t\OT1/cmr/m/n
/10.95 ) := \OMS/cmsy/m/n/10.95 h\OML/cmm/m/it/10.95 W\OT1/cmr/m/n/10.95 (\OML/
cmm/m/it/10.95 t\OT1/cmr/m/n/10.95 )\OML/cmm/m/it/10.95 V\OT1/cmr/m/n/10.95 (0)
\OML/cmm/m/it/10.95 W\OT1/cmr/m/n/10.95 (\OML/cmm/m/it/10.95 t\OT1/cmr/m/n/10.9
5 )\OML/cmm/m/it/10.95 V\OT1/cmr/m/n/10.95 (0)\OMS/cmsy/m/n/10.95 i[]$
 []


Overfull \hbox (16.47296pt too wide) in paragraph at lines 121--122
[]\T1/cmr/m/it/10.95 GKPW dic-tio-nary\T1/cmr/m/n/10.95 : $\OMS/cmsy/m/n/10.95 
hO\OT1/cmr/m/n/10.95 (\OML/cmm/m/it/10.95 x[]\OT1/cmr/m/n/10.95 ) [] \OMS/cmsy/
m/n/10.95 O\OT1/cmr/m/n/10.95 (\OML/cmm/m/it/10.95 x[]\OT1/cmr/m/n/10.95 )\OMS/
cmsy/m/n/10.95 i[] \OT1/cmr/m/n/10.95 = [][] \OML/cmm/m/it/10.95 z[]\OMS/cmsy/m
/n/10.95 h\OML/cmm/m/it/10.95 ^^^\OT1/cmr/m/n/10.95 (\OML/cmm/m/it/10.95 z; x[]
\OT1/cmr/m/n/10.95 ) [] \OML/cmm/m/it/10.95 ^^^\OT1/cmr/m/n/10.95 (\OML/cmm/m/i
t/10.95 z; x[]\OT1/cmr/m/n/10.95 )\OMS/cmsy/m/n/10.95 i[]$
 []


Overfull \hbox (12.86559pt too wide) in paragraph at lines 122--123
[]\T1/cmr/m/it/10.95 Quantum ex-tremal sur-face for-mula\T1/cmr/m/n/10.95 : $\O
ML/cmm/m/it/10.95 S\OT1/cmr/m/n/10.95 (\OML/cmm/m/it/10.95 ^^Z[]\OT1/cmr/m/n/10
.95 ) = [][] [][] []$
 []

[2]
LaTeX Font Info:    Trying to load font information for U+euf on input line 135
.
 (C:\Users\david\AppData\Local\Programs\MiKTeX\tex/latex/amsfonts\ueuf.fd
File: ueuf.fd 2013/01/14 v3.01 Euler Fraktur
)
[3]
Overfull \hbox (2.00096pt too wide) in paragraph at lines 137--138
\T1/cmr/m/n/10.95 tional \T1/cmr/m/it/10.95 con-jec-tural \T1/cmr/m/n/10.95 re-
search di-rec-tions ex-tend-ing be-yond cur-rent math-e-mat-ics: \T1/cmr/bx/n/1
0.95 (XIX)
 []


Overfull \hbox (7.74817pt too wide) in paragraph at lines 137--138
\T1/cmr/bx/n/10.95 Quan-tum Causal Ge-om-e-try\T1/cmr/m/n/10.95 ---causality as
 a quan-tum ob-serv-able with $\OT1/cmr/m/n/10.95 [[][]\OML/cmm/m/it/10.95 ; []
[]\OT1/cmr/m/n/10.95 ] =
 []


Overfull \hbox (1.51924pt too wide) in paragraph at lines 139--140
\T1/cmr/bx/n/10.95 Holo-graphic Mea-sure The-ory\T1/cmr/m/n/10.95 ---constructi
ng the grav-i-ta-tional path in-te-gral mea-
 []


Overfull \hbox (30.5795pt too wide) in paragraph at lines 139--140
\T1/cmr/m/n/10.95 Riemann-Roch the-o-rem; \T1/cmr/bx/n/10.95 (XXIX) Quan-tum To
pos The-ory\T1/cmr/m/n/10.95 ---establishing $[]\OT1/cmr/m/n/10.95 (\OMS/cmsy/m
/n/10.95 M[]\OT1/cmr/m/n/10.95 ) \OMS/cmsy/m/n/10.95 '
 []


LaTeX Warning: Reference `thm:ultimate-holo' on page 4 undefined on input line 
141.


Overfull \hbox (8.32083pt too wide) in paragraph at lines 141--142
\T1/cmr/m/n/10.95 for holog-ra-phy: \T1/cmr/bx/n/10.95 (XXXVII) En-tan-gle-ment
 Ho-mo-topy Type The-ory (EHTT)\T1/cmr/m/n/10.95 ---
 []

[4]
Overfull \hbox (22.00037pt too wide) in paragraph at lines 144--145
\T1/cmr/m/it/10.95 com-plete math-e-mat-i-cal def-i-ni-tion. Our ``AdS/CFT The-
o-rem'' is an \T1/cmr/m/n/10.95 ax-iomatic/conditional
 []

(rigorous-adscft.toc)
\tf@toc=\write5
\openout5 = `rigorous-adscft.toc'.

 [5]
Underfull \hbox (badness 6641) in paragraph at lines 186--186
\T1/cmr/m/n/12 op-er-a-tors; mod-u-lar flow
 []


Underfull \hbox (badness 2351) in paragraph at lines 186--187
\T1/cmr/m/n/12 trum \T1/cmr/m/it/12 uniquely de-ter-mines
 []


Underfull \hbox (badness 10000) in paragraph at lines 188--188
[]\T1/cmr/bx/n/12 Holographic CFT
 []


Underfull \hbox (badness 1895) in paragraph at lines 188--189
[]\T1/cmr/bx/n/12 Theorem []9.34[]\T1/cmr/m/n/12 : Pre-cise
 []


Underfull \hbox (badness 10000) in paragraph at lines 190--190
[]\T1/cmr/bx/n/12 Complexity-
 []


Underfull \hbox (badness 10000) in paragraph at lines 190--190
[]\T1/cmr/m/n/12 CV/CA con-jec-tures un-
 []


Underfull \hbox (badness 2351) in paragraph at lines 190--191
[]\T1/cmr/bx/n/12 Theorem []9.38[]\T1/cmr/m/n/12 : Krylov
 []


Underfull \hbox (badness 10000) in paragraph at lines 196--196
[]\T1/cmr/bx/n/12 Curvature from
 []


Underfull \hbox (badness 10000) in paragraph at lines 198--198
[]\T1/cmr/m/n/12 Phenomenological scram-
 []


Underfull \hbox (badness 1975) in paragraph at lines 198--199
[]\T1/cmr/bx/n/12 Theorem []9.28[]\T1/cmr/m/n/12 : Scram-
 []


Underfull \hbox (badness 1924) in paragraph at lines 206--206
[]\T1/cmr/bx/n/12 Holography Cri-te-
 []


Underfull \hbox (badness 1292) in paragraph at lines 206--207
[]\T1/cmr/bx/n/12 Theorem []C.9[]\T1/cmr/m/n/12 : QEH-$\OMS/cmsy/m/n/12 1$
 []


Underfull \hbox (badness 2293) in paragraph at lines 206--207
\T1/cmr/m/n/12 with MSS rate $\OMS/cmsy/m/n/12 ,$ \T1/cmr/m/n/12 holo-
 []


Underfull \hbox (badness 5231) in paragraph at lines 212--213
[]\T1/cmr/bx/n/12 Theorem []C.21[]\T1/cmr/m/n/12 : NCG
 []


Underfull \hbox (badness 10000) in paragraph at lines 214--215
\T1/cmr/m/n/12 En-tropy Ge-om-e-try con-
 []


Underfull \hbox (badness 1152) in paragraph at lines 216--217
[]\T1/cmr/bx/n/12 Theorem []D.6[]\T1/cmr/m/n/12 : Bulk =
 []


Underfull \hbox (badness 4217) in paragraph at lines 216--217
\T1/cmr/m/n/12 holo-mor-phic ex-ten-sion of
 []


Underfull \hbox (badness 10000) in paragraph at lines 222--222
[]\T1/cmr/bx/n/12 Langlands Pro-
 []


Underfull \hbox (badness 10000) in paragraph at lines 222--223
[]\T1/cmr/bx/n/12 Theorem []D.18[]\T1/cmr/m/n/12 :
 []


Underfull \hbox (badness 10000) in paragraph at lines 222--223
\T1/cmr/m/n/12 AdS/CFT as cat-e-gori-
 []


Underfull \hbox (badness 10000) in paragraph at lines 228--229
[]\T1/cmr/bx/n/12 Theorem []G.2[]\T1/cmr/m/n/12 : Kol-
 []


Underfull \hbox (badness 4048) in paragraph at lines 230--230
[]\T1/cmr/bx/n/12 Algebraic Ge-om-e-
 []


Underfull \hbox (badness 3108) in paragraph at lines 236--236
[]\T1/cmr/bx/n/12 Persistent Ho-mol-
 []


Underfull \hbox (badness 10000) in paragraph at lines 240--241
[]\T1/cmr/bx/n/12 Theorem []G.31[]\T1/cmr/m/n/12 :
 []


Underfull \hbox (badness 10000) in paragraph at lines 240--241
\T1/cmr/m/n/12 Voiculescu free en-tropy
 []


Underfull \hbox (badness 10000) in paragraph at lines 242--243
[]\T1/cmr/bx/n/12 Theorem []G.36[]\T1/cmr/m/n/12 :
 []


Underfull \hbox (badness 5592) in paragraph at lines 244--245
[]\T1/cmr/bx/n/12 Theorem []G.40[]\T1/cmr/m/n/12 : Non-
 []

[6]
Overfull \vbox (481.19244pt too high) has occurred while \output is active []


[7] [8]
Overfull \hbox (1.59586pt too wide) in paragraph at lines 321--322
[]\T1/cmr/bx/n/12 Entanglement Boot-strap\T1/cmr/m/n/12 : We \T1/cmr/m/it/12 pr
o-pose \T1/cmr/m/n/12 new con-sis-tency equa-tions (mod-u-lar cross-
 []

[9] [10] [11] [12]
Overfull \vbox (31.85075pt too high) has occurred while \output is active []


[13]

LaTeX Warning: Reference `thm:1-over-N' on page 14 undefined on input line 467.



Overfull \vbox (131.96776pt too high) has occurred while \output is active []


[14] [15]
Overfull \vbox (24.41656pt too high) has occurred while \output is active []


[16]

LaTeX Warning: Reference `thm:1-over-N' on page 17 undefined on input line 617.



LaTeX Warning: Reference `thm:state-perturbation' on page 17 undefined on input
 line 629.


LaTeX Warning: Reference `thm:local-existence' on page 17 undefined on input li
ne 639.


Overfull \vbox (142.25127pt too high) has occurred while \output is active []


[17] [18] [19]
Overfull \vbox (60.635pt too high) has occurred while \output is active []


[20]

LaTeX Warning: Reference `assump:carlson' on page 21 undefined on input line 74
2.


LaTeX Warning: Reference `lem:spatial-locality' on page 21 undefined on input l
ine 744.


Overfull \vbox (42.30078pt too high) has occurred while \output is active []


[21] [22]
Overfull \vbox (52.96776pt too high) has occurred while \output is active []


[23]

LaTeX Warning: Reference `thm:rt-derived' on page 24 undefined on input line 86
7.


Underfull \hbox (badness 10000) in paragraph at lines 877--877
[]\T1/cmr/m/n/10.95 Tensor net-works
 []


Underfull \hbox (badness 10000) in paragraph at lines 877--877
[]\T1/cmr/m/n/10.95 Available
 []


Underfull \hbox (badness 10000) in paragraph at lines 879--879
[]\T1/cmr/m/n/10.95 Modular flow =
 []


Underfull \hbox (badness 10000) in paragraph at lines 881--881
[]\T1/cmr/m/n/10.95 Available
 []


Underfull \hbox (badness 1946) in paragraph at lines 883--883
[]\T1/cmr/m/n/10.95 Complexity = Vol-
 []


Underfull \hbox (badness 10000) in paragraph at lines 883--884
[]\T1/cmr/m/n/10.95 Requires 50+
 []


Underfull \hbox (badness 6078) in paragraph at lines 885--886
[]\T1/cmr/m/n/10.95 Small-scale tests
 []


LaTeX Warning: Reference `tab:approach-comparison' on page 24 undefined on inpu
t line 911.


Underfull \hbox (badness 1337) in paragraph at lines 917--918
[]\T1/cmr/bx/n/10.95 Relation to This
 []


Underfull \hbox (badness 10000) in paragraph at lines 919--919
[]\T1/cmr/m/n/10.95 Costello-Li
 []


Underfull \hbox (badness 10000) in paragraph at lines 919--919
[]\T1/cmr/m/n/10.95 Mathematically
 []


Underfull \hbox (badness 10000) in paragraph at lines 919--919
[]\T1/cmr/m/n/10.95 Only
 []


Underfull \hbox (badness 10000) in paragraph at lines 919--919
\T1/cmr/m/n/10.95 AdS$[]$/CFT$[]$;
 []


Underfull \hbox (badness 3009) in paragraph at lines 921--921
[]\T1/cmr/m/n/10.95 Constructive; fi-
 []


Underfull \hbox (badness 10000) in paragraph at lines 921--921
[]\T1/cmr/m/n/10.95 Not con-tin-uum
 []


Underfull \hbox (badness 10000) in paragraph at lines 923--923
[]\T1/cmr/m/n/10.95 Non-perturbative
 []


Underfull \hbox (badness 10000) in paragraph at lines 923--923
[]\T1/cmr/m/n/10.95 No space-time
 []


Underfull \hbox (badness 10000) in paragraph at lines 925--925
[]\T1/cmr/m/n/10.95 Limited to
 []


Underfull \hbox (badness 10000) in paragraph at lines 927--927
[]\T1/cmr/m/n/10.95 Unified ax-
 []


Underfull \hbox (badness 10000) in paragraph at lines 927--927
\T1/cmr/m/n/10.95 iomatic; broad
 []


Underfull \hbox (badness 10000) in paragraph at lines 927--927
[]\T1/cmr/m/n/10.95 Conditional on
 []


Underfull \hbox (badness 10000) in paragraph at lines 927--928
[]\T1/cmr/m/n/10.95 Synthesizes above;
 []


Overfull \hbox (5.6737pt too wide) in paragraph at lines 915--930
 [] 
 []


LaTeX Warning: Reference `app:code' on page 24 undefined on input line 934.

LaTeX Font Info:    Trying to load font information for T1+cmtt on input line 9
35.
(C:\Users\david\AppData\Local\Programs\MiKTeX\tex/latex/base\t1cmtt.fd
File: t1cmtt.fd 2023/04/13 v2.5m Standard LaTeX font definitions
)
Underfull \hbox (badness 10000) in paragraph at lines 935--936
[]\T1/cmr/m/n/12 GitHub repos-i-tory with doc-u-mented code:
 []


Overfull \vbox (591.1106pt too high) has occurred while \output is active []


[24]
Underfull \hbox (badness 10000) in paragraph at lines 953--953
[]\T1/cmr/m/n/10.95 Spectral Re-con-struc-tion,
 []


Underfull \hbox (badness 10000) in paragraph at lines 953--953
\T1/cmr/m/n/10.95 Mod-u-lar In-ter-sec-tion,
 []


Underfull \hbox (badness 4205) in paragraph at lines 957--957
\T1/cmr/m/n/10.95 Étale, Per-sis-tent Ho-mo-
 []


Package hyperref Warning: Token not allowed in a PDF string (Unicode):
(hyperref)                removing `math shift' on input line 984.


Package hyperref Warning: Token not allowed in a PDF string (Unicode):
(hyperref)                removing `\to' on input line 984.


Package hyperref Warning: Token not allowed in a PDF string (Unicode):
(hyperref)                removing `math shift' on input line 984.


LaTeX Warning: Citation `calabrese2009' on page 25 undefined on input line 986.


[25]

Package hyperref Warning: Token not allowed in a PDF string (Unicode):
(hyperref)                removing `math shift' on input line 1002.


Package hyperref Warning: Token not allowed in a PDF string (Unicode):
(hyperref)                removing `\to' on input line 1002.


Package hyperref Warning: Token not allowed in a PDF string (Unicode):
(hyperref)                removing `math shift' on input line 1002.


Package hyperref Warning: Token not allowed in a PDF string (Unicode):
(hyperref)                removing `math shift' on input line 1018.


Package hyperref Warning: Token not allowed in a PDF string (Unicode):
(hyperref)                removing `\to' on input line 1018.


Package hyperref Warning: Token not allowed in a PDF string (Unicode):
(hyperref)                removing `math shift' on input line 1018.


Package hyperref Warning: Token not allowed in a PDF string (Unicode):
(hyperref)                removing `math shift' on input line 1039.


Package hyperref Warning: Token not allowed in a PDF string (Unicode):
(hyperref)                removing `\to' on input line 1039.


Package hyperref Warning: Token not allowed in a PDF string (Unicode):
(hyperref)                removing `math shift' on input line 1039.

[26] [27] [28]
Overfull \vbox (44.46776pt too high) has occurred while \output is active []


[29]

LaTeX Warning: Citation `donnelly2016' on page 30 undefined on input line 1193.



LaTeX Warning: Citation `speranza2016' on page 30 undefined on input line 1193.



LaTeX Warning: Reference `app:gkpw-derivation' on page 30 undefined on input li
ne 1217.


Overfull \vbox (265.55234pt too high) has occurred while \output is active []


[30] [31] [32]
Underfull \hbox (badness 10000) in paragraph at lines 1305--1306
[]\T1/cmr/m/n/12 Relabeled to ``pro-
 []


Underfull \hbox (badness 10000) in paragraph at lines 1309--1309
[]\T1/cmr/m/n/12 Explicit replica trick
 []


Underfull \hbox (badness 7740) in paragraph at lines 1309--1310
[]\T1/cmr/m/n/12 All replica-based proofs now
 []


Underfull \hbox (badness 2495) in paragraph at lines 1319--1319
[]\T1/cmr/m/n/12 Framework tier clas-si-fi-ca-
 []


Underfull \hbox (badness 10000) in paragraph at lines 1323--1323
[]\T1/cmr/m/n/12 Competing ap-proaches
 []


Underfull \hbox (badness 10000) in paragraph at lines 1327--1327
[]\T1/cmr/m/n/12 State-dependence bounds
 []


LaTeX Warning: Reference `thm:state-perturbation' on page 33 undefined on input
 line 1327.


Underfull \hbox (badness 7888) in paragraph at lines 1331--1331
[]\T1/cmr/m/n/12 Expand bib-li-og-ra-phy for
 []

[33]

LaTeX Warning: Reference `thm:holo-cft-exists' on page 34 undefined on input li
ne 1363.


Underfull \hbox (badness 1152) in paragraph at lines 1365--1365
[]|\T1/cmr/m/n/10.95 Thm []8.1[]: Lin-earized Ein-stein
 []


LaTeX Warning: Reference `thm:holo-renorm' on page 34 undefined on input line 1
375.


Underfull \hbox (badness 1997) in paragraph at lines 1381--1381
[]|\T1/cmr/m/n/10.95 Thm []9.8[]: Mod-u-lar depth =
 []


Underfull \hbox (badness 2012) in paragraph at lines 1385--1385
[]|\T1/cmr/m/n/10.95 Thm []8.9[]: MMI char-ac-ter-izes
 []


LaTeX Warning: Reference `thm:1-over-N' on page 34 undefined on input line 1387
.


Underfull \hbox (badness 1253) in paragraph at lines 1389--1389
[]|\T1/cmr/m/n/10.95 Thm []9.14[]: Bulk met-ric ex-is-
 []


LaTeX Warning: Reference `thm:adscft-proof' on page 34 undefined on input line 
1397.


LaTeX Warning: Reference `thm:n4-iib-duality' on page 34 undefined on input lin
e 1399.


LaTeX Warning: Reference `thm:d4-holographic-cft' on page 34 undefined on input
 line 1401.


LaTeX Warning: Reference `thm:gh-entropy' on page 34 undefined on input line 14
05.

[34] [35] [36] [37]
Underfull \hbox (badness 10000) in paragraph at lines 1505--1506
[]\T1/cmr/m/n/12 Arguments that are com-plete within physics
 []


Underfull \hbox (badness 4699) in paragraph at lines 1505--1506
\T1/cmr/m/n/12 standards---using $\OT1/cmr/m/n/12 1\OML/cmm/m/it/12 =N$ \T1/cmr
/m/n/12 ex-pan-sions, path in-te-grals,
 []

[38]
Overfull \hbox (2.46529pt too wide) in paragraph at lines 1562--1563
[]\T1/cmr/bx/it/12 Falsification cri-te-ria\T1/cmr/m/it/12 : If we find a CFT s
at-is-fy-ing (H1)--(H4) but not X, AdS/CFT
 []

[39] [40]
Overfull \hbox (3.8153pt too wide) in paragraph at lines 1651--1653
[][]\T1/cmr/bx/n/12 Definition 2.6 \T1/cmr/m/n/12 (Holo-graphic Screen)\T1/cmr/
bx/n/12 . []\T1/cmr/m/it/12 A \T1/cmr/bx/it/12 holo-graphic screen \T1/cmr/m/it
/12 for $\OT1/cmr/m/n/12 (\OML/cmm/m/it/12 M; g\OT1/cmr/m/n/12 )$ \T1/cmr/m/it/
12 is a codimension-
 []

[41] [42]
Overfull \hbox (7.00606pt too wide) in paragraph at lines 1755--1757
[][]\T1/cmr/bx/n/12 Definition 2.12 \T1/cmr/m/n/12 (Car-rol-lian Struc-ture)\T1
/cmr/bx/n/12 . []\T1/cmr/m/it/12 A \T1/cmr/bx/it/12 Car-rol-lian man-i-fold \T1
/cmr/m/it/12 is a man-i-fold $\OT1/cmr/m/n/12 ^^F$ \T1/cmr/m/it/12 equipped
 []

[43] [44] [45] [46] [47] [48] [49] [50] [51] [52]

Package hyperref Warning: Token not allowed in a PDF string (Unicode):
(hyperref)                removing `math shift' on input line 2327.


Package hyperref Warning: Token not allowed in a PDF string (Unicode):
(hyperref)                removing `math shift' on input line 2327.

[53] [54] [55] [56] [57] [58] [59] [60] [61]
Overfull \hbox (0.50154pt too wide) in paragraph at lines 2786--2787
[][]\T1/cmr/bx/n/12 Proposition 4.4 \T1/cmr/m/n/12 (Wil-son Loop from Mod-u-lar
 Trans-port)\T1/cmr/bx/n/12 . []\T1/cmr/m/it/12 The bulk Wil-son loop $\OML/cmm
/m/it/12 W[]\OT1/cmr/m/n/12 (\OML/cmm/m/it/12 ^^M\OT1/cmr/m/n/12 ) =
 []

[62] [63] [64] [65] [66] [67] [68]
Overfull \hbox (1.44604pt too wide) in paragraph at lines 3199--3200
\T1/cmr/m/n/12 We es-tab-lish fun-da-men-tal con-nec-tions be-tween com-pu-ta-t
ional com-plex-ity and holo-graphic
 []

[69]
Overfull \hbox (7.65657pt too wide) in paragraph at lines 3210--3211
[][]\T1/cmr/bx/n/12 Conjecture 4.31 \T1/cmr/m/n/12 (Holo-graphic Com-plex-ity H
i-er-ar-chy)\T1/cmr/bx/n/12 . []\T1/cmr/m/it/12 The holo-graphic com-plex-ity c
lasses
 []

[70] [71]
Underfull \hbox (badness 10000) in paragraph at lines 3341--3342
[]\T1/cmr/m/it/12 Euclidean path in-te-gral
 []

[72] [73]
Overfull \hbox (1.8443pt too wide) in paragraph at lines 3432--3433
[]\T1/cmr/bx/it/12 Modular Flow = Bulk Isom-e-try\T1/cmr/m/it/12 : The CFT mod-
u-lar au-to-mor-phism $\OML/cmm/m/it/12 ^^[[] \OT1/cmr/m/n/12 : \OMS/cmsy/m/n/1
2 A\OT1/cmr/m/n/12 (\OML/cmm/m/it/12 A\OT1/cmr/m/n/12 ) \OMS/cmsy/m/n/12 !
 []

[74]

LaTeX Warning: Reference `thm:borel' on page 75 undefined on input line 3463.


LaTeX Warning: Reference `sec:operator-dictionary' on page 75 undefined on inpu
t line 3473.

[75] [76] [77] [78] [79] [80]
Overfull \hbox (30.78915pt too wide) in paragraph at lines 3770--3771
[]\T1/cmr/m/n/12 Consider the ra-di-a-tion re-gion $\OML/cmm/m/it/12 R\OT1/cmr/
m/n/12 (\OML/cmm/m/it/12 t\OT1/cmr/m/n/12 )$ \T1/cmr/m/n/12 at time $\OML/cmm/m
/it/12 t$\T1/cmr/m/n/12 . The den-sity ma-trix is $\OML/cmm/m/it/12 ^^Z[]\OT1/c
mr/m/n/12 (\OML/cmm/m/it/12 t\OT1/cmr/m/n/12 ) = [][]\OMS/cmsy/m/n/12 j\OML/cmm
/m/it/12  \OT1/cmr/m/n/12 (\OML/cmm/m/it/12 t\OT1/cmr/m/n/12 )\OMS/cmsy/m/n/12 
ih\OML/cmm/m/it/12  \OT1/cmr/m/n/12 (\OML/cmm/m/it/12 t\OT1/cmr/m/n/12 )\OMS/cm
sy/m/n/12 j$\T1/cmr/m/n/12 . 
 []

[81] [82] [83]
Overfull \hbox (0.41348pt too wide) in paragraph at lines 3946--3947
[][]\T1/cmr/bx/n/12 Conjecture 7.3 \T1/cmr/m/n/12 (Met-ric Re-con-struc-tion)\T
1/cmr/bx/n/12 . []\T1/cmr/m/it/12 The bulk met-ric $\OML/cmm/m/it/12 g[]\OT1/cm
r/m/n/12 (\OML/cmm/m/it/12 x\OT1/cmr/m/n/12 )$ \T1/cmr/m/it/12 is de-ter-mined 
by bound-
 []

[84] [85]
Overfull \hbox (16.44472pt too wide) in paragraph at lines 4070--4072
[][]\T1/cmr/bx/n/12 Conjecture 7.17 \T1/cmr/m/n/12 (Holo-graphic Code Op-ti-mal
-ity --- NEW)\T1/cmr/bx/n/12 . []\T1/cmr/m/it/12 The holo-graphic error-correct
ing
 []


Overfull \hbox (2.10172pt too wide) in paragraph at lines 4099--4101
[][]\T1/cmr/bx/n/12 Problem 7.20 \T1/cmr/m/n/12 (Uni-ver-sal Holo-graphic Scree
n)\T1/cmr/bx/n/12 . []\T1/cmr/m/it/12 For a generic Lorentzian man-i-fold $\OT1
/cmr/m/n/12 (\OML/cmm/m/it/12 M; g\OT1/cmr/m/n/12 )$\T1/cmr/m/it/12 ,
 []

[86] [87] [88] [89]
Underfull \hbox (badness 1546) in paragraph at lines 4289--4290
[]\T1/cmr/m/it/12 Bisognano-Wichmann the-o-rem for mod-u-lar Hamil-to-nian (ful
ly rig-or-ous
 []

[90] [91] [92] [93] [94] [95]

Package hyperref Warning: Token not allowed in a PDF string (Unicode):
(hyperref)                removing `math shift' on input line 4638.


Package hyperref Warning: Token not allowed in a PDF string (Unicode):
(hyperref)                removing `\to' on input line 4638.


Package hyperref Warning: Token not allowed in a PDF string (Unicode):
(hyperref)                removing `math shift' on input line 4638.

[96] [97] [98] [99] [100] [101] [102] [103] [104]
Underfull \hbox (badness 4156) in paragraph at lines 5134--5135
[]\T1/cmr/m/it/12 Cosmic brane pre-scrip-
 []

[105] [106]
Overfull \hbox (7.5807pt too wide) in paragraph at lines 5271--5272
\T1/cmr/m/n/12 We pro-vide a rig-or-ous proof of the mod-u-lar in-ter-sec-tion 
for-mula re-lat-ing non-commutativity
 []

[107] [108] [109] [110]
Overfull \hbox (4.0314pt too wide) in paragraph at lines 5515--5515
[]\T1/cmr/bx/n/14.4 Theorem: Quan-tum Fisher In-for-ma-tion Equals Sec-tional C
ur-
 []

[111] [112] [113] [114] [115] [116] [117] [118] [119] [120] [121] [122]
[123] [124] [125] [126] [127] [128] [129] [130] [131]

Package hyperref Warning: Token not allowed in a PDF string (Unicode):
(hyperref)                removing `math shift' on input line 6667.


Package hyperref Warning: Token not allowed in a PDF string (Unicode):
(hyperref)                removing `subscript' on input line 6667.


Package hyperref Warning: Token not allowed in a PDF string (Unicode):
(hyperref)                removing `math shift' on input line 6667.


Package hyperref Warning: Token not allowed in a PDF string (Unicode):
(hyperref)                removing `math shift' on input line 6667.


Package hyperref Warning: Token not allowed in a PDF string (Unicode):
(hyperref)                removing `subscript' on input line 6667.


Package hyperref Warning: Token not allowed in a PDF string (Unicode):
(hyperref)                removing `math shift' on input line 6667.

[132] [133]

Package hyperref Warning: Token not allowed in a PDF string (Unicode):
(hyperref)                removing `math shift' on input line 6803.


Package hyperref Warning: Token not allowed in a PDF string (Unicode):
(hyperref)                removing `subscript' on input line 6803.


Package hyperref Warning: Token not allowed in a PDF string (Unicode):
(hyperref)                removing `math shift' on input line 6803.


Package hyperref Warning: Token not allowed in a PDF string (Unicode):
(hyperref)                removing `math shift' on input line 6803.


Package hyperref Warning: Token not allowed in a PDF string (Unicode):
(hyperref)                removing `subscript' on input line 6803.


Package hyperref Warning: Token not allowed in a PDF string (Unicode):
(hyperref)                removing `math shift' on input line 6803.

[134] [135]

Package hyperref Warning: Token not allowed in a PDF string (Unicode):
(hyperref)                removing `math shift' on input line 6915.


Package hyperref Warning: Token not allowed in a PDF string (Unicode):
(hyperref)                removing `subscript' on input line 6915.


Package hyperref Warning: Token not allowed in a PDF string (Unicode):
(hyperref)                removing `math shift' on input line 6915.


Package hyperref Warning: Token not allowed in a PDF string (Unicode):
(hyperref)                removing `math shift' on input line 6915.


Package hyperref Warning: Token not allowed in a PDF string (Unicode):
(hyperref)                removing `subscript' on input line 6915.


Package hyperref Warning: Token not allowed in a PDF string (Unicode):
(hyperref)                removing `math shift' on input line 6915.

[136] [137]
Overfull \hbox (22.34123pt too wide) in paragraph at lines 7050--7050
[]\T1/cmr/bx/n/17.28 Breakthrough Re-sults: Ap-proach-ing a Com-plete Proof 
 []

[138]
Overfull \hbox (1.94632pt too wide) in paragraph at lines 7068--7070
\T1/cmr/m/it/12 where $\OML/cmm/m/it/12 G[] \OT1/cmr/m/n/12 = \OML/cmm/m/it/12 
`[]=\OT1/cmr/m/n/12 (4\OML/cmm/m/it/12 c\OT1/cmr/m/n/12 )$ \T1/cmr/m/it/12 and 
$\OML/cmm/m/it/12 ^^M$ \T1/cmr/m/it/12 ranges over codimension-2 sur-faces in a
 $\OT1/cmr/m/n/12 (\OML/cmm/m/it/12 d \OT1/cmr/m/n/12 + 1)$\T1/cmr/m/it/12 -dim
ensional
 []

[139]
Overfull \hbox (7.69005pt too wide) in paragraph at lines 7167--7168
[]\T1/cmr/m/it/12 Proof of claim: \T1/cmr/m/n/12 By the Radon trans-form on hy-
per-bolic space, the data $\OMS/cmsy/m/n/12 f\OML/cmm/m/it/12 S[] \OT1/cmr/m/n/
12 : \OML/cmm/m/it/12 A[]\OMS/cmsy/m/n/12 g$
 []

[140]
Overfull \hbox (10.76208pt too wide) in paragraph at lines 7222--7224
\T1/cmr/m/n/12 The $\OML/cmm/m/it/12 O\OT1/cmr/m/n/12 (\OML/cmm/m/it/12 c[]\OT1
/cmr/m/n/12 )$ \T1/cmr/m/n/12 cor-rec-tions cor-re-spond to higher-derivative g
rav-ity terms sup-pressed by $\OML/cmm/m/it/12 G[]L[] \OMS/cmsy/m/n/12 ^^X
 []

[141]

LaTeX Warning: Reference `thm:holo-cft-exists' on page 142 undefined on input l
ine 7241.


LaTeX Warning: Reference `thm:n4-partial' on page 142 undefined on input line 7
242.

[142]
Overfull \hbox (13.76967pt too wide) in paragraph at lines 7348--7348
[]\T1/cmr/bx/n/14.4 Theorem: Com-plex-ity = Vol-ume (Com-plete Proof via Krylov
) 
 []

[143]

LaTeX Warning: Reference `thm:holo-cft-exists' on page 144 undefined on input l
ine 7365.

[144]
Overfull \hbox (0.50502pt too wide) in paragraph at lines 7456--7467
 [] 
 []

[145] [146] [147]
Overfull \hbox (15.00214pt too wide) in paragraph at lines 7640--7642
[][]\T1/cmr/bx/n/12 Theorem 10.14 \T1/cmr/m/n/12 (State-De-pen-dence as Gauge R
e-dun-dancy)\T1/cmr/bx/n/12 . []\T1/cmr/m/it/12 The ap-par-ent state-dependence

 []

[148]
Overfull \hbox (25.45403pt too wide) in paragraph at lines 7644--7645
[]\T1/cmr/m/it/12 There ex-ists a \T1/cmr/m/n/12 gauge-invariant \T1/cmr/m/it/1
2 for-mu-la-tion where in-te-rior op-er-a-tors are state-independent 
 []


Overfull \hbox (0.67119pt too wide) in paragraph at lines 7697--7698
[]\T1/cmr/bx/n/12 Complement in-de-pen-dence\T1/cmr/m/n/12 : The in-te-rior is 
en-coded in the ra-di-a-tion, not double-
 []

[149]

LaTeX Warning: Citation `junge2018' on page 150 undefined on input line 7716.


Overfull \hbox (2.33989pt too wide) in paragraph at lines 7752--7753
[][]\T1/cmr/bx/n/12 Theorem 10.17 \T1/cmr/m/n/12 (Ex-plicit Gauge Con-struc-tio
n for State-De-pen-dence)\T1/cmr/bx/n/12 . []\T1/cmr/m/it/12 The uni-tary trans
-
 []


Overfull \hbox (8.08311pt too wide) in paragraph at lines 7762--7763
\T1/cmr/m/it/12 This trans-for-ma-tion sat-is-fies: (i) $\OML/cmm/m/it/12 U[]\O
MS/cmsy/m/n/12 j\OML/cmm/m/it/12  []\OMS/cmsy/m/n/12 i \OT1/cmr/m/n/12 = \OML/c
mm/m/it/12 e[]\OMS/cmsy/m/n/12 j\OML/cmm/m/it/12  []\OMS/cmsy/m/n/12 i$ \T1/cmr
/m/it/12 for a phase $\OML/cmm/m/it/12 ^^R[]$\T1/cmr/m/it/12 , and (ii) $\OML/c
mm/m/it/12 U[]^^^[]\OT1/cmr/m/n/12 (\OML/cmm/m/it/12 X\OT1/cmr/m/n/12 )\OML/cmm
/m/it/12 U[] \OT1/cmr/m/n/12 =
 []

[150]
Overfull \hbox (5.59639pt too wide) in paragraph at lines 7776--7777
[]\T1/cmr/m/n/12 Different black hole mi-crostates cor-re-spond to dif-fer-ent 
hori-zon ``soft hair''---inequivalent
 []

[151] [152] [153]
Overfull \hbox (1.24019pt too wide) in paragraph at lines 7972--7973
[][]\T1/cmr/bx/n/12 Proposition 11.10 \T1/cmr/m/n/12 (Hawk-ing--Page from En-ta
n-gle-ment Phase Tran-si-tion)\T1/cmr/bx/n/12 . []\T1/cmr/m/it/12 The Hawking-
 []

[154] [155] [156] [157] [158] [159] [160] [161] [162]
Overfull \hbox (1.01839pt too wide) in paragraph at lines 8440--8441
[][]\T1/cmr/bx/n/12 Conjecture 11.36 \T1/cmr/m/n/12 (Com-plex-ity = Space-time 
Vol-ume Du-al-ity: Ex-tended Form --- NEW)\T1/cmr/bx/n/12 .
 []


Overfull \hbox (10.45901pt too wide) in paragraph at lines 8461--8462
[]\T1/cmr/m/n/12 Consider bound-ary op-er-a-tors $\OMS/cmsy/m/n/12 O[]\OML/cmm/
m/it/12 ; \OMS/cmsy/m/n/12 O[]$ \T1/cmr/m/n/12 with HKLL re-con-struc-tions $\O
ML/cmm/m/it/12 ^^^[]\OT1/cmr/m/n/12 (\OML/cmm/m/it/12 x[]\OT1/cmr/m/n/12 )\OML/
cmm/m/it/12 ; ^^^[]\OT1/cmr/m/n/12 (\OML/cmm/m/it/12 x[]\OT1/cmr/m/n/12 )$
 []

[163] [164]

Package hyperref Warning: Token not allowed in a PDF string (Unicode):
(hyperref)                removing `math shift' on input line 8536.


Package hyperref Warning: Token not allowed in a PDF string (Unicode):
(hyperref)                removing `\infty' on input line 8536.


Package hyperref Warning: Token not allowed in a PDF string (Unicode):
(hyperref)                removing `math shift' on input line 8536.

[165] [166] [167]
Overfull \hbox (16.63184pt too wide) in paragraph at lines 8700--8701
[][]\T1/cmr/bx/n/12 Definition 12.10 \T1/cmr/m/n/12 (De-rived Mod-u-lar Cat-e-g
ory)\T1/cmr/bx/n/12 . []\T1/cmr/m/it/12 The \T1/cmr/bx/it/12 de-rived mod-u-lar
 cat-e-gory $\OMS/cmsy/m/n/12 DM\OML/cmm/m/it/12 od\OT1/cmr/m/n/12 (\OMS/cmsy/m
/n/12 C\OT1/cmr/m/n/12 )$
 []

[168] [169] [170]
Overfull \hbox (2.66061pt too wide) in paragraph at lines 8882--8883
[][]\T1/cmr/bx/n/12 Corollary 14.2 \T1/cmr/m/n/12 (Grav-ity as En-tan-gle-ment 
Ther-mo-dy-nam-ics)\T1/cmr/bx/n/12 . []\T1/cmr/m/it/12 The mas-ter equa-tion sh
ows
 []

[171] [172] [173] [174] [175] [176] [177] [178] [179] [180] [181]
Overfull \hbox (5.38672pt too wide) in paragraph at lines 9458--9458
[]\T1/cmr/bx/n/14.4 Holographic Ther-mo-dy-nam-ics: Be-yond Bekenstein-Hawking 

 []

[182] [183] [184]
Overfull \hbox (4.70128pt too wide) in paragraph at lines 9595--9595
[]\T1/cmr/bx/n/14.4 Holography and Par-ti-cle Physics: Emer-gent Stan-dard Mode
l 
 []

[185] [186] [187] [188] [189] [190] [191] [192] [193] [194] [195] [196]
[197] [198] [199] [200] [201]

Package hyperref Warning: Token not allowed in a PDF string (Unicode):
(hyperref)                removing `math shift' on input line 10561.


Package hyperref Warning: Token not allowed in a PDF string (Unicode):
(hyperref)                removing `subscript' on input line 10561.


Package hyperref Warning: Token not allowed in a PDF string (Unicode):
(hyperref)                removing `math shift' on input line 10561.

[202] [203] [204] [205]

Package hyperref Warning: Token not allowed in a PDF string (Unicode):
(hyperref)                removing `math shift' on input line 10787.


Package hyperref Warning: Token not allowed in a PDF string (Unicode):
(hyperref)                removing `subscript' on input line 10787.


Package hyperref Warning: Token not allowed in a PDF string (Unicode):
(hyperref)                removing `math shift' on input line 10787.


Package hyperref Warning: Token not allowed in a PDF string (Unicode):
(hyperref)                removing `math shift' on input line 10787.


Package hyperref Warning: Token not allowed in a PDF string (Unicode):
(hyperref)                removing `subscript' on input line 10787.


Package hyperref Warning: Token not allowed in a PDF string (Unicode):
(hyperref)                removing `math shift' on input line 10787.


Package hyperref Warning: Token not allowed in a PDF string (Unicode):
(hyperref)                removing `math shift' on input line 10791.


Package hyperref Warning: Token not allowed in a PDF string (Unicode):
(hyperref)                removing `math shift' on input line 10791.


Package hyperref Warning: Token not allowed in a PDF string (Unicode):
(hyperref)                removing `math shift' on input line 10791.


Package hyperref Warning: Token not allowed in a PDF string (Unicode):
(hyperref)                removing `superscript' on input line 10791.


Package hyperref Warning: Token not allowed in a PDF string (Unicode):
(hyperref)                removing `\times' on input line 10791.


Package hyperref Warning: Token not allowed in a PDF string (Unicode):
(hyperref)                removing `math shift' on input line 10791.

[206]

LaTeX Warning: Reference `thm:1-over-N' on page 207 undefined on input line 108
29.


LaTeX Warning: Citation `pestun2012' on page 207 undefined on input line 10860.


[207]

Package hyperref Warning: Token not allowed in a PDF string (Unicode):
(hyperref)                removing `math shift' on input line 10882.


Package hyperref Warning: Token not allowed in a PDF string (Unicode):
(hyperref)                removing `subscript' on input line 10882.


Package hyperref Warning: Token not allowed in a PDF string (Unicode):
(hyperref)                removing `math shift' on input line 10882.


LaTeX Warning: Reference `thm:1-over-N' on page 208 undefined on input line 108
92.


Underfull \hbox (badness 10000) in paragraph at lines 10908--10909
[]\T1/cmr/bx/n/12 Current Sta-
 []


Underfull \hbox (badness 10000) in paragraph at lines 10910--10910
[]\T1/cmr/m/n/12 Tensor net-works
 []


Underfull \hbox (badness 10000) in paragraph at lines 10910--10910
[]\T1/cmr/m/n/12 Available
 []


Underfull \hbox (badness 10000) in paragraph at lines 10912--10912
[]\T1/cmr/m/n/12 Modular flow =
 []


Underfull \hbox (badness 10000) in paragraph at lines 10912--10912
[]\T1/cmr/m/n/12 CFT nu-mer-ics
 []


Underfull \hbox (badness 10000) in paragraph at lines 10914--10914
[]\T1/cmr/m/n/12 Available
 []


Underfull \hbox (badness 10000) in paragraph at lines 10916--10916
[]\T1/cmr/m/n/12 Quantum sim-u-la-
 []


Underfull \hbox (badness 10000) in paragraph at lines 10916--10917
[]\T1/cmr/m/n/12 Requires 50+
 []


Underfull \hbox (badness 10000) in paragraph at lines 10918--10918
[]\T1/cmr/m/n/12 Quantum Com-
 []


Overfull \hbox (1.9431pt too wide) in paragraph at lines 10928--10929
\T1/cmr/m/it/12 works (MERA, HaPPY codes, ran-dom ten-sor net-works) pro-vide f
inite-dimensional analogs
 []

[208] [209] [210] [211] [212]

Package hyperref Warning: Token not allowed in a PDF string (Unicode):
(hyperref)                removing `math shift' on input line 11164.


Package hyperref Warning: Token not allowed in a PDF string (Unicode):
(hyperref)                removing `math shift' on input line 11164.


Package hyperref Warning: Token not allowed in a PDF string (Unicode):
(hyperref)                removing `math shift' on input line 11169.


Package hyperref Warning: Token not allowed in a PDF string (Unicode):
(hyperref)                removing `math shift' on input line 11169.

[213]

Package hyperref Warning: Token not allowed in a PDF string (Unicode):
(hyperref)                removing `math shift' on input line 11243.


Package hyperref Warning: Token not allowed in a PDF string (Unicode):
(hyperref)                removing `math shift' on input line 11243.

[214]

Package hyperref Warning: Token not allowed in a PDF string (Unicode):
(hyperref)                removing `math shift' on input line 11257.


Package hyperref Warning: Token not allowed in a PDF string (Unicode):
(hyperref)                removing `math shift' on input line 11257.


LaTeX Warning: Citation `steinhauer2016' on page 215 undefined on input line 11
281.

[215] [216] [217] [218]
Overfull \hbox (19.42763pt too wide) in paragraph at lines 11458--11458
[]\T1/cmr/bx/n/17.28 Rigorous Sta-tus As-sess-ment: What is Ac-tu-ally Proven 
 []


LaTeX Warning: Reference `thm:holo-cft-exists' on page 219 undefined on input l
ine 11477.

[219]

LaTeX Warning: Reference `thm:1-over-N' on page 220 undefined on input line 114
97.


LaTeX Warning: Reference `thm:d4-holographic-cft' on page 220 undefined on inpu
t line 11499.


LaTeX Warning: Reference `thm:adscft-proof' on page 220 undefined on input line
 11501.


Overfull \hbox (1.51276pt too wide) in paragraph at lines 11501--11502
[]\T1/cmr/bx/it/12 CFT $\OMS/cmsy/m/n/12 )$ \T1/cmr/bx/it/12 Bulk (Con-di-tiona
l)\T1/cmr/m/it/12 : Given a holo-graphic CFT, the bulk emerges uniquely
 []


Underfull \hbox (badness 1028) in paragraph at lines 11512--11513
[]\T1/cmr/m/n/12 Requires an-a-lytic con-tin-u-a-tion $\OML/cmm/m/it/12 n \OMS/
cmsy/m/n/12 2
 []

[220]

LaTeX Warning: Reference `thm:holo-cft-exists' on page 221 undefined on input l
ine 11568.


Overfull \hbox (25.27737pt too wide) in paragraph at lines 11568--11569
[][]\T1/cmr/m/it/12 Holographic CFTs
 []


LaTeX Warning: Reference `thm:d4-holographic-cft' on page 221 undefined on inpu
t line 11569.


LaTeX Warning: Reference `thm:adscft-proof' on page 221 undefined on input line
 11570.

[221] [222]

LaTeX Warning: Reference `thm:gravity-ent-thermo' on page 223 undefined on inpu
t line 11627.


LaTeX Warning: Reference `thm:holo-renorm' on page 223 undefined on input line 
11629.


LaTeX Warning: Reference `thm:perfect-tensor-rt' on page 223 undefined on input
 line 11631.


LaTeX Warning: Reference `thm:python-lunch' on page 223 undefined on input line
 11633.


LaTeX Warning: Reference `thm:algebraic-ee' on page 223 undefined on input line
 11635.


Overfull \hbox (1.83206pt too wide) in paragraph at lines 11645--11646
[]\T1/cmr/bx/n/12 No rig-or-ous string the-ory\T1/cmr/m/n/12 : String the-ory o
n AdS lacks com-plete non-perturbative
 []


LaTeX Warning: Reference `thm:1-over-N' on page 223 undefined on input line 116
46.


LaTeX Warning: Reference `thm:python-lunch' on page 223 undefined on input line
 11652.

[223]

LaTeX Warning: Reference `thm:gh-entropy' on page 224 undefined on input line 1
1655.


LaTeX Warning: Reference `thm:ds-hilbert-dim' on page 224 undefined on input li
ne 11655.


LaTeX Warning: Reference `thm:1-over-N' on page 224 undefined on input line 116
61.


Overfull \hbox (6.11794pt too wide) in paragraph at lines 11677--11678
[]\T1/cmr/bx/n/12 Exact AdS$[]$/CFT$[]$ Re-sult\T1/cmr/m/n/12 : The-o-rem []9.4
1[] pro-vides the \T1/cmr/m/it/12 first ex-act, non-perturbative
 []

[224]
Overfull \hbox (6.78879pt too wide) in paragraph at lines 11702--11703
\T1/cmr/m/n/12 "knows" about the un-der-ly-ing quan-tum me-chan-ics. The al-ge-
braic ap-proach of Leutheusser-
 []

[225]
Underfull \hbox (badness 2318) in paragraph at lines 11760--11760
[]|\T1/cmr/m/n/12 Thm []8.4[]: SSA $\OMS/cmsy/m/n/12 )$ \T1/cmr/m/n/12 Causal
 []


Underfull \hbox (badness 2057) in paragraph at lines 11782--11783
[]|\T1/cmr/m/n/12 Smoothness and caus-tics need
 []


Underfull \hbox (badness 5726) in paragraph at lines 11792--11792
[]|\T1/cmr/m/n/12 Thm []9.31[]: Krylov-Nielsen
 []


Underfull \hbox (badness 10000) in paragraph at lines 11798--11798
[]|\T1/cmr/m/n/12 Thm []9.41[]: Vi-ra-soro =
 []


Underfull \hbox (badness 7649) in paragraph at lines 11810--11811
[]|\T1/cmr/m/n/12 State-dependence re-solved via
 []


Underfull \hbox (badness 3158) in paragraph at lines 11812--11812
[]|\T1/cmr/m/n/12 Thm []26.1[]: Finite-$\OML/cmm/m/it/12 N$ \T1/cmr/m/n/12 Page

 []


LaTeX Warning: Reference `thm:holo-cft-exists' on page 226 undefined on input l
ine 11814.


LaTeX Warning: Reference `thm:einstein-from-entropy' on page 226 undefined on i
nput line 11816.


LaTeX Warning: Reference `thm:1N-control' on page 226 undefined on input line 1
1818.


LaTeX Warning: Reference `thm:gh-entropy' on page 226 undefined on input line 1
1824.


Underfull \hbox (badness 1675) in paragraph at lines 11824--11824
[]|\T1/cmr/m/n/12 Thm []: Gibbons-Hawking
 []


LaTeX Warning: Reference `thm:ds-hilbert-dim' on page 226 undefined on input li
ne 11826.

[226] [227] [228] [229]

LaTeX Warning: Reference `thm:einstein-from-entropy' on page 230 undefined on i
nput line 11899.

[230]
Overfull \hbox (41.88625pt too wide) in paragraph at lines 11988--11989
 [] 
 []

[231] [232]
Underfull \hbox (badness 4416) in paragraph at lines 12084--12085
[]\T1/cmr/m/n/12 E. Wit-ten, ``Grav-ity and the crossed prod-uct,'' JHEP \T1/cm
r/bx/n/12 10\T1/cmr/m/n/12 , 008 (2022),
 []

[233]
Underfull \hbox (badness 3557) in paragraph at lines 12144--12145
[]\T1/cmr/m/n/12 E. Shaghou-lian, ``Time-like en-tan-gle-ment en-tropy,'' JHEP 
\T1/cmr/bx/n/12 08\T1/cmr/m/n/12 , 134 (2022),
 []

[234] [235]
Underfull \hbox (badness 1082) in paragraph at lines 12198--12199
\T1/cmr/m/n/12 Phases, Worm-holes and Fac-tor-iza-tion in AdS/CFT,'' JHEP \T1/c
mr/bx/n/12 08\T1/cmr/m/n/12 , 162 (2022),
 []


pdfTeX warning (ext4): destination with the same identifier (name{appendix.A}) 
has been already used, duplicate ignored
<to be read again> 
                   \relax 
l.12221 ...us Proof of the AdS/CFT Correspondence}
                                                   [236] [237]

LaTeX Warning: Reference `thm:1-over-N' on page 238 undefined on input line 123
56.

[238] [239] [240] [241]

LaTeX Warning: Reference `thm:1-over-N' on page 242 undefined on input line 125
75.


LaTeX Warning: Reference `axiom:cft-exists' on page 242 undefined on input line
 12577.


LaTeX Warning: Reference `axiom:cft-exists' on page 242 undefined on input line
 12586.


LaTeX Warning: Reference `thm:holo-cft-exists' on page 242 undefined on input l
ine 12586.

[242]
pdfTeX warning (ext4): destination with the same identifier (name{appendix.A}) 
has been already used, duplicate ignored
<to be read again> 
                   \relax 
l.12650 ...rehensive Catalog of Mathematical Gaps}
                                                  
pdfTeX warning (ext4): destination with the same identifier (name{subsection.A.
1}) has been already used, duplicate ignored
<to be read again> 
                   \relax 
l.12656 ...egory A: Fundamental Definitional Gaps}
                                                   [243] [244]
pdfTeX warning (ext4): destination with the same identifier (name{subsection.A.
2}) has been already used, duplicate ignored
<to be read again> 
                   \relax 
l.12720 ...ory B: Technical Gaps in Proof Methods}
                                                   [245]
pdfTeX warning (ext4): destination with the same identifier (name{subsection.A.
3}) has been already used, duplicate ignored
<to be read again> 
                   \relax 
l.12781 ...{Category C: Gaps in Specific Theorems}
                                                   [246]
pdfTeX warning (ext4): destination with the same identifier (name{subsection.A.
4}) has been already used, duplicate ignored
<to be read again> 
                   \relax 
l.12812 ...section{What IS Rigorously Established}
                                                   [247]
pdfTeX warning (ext4): destination with the same identifier (name{subsection.A.
5}) has been already used, duplicate ignored
<to be read again> 
                   \relax 
l.12844 \subsection{Assessment: How Far Are We?}
                                                
pdfTeX warning (ext4): destination with the same identifier (name{appendix.B}) 
has been already used, duplicate ignored
<to be read again> 
                   \relax 
l.12869 ...hematical Frameworks Toward Full Rigor}
                                                  
pdfTeX warning (ext4): destination with the same identifier (name{subsection.B.
1}) has been already used, duplicate ignored
<to be read again> 
                   \relax 
l.12875 ...lement Geometry Without Path Integrals}
                                                   [248] [249] [250]
pdfTeX warning (ext4): destination with the same identifier (name{subsection.B.
2}) has been already used, duplicate ignored
<to be read again> 
                   \relax 
l.13032 ...he Holographic Reconstruction Category}
                                                  
pdfTeX warning (ext4): destination with the same identifier (name{subsubsection
.B.2.1}) has been already used, duplicate ignored
<to be read again> 
                   \relax 
l.13036 \subsubsection{Algebraic Setup}
                                        [251]
Overfull \hbox (6.57274pt too wide) in paragraph at lines 13077--13078
[]\T1/cmr/m/it/12 The func-tors pre-serve ten-sor prod-ucts: $[]\OT1/cmr/m/n/12
 (\OMS/cmsy/m/n/12 A[] 
 A[]\OT1/cmr/m/n/12 ) [] [](\OMS/cmsy/m/n/12 A[]\OT1/cmr/m/n/12 ) \OMS/cmsy/m/n
/12 [[] []\OT1/cmr/m/n/12 (\OMS/cmsy/m/n/12 A[]\OT1/cmr/m/n/12 )$ 
 []

[252]
pdfTeX warning (ext4): destination with the same identifier (name{subsubsection
.B.2.2}) has been already used, duplicate ignored
<to be read again> 
                   \relax 
l.13116 ...section{Higher Categorical Enhancement}
                                                  
Overfull \hbox (19.70616pt too wide) in paragraph at lines 13119--13121
[][]\T1/cmr/bx/n/12 Definition B.8 \T1/cmr/m/n/12 ($\OT1/cmr/m/n/12 (\OMS/cmsy/
m/n/12 1\OML/cmm/m/it/12 ; \OT1/cmr/m/n/12 1)$\T1/cmr/m/n/12 -Holographic Cat-e
-gory)\T1/cmr/bx/n/12 . []\T1/cmr/m/it/12 The $\OT1/cmr/m/n/12 (\OMS/cmsy/m/n/1
2 1\OML/cmm/m/it/12 ; \OT1/cmr/m/n/12 1)$\T1/cmr/bx/it/12 -holographic cat-e-go
ry $[][]$
 []


pdfTeX warning (ext4): destination with the same identifier (name{subsection.B.
3}) has been already used, duplicate ignored
<to be read again> 
                   \relax 
l.13141 ... Spectral Determinacy Without Replicas}
                                                   [253] [254]
pdfTeX warning (ext4): destination with the same identifier (name{subsection.B.
4}) has been already used, duplicate ignored
<to be read again> 
                   \relax 
l.13246 ...Perturbative CFT via Operator Algebras}
                                                  
Overfull \hbox (34.0957pt too wide) in paragraph at lines 13253--13255
[][]\T1/cmr/bx/n/12 Definition B.12 \T1/cmr/m/n/12 (Holo-graphic Se-quence)\T1/
cmr/bx/n/12 . []\T1/cmr/m/it/12 A \T1/cmr/bx/it/12 holo-graphic se-quence \T1/c
mr/m/it/12 is a fam-ily $\OMS/cmsy/m/n/12 f\OT1/cmr/m/n/12 (\OMS/cmsy/m/n/12 A[
]\OML/cmm/m/it/12 ; ![]\OT1/cmr/m/n/12 )\OMS/cmsy/m/n/12 g[]$
 []

[255] [256]
pdfTeX warning (ext4): destination with the same identifier (name{subsection.B.
5}) has been already used, duplicate ignored
<to be read again> 
                   \relax 
l.13334 ...mework V: The Holographic Axiom Scheme}
                                                  
Overfull \hbox (0.22552pt too wide) in paragraph at lines 13345--13346
[]$\OML/cmm/m/it/12 S\OT1/cmr/m/n/12 (\OML/cmm/m/it/12 R\OT1/cmr/m/n/12 )$ \T1/
cmr/m/it/12 is com-puted by the Tomita-Takesaki mod-u-lar op-er-a-tor: $\OML/cm
m/m/it/12 S\OT1/cmr/m/n/12 (\OML/cmm/m/it/12 R\OT1/cmr/m/n/12 ) = \OMS/cmsy/m/n
/12 ^^@[]\OT1/cmr/m/n/12 (\OML/cmm/m/it/12 ^^Z[] [] ^^Z[]\OT1/cmr/m/n/12 )$ 
 []

[257]
Overfull \hbox (18.62839pt too wide) in paragraph at lines 13388--13403
 [] 
 []

[258] [259] [260] [261] [262] [263]
Overfull \hbox (32.18391pt too wide) in paragraph at lines 13744--13745
[][]\T1/cmr/bx/n/12 Theorem C.24 \T1/cmr/m/n/12 (Main The-o-rem: Com-plete Math
-e-mat-i-cal Rigor)\T1/cmr/bx/n/12 . [][]\T1/cmr/bx/it/12 [PHYSICS-RIGOROUS][] 

 []

[264]
Overfull \hbox (3.34242pt too wide) in paragraph at lines 13817--13819
[][]\T1/cmr/bx/n/12 Definition D.1 \T1/cmr/m/n/12 (Quan-tum En-tropy Man-i-fold
)\T1/cmr/bx/n/12 . []\T1/cmr/m/it/12 A \T1/cmr/bx/it/12 Quan-tum En-tropy Man-i
-fold \T1/cmr/m/it/12 (QEM)
 []

[265] [266] [267] [268] [269] [270] [271] [272] [273] [274] [275] [276]
[277] [278] [279] [280]
Overfull \hbox (31.30475pt too wide) in paragraph at lines 14743--14745
[][]\T1/cmr/bx/n/12 Definition E.10 \T1/cmr/m/n/12 (En-tan-gle-ment $\OML/cmm/m
/it/12 A[]$\T1/cmr/m/n/12 -Category)\T1/cmr/bx/n/12 . []\T1/cmr/m/it/12 The \T1
/cmr/bx/it/12 en-tan-gle-ment $\OML/cmm/m/it/12 A[]$\T1/cmr/bx/it/12 -category 
$\OMS/cmsy/m/n/12 E\OML/cmm/m/it/12 nt[]\OT1/cmr/m/n/12 (\OML/cmm/m/it/12 @M\OT
1/cmr/m/n/12 )$
 []

[281] [282] [283] [284] [285] [286] [287] [288]

LaTeX Warning: Reference `def:complexity' on page 289 undefined on input line 1
5227.

[289] [290]
Overfull \hbox (7.42651pt too wide) in paragraph at lines 15349--15350
[]\T1/cmr/bx/n/12 Holographic Ho-mo-log-i-cal Al-ge-bra \T1/cmr/m/n/12 (Frame-w
ork XX) pro-vid-ing spec-tral se-quences
 []

[291]
Overfull \hbox (1.17386pt too wide) in paragraph at lines 15361--15362
[]\T1/cmr/bx/n/12 Universal Holo-graphic The-ory \T1/cmr/m/n/12 (Frame-work XXV
I) pro-vid-ing com-plete ax-iomat-
 []


Overfull \hbox (7.38898pt too wide) in paragraph at lines 15391--15393
\T1/cmr/m/n/12 and holo-graphic type the-ory to quan-tum topos the-ory and holo
-graphic stochas-tic calculus---
 []

[292] [293] [294]
Overfull \hbox (18.62256pt too wide) in paragraph at lines 15511--15511
[]\T1/cmr/bx/n/14.4 Framework XXVIII: En-tan-gle-ment Al-ge-braic Ge-om-e-try (
EAG) 
 []

[295]
Overfull \hbox (2.36357pt too wide) in paragraph at lines 15564--15566
[][]\T1/cmr/bx/n/12 Definition G.8 \T1/cmr/m/n/12 (En-tan-gle-ment Chow Ring)\T
1/cmr/bx/n/12 . []\T1/cmr/m/it/12 The \T1/cmr/bx/it/12 en-tan-gle-ment Chow rin
g $\OML/cmm/m/it/12 A[]\OT1/cmr/m/n/12 (\OML/cmm/m/it/12 X[]\OT1/cmr/m/n/12 )$
 []

[296] [297] [298] [299]
Overfull \hbox (7.75229pt too wide) in paragraph at lines 15862--15863
[][]\T1/cmr/bx/n/12 Definition G.29 \T1/cmr/m/n/12 (Holo-graphic Be-n-amou-Bre-
nier)\T1/cmr/bx/n/12 . []\T1/cmr/m/it/12 The \T1/cmr/bx/it/12 holo-graphic Bena
mou-Brenier
 []

[300]
Overfull \hbox (34.70584pt too wide) in paragraph at lines 15921--15922
[][]\T1/cmr/bx/n/12 Theorem G.33 \T1/cmr/m/n/12 (Free En-tropy and Bulk Ac-tion
)\T1/cmr/bx/n/12 . []\T1/cmr/m/it/12 The \T1/cmr/bx/it/12 Voiculescu free en-tr
opy $\OML/cmm/m/it/12 ^^_\OT1/cmr/m/n/12 (\OML/cmm/m/it/12 X[]; [] ; X[]\OT1/cm
r/m/n/12 )$
 []


Overfull \hbox (20.69118pt too wide) in paragraph at lines 15934--15934
[]\T1/cmr/bx/n/14.4 Framework XXXIV: Holo-graphic Fac-tor-iza-tion Al-ge-bras (
HFA) 
 []

[301] [302]
Overfull \hbox (6.62033pt too wide) in paragraph at lines 16062--16062
[]\T1/cmr/bx/n/14.4 Framework XXXVI: Holo-graphic Stochas-tic Cal-cu-lus (HSC) 

 []


Overfull \hbox (9.01088pt too wide) in paragraph at lines 16066--16067
\T1/cmr/m/n/12 We de-velop \T1/cmr/bx/n/12 Holo-graphic Stochas-tic Cal-cu-lus\
T1/cmr/m/n/12 , treat-ing quan-tum fluc-tu-a-tions as stochas-
 []

[303] [304] [305] [306]
Overfull \hbox (10.55995pt too wide) in paragraph at lines 16257--16258
[]\T1/cmr/bx/it/12 Entanglement types \T1/cmr/m/it/12 are Schmidt de-com-po-si-
tions: $[]\OT1/cmr/m/n/12 (\OML/cmm/m/it/12 A; B\OT1/cmr/m/n/12 ) := \OMS/cmsy/
m/n/12 fj\OML/cmm/m/it/12  \OMS/cmsy/m/n/12 i \OT1/cmr/m/n/12 : [][] \OML/cmm/m
/it/12 ^^U[]\OMS/cmsy/m/n/12 j\OML/cmm/m/it/12 a[]\OMS/cmsy/m/n/12 ij\OML/cmm/m
/it/12 b[]\OMS/cmsy/m/n/12 ig$ 
 []

[307] [308] [309] [310] [311] [312] [313] [314] [315]
Overfull \hbox (3.3015pt too wide) in paragraph at lines 16816--16817
[]\T1/cmr/bx/it/12 Barcode-Geodesic\T1/cmr/m/it/12 : Per-sis-tence in-ter-vals 
$\OT1/cmr/m/n/12 [\OML/cmm/m/it/12 b[]; d[]\OT1/cmr/m/n/12 ]$ \T1/cmr/m/it/12 c
or-re-spond to bulk geodesic lengths: 
 []

[316] [317] [318]

! LaTeX Error: \begin{conjecture} on input line 16958 ended by \end{theorem}.

See the LaTeX manual or LaTeX Companion for explanation.
Type  H <return>  for immediate help.
 ...                                              
                                                  
l.16971 \end{theorem}
                      
Here is how much of TeX's memory you used:
 34636 strings out of 474486
 684402 string characters out of 5743755
 1971542 words of memory out of 5000000
 52430 multiletter control sequences out of 15000+600000
 596439 words of font info for 143 fonts, out of 8000000 for 9000
 1141 hyphenation exceptions out of 8191
 84i,16n,97p,2631b,1143s stack positions out of 10000i,1000n,20000p,200000b,200000s

!  ==> Fatal error occurred, no output PDF file produced!
